Archive member included to satisfy reference by file (symbol)

/usr/lib/gcc/arm-none-eabi/10.3.1/../../../arm-none-eabi/lib/thumb/v7e-m+fp/hard/libc_nano.a(lib_a-memcpy.o)
                              ./Output/queue.o (memcpy)
/usr/lib/gcc/arm-none-eabi/10.3.1/../../../arm-none-eabi/lib/thumb/v7e-m+fp/hard/libc_nano.a(lib_a-memset.o)
                              ./Output/tasks.o (memset)
/usr/lib/gcc/arm-none-eabi/10.3.1/../../../arm-none-eabi/lib/thumb/v7e-m+fp/hard/libc_nano.a(lib_a-sprintf.o)
                              ./Output/main.o (sprintf)
/usr/lib/gcc/arm-none-eabi/10.3.1/../../../arm-none-eabi/lib/thumb/v7e-m+fp/hard/libc_nano.a(lib_a-strlen.o)
                              ./Output/tasks.o (strlen)
/usr/lib/gcc/arm-none-eabi/10.3.1/../../../arm-none-eabi/lib/thumb/v7e-m+fp/hard/libc_nano.a(lib_a-impure.o)
                              /usr/lib/gcc/arm-none-eabi/10.3.1/../../../arm-none-eabi/lib/thumb/v7e-m+fp/hard/libc_nano.a(lib_a-sprintf.o) (_impure_ptr)
/usr/lib/gcc/arm-none-eabi/10.3.1/../../../arm-none-eabi/lib/thumb/v7e-m+fp/hard/libc_nano.a(lib_a-nano-svfprintf.o)
                              /usr/lib/gcc/arm-none-eabi/10.3.1/../../../arm-none-eabi/lib/thumb/v7e-m+fp/hard/libc_nano.a(lib_a-sprintf.o) (_svfprintf_r)
/usr/lib/gcc/arm-none-eabi/10.3.1/../../../arm-none-eabi/lib/thumb/v7e-m+fp/hard/libc_nano.a(lib_a-nano-vfprintf_i.o)
                              /usr/lib/gcc/arm-none-eabi/10.3.1/../../../arm-none-eabi/lib/thumb/v7e-m+fp/hard/libc_nano.a(lib_a-nano-svfprintf.o) (_printf_i)
/usr/lib/gcc/arm-none-eabi/10.3.1/../../../arm-none-eabi/lib/thumb/v7e-m+fp/hard/libc_nano.a(lib_a-memchr.o)
                              /usr/lib/gcc/arm-none-eabi/10.3.1/../../../arm-none-eabi/lib/thumb/v7e-m+fp/hard/libc_nano.a(lib_a-nano-svfprintf.o) (memchr)
/usr/lib/gcc/arm-none-eabi/10.3.1/../../../arm-none-eabi/lib/thumb/v7e-m+fp/hard/libc_nano.a(lib_a-memmove.o)
                              /usr/lib/gcc/arm-none-eabi/10.3.1/../../../arm-none-eabi/lib/thumb/v7e-m+fp/hard/libc_nano.a(lib_a-nano-svfprintf.o) (memmove)
/usr/lib/gcc/arm-none-eabi/10.3.1/../../../arm-none-eabi/lib/thumb/v7e-m+fp/hard/libc_nano.a(lib_a-nano-freer.o)
                              /usr/lib/gcc/arm-none-eabi/10.3.1/../../../arm-none-eabi/lib/thumb/v7e-m+fp/hard/libc_nano.a(lib_a-nano-svfprintf.o) (_free_r)
/usr/lib/gcc/arm-none-eabi/10.3.1/../../../arm-none-eabi/lib/thumb/v7e-m+fp/hard/libc_nano.a(lib_a-nano-mallocr.o)
                              /usr/lib/gcc/arm-none-eabi/10.3.1/../../../arm-none-eabi/lib/thumb/v7e-m+fp/hard/libc_nano.a(lib_a-nano-svfprintf.o) (_malloc_r)
/usr/lib/gcc/arm-none-eabi/10.3.1/../../../arm-none-eabi/lib/thumb/v7e-m+fp/hard/libc_nano.a(lib_a-nano-reallocr.o)
                              /usr/lib/gcc/arm-none-eabi/10.3.1/../../../arm-none-eabi/lib/thumb/v7e-m+fp/hard/libc_nano.a(lib_a-nano-svfprintf.o) (_realloc_r)
/usr/lib/gcc/arm-none-eabi/10.3.1/../../../arm-none-eabi/lib/thumb/v7e-m+fp/hard/libc_nano.a(lib_a-sbrkr.o)
                              /usr/lib/gcc/arm-none-eabi/10.3.1/../../../arm-none-eabi/lib/thumb/v7e-m+fp/hard/libc_nano.a(lib_a-nano-mallocr.o) (_sbrk_r)
/usr/lib/gcc/arm-none-eabi/10.3.1/../../../arm-none-eabi/lib/thumb/v7e-m+fp/hard/libc_nano.a(lib_a-mlock.o)
                              /usr/lib/gcc/arm-none-eabi/10.3.1/../../../arm-none-eabi/lib/thumb/v7e-m+fp/hard/libc_nano.a(lib_a-nano-freer.o) (__malloc_lock)
/usr/lib/gcc/arm-none-eabi/10.3.1/../../../arm-none-eabi/lib/thumb/v7e-m+fp/hard/libc_nano.a(lib_a-nano-msizer.o)
                              /usr/lib/gcc/arm-none-eabi/10.3.1/../../../arm-none-eabi/lib/thumb/v7e-m+fp/hard/libc_nano.a(lib_a-nano-reallocr.o) (_malloc_usable_size_r)
/usr/lib/gcc/arm-none-eabi/10.3.1/../../../arm-none-eabi/lib/thumb/v7e-m+fp/hard/libc_nano.a(lib_a-reent.o)
                              /usr/lib/gcc/arm-none-eabi/10.3.1/../../../arm-none-eabi/lib/thumb/v7e-m+fp/hard/libc_nano.a(lib_a-sbrkr.o) (errno)
/usr/lib/gcc/arm-none-eabi/10.3.1/../../../arm-none-eabi/lib/thumb/v7e-m+fp/hard/libnosys.a(sbrk.o)
                              /usr/lib/gcc/arm-none-eabi/10.3.1/../../../arm-none-eabi/lib/thumb/v7e-m+fp/hard/libc_nano.a(lib_a-sbrkr.o) (_sbrk)

Discarded input sections

 .group         0x0000000000000000        0xc ./Output/tasks.o
 .group         0x0000000000000000        0xc ./Output/tasks.o
 .group         0x0000000000000000        0xc ./Output/tasks.o
 .group         0x0000000000000000        0xc ./Output/tasks.o
 .group         0x0000000000000000        0xc ./Output/tasks.o
 .group         0x0000000000000000        0xc ./Output/tasks.o
 .group         0x0000000000000000        0xc ./Output/tasks.o
 .group         0x0000000000000000        0xc ./Output/tasks.o
 .group         0x0000000000000000        0xc ./Output/tasks.o
 .group         0x0000000000000000        0xc ./Output/tasks.o
 .group         0x0000000000000000        0xc ./Output/tasks.o
 .group         0x0000000000000000        0xc ./Output/tasks.o
[...]
Memory Configuration

Name             Origin             Length             Attributes
ITCM             0x0000000000000000 0x0000000000010000 xrw
DTCM             0x0000000020000000 0x0000000000020000 rw
M7_0_PFLASH      0x0000000000400000 0x0000000000200000 xr
M7_0_DFLASH      0x0000000010000000 0x000000000000a000 xr
M7_0_SRAM        0x0000000020400000 0x0000000000040000 rw
M7_1_PFLASH      0x0000000000600000 0x0000000000200000 xr
M7_1_DFLASH      0x000000001000c000 0x000000000000a000 xr
M7_1_SRAM        0x0000000020440000 0x0000000000040000 rw
M7_2_PFLASH      0x0000000000800000 0x0000000000400000 xr
M7_2_DFLASH      0x0000000010016000 0x000000000000a000 xr
M7_2_SRAM        0x0000000020480000 0x0000000000040000 rw
*default*        0x0000000000000000 0xffffffffffffffff

Linker script and memory map

LOAD ./Output/tasks.o
LOAD ./Output/list.o
LOAD ./Output/queue.o
LOAD ./Output/heap_4.o
LOAD ./Output/port.o
LOAD ./Output/main.o
LOAD ./Output/startup.o
LOAD ./Output/uart.o
START GROUP
LOAD /usr/lib/gcc/arm-none-eabi/10.3.1/thumb/v7e-m+fp/hard/libgcc.a
LOAD /usr/lib/gcc/arm-none-eabi/10.3.1/../../../arm-none-eabi/lib/thumb/v7e-m+fp/hard/libc_nano.a
END GROUP
START GROUP
LOAD /usr/lib/gcc/arm-none-eabi/10.3.1/thumb/v7e-m+fp/hard/libgcc.a
LOAD /usr/lib/gcc/arm-none-eabi/10.3.1/../../../arm-none-eabi/lib/thumb/v7e-m+fp/hard/libc_nano.a
LOAD /usr/lib/gcc/arm-none-eabi/10.3.1/../../../arm-none-eabi/lib/thumb/v7e-m+fp/hard/libnosys.a
END GROUP
START GROUP
LOAD /usr/lib/gcc/arm-none-eabi/10.3.1/thumb/v7e-m+fp/hard/libgcc.a
LOAD /usr/lib/gcc/arm-none-eabi/10.3.1/../../../arm-none-eabi/lib/thumb/v7e-m+fp/hard/libc_nano.a
LOAD /usr/lib/gcc/arm-none-eabi/10.3.1/../../../arm-none-eabi/lib/thumb/v7e-m+fp/hard/libnosys.a
END GROUP
                0x0000000000001000                __STACK_SIZE = 0x1000
                0x000000000000f000                __HEAP_SIZE = 0xf000
                0x0000000020440000                _estack = (ORIGIN (M7_0_SRAM) + LENGTH (M7_0_SRAM))

.isr_vector     0x0000000000400000      0x3c4
                0x0000000000400000                __vector_table = .
 *(.isr_vector)
 .isr_vector    0x0000000000400000      0x3c4 ./Output/startup.o
                0x0000000000400000                isr_vector
                0x00000000004003c4                . = ALIGN (0x4)

.text           0x00000000004003d0      0xe71
 *(.text)
 .text          0x00000000004003d0      0x134 /usr/lib/gcc/arm-none-eabi/10.3.1/../../../arm-none-eabi/lib/thumb/v7e-m+fp/hard/libc_nano.a(lib_a-memcpy.o)
                0x00000000004003d0                memcpy
 .text          0x0000000000400504       0xa4 /usr/lib/gcc/arm-none-eabi/10.3.1/../../../arm-none-eabi/lib/thumb/v7e-m+fp/hard/libc_nano.a(lib_a-memset.o)
                0x0000000000400504                memset
 .text          0x00000000004005a8       0x78 /usr/lib/gcc/arm-none-eabi/10.3.1/../../../arm-none-eabi/lib/thumb/v7e-m+fp/hard/libc_nano.a(lib_a-sprintf.o)
                0x00000000004005a8                _siprintf_r
                0x00000000004005a8                _sprintf_r
                0x00000000004005e0                sprintf
                0x00000000004005e0                siprintf
 .text          0x0000000000400620      0x3f0 /usr/lib/gcc/arm-none-eabi/10.3.1/../../../arm-none-eabi/lib/thumb/v7e-m+fp/hard/libc_nano.a(lib_a-nano-svfprintf.o)
                0x0000000000400620                __ssputs_r
                0x00000000004006e4                __ssprint_r
                0x00000000004007dc                _svfprintf_r
                0x00000000004007dc                _svfiprintf_r
 .text          0x0000000000400a10      0x3dc /usr/lib/gcc/arm-none-eabi/10.3.1/../../../arm-none-eabi/lib/thumb/v7e-m+fp/hard/libc_nano.a(lib_a-nano-vfprintf_i.o)
                0x0000000000400a10                _printf_common
                0x0000000000400b3c                _printf_i
 *fill*         0x0000000000400dec        0x4 
 .text          0x0000000000400df0       0xa0 /usr/lib/gcc/arm-none-eabi/10.3.1/../../../arm-none-eabi/lib/thumb/v7e-m+fp/hard/libc_nano.a(lib_a-memchr.o)
                0x0000000000400df0                memchr
 .text          0x0000000000400e90       0xf8 /usr/lib/gcc/arm-none-eabi/10.3.1/../../../arm-none-eabi/lib/thumb/v7e-m+fp/hard/libc_nano.a(lib_a-memmove.o)
                0x0000000000400e90                memmove
 .text          0x0000000000400f88       0xc4 /usr/lib/gcc/arm-none-eabi/10.3.1/../../../arm-none-eabi/lib/thumb/v7e-m+fp/hard/libc_nano.a(lib_a-nano-freer.o)
                0x0000000000400f88                _free_r
 .text          0x000000000040104c       0xb4 /usr/lib/gcc/arm-none-eabi/10.3.1/../../../arm-none-eabi/lib/thumb/v7e-m+fp/hard/libc_nano.a(lib_a-nano-mallocr.o)
                0x000000000040104c                _malloc_r
 .text          0x0000000000401100       0x50 /usr/lib/gcc/arm-none-eabi/10.3.1/../../../arm-none-eabi/lib/thumb/v7e-m+fp/hard/libc_nano.a(lib_a-nano-reallocr.o)
                0x0000000000401100                _realloc_r
 .text          0x0000000000401150       0x24 /usr/lib/gcc/arm-none-eabi/10.3.1/../../../arm-none-eabi/lib/thumb/v7e-m+fp/hard/libc_nano.a(lib_a-sbrkr.o)
                0x0000000000401150                _sbrk_r
 .text          0x0000000000401174        0x8 /usr/lib/gcc/arm-none-eabi/10.3.1/../../../arm-none-eabi/lib/thumb/v7e-m+fp/hard/libc_nano.a(lib_a-mlock.o)
                0x0000000000401174                __malloc_lock
                0x0000000000401178                __malloc_unlock
 .text          0x000000000040117c       0x14 /usr/lib/gcc/arm-none-eabi/10.3.1/../../../arm-none-eabi/lib/thumb/v7e-m+fp/hard/libc_nano.a(lib_a-nano-msizer.o)
                0x000000000040117c                _malloc_usable_size_r
 .text          0x0000000000401190       0x1c /usr/lib/gcc/arm-none-eabi/10.3.1/../../../arm-none-eabi/lib/thumb/v7e-m+fp/hard/libnosys.a(sbrk.o)
                0x0000000000401190                _sbrk
 *(.rodata*)
 .rodata.vTaskStartScheduler.str1.1
                0x00000000004011ac        0x5 ./Output/tasks.o
 .rodata.useUart.str1.1
                0x00000000004011b1       0x3d ./Output/main.o
 .rodata.main.str1.1
                0x00000000004011ee        0x6 ./Output/main.o
 .rodata.Uart_Handler.str1.1
                0x00000000004011f4       0x14 ./Output/main.o
 .rodata.str1.4
                0x0000000000401208       0x13 /usr/lib/gcc/arm-none-eabi/10.3.1/../../../arm-none-eabi/lib/thumb/v7e-m+fp/hard/libc_nano.a(lib_a-nano-svfprintf.o)
 *fill*         0x000000000040121b        0x1 
 .rodata.str1.4
                0x000000000040121c       0x25 /usr/lib/gcc/arm-none-eabi/10.3.1/../../../arm-none-eabi/lib/thumb/v7e-m+fp/hard/libc_nano.a(lib_a-nano-vfprintf_i.o)
 *(.constdata*)
                0x0000000000401241                _etext = .

.glue_7         0x0000000000401244        0x0
 .glue_7        0x0000000000401244        0x0 linker stubs

.glue_7t        0x0000000000401244        0x0
 .glue_7t       0x0000000000401244        0x0 linker stubs

.vfp11_veneer   0x0000000000401244        0x0
 .vfp11_veneer  0x0000000000401244        0x0 linker stubs

.v4_bx          0x0000000000401244        0x0
 .v4_bx         0x0000000000401244        0x0 linker stubs

.text.prvAddCurrentTaskToDelayedList
                0x0000000000401244       0xb4
 .text.prvAddCurrentTaskToDelayedList
                0x0000000000401244       0xb4 ./Output/tasks.o

.text.prvResetNextTaskUnblockTime
                0x00000000004012f8       0x24
 .text.prvResetNextTaskUnblockTime
                0x00000000004012f8       0x24 ./Output/tasks.o

.text.prvCheckTasksWaitingTermination
                0x000000000040131c       0x48
 .text.prvCheckTasksWaitingTermination
                0x000000000040131c       0x48 ./Output/tasks.o

.text.prvIdleTask
                0x0000000000401364        0x8
 .text.prvIdleTask
                0x0000000000401364        0x8 ./Output/tasks.o

.text.xTaskCreate
                0x000000000040136c      0x1bc
 .text.xTaskCreate
                0x000000000040136c      0x1bc ./Output/tasks.o
                0x000000000040136c                xTaskCreate

.text.vTaskStartScheduler
                0x0000000000401528       0x80
 .text.vTaskStartScheduler
                0x0000000000401528       0x80 ./Output/tasks.o
                0x0000000000401528                vTaskStartScheduler

.text.vTaskSuspendAll
                0x00000000004015a8       0x10
 .text.vTaskSuspendAll
                0x00000000004015a8       0x10 ./Output/tasks.o
                0x00000000004015a8                vTaskSuspendAll

.text.xTaskIncrementTick
                0x00000000004015b8      0x17c
 .text.xTaskIncrementTick
                0x00000000004015b8      0x17c ./Output/tasks.o
                0x00000000004015b8                xTaskIncrementTick

.text.xTaskResumeAll
                0x0000000000401734      0x154
 .text.xTaskResumeAll
                0x0000000000401734      0x154 ./Output/tasks.o
                0x0000000000401734                xTaskResumeAll

.text.vTaskDelay
                0x0000000000401888       0x3c
 .text.vTaskDelay
                0x0000000000401888       0x3c ./Output/tasks.o
                0x0000000000401888                vTaskDelay

.text.vTaskSwitchContext
                0x00000000004018c4       0x68
 .text.vTaskSwitchContext
                0x00000000004018c4       0x68 ./Output/tasks.o
                0x00000000004018c4                vTaskSwitchContext

.iplt           0x000000000040192c        0x0
 .iplt          0x000000000040192c        0x0 ./Output/tasks.o

.text.vListInitialise
                0x000000000040192c       0x16
 .text.vListInitialise
                0x000000000040192c       0x16 ./Output/list.o
                0x000000000040192c                vListInitialise

.text.vListInitialiseItem
                0x0000000000401942        0x6
 .text.vListInitialiseItem
                0x0000000000401942        0x6 ./Output/list.o
                0x0000000000401942                vListInitialiseItem

.text.vListInsert
                0x0000000000401948       0x2e
 .text.vListInsert
                0x0000000000401948       0x2e ./Output/list.o
                0x0000000000401948                vListInsert

.text.uxListRemove
                0x0000000000401976       0x1e
 .text.uxListRemove
                0x0000000000401976       0x1e ./Output/list.o
                0x0000000000401976                uxListRemove

.text.pvPortMalloc
                0x0000000000401994      0x130
 .text.pvPortMalloc
                0x0000000000401994      0x130 ./Output/heap_4.o
                0x0000000000401994                pvPortMalloc

.text.vPortFree
                0x0000000000401ac4       0xb8
 .text.vPortFree
                0x0000000000401ac4       0xb8 ./Output/heap_4.o
                0x0000000000401ac4                vPortFree

.text.prvTaskExitError
                0x0000000000401b7c       0x30
 .text.prvTaskExitError
                0x0000000000401b7c       0x30 ./Output/port.o

.text.vPortSVCHandler
                0x0000000000401bb0       0x24
 .text.vPortSVCHandler
                0x0000000000401bb0       0x24 ./Output/port.o
                0x0000000000401bb0                vPortSVCHandler

.text.prvPortStartFirstTask
                0x0000000000401bd4       0x28
 .text.prvPortStartFirstTask
                0x0000000000401bd4       0x28 ./Output/port.o

.text.xPortPendSVHandler
                0x0000000000401c00       0x64
 .text.xPortPendSVHandler
                0x0000000000401c00       0x64 ./Output/port.o
                0x0000000000401c00                xPortPendSVHandler

.text.vPortEnableVFP
                0x0000000000401c64       0x14
 .text.vPortEnableVFP
                0x0000000000401c64       0x14 ./Output/port.o

.text.pxPortInitialiseStack
                0x0000000000401c78       0x24
 .text.pxPortInitialiseStack
                0x0000000000401c78       0x24 ./Output/port.o
                0x0000000000401c78                pxPortInitialiseStack

.text.vPortEnterCritical
                0x0000000000401c9c       0x30
 .text.vPortEnterCritical
                0x0000000000401c9c       0x30 ./Output/port.o
                0x0000000000401c9c                vPortEnterCritical

.text.vPortExitCritical
                0x0000000000401ccc       0x18
 .text.vPortExitCritical
                0x0000000000401ccc       0x18 ./Output/port.o
                0x0000000000401ccc                vPortExitCritical

.text.xPortSysTickHandler
                0x0000000000401ce4       0x2c
 .text.xPortSysTickHandler
                0x0000000000401ce4       0x2c ./Output/port.o
                0x0000000000401ce4                xPortSysTickHandler

.text.vPortSetupTimerInterrupt
                0x0000000000401d10       0x18
 .text.vPortSetupTimerInterrupt
                0x0000000000401d10       0x18 ./Output/port.o
                0x0000000000401d10                vPortSetupTimerInterrupt

.text.xPortStartScheduler
                0x0000000000401d28      0x114
 .text.xPortStartScheduler
                0x0000000000401d28      0x114 ./Output/port.o
                0x0000000000401d28                xPortStartScheduler

.text.useUart   0x0000000000401e3c       0x68
 .text.useUart  0x0000000000401e3c       0x68 ./Output/main.o
                0x0000000000401e3c                useUart

.text.startup.main
                0x0000000000401ea4       0x2c
 .text.startup.main
                0x0000000000401ea4       0x2c ./Output/main.o
                0x0000000000401ea4                main

.text.Uart_Handler
                0x0000000000401ed0       0x14
 .text.Uart_Handler
                0x0000000000401ed0       0x14 ./Output/main.o
                0x0000000000401ed0                Uart_Handler

.text.Default_Handler
                0x0000000000401f00        0xc
 .text.Default_Handler
                0x0000000000401f00        0xc ./Output/startup.o

.text.HardFault_Handler
                0x0000000000402000       0x18
 .text.HardFault_Handler
                0x0000000000402000       0x18 ./Output/startup.o

.text.Reset_Handler
                0x0000000000402018        0x4
 .text.Reset_Handler
                0x0000000000402018        0x4 ./Output/startup.o
                0x0000000000402018                Reset_Handler

.text.prvGetRegistersFromStack
                0x000000000040201c       0x54
 .text.prvGetRegistersFromStack
                0x000000000040201c       0x54 ./Output/startup.o
                0x000000000040201c                prvGetRegistersFromStack

.text.UART_init
                0x0000000000402070       0x18
 .text.UART_init
                0x0000000000402070       0x18 ./Output/uart.o
                0x0000000000402070                UART_init

.text.UART_printf
                0x0000000000402088       0x1c
 .text.UART_printf
                0x0000000000402088       0x1c ./Output/uart.o
                0x0000000000402088                UART_printf

.text.UART_getchar
                0x00000000004020a4       0x14
 .text.UART_getchar
                0x00000000004020a4       0x14 ./Output/uart.o
                0x00000000004020a4                UART_getchar

.text.UART_clear_interrupt
                0x00000000004020b8       0x14
 .text.UART_clear_interrupt
                0x00000000004020b8       0x14 ./Output/uart.o
                0x00000000004020b8                UART_clear_interrupt

.rel.dyn        0x00000000004020cc        0x0
 .rel.iplt      0x00000000004020cc        0x0 ./Output/tasks.o

.data           0x0000000020400000       0x64
                0x0000000020400000                . = ALIGN (0x8)
                0x0000000020400000                _data = .
                0x0000000020400000                _sdata = .
 *(vtable)
 *(.data)
 .data          0x0000000020400000       0x64 /usr/lib/gcc/arm-none-eabi/10.3.1/../../../arm-none-eabi/lib/thumb/v7e-m+fp/hard/libc_nano.a(lib_a-impure.o)
                0x0000000020400000                _impure_ptr
                0x0000000020400064                _edata = .

.data.uxTopUsedPriority
                0x0000000020400064        0x4
 .data.uxTopUsedPriority
                0x0000000020400064        0x4 ./Output/tasks.o

.igot.plt       0x0000000020400068        0x0
 .igot.plt      0x0000000020400068        0x0 ./Output/tasks.o

.data.uxCriticalNesting
                0x0000000020400068        0x4
 .data.uxCriticalNesting
                0x0000000020400068        0x4 ./Output/port.o

.bss            0x000000002040006c       0x14
                0x0000000020400070                . = ALIGN (0x8)
 *fill*         0x000000002040006c        0x4 
                0x0000000020400070                _bss = .
                0x0000000020400070                _sbss = .
 *(.bss)
 .bss           0x0000000020400070        0x8 /usr/lib/gcc/arm-none-eabi/10.3.1/../../../arm-none-eabi/lib/thumb/v7e-m+fp/hard/libc_nano.a(lib_a-nano-mallocr.o)
                0x0000000020400070                __malloc_free_list
                0x0000000020400074                __malloc_sbrk_start
 .bss           0x0000000020400078        0x4 /usr/lib/gcc/arm-none-eabi/10.3.1/../../../arm-none-eabi/lib/thumb/v7e-m+fp/hard/libc_nano.a(lib_a-reent.o)
                0x0000000020400078                errno
 .bss           0x000000002040007c        0x4 /usr/lib/gcc/arm-none-eabi/10.3.1/../../../arm-none-eabi/lib/thumb/v7e-m+fp/hard/libnosys.a(sbrk.o)
                0x0000000020400080                _ebss = .

.bss.pxCurrentTCB
                0x0000000020400080        0x4
 .bss.pxCurrentTCB
                0x0000000020400080        0x4 ./Output/tasks.o
                0x0000000020400080                pxCurrentTCB

.bss.pxDelayedTaskList
                0x0000000020400084        0x4
 .bss.pxDelayedTaskList
                0x0000000020400084        0x4 ./Output/tasks.o

.bss.pxOverflowDelayedTaskList
                0x0000000020400088        0x4
 .bss.pxOverflowDelayedTaskList
                0x0000000020400088        0x4 ./Output/tasks.o

.bss.pxReadyTasksLists
                0x000000002040008c       0xb4
 .bss.pxReadyTasksLists
                0x000000002040008c       0xb4 ./Output/tasks.o

.bss.uxCurrentNumberOfTasks
                0x0000000020400140        0x4
 .bss.uxCurrentNumberOfTasks
                0x0000000020400140        0x4 ./Output/tasks.o

.bss.uxDeletedTasksWaitingCleanUp
                0x0000000020400144        0x4
 .bss.uxDeletedTasksWaitingCleanUp
                0x0000000020400144        0x4 ./Output/tasks.o

.bss.uxSchedulerSuspended
                0x0000000020400148        0x4
 .bss.uxSchedulerSuspended
                0x0000000020400148        0x4 ./Output/tasks.o

.bss.uxTaskNumber
                0x000000002040014c        0x4
 .bss.uxTaskNumber
                0x000000002040014c        0x4 ./Output/tasks.o

.bss.uxTopReadyPriority
                0x0000000020400150        0x4
 .bss.uxTopReadyPriority
                0x0000000020400150        0x4 ./Output/tasks.o

.bss.xDelayedTaskList1
                0x0000000020400154       0x14
 .bss.xDelayedTaskList1
                0x0000000020400154       0x14 ./Output/tasks.o

.bss.xDelayedTaskList2
                0x0000000020400168       0x14
 .bss.xDelayedTaskList2
                0x0000000020400168       0x14 ./Output/tasks.o

.bss.xIdleTaskHandles
                0x000000002040017c        0x4
 .bss.xIdleTaskHandles
                0x000000002040017c        0x4 ./Output/tasks.o

.bss.xNextTaskUnblockTime
                0x0000000020400180        0x4
 .bss.xNextTaskUnblockTime
                0x0000000020400180        0x4 ./Output/tasks.o

.bss.xNumOfOverflows
                0x0000000020400184        0x4
 .bss.xNumOfOverflows
                0x0000000020400184        0x4 ./Output/tasks.o

.bss.xPendedTicks
                0x0000000020400188        0x4
 .bss.xPendedTicks
                0x0000000020400188        0x4 ./Output/tasks.o

.bss.xPendingReadyList
                0x000000002040018c       0x14
 .bss.xPendingReadyList
                0x000000002040018c       0x14 ./Output/tasks.o

.bss.xSchedulerRunning
                0x00000000204001a0        0x4
 .bss.xSchedulerRunning
                0x00000000204001a0        0x4 ./Output/tasks.o

.bss.xSuspendedTaskList
                0x00000000204001a4       0x14
 .bss.xSuspendedTaskList
                0x00000000204001a4       0x14 ./Output/tasks.o

.bss.xTasksWaitingTermination
                0x00000000204001b8       0x14
 .bss.xTasksWaitingTermination
                0x00000000204001b8       0x14 ./Output/tasks.o

.bss.xTickCount
                0x00000000204001cc        0x4
 .bss.xTickCount
                0x00000000204001cc        0x4 ./Output/tasks.o

.bss.xYieldPendings
                0x00000000204001d0        0x4
 .bss.xYieldPendings
                0x00000000204001d0        0x4 ./Output/tasks.o

.bss.pxEnd      0x00000000204001d4        0x4
 .bss.pxEnd     0x00000000204001d4        0x4 ./Output/heap_4.o

.bss.ucHeap     0x00000000204001d8     0xf000
 .bss.ucHeap    0x00000000204001d8     0xf000 ./Output/heap_4.o

.bss.xFreeBytesRemaining
                0x000000002040f1d8        0x4
 .bss.xFreeBytesRemaining
                0x000000002040f1d8        0x4 ./Output/heap_4.o

.bss.xMinimumEverFreeBytesRemaining
                0x000000002040f1dc        0x4
 .bss.xMinimumEverFreeBytesRemaining
                0x000000002040f1dc        0x4 ./Output/heap_4.o

.bss.xNumberOfSuccessfulAllocations
                0x000000002040f1e0        0x4
 .bss.xNumberOfSuccessfulAllocations
                0x000000002040f1e0        0x4 ./Output/heap_4.o

.bss.xNumberOfSuccessfulFrees
                0x000000002040f1e4        0x4
 .bss.xNumberOfSuccessfulFrees
                0x000000002040f1e4        0x4 ./Output/heap_4.o

.bss.xStart     0x000000002040f1e8        0x8
 .bss.xStart    0x000000002040f1e8        0x8 ./Output/heap_4.o

.bss.ucMaxSysCallPriority
                0x000000002040f1f0        0x1
 .bss.ucMaxSysCallPriority
                0x000000002040f1f0        0x1 ./Output/port.o

.bss.ulMaxPRIGROUPValue
                0x000000002040f1f4        0x4
 .bss.ulMaxPRIGROUPValue
                0x000000002040f1f4        0x4 ./Output/port.o

.bss.lr         0x000000002040f1f8        0x4
 .bss.lr        0x000000002040f1f8        0x4 ./Output/startup.o
                0x000000002040f1f8                lr

.bss.pc         0x000000002040f1fc        0x4
 .bss.pc        0x000000002040f1fc        0x4 ./Output/startup.o
                0x000000002040f1fc                pc

.bss.psr        0x000000002040f200        0x4
 .bss.psr       0x000000002040f200        0x4 ./Output/startup.o
                0x000000002040f200                psr

.bss.r0         0x000000002040f204        0x4
 .bss.r0        0x000000002040f204        0x4 ./Output/startup.o
                0x000000002040f204                r0

.bss.r1         0x000000002040f208        0x4
 .bss.r1        0x000000002040f208        0x4 ./Output/startup.o
                0x000000002040f208                r1

.bss.r12        0x000000002040f20c        0x4
 .bss.r12       0x000000002040f20c        0x4 ./Output/startup.o
                0x000000002040f20c                r12

.bss.r2         0x000000002040f210        0x4
 .bss.r2        0x000000002040f210        0x4 ./Output/startup.o
                0x000000002040f210                r2

.bss.r3         0x000000002040f214        0x4
 .bss.r3        0x000000002040f214        0x4 ./Output/startup.o
                0x000000002040f214                r3

.heap           0x000000002040f218    0x10000
                0x000000002040f218                . = ALIGN (0x8)
                0x000000002040f218                PROVIDE (end = .)
                [!provide]                        PROVIDE (_end = .)
                0x000000002040f218                _heap_bottom = .
                0x000000002041e218                . = (. + __HEAP_SIZE)
 *fill*         0x000000002040f218     0xf000 
                0x000000002041e218                _heap_top = .
                0x000000002041f218                . = (. + __STACK_SIZE)
 *fill*         0x000000002041e218     0x1000 
                0x000000002041f218                . = ALIGN (0x8)
                0x0000000020440000                __StackTop = (ORIGIN (M7_0_SRAM) + LENGTH (M7_0_SRAM))
                0x000000002043f000                __StackLimit = (__StackTop - __STACK_SIZE)
                [!provide]                        PROVIDE (__stack = __StackTop)
OUTPUT(./Output/demo.elf elf32-littlearm)
LOAD linker stubs

.debug_info     0x0000000000000000     0xb881
 .debug_info    0x0000000000000000     0x31d3 ./Output/tasks.o
 .debug_info    0x00000000000031d3      0x2d3 ./Output/list.o
 .debug_info    0x00000000000034a6      0x5fe ./Output/heap_4.o
 .debug_info    0x0000000000003aa4      0x4a5 ./Output/port.o
 .debug_info    0x0000000000003f49      0x331 ./Output/main.o
 .debug_info    0x000000000000427a      0x1bf ./Output/startup.o
 .debug_info    0x0000000000004439       0xf8 ./Output/uart.o
 .debug_info    0x0000000000004531       0x26 /usr/lib/gcc/arm-none-eabi/10.3.1/../../../arm-none-eabi/lib/thumb/v7e-m+fp/hard/libc_nano.a(lib_a-memcpy.o)
 .debug_info    0x0000000000004557      0x137 /usr/lib/gcc/arm-none-eabi/10.3.1/../../../arm-none-eabi/lib/thumb/v7e-m+fp/hard/libc_nano.a(lib_a-memset.o)
 .debug_info    0x000000000000468e      0x926 /usr/lib/gcc/arm-none-eabi/10.3.1/../../../arm-none-eabi/lib/thumb/v7e-m+fp/hard/libc_nano.a(lib_a-sprintf.o)
 .debug_info    0x0000000000004fb4      0x863 /usr/lib/gcc/arm-none-eabi/10.3.1/../../../arm-none-eabi/lib/thumb/v7e-m+fp/hard/libc_nano.a(lib_a-impure.o)
 .debug_info    0x0000000000005817     0x10d5 /usr/lib/gcc/arm-none-eabi/10.3.1/../../../arm-none-eabi/lib/thumb/v7e-m+fp/hard/libc_nano.a(lib_a-nano-svfprintf.o)
 .debug_info    0x00000000000068ec      0xe9e /usr/lib/gcc/arm-none-eabi/10.3.1/../../../arm-none-eabi/lib/thumb/v7e-m+fp/hard/libc_nano.a(lib_a-nano-vfprintf_i.o)
 .debug_info    0x000000000000778a       0x26 /usr/lib/gcc/arm-none-eabi/10.3.1/../../../arm-none-eabi/lib/thumb/v7e-m+fp/hard/libc_nano.a(lib_a-memchr.o)
 .debug_info    0x00000000000077b0      0x152 /usr/lib/gcc/arm-none-eabi/10.3.1/../../../arm-none-eabi/lib/thumb/v7e-m+fp/hard/libc_nano.a(lib_a-memmove.o)
 .debug_info    0x0000000000007902      0x903 /usr/lib/gcc/arm-none-eabi/10.3.1/../../../arm-none-eabi/lib/thumb/v7e-m+fp/hard/libc_nano.a(lib_a-nano-freer.o)
 .debug_info    0x0000000000008205      0xa0c /usr/lib/gcc/arm-none-eabi/10.3.1/../../../arm-none-eabi/lib/thumb/v7e-m+fp/hard/libc_nano.a(lib_a-nano-mallocr.o)
 .debug_info    0x0000000000008c11      0x911 /usr/lib/gcc/arm-none-eabi/10.3.1/../../../arm-none-eabi/lib/thumb/v7e-m+fp/hard/libc_nano.a(lib_a-nano-reallocr.o)
 .debug_info    0x0000000000009522      0x828 /usr/lib/gcc/arm-none-eabi/10.3.1/../../../arm-none-eabi/lib/thumb/v7e-m+fp/hard/libc_nano.a(lib_a-sbrkr.o)
 .debug_info    0x0000000000009d4a      0x7dc /usr/lib/gcc/arm-none-eabi/10.3.1/../../../arm-none-eabi/lib/thumb/v7e-m+fp/hard/libc_nano.a(lib_a-mlock.o)
 .debug_info    0x000000000000a526      0x840 /usr/lib/gcc/arm-none-eabi/10.3.1/../../../arm-none-eabi/lib/thumb/v7e-m+fp/hard/libc_nano.a(lib_a-nano-msizer.o)
 .debug_info    0x000000000000ad66      0xa7e /usr/lib/gcc/arm-none-eabi/10.3.1/../../../arm-none-eabi/lib/thumb/v7e-m+fp/hard/libc_nano.a(lib_a-reent.o)
 .debug_info    0x000000000000b7e4       0x9d /usr/lib/gcc/arm-none-eabi/10.3.1/../../../arm-none-eabi/lib/thumb/v7e-m+fp/hard/libnosys.a(sbrk.o)

.debug_abbrev   0x0000000000000000     0x262a
 .debug_abbrev  0x0000000000000000      0x47a ./Output/tasks.o
 .debug_abbrev  0x000000000000047a      0x102 ./Output/list.o
 .debug_abbrev  0x000000000000057c      0x29a ./Output/heap_4.o
 .debug_abbrev  0x0000000000000816      0x269 ./Output/port.o
 .debug_abbrev  0x0000000000000a7f      0x13d ./Output/main.o
 .debug_abbrev  0x0000000000000bbc      0x104 ./Output/startup.o
 .debug_abbrev  0x0000000000000cc0       0xb2 ./Output/uart.o
 .debug_abbrev  0x0000000000000d72       0x14 /usr/lib/gcc/arm-none-eabi/10.3.1/../../../arm-none-eabi/lib/thumb/v7e-m+fp/hard/libc_nano.a(lib_a-memcpy.o)
 .debug_abbrev  0x0000000000000d86       0xb4 /usr/lib/gcc/arm-none-eabi/10.3.1/../../../arm-none-eabi/lib/thumb/v7e-m+fp/hard/libc_nano.a(lib_a-memset.o)
 .debug_abbrev  0x0000000000000e3a      0x213 /usr/lib/gcc/arm-none-eabi/10.3.1/../../../arm-none-eabi/lib/thumb/v7e-m+fp/hard/libc_nano.a(lib_a-sprintf.o)
 .debug_abbrev  0x000000000000104d      0x151 /usr/lib/gcc/arm-none-eabi/10.3.1/../../../arm-none-eabi/lib/thumb/v7e-m+fp/hard/libc_nano.a(lib_a-impure.o)
 .debug_abbrev  0x000000000000119e      0x2ca /usr/lib/gcc/arm-none-eabi/10.3.1/../../../arm-none-eabi/lib/thumb/v7e-m+fp/hard/libc_nano.a(lib_a-nano-svfprintf.o)
 .debug_abbrev  0x0000000000001468      0x25c /usr/lib/gcc/arm-none-eabi/10.3.1/../../../arm-none-eabi/lib/thumb/v7e-m+fp/hard/libc_nano.a(lib_a-nano-vfprintf_i.o)
 .debug_abbrev  0x00000000000016c4       0x14 /usr/lib/gcc/arm-none-eabi/10.3.1/../../../arm-none-eabi/lib/thumb/v7e-m+fp/hard/libc_nano.a(lib_a-memchr.o)
 .debug_abbrev  0x00000000000016d8       0xc0 /usr/lib/gcc/arm-none-eabi/10.3.1/../../../arm-none-eabi/lib/thumb/v7e-m+fp/hard/libc_nano.a(lib_a-memmove.o)
 .debug_abbrev  0x0000000000001798      0x235 /usr/lib/gcc/arm-none-eabi/10.3.1/../../../arm-none-eabi/lib/thumb/v7e-m+fp/hard/libc_nano.a(lib_a-nano-freer.o)
 .debug_abbrev  0x00000000000019cd      0x290 /usr/lib/gcc/arm-none-eabi/10.3.1/../../../arm-none-eabi/lib/thumb/v7e-m+fp/hard/libc_nano.a(lib_a-nano-mallocr.o)
 .debug_abbrev  0x0000000000001c5d      0x1d6 /usr/lib/gcc/arm-none-eabi/10.3.1/../../../arm-none-eabi/lib/thumb/v7e-m+fp/hard/libc_nano.a(lib_a-nano-reallocr.o)
 .debug_abbrev  0x0000000000001e33      0x1d6 /usr/lib/gcc/arm-none-eabi/10.3.1/../../../arm-none-eabi/lib/thumb/v7e-m+fp/hard/libc_nano.a(lib_a-sbrkr.o)
 .debug_abbrev  0x0000000000002009      0x189 /usr/lib/gcc/arm-none-eabi/10.3.1/../../../arm-none-eabi/lib/thumb/v7e-m+fp/hard/libc_nano.a(lib_a-mlock.o)
 .debug_abbrev  0x0000000000002192      0x191 /usr/lib/gcc/arm-none-eabi/10.3.1/../../../arm-none-eabi/lib/thumb/v7e-m+fp/hard/libc_nano.a(lib_a-nano-msizer.o)
 .debug_abbrev  0x0000000000002323      0x265 /usr/lib/gcc/arm-none-eabi/10.3.1/../../../arm-none-eabi/lib/thumb/v7e-m+fp/hard/libc_nano.a(lib_a-reent.o)
 .debug_abbrev  0x0000000000002588       0xa2 /usr/lib/gcc/arm-none-eabi/10.3.1/../../../arm-none-eabi/lib/thumb/v7e-m+fp/hard/libnosys.a(sbrk.o)

.debug_loc      0x0000000000000000     0x4f9c
 .debug_loc     0x0000000000000000     0x2989 ./Output/tasks.o
 .debug_loc     0x0000000000002989       0xaf ./Output/list.o
 .debug_loc     0x0000000000002a38      0x505 ./Output/heap_4.o
 .debug_loc     0x0000000000002f3d       0xd6 ./Output/port.o
 .debug_loc     0x0000000000003013      0x10c ./Output/main.o
 .debug_loc     0x000000000000311f       0x40 ./Output/uart.o
 .debug_loc     0x000000000000315f      0x22c /usr/lib/gcc/arm-none-eabi/10.3.1/../../../arm-none-eabi/lib/thumb/v7e-m+fp/hard/libc_nano.a(lib_a-memset.o)
 .debug_loc     0x000000000000338b       0xb7 /usr/lib/gcc/arm-none-eabi/10.3.1/../../../arm-none-eabi/lib/thumb/v7e-m+fp/hard/libc_nano.a(lib_a-sprintf.o)
 .debug_loc     0x0000000000003442      0x82e /usr/lib/gcc/arm-none-eabi/10.3.1/../../../arm-none-eabi/lib/thumb/v7e-m+fp/hard/libc_nano.a(lib_a-nano-svfprintf.o)
 .debug_loc     0x0000000000003c70      0x5dd /usr/lib/gcc/arm-none-eabi/10.3.1/../../../arm-none-eabi/lib/thumb/v7e-m+fp/hard/libc_nano.a(lib_a-nano-vfprintf_i.o)
 .debug_loc     0x000000000000424d      0x34f /usr/lib/gcc/arm-none-eabi/10.3.1/../../../arm-none-eabi/lib/thumb/v7e-m+fp/hard/libc_nano.a(lib_a-memmove.o)
 .debug_loc     0x000000000000459c      0x203 /usr/lib/gcc/arm-none-eabi/10.3.1/../../../arm-none-eabi/lib/thumb/v7e-m+fp/hard/libc_nano.a(lib_a-nano-freer.o)
 .debug_loc     0x000000000000479f      0x3cd /usr/lib/gcc/arm-none-eabi/10.3.1/../../../arm-none-eabi/lib/thumb/v7e-m+fp/hard/libc_nano.a(lib_a-nano-mallocr.o)
 .debug_loc     0x0000000000004b6c      0x133 /usr/lib/gcc/arm-none-eabi/10.3.1/../../../arm-none-eabi/lib/thumb/v7e-m+fp/hard/libc_nano.a(lib_a-nano-reallocr.o)
 .debug_loc     0x0000000000004c9f       0x6c /usr/lib/gcc/arm-none-eabi/10.3.1/../../../arm-none-eabi/lib/thumb/v7e-m+fp/hard/libc_nano.a(lib_a-sbrkr.o)
 .debug_loc     0x0000000000004d0b       0x86 /usr/lib/gcc/arm-none-eabi/10.3.1/../../../arm-none-eabi/lib/thumb/v7e-m+fp/hard/libc_nano.a(lib_a-nano-msizer.o)
 .debug_loc     0x0000000000004d91      0x1cd /usr/lib/gcc/arm-none-eabi/10.3.1/../../../arm-none-eabi/lib/thumb/v7e-m+fp/hard/libc_nano.a(lib_a-reent.o)
 .debug_loc     0x0000000000004f5e       0x3e /usr/lib/gcc/arm-none-eabi/10.3.1/../../../arm-none-eabi/lib/thumb/v7e-m+fp/hard/libnosys.a(sbrk.o)

.debug_aranges  0x0000000000000000      0x5a0
 .debug_aranges
                0x0000000000000000      0x1f0 ./Output/tasks.o
 .debug_aranges
                0x00000000000001f0       0x40 ./Output/list.o
 .debug_aranges
                0x0000000000000230       0x58 ./Output/heap_4.o
 .debug_aranges
                0x0000000000000288       0x80 ./Output/port.o
 .debug_aranges
                0x0000000000000308       0x30 ./Output/main.o
 .debug_aranges
                0x0000000000000338       0x38 ./Output/startup.o
 .debug_aranges
                0x0000000000000370       0x38 ./Output/uart.o
 .debug_aranges
                0x00000000000003a8       0x20 /usr/lib/gcc/arm-none-eabi/10.3.1/../../../arm-none-eabi/lib/thumb/v7e-m+fp/hard/libc_nano.a(lib_a-memcpy.o)
 .debug_aranges
                0x00000000000003c8       0x20 /usr/lib/gcc/arm-none-eabi/10.3.1/../../../arm-none-eabi/lib/thumb/v7e-m+fp/hard/libc_nano.a(lib_a-memset.o)
 .debug_aranges
                0x00000000000003e8       0x20 /usr/lib/gcc/arm-none-eabi/10.3.1/../../../arm-none-eabi/lib/thumb/v7e-m+fp/hard/libc_nano.a(lib_a-sprintf.o)
 .debug_aranges
                0x0000000000000408       0x18 /usr/lib/gcc/arm-none-eabi/10.3.1/../../../arm-none-eabi/lib/thumb/v7e-m+fp/hard/libc_nano.a(lib_a-impure.o)
 .debug_aranges
                0x0000000000000420       0x20 /usr/lib/gcc/arm-none-eabi/10.3.1/../../../arm-none-eabi/lib/thumb/v7e-m+fp/hard/libc_nano.a(lib_a-nano-svfprintf.o)
 .debug_aranges
                0x0000000000000440       0x20 /usr/lib/gcc/arm-none-eabi/10.3.1/../../../arm-none-eabi/lib/thumb/v7e-m+fp/hard/libc_nano.a(lib_a-nano-vfprintf_i.o)
 .debug_aranges
                0x0000000000000460       0x20 /usr/lib/gcc/arm-none-eabi/10.3.1/../../../arm-none-eabi/lib/thumb/v7e-m+fp/hard/libc_nano.a(lib_a-memchr.o)
 .debug_aranges
                0x0000000000000480       0x20 /usr/lib/gcc/arm-none-eabi/10.3.1/../../../arm-none-eabi/lib/thumb/v7e-m+fp/hard/libc_nano.a(lib_a-memmove.o)
 .debug_aranges
                0x00000000000004a0       0x20 /usr/lib/gcc/arm-none-eabi/10.3.1/../../../arm-none-eabi/lib/thumb/v7e-m+fp/hard/libc_nano.a(lib_a-nano-freer.o)
 .debug_aranges
                0x00000000000004c0       0x20 /usr/lib/gcc/arm-none-eabi/10.3.1/../../../arm-none-eabi/lib/thumb/v7e-m+fp/hard/libc_nano.a(lib_a-nano-mallocr.o)
 .debug_aranges
                0x00000000000004e0       0x20 /usr/lib/gcc/arm-none-eabi/10.3.1/../../../arm-none-eabi/lib/thumb/v7e-m+fp/hard/libc_nano.a(lib_a-nano-reallocr.o)
 .debug_aranges
                0x0000000000000500       0x20 /usr/lib/gcc/arm-none-eabi/10.3.1/../../../arm-none-eabi/lib/thumb/v7e-m+fp/hard/libc_nano.a(lib_a-sbrkr.o)
 .debug_aranges
                0x0000000000000520       0x20 /usr/lib/gcc/arm-none-eabi/10.3.1/../../../arm-none-eabi/lib/thumb/v7e-m+fp/hard/libc_nano.a(lib_a-mlock.o)
 .debug_aranges
                0x0000000000000540       0x20 /usr/lib/gcc/arm-none-eabi/10.3.1/../../../arm-none-eabi/lib/thumb/v7e-m+fp/hard/libc_nano.a(lib_a-nano-msizer.o)
 .debug_aranges
                0x0000000000000560       0x20 /usr/lib/gcc/arm-none-eabi/10.3.1/../../../arm-none-eabi/lib/thumb/v7e-m+fp/hard/libc_nano.a(lib_a-reent.o)
 .debug_aranges
                0x0000000000000580       0x20 /usr/lib/gcc/arm-none-eabi/10.3.1/../../../arm-none-eabi/lib/thumb/v7e-m+fp/hard/libnosys.a(sbrk.o)

.debug_ranges   0x0000000000000000      0x838
 .debug_ranges  0x0000000000000000      0x560 ./Output/tasks.o
 .debug_ranges  0x0000000000000560       0x30 ./Output/list.o
 .debug_ranges  0x0000000000000590       0x48 ./Output/heap_4.o
 .debug_ranges  0x00000000000005d8       0xa0 ./Output/port.o
 .debug_ranges  0x0000000000000678       0x38 ./Output/main.o
 .debug_ranges  0x00000000000006b0       0x28 ./Output/startup.o
 .debug_ranges  0x00000000000006d8       0x28 ./Output/uart.o
 .debug_ranges  0x0000000000000700       0x40 /usr/lib/gcc/arm-none-eabi/10.3.1/../../../arm-none-eabi/lib/thumb/v7e-m+fp/hard/libc_nano.a(lib_a-nano-svfprintf.o)
 .debug_ranges  0x0000000000000740       0xa0 /usr/lib/gcc/arm-none-eabi/10.3.1/../../../arm-none-eabi/lib/thumb/v7e-m+fp/hard/libc_nano.a(lib_a-nano-vfprintf_i.o)
 .debug_ranges  0x00000000000007e0       0x20 /usr/lib/gcc/arm-none-eabi/10.3.1/../../../arm-none-eabi/lib/thumb/v7e-m+fp/hard/libc_nano.a(lib_a-nano-freer.o)
 .debug_ranges  0x0000000000000800       0x38 /usr/lib/gcc/arm-none-eabi/10.3.1/../../../arm-none-eabi/lib/thumb/v7e-m+fp/hard/libc_nano.a(lib_a-nano-mallocr.o)

.debug_macro    0x0000000000000000     0x3fa4
 .debug_macro   0x0000000000000000      0x289 ./Output/tasks.o
 .debug_macro   0x0000000000000289      0xa6c ./Output/tasks.o
 .debug_macro   0x0000000000000cf5       0x18 ./Output/tasks.o
 .debug_macro   0x0000000000000d0d       0x22 ./Output/tasks.o
 .debug_macro   0x0000000000000d2f       0x52 ./Output/tasks.o
 .debug_macro   0x0000000000000d81       0x94 ./Output/tasks.o
 .debug_macro   0x0000000000000e15       0x35 ./Output/tasks.o
 .debug_macro   0x0000000000000e4a       0x34 ./Output/tasks.o
 .debug_macro   0x0000000000000e7e       0x16 ./Output/tasks.o
 .debug_macro   0x0000000000000e94      0x10e ./Output/tasks.o
 .debug_macro   0x0000000000000fa2       0x8d ./Output/tasks.o
 .debug_macro   0x000000000000102f       0x16 ./Output/tasks.o
 .debug_macro   0x0000000000001045       0x43 ./Output/tasks.o
 .debug_macro   0x0000000000001088       0x57 ./Output/tasks.o
 .debug_macro   0x00000000000010df       0x34 ./Output/tasks.o
 .debug_macro   0x0000000000001113       0x10 ./Output/tasks.o
 .debug_macro   0x0000000000001123       0x52 ./Output/tasks.o
 .debug_macro   0x0000000000001175      0x182 ./Output/tasks.o
 .debug_macro   0x00000000000012f7      0x333 ./Output/tasks.o
 .debug_macro   0x000000000000162a       0x16 ./Output/tasks.o
 .debug_macro   0x0000000000001640       0x29 ./Output/tasks.o
 .debug_macro   0x0000000000001669       0x16 ./Output/tasks.o
 .debug_macro   0x000000000000167f       0x35 ./Output/tasks.o
 .debug_macro   0x00000000000016b4      0x34e ./Output/tasks.o
 .debug_macro   0x0000000000001a02       0x16 ./Output/tasks.o
 .debug_macro   0x0000000000001a18      0x184 ./Output/tasks.o
 .debug_macro   0x0000000000001b9c       0x1c ./Output/tasks.o
 .debug_macro   0x0000000000001bb8      0x182 ./Output/tasks.o
 .debug_macro   0x0000000000001d3a       0xe7 ./Output/tasks.o
 .debug_macro   0x0000000000001e21       0x2e ./Output/tasks.o
 .debug_macro   0x0000000000001e4f       0x1f ./Output/tasks.o
 .debug_macro   0x0000000000001e6e       0x12 ./Output/tasks.o
 .debug_macro   0x0000000000001e80      0xfd0 ./Output/tasks.o
 .debug_macro   0x0000000000002e50       0xc3 ./Output/tasks.o
 .debug_macro   0x0000000000002f13      0x14f ./Output/tasks.o
 .debug_macro   0x0000000000003062       0x98 ./Output/tasks.o
 .debug_macro   0x00000000000030fa       0x17 ./Output/tasks.o
 .debug_macro   0x0000000000003111      0x171 ./Output/list.o
 .debug_macro   0x0000000000003282      0x201 ./Output/heap_4.o
 .debug_macro   0x0000000000003483      0x186 ./Output/port.o
 .debug_macro   0x0000000000003609      0x174 ./Output/port.o
 .debug_macro   0x000000000000377d      0x21f ./Output/main.o
 .debug_macro   0x000000000000399c       0x16 ./Output/main.o
 .debug_macro   0x00000000000039b2       0x10 ./Output/main.o
 .debug_macro   0x00000000000039c2       0x10 ./Output/main.o
 .debug_macro   0x00000000000039d2       0x6a ./Output/main.o
 .debug_macro   0x0000000000003a3c       0x1c ./Output/main.o
 .debug_macro   0x0000000000003a58       0x52 ./Output/main.o
 .debug_macro   0x0000000000003aaa       0x22 ./Output/main.o
 .debug_macro   0x0000000000003acc       0x10 ./Output/main.o
 .debug_macro   0x0000000000003adc       0x40 ./Output/main.o
 .debug_macro   0x0000000000003b1c       0xd5 ./Output/main.o
 .debug_macro   0x0000000000003bf1       0x1c ./Output/main.o
 .debug_macro   0x0000000000003c0d       0x3d ./Output/main.o
 .debug_macro   0x0000000000003c4a       0x16 ./Output/main.o
 .debug_macro   0x0000000000003c60      0x16f ./Output/main.o
 .debug_macro   0x0000000000003dcf       0x9a ./Output/main.o
 .debug_macro   0x0000000000003e69       0x1a ./Output/startup.o
 .debug_macro   0x0000000000003e83       0x8d ./Output/uart.o
 .debug_macro   0x0000000000003f10       0x94 ./Output/uart.o

.debug_line     0x0000000000000000     0x6ee7
 .debug_line    0x0000000000000000     0x2ea7 ./Output/tasks.o
 .debug_line    0x0000000000002ea7      0x442 ./Output/list.o
 .debug_line    0x00000000000032e9      0x872 ./Output/heap_4.o
 .debug_line    0x0000000000003b5b      0x635 ./Output/port.o
 .debug_line    0x0000000000004190      0x3f5 ./Output/main.o
 .debug_line    0x0000000000004585      0x111 ./Output/startup.o
 .debug_line    0x0000000000004696      0x215 ./Output/uart.o
 .debug_line    0x00000000000048ab       0xbe /usr/lib/gcc/arm-none-eabi/10.3.1/../../../arm-none-eabi/lib/thumb/v7e-m+fp/hard/libc_nano.a(lib_a-memcpy.o)
 .debug_line    0x0000000000004969      0x1bf /usr/lib/gcc/arm-none-eabi/10.3.1/../../../arm-none-eabi/lib/thumb/v7e-m+fp/hard/libc_nano.a(lib_a-memset.o)
 .debug_line    0x0000000000004b28      0x209 /usr/lib/gcc/arm-none-eabi/10.3.1/../../../arm-none-eabi/lib/thumb/v7e-m+fp/hard/libc_nano.a(lib_a-sprintf.o)
 .debug_line    0x0000000000004d31       0xe4 /usr/lib/gcc/arm-none-eabi/10.3.1/../../../arm-none-eabi/lib/thumb/v7e-m+fp/hard/libc_nano.a(lib_a-impure.o)
 .debug_line    0x0000000000004e15      0x83a /usr/lib/gcc/arm-none-eabi/10.3.1/../../../arm-none-eabi/lib/thumb/v7e-m+fp/hard/libc_nano.a(lib_a-nano-svfprintf.o)
 .debug_line    0x000000000000564f      0x746 /usr/lib/gcc/arm-none-eabi/10.3.1/../../../arm-none-eabi/lib/thumb/v7e-m+fp/hard/libc_nano.a(lib_a-nano-vfprintf_i.o)
 .debug_line    0x0000000000005d95       0xa4 /usr/lib/gcc/arm-none-eabi/10.3.1/../../../arm-none-eabi/lib/thumb/v7e-m+fp/hard/libc_nano.a(lib_a-memchr.o)
 .debug_line    0x0000000000005e39      0x1ee /usr/lib/gcc/arm-none-eabi/10.3.1/../../../arm-none-eabi/lib/thumb/v7e-m+fp/hard/libc_nano.a(lib_a-memmove.o)
 .debug_line    0x0000000000006027      0x2ca /usr/lib/gcc/arm-none-eabi/10.3.1/../../../arm-none-eabi/lib/thumb/v7e-m+fp/hard/libc_nano.a(lib_a-nano-freer.o)
 .debug_line    0x00000000000062f1      0x2d0 /usr/lib/gcc/arm-none-eabi/10.3.1/../../../arm-none-eabi/lib/thumb/v7e-m+fp/hard/libc_nano.a(lib_a-nano-mallocr.o)
 .debug_line    0x00000000000065c1      0x1c5 /usr/lib/gcc/arm-none-eabi/10.3.1/../../../arm-none-eabi/lib/thumb/v7e-m+fp/hard/libc_nano.a(lib_a-nano-reallocr.o)
 .debug_line    0x0000000000006786      0x183 /usr/lib/gcc/arm-none-eabi/10.3.1/../../../arm-none-eabi/lib/thumb/v7e-m+fp/hard/libc_nano.a(lib_a-sbrkr.o)
 .debug_line    0x0000000000006909      0x13e /usr/lib/gcc/arm-none-eabi/10.3.1/../../../arm-none-eabi/lib/thumb/v7e-m+fp/hard/libc_nano.a(lib_a-mlock.o)
 .debug_line    0x0000000000006a47      0x160 /usr/lib/gcc/arm-none-eabi/10.3.1/../../../arm-none-eabi/lib/thumb/v7e-m+fp/hard/libc_nano.a(lib_a-nano-msizer.o)
 .debug_line    0x0000000000006ba7      0x2c7 /usr/lib/gcc/arm-none-eabi/10.3.1/../../../arm-none-eabi/lib/thumb/v7e-m+fp/hard/libc_nano.a(lib_a-reent.o)
 .debug_line    0x0000000000006e6e       0x79 /usr/lib/gcc/arm-none-eabi/10.3.1/../../../arm-none-eabi/lib/thumb/v7e-m+fp/hard/libnosys.a(sbrk.o)

.debug_str      0x0000000000000000    0x1614f
 .debug_str     0x0000000000000000    0x12f1f ./Output/tasks.o
                                      0x13185 (size before relaxing)
 .debug_str     0x0000000000012f1f       0x59 ./Output/list.o
                                       0xfa50 (size before relaxing)
 .debug_str     0x0000000000012f78      0x725 ./Output/heap_4.o
                                      0x11538 (size before relaxing)
 .debug_str     0x000000000001369d      0x90b ./Output/port.o
                                       0xecce (size before relaxing)
 .debug_str     0x0000000000013fa8     0x1385 ./Output/main.o
                                      0x120bd (size before relaxing)
 .debug_str     0x000000000001532d       0x7b ./Output/startup.o
                                       0x37c1 (size before relaxing)
 .debug_str     0x00000000000153a8        0x7 ./Output/uart.o
                                       0xc54b (size before relaxing)
 .debug_str     0x00000000000153af       0xb6 /usr/lib/gcc/arm-none-eabi/10.3.1/../../../arm-none-eabi/lib/thumb/v7e-m+fp/hard/libc_nano.a(lib_a-memcpy.o)
 .debug_str     0x0000000000015465      0x11d /usr/lib/gcc/arm-none-eabi/10.3.1/../../../arm-none-eabi/lib/thumb/v7e-m+fp/hard/libc_nano.a(lib_a-memset.o)
                                        0x1c0 (size before relaxing)
 .debug_str     0x0000000000015582      0x3b3 /usr/lib/gcc/arm-none-eabi/10.3.1/../../../arm-none-eabi/lib/thumb/v7e-m+fp/hard/libc_nano.a(lib_a-sprintf.o)
                                        0x54c (size before relaxing)
 .debug_str     0x0000000000015935       0xdf /usr/lib/gcc/arm-none-eabi/10.3.1/../../../arm-none-eabi/lib/thumb/v7e-m+fp/hard/libc_nano.a(lib_a-impure.o)
                                        0x55e (size before relaxing)
 .debug_str     0x0000000000015a14      0x298 /usr/lib/gcc/arm-none-eabi/10.3.1/../../../arm-none-eabi/lib/thumb/v7e-m+fp/hard/libc_nano.a(lib_a-nano-svfprintf.o)
                                        0x855 (size before relaxing)
 .debug_str     0x0000000000015cac       0x94 /usr/lib/gcc/arm-none-eabi/10.3.1/../../../arm-none-eabi/lib/thumb/v7e-m+fp/hard/libc_nano.a(lib_a-nano-vfprintf_i.o)
                                        0x7ec (size before relaxing)
 .debug_str     0x0000000000015d40       0x3c /usr/lib/gcc/arm-none-eabi/10.3.1/../../../arm-none-eabi/lib/thumb/v7e-m+fp/hard/libc_nano.a(lib_a-memchr.o)
                                         0xaf (size before relaxing)
 .debug_str     0x0000000000015d7c       0x66 /usr/lib/gcc/arm-none-eabi/10.3.1/../../../arm-none-eabi/lib/thumb/v7e-m+fp/hard/libc_nano.a(lib_a-memmove.o)
                                        0x1df (size before relaxing)
 .debug_str     0x0000000000015de2      0x116 /usr/lib/gcc/arm-none-eabi/10.3.1/../../../arm-none-eabi/lib/thumb/v7e-m+fp/hard/libc_nano.a(lib_a-nano-freer.o)
                                        0x595 (size before relaxing)
 .debug_str     0x0000000000015ef8       0x46 /usr/lib/gcc/arm-none-eabi/10.3.1/../../../arm-none-eabi/lib/thumb/v7e-m+fp/hard/libc_nano.a(lib_a-nano-mallocr.o)
                                        0x5c0 (size before relaxing)
 .debug_str     0x0000000000015f3e       0x23 /usr/lib/gcc/arm-none-eabi/10.3.1/../../../arm-none-eabi/lib/thumb/v7e-m+fp/hard/libc_nano.a(lib_a-nano-reallocr.o)
                                        0x57f (size before relaxing)
 .debug_str     0x0000000000015f61       0x3d /usr/lib/gcc/arm-none-eabi/10.3.1/../../../arm-none-eabi/lib/thumb/v7e-m+fp/hard/libc_nano.a(lib_a-sbrkr.o)
                                        0x516 (size before relaxing)
 .debug_str     0x0000000000015f9e       0x4c /usr/lib/gcc/arm-none-eabi/10.3.1/../../../arm-none-eabi/lib/thumb/v7e-m+fp/hard/libc_nano.a(lib_a-mlock.o)
                                        0x52c (size before relaxing)
 .debug_str     0x0000000000015fea        0xf /usr/lib/gcc/arm-none-eabi/10.3.1/../../../arm-none-eabi/lib/thumb/v7e-m+fp/hard/libc_nano.a(lib_a-nano-msizer.o)
                                        0x55d (size before relaxing)
 .debug_str     0x0000000000015ff9       0x5e /usr/lib/gcc/arm-none-eabi/10.3.1/../../../arm-none-eabi/lib/thumb/v7e-m+fp/hard/libc_nano.a(lib_a-reent.o)
                                        0x53e (size before relaxing)
 .debug_str     0x0000000000016057       0xf8 /usr/lib/gcc/arm-none-eabi/10.3.1/../../../arm-none-eabi/lib/thumb/v7e-m+fp/hard/libnosys.a(sbrk.o)
                                        0x111 (size before relaxing)

.comment        0x0000000000000000       0x33
 .comment       0x0000000000000000       0x33 ./Output/tasks.o
                                         0x34 (size before relaxing)
 .comment       0x0000000000000033       0x34 ./Output/list.o
 .comment       0x0000000000000033       0x34 ./Output/heap_4.o
 .comment       0x0000000000000033       0x34 ./Output/port.o
 .comment       0x0000000000000033       0x34 ./Output/main.o
 .comment       0x0000000000000033       0x34 ./Output/startup.o
 .comment       0x0000000000000033       0x34 ./Output/uart.o
 .comment       0x0000000000000033       0x34 /usr/lib/gcc/arm-none-eabi/10.3.1/../../../arm-none-eabi/lib/thumb/v7e-m+fp/hard/libc_nano.a(lib_a-memset.o)
 .comment       0x0000000000000033       0x34 /usr/lib/gcc/arm-none-eabi/10.3.1/../../../arm-none-eabi/lib/thumb/v7e-m+fp/hard/libc_nano.a(lib_a-sprintf.o)
 .comment       0x0000000000000033       0x34 /usr/lib/gcc/arm-none-eabi/10.3.1/../../../arm-none-eabi/lib/thumb/v7e-m+fp/hard/libc_nano.a(lib_a-impure.o)
 .comment       0x0000000000000033       0x34 /usr/lib/gcc/arm-none-eabi/10.3.1/../../../arm-none-eabi/lib/thumb/v7e-m+fp/hard/libc_nano.a(lib_a-nano-svfprintf.o)
 .comment       0x0000000000000033       0x34 /usr/lib/gcc/arm-none-eabi/10.3.1/../../../arm-none-eabi/lib/thumb/v7e-m+fp/hard/libc_nano.a(lib_a-nano-vfprintf_i.o)
 .comment       0x0000000000000033       0x34 /usr/lib/gcc/arm-none-eabi/10.3.1/../../../arm-none-eabi/lib/thumb/v7e-m+fp/hard/libc_nano.a(lib_a-memmove.o)
 .comment       0x0000000000000033       0x34 /usr/lib/gcc/arm-none-eabi/10.3.1/../../../arm-none-eabi/lib/thumb/v7e-m+fp/hard/libc_nano.a(lib_a-nano-freer.o)
 .comment       0x0000000000000033       0x34 /usr/lib/gcc/arm-none-eabi/10.3.1/../../../arm-none-eabi/lib/thumb/v7e-m+fp/hard/libc_nano.a(lib_a-nano-mallocr.o)
 .comment       0x0000000000000033       0x34 /usr/lib/gcc/arm-none-eabi/10.3.1/../../../arm-none-eabi/lib/thumb/v7e-m+fp/hard/libc_nano.a(lib_a-nano-reallocr.o)
 .comment       0x0000000000000033       0x34 /usr/lib/gcc/arm-none-eabi/10.3.1/../../../arm-none-eabi/lib/thumb/v7e-m+fp/hard/libc_nano.a(lib_a-sbrkr.o)
 .comment       0x0000000000000033       0x34 /usr/lib/gcc/arm-none-eabi/10.3.1/../../../arm-none-eabi/lib/thumb/v7e-m+fp/hard/libc_nano.a(lib_a-mlock.o)
 .comment       0x0000000000000033       0x34 /usr/lib/gcc/arm-none-eabi/10.3.1/../../../arm-none-eabi/lib/thumb/v7e-m+fp/hard/libc_nano.a(lib_a-nano-msizer.o)
 .comment       0x0000000000000033       0x34 /usr/lib/gcc/arm-none-eabi/10.3.1/../../../arm-none-eabi/lib/thumb/v7e-m+fp/hard/libc_nano.a(lib_a-reent.o)
 .comment       0x0000000000000033       0x34 /usr/lib/gcc/arm-none-eabi/10.3.1/../../../arm-none-eabi/lib/thumb/v7e-m+fp/hard/libnosys.a(sbrk.o)

.ARM.attributes
                0x0000000000000000       0x32
 .ARM.attributes
                0x0000000000000000       0x34 ./Output/tasks.o
 .ARM.attributes
                0x0000000000000034       0x34 ./Output/list.o
 .ARM.attributes
                0x0000000000000068       0x34 ./Output/heap_4.o
 .ARM.attributes
                0x000000000000009c       0x34 ./Output/port.o
 .ARM.attributes
                0x00000000000000d0       0x34 ./Output/main.o
 .ARM.attributes
                0x0000000000000104       0x34 ./Output/startup.o
 .ARM.attributes
                0x0000000000000138       0x34 ./Output/uart.o
 .ARM.attributes
                0x000000000000016c       0x1c /usr/lib/gcc/arm-none-eabi/10.3.1/../../../arm-none-eabi/lib/thumb/v7e-m+fp/hard/libc_nano.a(lib_a-memcpy.o)
 .ARM.attributes
                0x0000000000000188       0x34 /usr/lib/gcc/arm-none-eabi/10.3.1/../../../arm-none-eabi/lib/thumb/v7e-m+fp/hard/libc_nano.a(lib_a-memset.o)
 .ARM.attributes
                0x00000000000001bc       0x34 /usr/lib/gcc/arm-none-eabi/10.3.1/../../../arm-none-eabi/lib/thumb/v7e-m+fp/hard/libc_nano.a(lib_a-sprintf.o)
 .ARM.attributes
                0x00000000000001f0       0x32 /usr/lib/gcc/arm-none-eabi/10.3.1/../../../arm-none-eabi/lib/thumb/v7e-m+fp/hard/libc_nano.a(lib_a-impure.o)
 .ARM.attributes
                0x0000000000000222       0x34 /usr/lib/gcc/arm-none-eabi/10.3.1/../../../arm-none-eabi/lib/thumb/v7e-m+fp/hard/libc_nano.a(lib_a-nano-svfprintf.o)
 .ARM.attributes
                0x0000000000000256       0x34 /usr/lib/gcc/arm-none-eabi/10.3.1/../../../arm-none-eabi/lib/thumb/v7e-m+fp/hard/libc_nano.a(lib_a-nano-vfprintf_i.o)
 .ARM.attributes
                0x000000000000028a       0x1c /usr/lib/gcc/arm-none-eabi/10.3.1/../../../arm-none-eabi/lib/thumb/v7e-m+fp/hard/libc_nano.a(lib_a-memchr.o)
 .ARM.attributes
                0x00000000000002a6       0x34 /usr/lib/gcc/arm-none-eabi/10.3.1/../../../arm-none-eabi/lib/thumb/v7e-m+fp/hard/libc_nano.a(lib_a-memmove.o)
 .ARM.attributes
                0x00000000000002da       0x34 /usr/lib/gcc/arm-none-eabi/10.3.1/../../../arm-none-eabi/lib/thumb/v7e-m+fp/hard/libc_nano.a(lib_a-nano-freer.o)
 .ARM.attributes
                0x000000000000030e       0x34 /usr/lib/gcc/arm-none-eabi/10.3.1/../../../arm-none-eabi/lib/thumb/v7e-m+fp/hard/libc_nano.a(lib_a-nano-mallocr.o)
 .ARM.attributes
                0x0000000000000342       0x34 /usr/lib/gcc/arm-none-eabi/10.3.1/../../../arm-none-eabi/lib/thumb/v7e-m+fp/hard/libc_nano.a(lib_a-nano-reallocr.o)
 .ARM.attributes
                0x0000000000000376       0x34 /usr/lib/gcc/arm-none-eabi/10.3.1/../../../arm-none-eabi/lib/thumb/v7e-m+fp/hard/libc_nano.a(lib_a-sbrkr.o)
 .ARM.attributes
                0x00000000000003aa       0x34 /usr/lib/gcc/arm-none-eabi/10.3.1/../../../arm-none-eabi/lib/thumb/v7e-m+fp/hard/libc_nano.a(lib_a-mlock.o)
 .ARM.attributes
                0x00000000000003de       0x34 /usr/lib/gcc/arm-none-eabi/10.3.1/../../../arm-none-eabi/lib/thumb/v7e-m+fp/hard/libc_nano.a(lib_a-nano-msizer.o)
 .ARM.attributes
                0x0000000000000412       0x34 /usr/lib/gcc/arm-none-eabi/10.3.1/../../../arm-none-eabi/lib/thumb/v7e-m+fp/hard/libc_nano.a(lib_a-reent.o)
 .ARM.attributes
                0x0000000000000446       0x34 /usr/lib/gcc/arm-none-eabi/10.3.1/../../../arm-none-eabi/lib/thumb/v7e-m+fp/hard/libnosys.a(sbrk.o)

.debug_frame    0x0000000000000000      0xd64
 .debug_frame   0x0000000000000000      0x664 ./Output/tasks.o
 .debug_frame   0x0000000000000664       0x6c ./Output/list.o
 .debug_frame   0x00000000000006d0       0xe8 ./Output/heap_4.o
 .debug_frame   0x00000000000007b8      0x100 ./Output/port.o
 .debug_frame   0x00000000000008b8       0x60 ./Output/main.o
 .debug_frame   0x0000000000000918       0x50 ./Output/startup.o
 .debug_frame   0x0000000000000968       0x50 ./Output/uart.o
 .debug_frame   0x00000000000009b8       0x2c /usr/lib/gcc/arm-none-eabi/10.3.1/../../../arm-none-eabi/lib/thumb/v7e-m+fp/hard/libc_nano.a(lib_a-memset.o)
 .debug_frame   0x00000000000009e4       0x74 /usr/lib/gcc/arm-none-eabi/10.3.1/../../../arm-none-eabi/lib/thumb/v7e-m+fp/hard/libc_nano.a(lib_a-sprintf.o)
 .debug_frame   0x0000000000000a58       0x98 /usr/lib/gcc/arm-none-eabi/10.3.1/../../../arm-none-eabi/lib/thumb/v7e-m+fp/hard/libc_nano.a(lib_a-nano-svfprintf.o)
 .debug_frame   0x0000000000000af0       0x6c /usr/lib/gcc/arm-none-eabi/10.3.1/../../../arm-none-eabi/lib/thumb/v7e-m+fp/hard/libc_nano.a(lib_a-nano-vfprintf_i.o)
 .debug_frame   0x0000000000000b5c       0x40 /usr/lib/gcc/arm-none-eabi/10.3.1/../../../arm-none-eabi/lib/thumb/v7e-m+fp/hard/libc_nano.a(lib_a-memmove.o)
 .debug_frame   0x0000000000000b9c       0x54 /usr/lib/gcc/arm-none-eabi/10.3.1/../../../arm-none-eabi/lib/thumb/v7e-m+fp/hard/libc_nano.a(lib_a-nano-freer.o)
 .debug_frame   0x0000000000000bf0       0x30 /usr/lib/gcc/arm-none-eabi/10.3.1/../../../arm-none-eabi/lib/thumb/v7e-m+fp/hard/libc_nano.a(lib_a-nano-mallocr.o)
 .debug_frame   0x0000000000000c20       0x38 /usr/lib/gcc/arm-none-eabi/10.3.1/../../../arm-none-eabi/lib/thumb/v7e-m+fp/hard/libc_nano.a(lib_a-nano-reallocr.o)
 .debug_frame   0x0000000000000c58       0x2c /usr/lib/gcc/arm-none-eabi/10.3.1/../../../arm-none-eabi/lib/thumb/v7e-m+fp/hard/libc_nano.a(lib_a-sbrkr.o)
 .debug_frame   0x0000000000000c84       0x30 /usr/lib/gcc/arm-none-eabi/10.3.1/../../../arm-none-eabi/lib/thumb/v7e-m+fp/hard/libc_nano.a(lib_a-mlock.o)
 .debug_frame   0x0000000000000cb4       0x20 /usr/lib/gcc/arm-none-eabi/10.3.1/../../../arm-none-eabi/lib/thumb/v7e-m+fp/hard/libc_nano.a(lib_a-nano-msizer.o)
 .debug_frame   0x0000000000000cd4       0x70 /usr/lib/gcc/arm-none-eabi/10.3.1/../../../arm-none-eabi/lib/thumb/v7e-m+fp/hard/libc_nano.a(lib_a-reent.o)
 .debug_frame   0x0000000000000d44       0x20 /usr/lib/gcc/arm-none-eabi/10.3.1/../../../arm-none-eabi/lib/thumb/v7e-m+fp/hard/libnosys.a(sbrk.o)
