Archive member included to satisfy reference by file (symbol)

/usr/lib/gcc/arm-none-eabi/13.2.1/../../../arm-none-eabi/lib/thumb/v7e-m/nofp/libc_nano.a(libc_a-strlen.o)
                              ./Output/tasks.o (strlen)
/usr/lib/gcc/arm-none-eabi/13.2.1/../../../arm-none-eabi/lib/thumb/v7e-m/nofp/libc_nano.a(libc_a-memset.o)
                              ./Output/tasks.o (memset)
/usr/lib/gcc/arm-none-eabi/13.2.1/../../../arm-none-eabi/lib/thumb/v7e-m/nofp/libc_nano.a(libc_a-memcpy.o)
                              ./Output/queue.o (memcpy)

Discarded input sections

 .group         0x00000000        0xc ./Output/tasks.o
 .group         0x00000000        0xc ./Output/tasks.o
 .group         0x00000000        0xc ./Output/tasks.o
 .group         0x00000000        0xc ./Output/tasks.o
 .group         0x00000000        0xc ./Output/tasks.o
 .group         0x00000000        0xc ./Output/tasks.o
 .group         0x00000000        0xc ./Output/tasks.o
 .group         0x00000000        0xc ./Output/tasks.o
 .group         0x00000000        0xc ./Output/tasks.o
 .group         0x00000000        0xc ./Output/tasks.o
 .group         0x00000000        0xc ./Output/tasks.o
 .group         0x00000000        0xc ./Output/tasks.o
 .group         0x00000000        0xc ./Output/tasks.o
 .group         0x00000000        0xc ./Output/tasks.o
 .group         0x00000000        0xc ./Output/tasks.o
 .group         0x00000000        0xc ./Output/tasks.o
 .group         0x00000000        0xc ./Output/tasks.o
 .group         0x00000000        0xc ./Output/tasks.o
 .group         0x00000000        0xc ./Output/tasks.o
 .group         0x00000000        0xc ./Output/tasks.o
 .group         0x00000000        0xc ./Output/tasks.o
 .group         0x00000000        0xc ./Output/tasks.o
 .group         0x00000000        0xc ./Output/tasks.o
 .group         0x00000000        0xc ./Output/tasks.o
 .group         0x00000000        0xc ./Output/tasks.o
 .group         0x00000000        0xc ./Output/tasks.o
 .group         0x00000000        0xc ./Output/tasks.o
 .group         0x00000000        0xc ./Output/tasks.o
 .group         0x00000000        0xc ./Output/tasks.o
 .group         0x00000000        0xc ./Output/tasks.o
 .group         0x00000000        0xc ./Output/tasks.o
 .group         0x00000000        0xc ./Output/tasks.o
 .group         0x00000000        0xc ./Output/tasks.o
 .group         0x00000000        0xc ./Output/tasks.o
 .group         0x00000000        0xc ./Output/tasks.o
 .group         0x00000000        0xc ./Output/tasks.o
 .text          0x00000000        0x0 ./Output/tasks.o
 .data          0x00000000        0x0 ./Output/tasks.o
 .bss           0x00000000        0x0 ./Output/tasks.o
 .text.prvSearchForNameWithinSingleList
                0x00000000       0x3e ./Output/tasks.o
 .text.prvAddCurrentTaskToDelayedList
                0x00000000       0xb4 ./Output/tasks.o
 .text.prvTaskIsTaskSuspended
                0x00000000       0x40 ./Output/tasks.o
 .text.prvCheckTasksWaitingTermination
                0x00000000       0x48 ./Output/tasks.o
 .text.prvIdleTask
                0x00000000        0x8 ./Output/tasks.o
 .text.xTaskCreate
                0x00000000      0x1c0 ./Output/tasks.o
 .text.vTaskDelete
                0x00000000       0xd0 ./Output/tasks.o
 .text.eTaskGetState
                0x00000000       0x98 ./Output/tasks.o
 .text.uxTaskPriorityGet
                0x00000000       0x1c ./Output/tasks.o
 .text.uxTaskPriorityGetFromISR
                0x00000000       0x30 ./Output/tasks.o
 .text.uxTaskBasePriorityGet
                0x00000000       0x1c ./Output/tasks.o
 .text.uxTaskBasePriorityGetFromISR
                0x00000000       0x30 ./Output/tasks.o
 .text.vTaskPrioritySet
                0x00000000       0xdc ./Output/tasks.o
 .text.vTaskResume
                0x00000000       0x88 ./Output/tasks.o
 .text.xTaskResumeFromISR
                0x00000000       0xa8 ./Output/tasks.o
 .rodata.vTaskStartScheduler.str1.1
                0x00000000        0x5 ./Output/tasks.o
 .text.vTaskStartScheduler
                0x00000000       0x7c ./Output/tasks.o
 .text.vTaskEndScheduler
                0x00000000       0x34 ./Output/tasks.o
 .text.vTaskSuspendAll
                0x00000000       0x10 ./Output/tasks.o
 .text.xTaskGetTickCount
                0x00000000        0xc ./Output/tasks.o
 .text.xTaskGetTickCountFromISR
                0x00000000       0x10 ./Output/tasks.o
 .text.uxTaskGetNumberOfTasks
                0x00000000        0xc ./Output/tasks.o
 .text.pcTaskGetName
                0x00000000       0x14 ./Output/tasks.o
 .text.xTaskGetIdleTaskHandle
                0x00000000       0x10 ./Output/tasks.o
 .text.xTaskGetIdleTaskHandleForCore
                0x00000000       0x14 ./Output/tasks.o
 .text.xTaskResumeAll
                0x00000000      0x154 ./Output/tasks.o
 .text.xTaskDelayUntil
                0x00000000       0x6c ./Output/tasks.o
 .text.vTaskDelay
                0x00000000       0x3c ./Output/tasks.o
 .text.xTaskGetHandle
                0x00000000       0x78 ./Output/tasks.o
 .text.xTaskCatchUpTicks
                0x00000000       0x30 ./Output/tasks.o
 .text.xTaskAbortDelay
                0x00000000       0x98 ./Output/tasks.o
 .text.vTaskSuspend
                0x00000000       0xe4 ./Output/tasks.o
 .text.vTaskPlaceOnEventList
                0x00000000       0x24 ./Output/tasks.o
 .text.vTaskPlaceOnUnorderedEventList
                0x00000000       0x50 ./Output/tasks.o
 .text.xTaskRemoveFromEventList
                0x00000000       0xbc ./Output/tasks.o
 .text.vTaskRemoveFromUnorderedEventList
                0x00000000       0xa4 ./Output/tasks.o
 .text.vTaskSetTimeOutState
                0x00000000       0x28 ./Output/tasks.o
 .text.vTaskInternalSetTimeOutState
                0x00000000       0x18 ./Output/tasks.o
 .text.xTaskCheckForTimeOut
                0x00000000       0x70 ./Output/tasks.o
 .text.vTaskMissedYield
                0x00000000        0xc ./Output/tasks.o
 .text.uxTaskGetStackHighWaterMark
                0x00000000       0x1c ./Output/tasks.o
 .text.xTaskGetCurrentTaskHandle
                0x00000000        0xc ./Output/tasks.o
 .text.xTaskGetCurrentTaskHandleForCore
                0x00000000       0x10 ./Output/tasks.o
 .text.xTaskGetSchedulerState
                0x00000000       0x20 ./Output/tasks.o
 .text.xTaskPriorityInherit
                0x00000000       0xa0 ./Output/tasks.o
 .text.xTaskPriorityDisinherit
                0x00000000       0x84 ./Output/tasks.o
 .text.vTaskPriorityDisinheritAfterTimeout
                0x00000000       0x98 ./Output/tasks.o
 .text.uxTaskResetEventItemValue
                0x00000000       0x18 ./Output/tasks.o
 .text.pvTaskIncrementMutexHeldCount
                0x00000000       0x14 ./Output/tasks.o
 .text.ulTaskGenericNotifyTake
                0x00000000       0x9c ./Output/tasks.o
 .text.xTaskGenericNotifyWait
                0x00000000       0xc4 ./Output/tasks.o
 .text.xTaskGenericNotify
                0x00000000      0x104 ./Output/tasks.o
 .text.xTaskGenericNotifyFromISR
                0x00000000      0x148 ./Output/tasks.o
 .text.vTaskGenericNotifyGiveFromISR
                0x00000000       0xf4 ./Output/tasks.o
 .text.xTaskGenericNotifyStateClear
                0x00000000       0x38 ./Output/tasks.o
 .text.ulTaskGenericNotifyValueClear
                0x00000000       0x34 ./Output/tasks.o
 .text.vTaskResetState
                0x00000000       0x64 ./Output/tasks.o
 .rodata.uxTopUsedPriority
                0x00000000        0x4 ./Output/tasks.o
 .bss.xIdleTaskHandles
                0x00000000        0x4 ./Output/tasks.o
 .bss.uxTaskNumber
                0x00000000        0x4 ./Output/tasks.o
 .bss.xSchedulerRunning
                0x00000000        0x4 ./Output/tasks.o
 .bss.uxCurrentNumberOfTasks
                0x00000000        0x4 ./Output/tasks.o
 .bss.xSuspendedTaskList
                0x00000000       0x14 ./Output/tasks.o
 .bss.uxDeletedTasksWaitingCleanUp
                0x00000000        0x4 ./Output/tasks.o
 .bss.xTasksWaitingTermination
                0x00000000       0x14 ./Output/tasks.o
 .bss.xPendingReadyList
                0x00000000       0x14 ./Output/tasks.o
 .bss.xDelayedTaskList2
                0x00000000       0x14 ./Output/tasks.o
 .bss.xDelayedTaskList1
                0x00000000       0x14 ./Output/tasks.o
 .group         0x00000000        0xc ./Output/list.o
 .group         0x00000000        0xc ./Output/list.o
 .group         0x00000000        0xc ./Output/list.o
 .group         0x00000000        0xc ./Output/list.o
 .group         0x00000000        0xc ./Output/list.o
 .group         0x00000000        0xc ./Output/list.o
 .group         0x00000000        0xc ./Output/list.o
 .group         0x00000000        0xc ./Output/list.o
 .group         0x00000000        0xc ./Output/list.o
 .group         0x00000000        0xc ./Output/list.o
 .group         0x00000000        0xc ./Output/list.o
 .group         0x00000000        0xc ./Output/list.o
 .group         0x00000000        0xc ./Output/list.o
 .group         0x00000000        0xc ./Output/list.o
 .group         0x00000000        0xc ./Output/list.o
 .group         0x00000000        0xc ./Output/list.o
 .group         0x00000000        0xc ./Output/list.o
 .group         0x00000000        0xc ./Output/list.o
 .group         0x00000000        0xc ./Output/list.o
 .group         0x00000000        0xc ./Output/list.o
 .group         0x00000000        0xc ./Output/list.o
 .group         0x00000000        0xc ./Output/list.o
 .group         0x00000000        0xc ./Output/list.o
 .group         0x00000000        0xc ./Output/list.o
 .group         0x00000000        0xc ./Output/list.o
 .group         0x00000000        0xc ./Output/list.o
 .group         0x00000000        0xc ./Output/list.o
 .group         0x00000000        0xc ./Output/list.o
 .group         0x00000000        0xc ./Output/list.o
 .group         0x00000000        0xc ./Output/list.o
 .group         0x00000000        0xc ./Output/list.o
 .text          0x00000000        0x0 ./Output/list.o
 .data          0x00000000        0x0 ./Output/list.o
 .bss           0x00000000        0x0 ./Output/list.o
 .text.vListInitialise
                0x00000000       0x16 ./Output/list.o
 .text.vListInitialiseItem
                0x00000000        0x6 ./Output/list.o
 .text.vListInsertEnd
                0x00000000       0x16 ./Output/list.o
 .text.vListInsert
                0x00000000       0x2e ./Output/list.o
 .text.uxListRemove
                0x00000000       0x1e ./Output/list.o
 .debug_info    0x00000000      0x2b2 ./Output/list.o
 .debug_abbrev  0x00000000      0x105 ./Output/list.o
 .debug_loclists
                0x00000000       0x77 ./Output/list.o
 .debug_aranges
                0x00000000       0x40 ./Output/list.o
 .debug_rnglists
                0x00000000       0x2b ./Output/list.o
 .debug_macro   0x00000000      0x171 ./Output/list.o
 .debug_macro   0x00000000      0xac0 ./Output/list.o
 .debug_macro   0x00000000       0x24 ./Output/list.o
 .debug_macro   0x00000000       0x22 ./Output/list.o
 .debug_macro   0x00000000       0x60 ./Output/list.o
 .debug_macro   0x00000000       0x94 ./Output/list.o
 .debug_macro   0x00000000       0x3c ./Output/list.o
 .debug_macro   0x00000000       0x34 ./Output/list.o
 .debug_macro   0x00000000       0x16 ./Output/list.o
 .debug_macro   0x00000000      0x11c ./Output/list.o
 .debug_macro   0x00000000       0x9b ./Output/list.o
 .debug_macro   0x00000000       0x57 ./Output/list.o
 .debug_macro   0x00000000      0x370 ./Output/list.o
 .debug_macro   0x00000000       0x16 ./Output/list.o
 .debug_macro   0x00000000       0x4a ./Output/list.o
 .debug_macro   0x00000000       0x34 ./Output/list.o
 .debug_macro   0x00000000       0x10 ./Output/list.o
 .debug_macro   0x00000000       0x52 ./Output/list.o
 .debug_macro   0x00000000      0x1de ./Output/list.o
 .debug_macro   0x00000000       0x16 ./Output/list.o
 .debug_macro   0x00000000       0x29 ./Output/list.o
 .debug_macro   0x00000000      0x34e ./Output/list.o
 .debug_macro   0x00000000       0x16 ./Output/list.o
 .debug_macro   0x00000000      0x164 ./Output/list.o
 .debug_macro   0x00000000       0x1c ./Output/list.o
 .debug_macro   0x00000000      0x182 ./Output/list.o
 .debug_macro   0x00000000       0xe7 ./Output/list.o
 .debug_macro   0x00000000       0x2e ./Output/list.o
 .debug_macro   0x00000000       0x1f ./Output/list.o
 .debug_macro   0x00000000       0x12 ./Output/list.o
 .debug_macro   0x00000000      0xfd7 ./Output/list.o
 .debug_macro   0x00000000       0xc3 ./Output/list.o
 .debug_line    0x00000000      0x441 ./Output/list.o
 .debug_str     0x00000000     0xfe8b ./Output/list.o
 .comment       0x00000000       0x27 ./Output/list.o
 .debug_frame   0x00000000       0x6c ./Output/list.o
 .ARM.attributes
                0x00000000       0x2e ./Output/list.o
 .group         0x00000000        0xc ./Output/queue.o
 .group         0x00000000        0xc ./Output/queue.o
 .group         0x00000000        0xc ./Output/queue.o
 .group         0x00000000        0xc ./Output/queue.o
 .group         0x00000000        0xc ./Output/queue.o
 .group         0x00000000        0xc ./Output/queue.o
 .group         0x00000000        0xc ./Output/queue.o
 .group         0x00000000        0xc ./Output/queue.o
 .group         0x00000000        0xc ./Output/queue.o
 .group         0x00000000        0xc ./Output/queue.o
 .group         0x00000000        0xc ./Output/queue.o
 .group         0x00000000        0xc ./Output/queue.o
 .group         0x00000000        0xc ./Output/queue.o
 .group         0x00000000        0xc ./Output/queue.o
 .group         0x00000000        0xc ./Output/queue.o
 .group         0x00000000        0xc ./Output/queue.o
 .group         0x00000000        0xc ./Output/queue.o
 .group         0x00000000        0xc ./Output/queue.o
 .group         0x00000000        0xc ./Output/queue.o
 .group         0x00000000        0xc ./Output/queue.o
 .group         0x00000000        0xc ./Output/queue.o
 .group         0x00000000        0xc ./Output/queue.o
 .group         0x00000000        0xc ./Output/queue.o
 .group         0x00000000        0xc ./Output/queue.o
 .group         0x00000000        0xc ./Output/queue.o
 .group         0x00000000        0xc ./Output/queue.o
 .group         0x00000000        0xc ./Output/queue.o
 .group         0x00000000        0xc ./Output/queue.o
 .group         0x00000000        0xc ./Output/queue.o
 .group         0x00000000        0xc ./Output/queue.o
 .group         0x00000000        0xc ./Output/queue.o
 .group         0x00000000        0xc ./Output/queue.o
 .group         0x00000000        0xc ./Output/queue.o
 .group         0x00000000        0xc ./Output/queue.o
 .group         0x00000000        0xc ./Output/queue.o
 .text          0x00000000        0x0 ./Output/queue.o
 .data          0x00000000        0x0 ./Output/queue.o
 .bss           0x00000000        0x0 ./Output/queue.o
 .text.prvIsQueueEmpty
                0x00000000       0x16 ./Output/queue.o
 .text.prvCopyDataToQueue
                0x00000000       0x66 ./Output/queue.o
 .text.prvCopyDataFromQueue
                0x00000000       0x26 ./Output/queue.o
 .text.prvNotifyQueueSetContainer
                0x00000000       0x64 ./Output/queue.o
 .text.prvUnlockQueue
                0x00000000       0x78 ./Output/queue.o
 .text.xQueueGenericReset
                0x00000000       0x7a ./Output/queue.o
 .text.xQueueGenericCreate
                0x00000000       0x42 ./Output/queue.o
 .text.xQueueGetMutexHolder
                0x00000000       0x1e ./Output/queue.o
 .text.xQueueGetMutexHolderFromISR
                0x00000000       0x10 ./Output/queue.o
 .text.xQueueCreateCountingSemaphore
                0x00000000       0x1a ./Output/queue.o
 .text.xQueueGenericSend
                0x00000000      0x138 ./Output/queue.o
 .text.xQueueCreateMutex
                0x00000000       0x24 ./Output/queue.o
 .text.xQueueGiveMutexRecursive
                0x00000000       0x2e ./Output/queue.o
 .text.xQueueGenericSendFromISR
                0x00000000       0xb2 ./Output/queue.o
 .text.xQueueGiveFromISR
                0x00000000       0x92 ./Output/queue.o
 .text.xQueueReceive
                0x00000000      0x10c ./Output/queue.o
 .text.xQueueSemaphoreTake
                0x00000000      0x138 ./Output/queue.o
 .text.xQueueTakeMutexRecursive
                0x00000000       0x32 ./Output/queue.o
 .text.xQueuePeek
                0x00000000      0x108 ./Output/queue.o
 .text.xQueueReceiveFromISR
                0x00000000       0x88 ./Output/queue.o
 .text.xQueuePeekFromISR
                0x00000000       0x44 ./Output/queue.o
 .text.uxQueueMessagesWaiting
                0x00000000       0x16 ./Output/queue.o
 .text.uxQueueSpacesAvailable
                0x00000000       0x1a ./Output/queue.o
 .text.uxQueueMessagesWaitingFromISR
                0x00000000        0x8 ./Output/queue.o
 .text.uxQueueGetQueueItemSize
                0x00000000        0x4 ./Output/queue.o
 .text.uxQueueGetQueueLength
                0x00000000        0x4 ./Output/queue.o
 .text.xQueueIsQueueEmptyFromISR
                0x00000000        0xe ./Output/queue.o
 .text.xQueueIsQueueFullFromISR
                0x00000000       0x10 ./Output/queue.o
 .text.vQueueAddToRegistry
                0x00000000       0x3c ./Output/queue.o
 .text.pcQueueGetName
                0x00000000       0x2c ./Output/queue.o
 .text.vQueueUnregisterQueue
                0x00000000       0x34 ./Output/queue.o
 .text.vQueueDelete
                0x00000000       0x12 ./Output/queue.o
 .text.xQueueCreateSet
                0x00000000        0x8 ./Output/queue.o
 .text.xQueueAddToSet
                0x00000000       0x22 ./Output/queue.o
 .text.xQueueRemoveFromSet
                0x00000000       0x20 ./Output/queue.o
 .text.xQueueSelectFromSet
                0x00000000       0x16 ./Output/queue.o
 .text.xQueueSelectFromSetFromISR
                0x00000000       0x14 ./Output/queue.o
 .bss.xQueueRegistry
                0x00000000       0x50 ./Output/queue.o
 .debug_info    0x00000000     0x2278 ./Output/queue.o
 .debug_abbrev  0x00000000      0x464 ./Output/queue.o
 .debug_loclists
                0x00000000      0xff9 ./Output/queue.o
 .debug_aranges
                0x00000000      0x140 ./Output/queue.o
 .debug_rnglists
                0x00000000      0x1ca ./Output/queue.o
 .debug_macro   0x00000000      0x203 ./Output/queue.o
 .debug_macro   0x00000000      0xac0 ./Output/queue.o
 .debug_macro   0x00000000       0x24 ./Output/queue.o
 .debug_macro   0x00000000       0x22 ./Output/queue.o
 .debug_macro   0x00000000       0x60 ./Output/queue.o
 .debug_macro   0x00000000       0x94 ./Output/queue.o
 .debug_macro   0x00000000       0x3c ./Output/queue.o
 .debug_macro   0x00000000       0x34 ./Output/queue.o
 .debug_macro   0x00000000       0x16 ./Output/queue.o
 .debug_macro   0x00000000      0x11c ./Output/queue.o
 .debug_macro   0x00000000       0x9b ./Output/queue.o
 .debug_macro   0x00000000       0x57 ./Output/queue.o
 .debug_macro   0x00000000      0x370 ./Output/queue.o
 .debug_macro   0x00000000       0x16 ./Output/queue.o
 .debug_macro   0x00000000       0x4a ./Output/queue.o
 .debug_macro   0x00000000       0x34 ./Output/queue.o
 .debug_macro   0x00000000       0x10 ./Output/queue.o
 .debug_macro   0x00000000       0x52 ./Output/queue.o
 .debug_macro   0x00000000      0x1de ./Output/queue.o
 .debug_macro   0x00000000       0x16 ./Output/queue.o
 .debug_macro   0x00000000       0x29 ./Output/queue.o
 .debug_macro   0x00000000       0x16 ./Output/queue.o
 .debug_macro   0x00000000       0x3c ./Output/queue.o
 .debug_macro   0x00000000      0x34e ./Output/queue.o
 .debug_macro   0x00000000       0x16 ./Output/queue.o
 .debug_macro   0x00000000      0x164 ./Output/queue.o
 .debug_macro   0x00000000       0x1c ./Output/queue.o
 .debug_macro   0x00000000      0x182 ./Output/queue.o
 .debug_macro   0x00000000       0xe7 ./Output/queue.o
 .debug_macro   0x00000000       0x2e ./Output/queue.o
 .debug_macro   0x00000000       0x1f ./Output/queue.o
 .debug_macro   0x00000000       0x12 ./Output/queue.o
 .debug_macro   0x00000000      0xfd7 ./Output/queue.o
 .debug_macro   0x00000000       0xc3 ./Output/queue.o
 .debug_macro   0x00000000      0x14f ./Output/queue.o
 .debug_macro   0x00000000       0x80 ./Output/queue.o
 .debug_line    0x00000000     0x1a7e ./Output/queue.o
 .debug_str     0x00000000    0x12808 ./Output/queue.o
 .comment       0x00000000       0x27 ./Output/queue.o
 .debug_frame   0x00000000      0x3f8 ./Output/queue.o
 .ARM.attributes
                0x00000000       0x2e ./Output/queue.o
 .group         0x00000000        0xc ./Output/heap_4.o
 .group         0x00000000        0xc ./Output/heap_4.o
 .group         0x00000000        0xc ./Output/heap_4.o
 .group         0x00000000        0xc ./Output/heap_4.o
 .group         0x00000000        0xc ./Output/heap_4.o
 .group         0x00000000        0xc ./Output/heap_4.o
 .group         0x00000000        0xc ./Output/heap_4.o
 .group         0x00000000        0xc ./Output/heap_4.o
 .group         0x00000000        0xc ./Output/heap_4.o
 .group         0x00000000        0xc ./Output/heap_4.o
 .group         0x00000000        0xc ./Output/heap_4.o
 .group         0x00000000        0xc ./Output/heap_4.o
 .group         0x00000000        0xc ./Output/heap_4.o
 .group         0x00000000        0xc ./Output/heap_4.o
 .group         0x00000000        0xc ./Output/heap_4.o
 .group         0x00000000        0xc ./Output/heap_4.o
 .group         0x00000000        0xc ./Output/heap_4.o
 .group         0x00000000        0xc ./Output/heap_4.o
 .group         0x00000000        0xc ./Output/heap_4.o
 .group         0x00000000        0xc ./Output/heap_4.o
 .group         0x00000000        0xc ./Output/heap_4.o
 .group         0x00000000        0xc ./Output/heap_4.o
 .group         0x00000000        0xc ./Output/heap_4.o
 .group         0x00000000        0xc ./Output/heap_4.o
 .group         0x00000000        0xc ./Output/heap_4.o
 .group         0x00000000        0xc ./Output/heap_4.o
 .group         0x00000000        0xc ./Output/heap_4.o
 .group         0x00000000        0xc ./Output/heap_4.o
 .group         0x00000000        0xc ./Output/heap_4.o
 .group         0x00000000        0xc ./Output/heap_4.o
 .group         0x00000000        0xc ./Output/heap_4.o
 .group         0x00000000        0xc ./Output/heap_4.o
 .group         0x00000000        0xc ./Output/heap_4.o
 .group         0x00000000        0xc ./Output/heap_4.o
 .text          0x00000000        0x0 ./Output/heap_4.o
 .data          0x00000000        0x0 ./Output/heap_4.o
 .bss           0x00000000        0x0 ./Output/heap_4.o
 .text.pvPortMalloc
                0x00000000      0x130 ./Output/heap_4.o
 .text.vPortFree
                0x00000000       0xbc ./Output/heap_4.o
 .text.xPortGetFreeHeapSize
                0x00000000        0xc ./Output/heap_4.o
 .text.xPortGetMinimumEverFreeHeapSize
                0x00000000        0xc ./Output/heap_4.o
 .text.vPortInitialiseBlocks
                0x00000000        0x2 ./Output/heap_4.o
 .text.pvPortCalloc
                0x00000000       0x2a ./Output/heap_4.o
 .text.vPortGetHeapStats
                0x00000000       0x84 ./Output/heap_4.o
 .text.vPortHeapResetState
                0x00000000       0x2c ./Output/heap_4.o
 .bss.xNumberOfSuccessfulFrees
                0x00000000        0x4 ./Output/heap_4.o
 .bss.xNumberOfSuccessfulAllocations
                0x00000000        0x4 ./Output/heap_4.o
 .bss.xMinimumEverFreeBytesRemaining
                0x00000000        0x4 ./Output/heap_4.o
 .bss.xFreeBytesRemaining
                0x00000000        0x4 ./Output/heap_4.o
 .bss.pxEnd     0x00000000        0x4 ./Output/heap_4.o
 .bss.xStart    0x00000000        0x8 ./Output/heap_4.o
 .bss.ucHeap    0x00000000     0xf000 ./Output/heap_4.o
 .debug_info    0x00000000      0x5d7 ./Output/heap_4.o
 .debug_abbrev  0x00000000      0x2d2 ./Output/heap_4.o
 .debug_loclists
                0x00000000      0x371 ./Output/heap_4.o
 .debug_aranges
                0x00000000       0x58 ./Output/heap_4.o
 .debug_rnglists
                0x00000000       0x4c ./Output/heap_4.o
 .debug_macro   0x00000000      0x201 ./Output/heap_4.o
 .debug_macro   0x00000000      0xac0 ./Output/heap_4.o
 .debug_macro   0x00000000       0x24 ./Output/heap_4.o
 .debug_macro   0x00000000       0x22 ./Output/heap_4.o
 .debug_macro   0x00000000       0x60 ./Output/heap_4.o
 .debug_macro   0x00000000       0x94 ./Output/heap_4.o
 .debug_macro   0x00000000       0x3c ./Output/heap_4.o
 .debug_macro   0x00000000       0x34 ./Output/heap_4.o
 .debug_macro   0x00000000       0x16 ./Output/heap_4.o
 .debug_macro   0x00000000      0x11c ./Output/heap_4.o
 .debug_macro   0x00000000       0x9b ./Output/heap_4.o
 .debug_macro   0x00000000       0x57 ./Output/heap_4.o
 .debug_macro   0x00000000      0x370 ./Output/heap_4.o
 .debug_macro   0x00000000       0x16 ./Output/heap_4.o
 .debug_macro   0x00000000       0x4a ./Output/heap_4.o
 .debug_macro   0x00000000       0x34 ./Output/heap_4.o
 .debug_macro   0x00000000       0x10 ./Output/heap_4.o
 .debug_macro   0x00000000       0x52 ./Output/heap_4.o
 .debug_macro   0x00000000      0x1de ./Output/heap_4.o
 .debug_macro   0x00000000       0x16 ./Output/heap_4.o
 .debug_macro   0x00000000       0x29 ./Output/heap_4.o
 .debug_macro   0x00000000       0x16 ./Output/heap_4.o
 .debug_macro   0x00000000       0x3c ./Output/heap_4.o
 .debug_macro   0x00000000      0x34e ./Output/heap_4.o
 .debug_macro   0x00000000       0x16 ./Output/heap_4.o
 .debug_macro   0x00000000      0x164 ./Output/heap_4.o
 .debug_macro   0x00000000       0x1c ./Output/heap_4.o
 .debug_macro   0x00000000      0x182 ./Output/heap_4.o
 .debug_macro   0x00000000       0xe7 ./Output/heap_4.o
 .debug_macro   0x00000000       0x2e ./Output/heap_4.o
 .debug_macro   0x00000000       0x1f ./Output/heap_4.o
 .debug_macro   0x00000000       0x12 ./Output/heap_4.o
 .debug_macro   0x00000000      0xfd7 ./Output/heap_4.o
 .debug_macro   0x00000000       0xc3 ./Output/heap_4.o
 .debug_macro   0x00000000      0x14f ./Output/heap_4.o
 .debug_line    0x00000000      0x83f ./Output/heap_4.o
 .debug_str     0x00000000    0x1197e ./Output/heap_4.o
 .comment       0x00000000       0x27 ./Output/heap_4.o
 .debug_frame   0x00000000       0xe4 ./Output/heap_4.o
 .ARM.attributes
                0x00000000       0x2e ./Output/heap_4.o
 .group         0x00000000        0xc ./Output/port.o
 .group         0x00000000        0xc ./Output/port.o
 .group         0x00000000        0xc ./Output/port.o
 .group         0x00000000        0xc ./Output/port.o
 .group         0x00000000        0xc ./Output/port.o
 .group         0x00000000        0xc ./Output/port.o
 .group         0x00000000        0xc ./Output/port.o
 .group         0x00000000        0xc ./Output/port.o
 .group         0x00000000        0xc ./Output/port.o
 .group         0x00000000        0xc ./Output/port.o
 .group         0x00000000        0xc ./Output/port.o
 .group         0x00000000        0xc ./Output/port.o
 .group         0x00000000        0xc ./Output/port.o
 .group         0x00000000        0xc ./Output/port.o
 .text          0x00000000        0x0 ./Output/port.o
 .data          0x00000000        0x0 ./Output/port.o
 .bss           0x00000000        0x0 ./Output/port.o
 .text.prvTaskExitError
                0x00000000       0x30 ./Output/port.o
 .text.prvPortStartFirstTask
                0x00000000       0x20 ./Output/port.o
 .text.pxPortInitialiseStack
                0x00000000       0x1c ./Output/port.o
 .text.vPortEndScheduler
                0x00000000       0x14 ./Output/port.o
 .text.vPortEnterCritical
                0x00000000       0x30 ./Output/port.o
 .text.vPortExitCritical
                0x00000000       0x18 ./Output/port.o
 .text.vPortSetupTimerInterrupt
                0x00000000       0x18 ./Output/port.o
 .text.xPortStartScheduler
                0x00000000       0xe4 ./Output/port.o
 .text.vPortValidateInterruptPriority
                0x00000000       0x3c ./Output/port.o
 .bss.ulMaxPRIGROUPValue
                0x00000000        0x4 ./Output/port.o
 .bss.ucMaxSysCallPriority
                0x00000000        0x1 ./Output/port.o
 .data.uxCriticalNesting
                0x00000000        0x4 ./Output/port.o
 .debug_macro   0x00000000      0xac0 ./Output/port.o
 .debug_macro   0x00000000      0x34e ./Output/port.o
 .debug_macro   0x00000000       0x16 ./Output/port.o
 .debug_macro   0x00000000      0x164 ./Output/port.o
 .debug_macro   0x00000000       0x1c ./Output/port.o
 .debug_macro   0x00000000      0x182 ./Output/port.o
 .debug_macro   0x00000000       0xe7 ./Output/port.o
 .debug_macro   0x00000000       0x2e ./Output/port.o
 .debug_macro   0x00000000       0x1f ./Output/port.o
 .debug_macro   0x00000000       0x12 ./Output/port.o
 .debug_macro   0x00000000      0xfd7 ./Output/port.o
 .debug_macro   0x00000000       0xc3 ./Output/port.o
 .debug_macro   0x00000000      0x14f ./Output/port.o
 .group         0x00000000        0xc ./Output/main.o
 .text          0x00000000        0x0 ./Output/main.o
 .data          0x00000000        0x0 ./Output/main.o
 .bss           0x00000000        0x0 ./Output/main.o
 .debug_macro   0x00000000      0xac0 ./Output/main.o
 .group         0x00000000        0xc ./Output/uart.o
 .group         0x00000000        0xc ./Output/uart.o
 .group         0x00000000        0xc ./Output/uart.o
 .group         0x00000000        0xc ./Output/uart.o
 .group         0x00000000        0xc ./Output/uart.o
 .group         0x00000000        0xc ./Output/uart.o
 .group         0x00000000        0xc ./Output/uart.o
 .group         0x00000000        0xc ./Output/uart.o
 .group         0x00000000        0xc ./Output/uart.o
 .group         0x00000000        0xc ./Output/uart.o
 .group         0x00000000        0xc ./Output/uart.o
 .group         0x00000000        0xc ./Output/uart.o
 .group         0x00000000        0xc ./Output/uart.o
 .text          0x00000000        0x0 ./Output/uart.o
 .data          0x00000000        0x0 ./Output/uart.o
 .bss           0x00000000        0x0 ./Output/uart.o
 .text.UART_init
                0x00000000        0xe ./Output/uart.o
 .debug_macro   0x00000000      0xac0 ./Output/uart.o
 .debug_macro   0x00000000      0x190 ./Output/uart.o
 .debug_macro   0x00000000      0x34e ./Output/uart.o
 .debug_macro   0x00000000       0x16 ./Output/uart.o
 .debug_macro   0x00000000      0x164 ./Output/uart.o
 .debug_macro   0x00000000       0x1c ./Output/uart.o
 .debug_macro   0x00000000      0x182 ./Output/uart.o
 .debug_macro   0x00000000       0xe7 ./Output/uart.o
 .debug_macro   0x00000000       0x2e ./Output/uart.o
 .debug_macro   0x00000000       0x1f ./Output/uart.o
 .debug_macro   0x00000000       0x12 ./Output/uart.o
 .debug_macro   0x00000000      0xfd7 ./Output/uart.o
 .group         0x00000000        0xc ./Output/startup.o
 .group         0x00000000        0xc ./Output/startup.o
 .group         0x00000000        0xc ./Output/startup.o
 .group         0x00000000        0xc ./Output/startup.o
 .group         0x00000000        0xc ./Output/startup.o
 .group         0x00000000        0xc ./Output/startup.o
 .group         0x00000000        0xc ./Output/startup.o
 .group         0x00000000        0xc ./Output/startup.o
 .group         0x00000000        0xc ./Output/startup.o
 .group         0x00000000        0xc ./Output/startup.o
 .group         0x00000000        0xc ./Output/startup.o
 .group         0x00000000        0xc ./Output/startup.o
 .group         0x00000000        0xc ./Output/startup.o
 .text          0x00000000        0x0 ./Output/startup.o
 .data          0x00000000        0x0 ./Output/startup.o
 .bss           0x00000000        0x0 ./Output/startup.o
 .debug_macro   0x00000000      0xac0 ./Output/startup.o
 .debug_macro   0x00000000      0x34e ./Output/startup.o
 .debug_macro   0x00000000      0x190 ./Output/startup.o
 .debug_macro   0x00000000       0x16 ./Output/startup.o
 .debug_macro   0x00000000      0x164 ./Output/startup.o
 .debug_macro   0x00000000       0x1c ./Output/startup.o
 .debug_macro   0x00000000      0x182 ./Output/startup.o
 .debug_macro   0x00000000       0xe7 ./Output/startup.o
 .debug_macro   0x00000000       0x2e ./Output/startup.o
 .debug_macro   0x00000000       0x1f ./Output/startup.o
 .debug_macro   0x00000000       0x12 ./Output/startup.o
 .debug_macro   0x00000000      0xfd7 ./Output/startup.o
 .debug_macro   0x00000000       0x22 ./Output/startup.o
 .text          0x00000000       0xd8 /usr/lib/gcc/arm-none-eabi/13.2.1/../../../arm-none-eabi/lib/thumb/v7e-m/nofp/libc_nano.a(libc_a-strlen.o)
 .data          0x00000000        0x0 /usr/lib/gcc/arm-none-eabi/13.2.1/../../../arm-none-eabi/lib/thumb/v7e-m/nofp/libc_nano.a(libc_a-strlen.o)
 .bss           0x00000000        0x0 /usr/lib/gcc/arm-none-eabi/13.2.1/../../../arm-none-eabi/lib/thumb/v7e-m/nofp/libc_nano.a(libc_a-strlen.o)
 .ARM.extab     0x00000000        0x0 /usr/lib/gcc/arm-none-eabi/13.2.1/../../../arm-none-eabi/lib/thumb/v7e-m/nofp/libc_nano.a(libc_a-strlen.o)
 .ARM.exidx     0x00000000        0x8 /usr/lib/gcc/arm-none-eabi/13.2.1/../../../arm-none-eabi/lib/thumb/v7e-m/nofp/libc_nano.a(libc_a-strlen.o)
 .debug_line    0x00000000       0x86 /usr/lib/gcc/arm-none-eabi/13.2.1/../../../arm-none-eabi/lib/thumb/v7e-m/nofp/libc_nano.a(libc_a-strlen.o)
 .debug_line_str
                0x00000000       0x95 /usr/lib/gcc/arm-none-eabi/13.2.1/../../../arm-none-eabi/lib/thumb/v7e-m/nofp/libc_nano.a(libc_a-strlen.o)
 .debug_info    0x00000000       0x33 /usr/lib/gcc/arm-none-eabi/13.2.1/../../../arm-none-eabi/lib/thumb/v7e-m/nofp/libc_nano.a(libc_a-strlen.o)
 .debug_abbrev  0x00000000       0x28 /usr/lib/gcc/arm-none-eabi/13.2.1/../../../arm-none-eabi/lib/thumb/v7e-m/nofp/libc_nano.a(libc_a-strlen.o)
 .debug_aranges
                0x00000000       0x20 /usr/lib/gcc/arm-none-eabi/13.2.1/../../../arm-none-eabi/lib/thumb/v7e-m/nofp/libc_nano.a(libc_a-strlen.o)
 .debug_str     0x00000000       0xa8 /usr/lib/gcc/arm-none-eabi/13.2.1/../../../arm-none-eabi/lib/thumb/v7e-m/nofp/libc_nano.a(libc_a-strlen.o)
 .eh_frame      0x00000000       0x34 /usr/lib/gcc/arm-none-eabi/13.2.1/../../../arm-none-eabi/lib/thumb/v7e-m/nofp/libc_nano.a(libc_a-strlen.o)
 .ARM.attributes
                0x00000000       0x1c /usr/lib/gcc/arm-none-eabi/13.2.1/../../../arm-none-eabi/lib/thumb/v7e-m/nofp/libc_nano.a(libc_a-strlen.o)
 .text          0x00000000       0xa4 /usr/lib/gcc/arm-none-eabi/13.2.1/../../../arm-none-eabi/lib/thumb/v7e-m/nofp/libc_nano.a(libc_a-memset.o)
 .data          0x00000000        0x0 /usr/lib/gcc/arm-none-eabi/13.2.1/../../../arm-none-eabi/lib/thumb/v7e-m/nofp/libc_nano.a(libc_a-memset.o)
 .bss           0x00000000        0x0 /usr/lib/gcc/arm-none-eabi/13.2.1/../../../arm-none-eabi/lib/thumb/v7e-m/nofp/libc_nano.a(libc_a-memset.o)
 .debug_info    0x00000000      0x135 /usr/lib/gcc/arm-none-eabi/13.2.1/../../../arm-none-eabi/lib/thumb/v7e-m/nofp/libc_nano.a(libc_a-memset.o)
 .debug_abbrev  0x00000000       0xb7 /usr/lib/gcc/arm-none-eabi/13.2.1/../../../arm-none-eabi/lib/thumb/v7e-m/nofp/libc_nano.a(libc_a-memset.o)
 .debug_loclists
                0x00000000      0x1c2 /usr/lib/gcc/arm-none-eabi/13.2.1/../../../arm-none-eabi/lib/thumb/v7e-m/nofp/libc_nano.a(libc_a-memset.o)
 .debug_aranges
                0x00000000       0x20 /usr/lib/gcc/arm-none-eabi/13.2.1/../../../arm-none-eabi/lib/thumb/v7e-m/nofp/libc_nano.a(libc_a-memset.o)
 .debug_line    0x00000000      0x1b6 /usr/lib/gcc/arm-none-eabi/13.2.1/../../../arm-none-eabi/lib/thumb/v7e-m/nofp/libc_nano.a(libc_a-memset.o)
 .debug_str     0x00000000      0x1a7 /usr/lib/gcc/arm-none-eabi/13.2.1/../../../arm-none-eabi/lib/thumb/v7e-m/nofp/libc_nano.a(libc_a-memset.o)
 .comment       0x00000000       0x27 /usr/lib/gcc/arm-none-eabi/13.2.1/../../../arm-none-eabi/lib/thumb/v7e-m/nofp/libc_nano.a(libc_a-memset.o)
 .debug_frame   0x00000000       0x2c /usr/lib/gcc/arm-none-eabi/13.2.1/../../../arm-none-eabi/lib/thumb/v7e-m/nofp/libc_nano.a(libc_a-memset.o)
 .ARM.attributes
                0x00000000       0x2e /usr/lib/gcc/arm-none-eabi/13.2.1/../../../arm-none-eabi/lib/thumb/v7e-m/nofp/libc_nano.a(libc_a-memset.o)
 .text          0x00000000      0x134 /usr/lib/gcc/arm-none-eabi/13.2.1/../../../arm-none-eabi/lib/thumb/v7e-m/nofp/libc_nano.a(libc_a-memcpy.o)
 .data          0x00000000        0x0 /usr/lib/gcc/arm-none-eabi/13.2.1/../../../arm-none-eabi/lib/thumb/v7e-m/nofp/libc_nano.a(libc_a-memcpy.o)
 .bss           0x00000000        0x0 /usr/lib/gcc/arm-none-eabi/13.2.1/../../../arm-none-eabi/lib/thumb/v7e-m/nofp/libc_nano.a(libc_a-memcpy.o)
 .ARM.extab     0x00000000        0x0 /usr/lib/gcc/arm-none-eabi/13.2.1/../../../arm-none-eabi/lib/thumb/v7e-m/nofp/libc_nano.a(libc_a-memcpy.o)
 .ARM.exidx     0x00000000        0x8 /usr/lib/gcc/arm-none-eabi/13.2.1/../../../arm-none-eabi/lib/thumb/v7e-m/nofp/libc_nano.a(libc_a-memcpy.o)
 .debug_line    0x00000000       0xb9 /usr/lib/gcc/arm-none-eabi/13.2.1/../../../arm-none-eabi/lib/thumb/v7e-m/nofp/libc_nano.a(libc_a-memcpy.o)
 .debug_line_str
                0x00000000       0x96 /usr/lib/gcc/arm-none-eabi/13.2.1/../../../arm-none-eabi/lib/thumb/v7e-m/nofp/libc_nano.a(libc_a-memcpy.o)
 .debug_info    0x00000000       0x33 /usr/lib/gcc/arm-none-eabi/13.2.1/../../../arm-none-eabi/lib/thumb/v7e-m/nofp/libc_nano.a(libc_a-memcpy.o)
 .debug_abbrev  0x00000000       0x28 /usr/lib/gcc/arm-none-eabi/13.2.1/../../../arm-none-eabi/lib/thumb/v7e-m/nofp/libc_nano.a(libc_a-memcpy.o)
 .debug_aranges
                0x00000000       0x20 /usr/lib/gcc/arm-none-eabi/13.2.1/../../../arm-none-eabi/lib/thumb/v7e-m/nofp/libc_nano.a(libc_a-memcpy.o)
 .debug_str     0x00000000       0xa9 /usr/lib/gcc/arm-none-eabi/13.2.1/../../../arm-none-eabi/lib/thumb/v7e-m/nofp/libc_nano.a(libc_a-memcpy.o)
 .eh_frame      0x00000000       0x2c /usr/lib/gcc/arm-none-eabi/13.2.1/../../../arm-none-eabi/lib/thumb/v7e-m/nofp/libc_nano.a(libc_a-memcpy.o)
 .ARM.attributes
                0x00000000       0x1c /usr/lib/gcc/arm-none-eabi/13.2.1/../../../arm-none-eabi/lib/thumb/v7e-m/nofp/libc_nano.a(libc_a-memcpy.o)

Memory Configuration

Name             Origin             Length             Attributes
ITCM             0x00000000         0x00010000         xrw
DTCM             0x20000000         0x00020000         rw
M7_0_PFLASH      0x00400000         0x00200000         xr
M7_0_DFLASH      0x10000000         0x0000a000         xr
M7_0_SRAM        0x20400000         0x00040000         rw
M7_1_PFLASH      0x00600000         0x00200000         xr
M7_1_DFLASH      0x1000c000         0x0000a000         xr
M7_1_SRAM        0x20440000         0x00040000         rw
M7_2_PFLASH      0x00800000         0x00400000         xr
M7_2_DFLASH      0x10016000         0x0000a000         xr
M7_2_SRAM        0x20480000         0x00040000         rw
*default*        0x00000000         0xffffffff

Linker script and memory map

LOAD ./Output/tasks.o
LOAD ./Output/list.o
LOAD ./Output/queue.o
LOAD ./Output/heap_4.o
LOAD ./Output/port.o
LOAD ./Output/main.o
LOAD ./Output/uart.o
LOAD ./Output/startup.o
START GROUP
LOAD /usr/lib/gcc/arm-none-eabi/13.2.1/thumb/v7e-m/nofp/libgcc.a
LOAD /usr/lib/gcc/arm-none-eabi/13.2.1/../../../arm-none-eabi/lib/thumb/v7e-m/nofp/libc_nano.a
END GROUP
START GROUP
LOAD /usr/lib/gcc/arm-none-eabi/13.2.1/thumb/v7e-m/nofp/libgcc.a
LOAD /usr/lib/gcc/arm-none-eabi/13.2.1/../../../arm-none-eabi/lib/thumb/v7e-m/nofp/libc_nano.a
LOAD /usr/lib/gcc/arm-none-eabi/13.2.1/../../../arm-none-eabi/lib/thumb/v7e-m/nofp/libnosys.a
END GROUP
START GROUP
LOAD /usr/lib/gcc/arm-none-eabi/13.2.1/thumb/v7e-m/nofp/libgcc.a
LOAD /usr/lib/gcc/arm-none-eabi/13.2.1/../../../arm-none-eabi/lib/thumb/v7e-m/nofp/libc_nano.a
LOAD /usr/lib/gcc/arm-none-eabi/13.2.1/../../../arm-none-eabi/lib/thumb/v7e-m/nofp/libnosys.a
END GROUP
                0x00001000                        __STACK_SIZE = 0x1000
                0x0000f000                        __HEAP_SIZE = 0xf000
                0x20440000                        _estack = (ORIGIN (M7_0_SRAM) + LENGTH (M7_0_SRAM))

.isr_vector     0x00400000      0x3c4
                0x00400000                        __vector_table = .
 *(.isr_vector)
 .isr_vector    0x00400000      0x3c4 ./Output/startup.o
                0x00400000                isr_vector
                0x004003c4                        . = ALIGN (0x4)

.text           0x004003c4       0x36
 *(.text)
 *(.rodata*)
 .rodata.prvGetRegistersFromStack.str1.1
                0x004003c4       0x36 ./Output/startup.o
 *(.constdata*)
                0x004003fa                        _etext = .

.glue_7         0x004003fc        0x0
 .glue_7        0x004003fc        0x0 linker stubs

.glue_7t        0x004003fc        0x0
 .glue_7t       0x004003fc        0x0 linker stubs

.vfp11_veneer   0x004003fc        0x0
 .vfp11_veneer  0x004003fc        0x0 linker stubs

.v4_bx          0x004003fc        0x0
 .v4_bx         0x004003fc        0x0 linker stubs

.text.prvResetNextTaskUnblockTime
                0x004003fc       0x24
 .text.prvResetNextTaskUnblockTime
                0x004003fc       0x24 ./Output/tasks.o

.text.xTaskIncrementTick
                0x00400420      0x180
 .text.xTaskIncrementTick
                0x00400420      0x180 ./Output/tasks.o
                0x00400420                xTaskIncrementTick

.text.vTaskSwitchContext
                0x004005a0       0x68
 .text.vTaskSwitchContext
                0x004005a0       0x68 ./Output/tasks.o
                0x004005a0                vTaskSwitchContext

.iplt           0x00400608        0x0
 .iplt          0x00400608        0x0 ./Output/tasks.o

.text.vPortSVCHandler
                0x00400610       0x24
 .text.vPortSVCHandler
                0x00400610       0x24 ./Output/port.o
                0x00400610                vPortSVCHandler

.text.xPortPendSVHandler
                0x00400640       0x44
 .text.xPortPendSVHandler
                0x00400640       0x44 ./Output/port.o
                0x00400640                xPortPendSVHandler

.text.xPortSysTickHandler
                0x00400684       0x2c
 .text.xPortSysTickHandler
                0x00400684       0x2c ./Output/port.o
                0x00400684                xPortSysTickHandler

.text.startup.main
                0x004006b0        0x4
 .text.startup.main
                0x004006b0        0x4 ./Output/main.o
                0x004006b0                main

.text.UART_printf
                0x004006b4       0x12
 .text.UART_printf
                0x004006b4       0x12 ./Output/uart.o
                0x004006b4                UART_printf

.text.Default_Handler
                0x00400700        0xc
 .text.Default_Handler
                0x00400700        0xc ./Output/startup.o

.text.HardFault_Handler
                0x00400800       0x18
 .text.HardFault_Handler
                0x00400800       0x18 ./Output/startup.o

.text.Reset_Handler
                0x00400818        0x4
 .text.Reset_Handler
                0x00400818        0x4 ./Output/startup.o
                0x00400818                Reset_Handler

.text.prvGetRegistersFromStack
                0x0040081c       0x60
 .text.prvGetRegistersFromStack
                0x0040081c       0x60 ./Output/startup.o
                0x0040081c                prvGetRegistersFromStack

.rel.dyn        0x0040087c        0x0
 .rel.iplt      0x0040087c        0x0 ./Output/tasks.o

.data           0x20400000        0x0
                0x20400000                        . = ALIGN (0x8)
                0x20400000                        _data = .
                0x20400000                        _sdata = .
 *(vtable)
 *(.data)
                0x20400000                        _edata = .

.igot.plt       0x20400000        0x0
 .igot.plt      0x20400000        0x0 ./Output/tasks.o

.bss            0x20400000        0x0
                0x20400000                        . = ALIGN (0x8)
                0x20400000                        _bss = .
                0x20400000                        _sbss = .
 *(.bss)
                0x20400000                        _ebss = .

.bss.uxSchedulerSuspended
                0x20400000        0x4
 .bss.uxSchedulerSuspended
                0x20400000        0x4 ./Output/tasks.o

.bss.xNextTaskUnblockTime
                0x20400004        0x4
 .bss.xNextTaskUnblockTime
                0x20400004        0x4 ./Output/tasks.o

.bss.xNumOfOverflows
                0x20400008        0x4
 .bss.xNumOfOverflows
                0x20400008        0x4 ./Output/tasks.o

.bss.xYieldPendings
                0x2040000c        0x4
 .bss.xYieldPendings
                0x2040000c        0x4 ./Output/tasks.o

.bss.xPendedTicks
                0x20400010        0x4
 .bss.xPendedTicks
                0x20400010        0x4 ./Output/tasks.o

.bss.uxTopReadyPriority
                0x20400014        0x4
 .bss.uxTopReadyPriority
                0x20400014        0x4 ./Output/tasks.o

.bss.xTickCount
                0x20400018        0x4
 .bss.xTickCount
                0x20400018        0x4 ./Output/tasks.o

.bss.pxOverflowDelayedTaskList
                0x2040001c        0x4
 .bss.pxOverflowDelayedTaskList
                0x2040001c        0x4 ./Output/tasks.o

.bss.pxDelayedTaskList
                0x20400020        0x4
 .bss.pxDelayedTaskList
                0x20400020        0x4 ./Output/tasks.o

.bss.pxReadyTasksLists
                0x20400024       0xb4
 .bss.pxReadyTasksLists
                0x20400024       0xb4 ./Output/tasks.o

.bss.pxCurrentTCB
                0x204000d8        0x4
 .bss.pxCurrentTCB
                0x204000d8        0x4 ./Output/tasks.o
                0x204000d8                pxCurrentTCB

.bss.psr        0x204000dc        0x4
 .bss.psr       0x204000dc        0x4 ./Output/startup.o
                0x204000dc                psr

.bss.pc         0x204000e0        0x4
 .bss.pc        0x204000e0        0x4 ./Output/startup.o
                0x204000e0                pc

.bss.lr         0x204000e4        0x4
 .bss.lr        0x204000e4        0x4 ./Output/startup.o
                0x204000e4                lr

.bss.r12        0x204000e8        0x4
 .bss.r12       0x204000e8        0x4 ./Output/startup.o
                0x204000e8                r12

.bss.r3         0x204000ec        0x4
 .bss.r3        0x204000ec        0x4 ./Output/startup.o
                0x204000ec                r3

.bss.r2         0x204000f0        0x4
 .bss.r2        0x204000f0        0x4 ./Output/startup.o
                0x204000f0                r2

.bss.r1         0x204000f4        0x4
 .bss.r1        0x204000f4        0x4 ./Output/startup.o
                0x204000f4                r1

.bss.r0         0x204000f8        0x4
 .bss.r0        0x204000f8        0x4 ./Output/startup.o
                0x204000f8                r0

.heap           0x204000fc    0x10004
                0x20400100                        . = ALIGN (0x8)
 *fill*         0x204000fc        0x4 
                [!provide]                        PROVIDE (end = .)
                [!provide]                        PROVIDE (_end = .)
                0x20400100                        _heap_bottom = .
                0x2040f100                        . = (. + __HEAP_SIZE)
 *fill*         0x20400100     0xf000 
                0x2040f100                        _heap_top = .
                0x20410100                        . = (. + __STACK_SIZE)
 *fill*         0x2040f100     0x1000 
                0x20410100                        . = ALIGN (0x8)
                0x20440000                        __StackTop = (ORIGIN (M7_0_SRAM) + LENGTH (M7_0_SRAM))
                0x2043f000                        __StackLimit = (__StackTop - __STACK_SIZE)
                [!provide]                        PROVIDE (__stack = __StackTop)
OUTPUT(./Output/demo.elf elf32-littlearm)
LOAD linker stubs

.debug_info     0x00000000     0x3801
 .debug_info    0x00000000     0x3063 ./Output/tasks.o
 .debug_info    0x00003063      0x461 ./Output/port.o
 .debug_info    0x000034c4       0x71 ./Output/main.o
 .debug_info    0x00003535       0xd1 ./Output/uart.o
 .debug_info    0x00003606      0x1fb ./Output/startup.o

.debug_abbrev   0x00000000      0x9f8
 .debug_abbrev  0x00000000      0x4ff ./Output/tasks.o
 .debug_abbrev  0x000004ff      0x29c ./Output/port.o
 .debug_abbrev  0x0000079b       0x65 ./Output/main.o
 .debug_abbrev  0x00000800       0x93 ./Output/uart.o
 .debug_abbrev  0x00000893      0x165 ./Output/startup.o

.debug_loclists
                0x00000000     0x1bfe
 .debug_loclists
                0x00000000     0x1af2 ./Output/tasks.o
 .debug_loclists
                0x00001af2       0x8f ./Output/port.o
 .debug_loclists
                0x00001b81       0x22 ./Output/main.o
 .debug_loclists
                0x00001ba3       0x32 ./Output/uart.o
 .debug_loclists
                0x00001bd5       0x29 ./Output/startup.o

.debug_aranges  0x00000000      0x2e8
 .debug_aranges
                0x00000000      0x1f0 ./Output/tasks.o
 .debug_aranges
                0x000001f0       0x78 ./Output/port.o
 .debug_aranges
                0x00000268       0x20 ./Output/main.o
 .debug_aranges
                0x00000288       0x28 ./Output/uart.o
 .debug_aranges
                0x000002b0       0x38 ./Output/startup.o

.debug_rnglists
                0x00000000      0x3b1
 .debug_rnglists
                0x00000000      0x2e1 ./Output/tasks.o
 .debug_rnglists
                0x000002e1       0x7f ./Output/port.o
 .debug_rnglists
                0x00000360       0x13 ./Output/main.o
 .debug_rnglists
                0x00000373       0x19 ./Output/uart.o
 .debug_rnglists
                0x0000038c       0x25 ./Output/startup.o

.debug_macro    0x00000000     0x366f
 .debug_macro   0x00000000      0x289 ./Output/tasks.o
 .debug_macro   0x00000289      0xac0 ./Output/tasks.o
 .debug_macro   0x00000d49       0x24 ./Output/tasks.o
 .debug_macro   0x00000d6d       0x22 ./Output/tasks.o
 .debug_macro   0x00000d8f       0x60 ./Output/tasks.o
 .debug_macro   0x00000def       0x94 ./Output/tasks.o
 .debug_macro   0x00000e83       0x3c ./Output/tasks.o
 .debug_macro   0x00000ebf       0x34 ./Output/tasks.o
 .debug_macro   0x00000ef3       0x16 ./Output/tasks.o
 .debug_macro   0x00000f09      0x11c ./Output/tasks.o
 .debug_macro   0x00001025       0x9b ./Output/tasks.o
 .debug_macro   0x000010c0       0x57 ./Output/tasks.o
 .debug_macro   0x00001117      0x370 ./Output/tasks.o
 .debug_macro   0x00001487       0x16 ./Output/tasks.o
 .debug_macro   0x0000149d       0x4a ./Output/tasks.o
 .debug_macro   0x000014e7       0x34 ./Output/tasks.o
 .debug_macro   0x0000151b       0x10 ./Output/tasks.o
 .debug_macro   0x0000152b       0x52 ./Output/tasks.o
 .debug_macro   0x0000157d      0x1de ./Output/tasks.o
 .debug_macro   0x0000175b       0x16 ./Output/tasks.o
 .debug_macro   0x00001771       0x29 ./Output/tasks.o
 .debug_macro   0x0000179a       0x16 ./Output/tasks.o
 .debug_macro   0x000017b0       0x3c ./Output/tasks.o
 .debug_macro   0x000017ec      0x34e ./Output/tasks.o
 .debug_macro   0x00001b3a       0x16 ./Output/tasks.o
 .debug_macro   0x00001b50      0x164 ./Output/tasks.o
 .debug_macro   0x00001cb4       0x1c ./Output/tasks.o
 .debug_macro   0x00001cd0      0x182 ./Output/tasks.o
 .debug_macro   0x00001e52       0xe7 ./Output/tasks.o
 .debug_macro   0x00001f39       0x2e ./Output/tasks.o
 .debug_macro   0x00001f67       0x1f ./Output/tasks.o
 .debug_macro   0x00001f86       0x12 ./Output/tasks.o
 .debug_macro   0x00001f98      0xfd7 ./Output/tasks.o
 .debug_macro   0x00002f6f       0xc3 ./Output/tasks.o
 .debug_macro   0x00003032      0x14f ./Output/tasks.o
 .debug_macro   0x00003181       0x98 ./Output/tasks.o
 .debug_macro   0x00003219       0x17 ./Output/tasks.o
 .debug_macro   0x00003230      0x162 ./Output/port.o
 .debug_macro   0x00003392      0x190 ./Output/port.o
 .debug_macro   0x00003522       0x11 ./Output/main.o
 .debug_macro   0x00003533       0x8d ./Output/uart.o
 .debug_macro   0x000035c0       0x22 ./Output/uart.o
 .debug_macro   0x000035e2       0x8d ./Output/startup.o

.debug_line     0x00000000     0x32d9
 .debug_line    0x00000000     0x29e5 ./Output/tasks.o
 .debug_line    0x000029e5      0x52a ./Output/port.o
 .debug_line    0x00002f0f       0x41 ./Output/main.o
 .debug_line    0x00002f50      0x198 ./Output/uart.o
 .debug_line    0x000030e8      0x1f1 ./Output/startup.o

.debug_str      0x00000000    0x13d45
 .debug_str     0x00000000    0x13d45 ./Output/tasks.o
                              0x135c0 (size before relaxing)
 .debug_str     0x00013d45     0xecaf ./Output/port.o
 .debug_str     0x00013d45     0x2e00 ./Output/main.o
 .debug_str     0x00013d45     0xc4e9 ./Output/uart.o
 .debug_str     0x00013d45     0xc58f ./Output/startup.o

.comment        0x00000000       0x26
 .comment       0x00000000       0x26 ./Output/tasks.o
                                 0x27 (size before relaxing)
 .comment       0x00000026       0x27 ./Output/port.o
 .comment       0x00000026       0x27 ./Output/main.o
 .comment       0x00000026       0x27 ./Output/uart.o
 .comment       0x00000026       0x27 ./Output/startup.o

.ARM.attributes
                0x00000000       0x2c
 .ARM.attributes
                0x00000000       0x2e ./Output/tasks.o
 .ARM.attributes
                0x0000002e       0x2e ./Output/port.o
 .ARM.attributes
                0x0000005c       0x2e ./Output/main.o
 .ARM.attributes
                0x0000008a       0x2e ./Output/uart.o
 .ARM.attributes
                0x000000b8       0x2e ./Output/startup.o

.debug_frame    0x00000000      0x7e0
 .debug_frame   0x00000000      0x648 ./Output/tasks.o
 .debug_frame   0x00000648       0xf0 ./Output/port.o
 .debug_frame   0x00000738       0x20 ./Output/main.o
 .debug_frame   0x00000758       0x30 ./Output/uart.o
 .debug_frame   0x00000788       0x58 ./Output/startup.o
