Archive member included to satisfy reference by file (symbol)

/usr/lib/gcc/arm-none-eabi/13.2.1/../../../arm-none-eabi/lib/thumb/v7e-m+fp/hard/libc_nano.a(libc_a-sprintf.o)
                              ./Output/main.o (sprintf)
/usr/lib/gcc/arm-none-eabi/13.2.1/../../../arm-none-eabi/lib/thumb/v7e-m+fp/hard/libc_nano.a(libc_a-impure.o)
                              /usr/lib/gcc/arm-none-eabi/13.2.1/../../../arm-none-eabi/lib/thumb/v7e-m+fp/hard/libc_nano.a(libc_a-sprintf.o) (_impure_ptr)
/usr/lib/gcc/arm-none-eabi/13.2.1/../../../arm-none-eabi/lib/thumb/v7e-m+fp/hard/libc_nano.a(libc_a-nano-svfprintf.o)
                              /usr/lib/gcc/arm-none-eabi/13.2.1/../../../arm-none-eabi/lib/thumb/v7e-m+fp/hard/libc_nano.a(libc_a-sprintf.o) (_svfprintf_r)
/usr/lib/gcc/arm-none-eabi/13.2.1/../../../arm-none-eabi/lib/thumb/v7e-m+fp/hard/libc_nano.a(libc_a-strlen.o)
                              ./Output/tasks.o (strlen)
/usr/lib/gcc/arm-none-eabi/13.2.1/../../../arm-none-eabi/lib/thumb/v7e-m+fp/hard/libc_nano.a(libc_a-memset.o)
                              ./Output/tasks.o (memset)
/usr/lib/gcc/arm-none-eabi/13.2.1/../../../arm-none-eabi/lib/thumb/v7e-m+fp/hard/libc_nano.a(libc_a-mallocr.o)
                              /usr/lib/gcc/arm-none-eabi/13.2.1/../../../arm-none-eabi/lib/thumb/v7e-m+fp/hard/libc_nano.a(libc_a-nano-svfprintf.o) (_malloc_r)
/usr/lib/gcc/arm-none-eabi/13.2.1/../../../arm-none-eabi/lib/thumb/v7e-m+fp/hard/libc_nano.a(libc_a-freer.o)
                              /usr/lib/gcc/arm-none-eabi/13.2.1/../../../arm-none-eabi/lib/thumb/v7e-m+fp/hard/libc_nano.a(libc_a-nano-svfprintf.o) (_free_r)
/usr/lib/gcc/arm-none-eabi/13.2.1/../../../arm-none-eabi/lib/thumb/v7e-m+fp/hard/libc_nano.a(libc_a-memmove.o)
                              /usr/lib/gcc/arm-none-eabi/13.2.1/../../../arm-none-eabi/lib/thumb/v7e-m+fp/hard/libc_nano.a(libc_a-nano-svfprintf.o) (memmove)
/usr/lib/gcc/arm-none-eabi/13.2.1/../../../arm-none-eabi/lib/thumb/v7e-m+fp/hard/libc_nano.a(libc_a-memchr.o)
                              /usr/lib/gcc/arm-none-eabi/13.2.1/../../../arm-none-eabi/lib/thumb/v7e-m+fp/hard/libc_nano.a(libc_a-nano-svfprintf.o) (memchr)
/usr/lib/gcc/arm-none-eabi/13.2.1/../../../arm-none-eabi/lib/thumb/v7e-m+fp/hard/libc_nano.a(libc_a-memcpy.o)
                              ./Output/queue.o (memcpy)
/usr/lib/gcc/arm-none-eabi/13.2.1/../../../arm-none-eabi/lib/thumb/v7e-m+fp/hard/libc_nano.a(libc_a-reallocr.o)
                              /usr/lib/gcc/arm-none-eabi/13.2.1/../../../arm-none-eabi/lib/thumb/v7e-m+fp/hard/libc_nano.a(libc_a-nano-svfprintf.o) (_realloc_r)
/usr/lib/gcc/arm-none-eabi/13.2.1/../../../arm-none-eabi/lib/thumb/v7e-m+fp/hard/libc_nano.a(libc_a-nano-vfprintf_i.o)
                              /usr/lib/gcc/arm-none-eabi/13.2.1/../../../arm-none-eabi/lib/thumb/v7e-m+fp/hard/libc_nano.a(libc_a-nano-svfprintf.o) (_printf_i)
/usr/lib/gcc/arm-none-eabi/13.2.1/../../../arm-none-eabi/lib/thumb/v7e-m+fp/hard/libc_nano.a(libc_a-mlock.o)
                              /usr/lib/gcc/arm-none-eabi/13.2.1/../../../arm-none-eabi/lib/thumb/v7e-m+fp/hard/libc_nano.a(libc_a-mallocr.o) (__malloc_lock)
/usr/lib/gcc/arm-none-eabi/13.2.1/../../../arm-none-eabi/lib/thumb/v7e-m+fp/hard/libc_nano.a(libc_a-sbrkr.o)
                              /usr/lib/gcc/arm-none-eabi/13.2.1/../../../arm-none-eabi/lib/thumb/v7e-m+fp/hard/libc_nano.a(libc_a-mallocr.o) (_sbrk_r)
/usr/lib/gcc/arm-none-eabi/13.2.1/../../../arm-none-eabi/lib/thumb/v7e-m+fp/hard/libc_nano.a(libc_a-msizer.o)
                              /usr/lib/gcc/arm-none-eabi/13.2.1/../../../arm-none-eabi/lib/thumb/v7e-m+fp/hard/libc_nano.a(libc_a-reallocr.o) (_malloc_usable_size_r)
/usr/lib/gcc/arm-none-eabi/13.2.1/../../../arm-none-eabi/lib/thumb/v7e-m+fp/hard/libc_nano.a(libc_a-reent.o)
                              /usr/lib/gcc/arm-none-eabi/13.2.1/../../../arm-none-eabi/lib/thumb/v7e-m+fp/hard/libc_nano.a(libc_a-sbrkr.o) (errno)
/usr/lib/gcc/arm-none-eabi/13.2.1/../../../arm-none-eabi/lib/thumb/v7e-m+fp/hard/libnosys.a(sbrk.o)
                              /usr/lib/gcc/arm-none-eabi/13.2.1/../../../arm-none-eabi/lib/thumb/v7e-m+fp/hard/libc_nano.a(libc_a-sbrkr.o) (_sbrk)

Discarded input sections

 .group         0x00000000        0xc ./Output/tasks.o
 .group         0x00000000        0xc ./Output/tasks.o
 .group         0x00000000        0xc ./Output/tasks.o
 .group         0x00000000        0xc ./Output/tasks.o
 .group         0x00000000        0xc ./Output/tasks.o
 .group         0x00000000        0xc ./Output/tasks.o
 .group         0x00000000        0xc ./Output/tasks.o
 .group         0x00000000        0xc ./Output/tasks.o
 .group         0x00000000        0xc ./Output/tasks.o
 .group         0x00000000        0xc ./Output/tasks.o
 .group         0x00000000        0xc ./Output/tasks.o
 .group         0x00000000        0xc ./Output/tasks.o
 .group         0x00000000        0xc ./Output/tasks.o
 .group         0x00000000        0xc ./Output/tasks.o
 .group         0x00000000        0xc ./Output/tasks.o
 .group         0x00000000        0xc ./Output/tasks.o
 .group         0x00000000        0xc ./Output/tasks.o
 .group         0x00000000        0xc ./Output/tasks.o
 .group         0x00000000        0xc ./Output/tasks.o
 .group         0x00000000        0xc ./Output/tasks.o
 .group         0x00000000        0xc ./Output/tasks.o
 .group         0x00000000        0xc ./Output/tasks.o
 .group         0x00000000        0xc ./Output/tasks.o
 .group         0x00000000        0xc ./Output/tasks.o
 .group         0x00000000        0xc ./Output/tasks.o
 .group         0x00000000        0xc ./Output/tasks.o
 .group         0x00000000        0xc ./Output/tasks.o
 .group         0x00000000        0xc ./Output/tasks.o
 .group         0x00000000        0xc ./Output/tasks.o
 .group         0x00000000        0xc ./Output/tasks.o
 .group         0x00000000        0xc ./Output/tasks.o
 .group         0x00000000        0xc ./Output/tasks.o
 .group         0x00000000        0xc ./Output/tasks.o
 .group         0x00000000        0xc ./Output/tasks.o
 .group         0x00000000        0xc ./Output/tasks.o
 .group         0x00000000        0xc ./Output/tasks.o
 .text          0x00000000        0x0 ./Output/tasks.o
 .data          0x00000000        0x0 ./Output/tasks.o
 .bss           0x00000000        0x0 ./Output/tasks.o
 .text.prvSearchForNameWithinSingleList
                0x00000000       0x3e ./Output/tasks.o
 .text.prvTaskIsTaskSuspended
                0x00000000       0x40 ./Output/tasks.o
 .text.vTaskDelete
                0x00000000       0xd0 ./Output/tasks.o
 .text.eTaskGetState
                0x00000000       0x98 ./Output/tasks.o
 .text.uxTaskPriorityGet
                0x00000000       0x1c ./Output/tasks.o
 .text.uxTaskPriorityGetFromISR
                0x00000000       0x30 ./Output/tasks.o
 .text.uxTaskBasePriorityGet
                0x00000000       0x1c ./Output/tasks.o
 .text.uxTaskBasePriorityGetFromISR
                0x00000000       0x30 ./Output/tasks.o
 .text.vTaskPrioritySet
                0x00000000       0xdc ./Output/tasks.o
 .text.vTaskResume
                0x00000000       0x88 ./Output/tasks.o
 .text.xTaskResumeFromISR
                0x00000000       0xa8 ./Output/tasks.o
 .text.vTaskEndScheduler
                0x00000000       0x34 ./Output/tasks.o
 .text.xTaskGetTickCount
                0x00000000        0xc ./Output/tasks.o
 .text.xTaskGetTickCountFromISR
                0x00000000       0x10 ./Output/tasks.o
 .text.uxTaskGetNumberOfTasks
                0x00000000        0xc ./Output/tasks.o
 .text.pcTaskGetName
                0x00000000       0x14 ./Output/tasks.o
 .text.xTaskGetIdleTaskHandle
                0x00000000       0x10 ./Output/tasks.o
 .text.xTaskGetIdleTaskHandleForCore
                0x00000000       0x14 ./Output/tasks.o
 .text.xTaskDelayUntil
                0x00000000       0x6c ./Output/tasks.o
 .text.xTaskGetHandle
                0x00000000       0x78 ./Output/tasks.o
 .text.xTaskCatchUpTicks
                0x00000000       0x30 ./Output/tasks.o
 .text.xTaskAbortDelay
                0x00000000       0x98 ./Output/tasks.o
 .text.vTaskSuspend
                0x00000000       0xe4 ./Output/tasks.o
 .text.vTaskPlaceOnEventList
                0x00000000       0x24 ./Output/tasks.o
 .text.vTaskPlaceOnUnorderedEventList
                0x00000000       0x50 ./Output/tasks.o
 .text.xTaskRemoveFromEventList
                0x00000000       0xbc ./Output/tasks.o
 .text.vTaskRemoveFromUnorderedEventList
                0x00000000       0xa4 ./Output/tasks.o
 .text.vTaskSetTimeOutState
                0x00000000       0x28 ./Output/tasks.o
 .text.vTaskInternalSetTimeOutState
                0x00000000       0x18 ./Output/tasks.o
 .text.xTaskCheckForTimeOut
                0x00000000       0x70 ./Output/tasks.o
 .text.vTaskMissedYield
                0x00000000        0xc ./Output/tasks.o
 .text.uxTaskGetStackHighWaterMark
                0x00000000       0x1c ./Output/tasks.o
 .text.xTaskGetCurrentTaskHandle
                0x00000000        0xc ./Output/tasks.o
 .text.xTaskGetCurrentTaskHandleForCore
                0x00000000       0x10 ./Output/tasks.o
 .text.xTaskGetSchedulerState
                0x00000000       0x20 ./Output/tasks.o
 .text.xTaskPriorityInherit
                0x00000000       0xa0 ./Output/tasks.o
 .text.xTaskPriorityDisinherit
                0x00000000       0x84 ./Output/tasks.o
 .text.vTaskPriorityDisinheritAfterTimeout
                0x00000000       0x98 ./Output/tasks.o
 .text.uxTaskResetEventItemValue
                0x00000000       0x18 ./Output/tasks.o
 .text.pvTaskIncrementMutexHeldCount
                0x00000000       0x14 ./Output/tasks.o
 .text.ulTaskGenericNotifyTake
                0x00000000       0x9c ./Output/tasks.o
 .text.xTaskGenericNotifyWait
                0x00000000       0xc4 ./Output/tasks.o
 .text.xTaskGenericNotify
                0x00000000      0x104 ./Output/tasks.o
 .text.xTaskGenericNotifyFromISR
                0x00000000      0x148 ./Output/tasks.o
 .text.vTaskGenericNotifyGiveFromISR
                0x00000000       0xf4 ./Output/tasks.o
 .text.xTaskGenericNotifyStateClear
                0x00000000       0x38 ./Output/tasks.o
 .text.ulTaskGenericNotifyValueClear
                0x00000000       0x34 ./Output/tasks.o
 .text.vTaskResetState
                0x00000000       0x64 ./Output/tasks.o
 .group         0x00000000        0xc ./Output/list.o
 .group         0x00000000        0xc ./Output/list.o
 .group         0x00000000        0xc ./Output/list.o
 .group         0x00000000        0xc ./Output/list.o
 .group         0x00000000        0xc ./Output/list.o
 .group         0x00000000        0xc ./Output/list.o
 .group         0x00000000        0xc ./Output/list.o
 .group         0x00000000        0xc ./Output/list.o
 .group         0x00000000        0xc ./Output/list.o
 .group         0x00000000        0xc ./Output/list.o
 .group         0x00000000        0xc ./Output/list.o
 .group         0x00000000        0xc ./Output/list.o
 .group         0x00000000        0xc ./Output/list.o
 .group         0x00000000        0xc ./Output/list.o
 .group         0x00000000        0xc ./Output/list.o
 .group         0x00000000        0xc ./Output/list.o
 .group         0x00000000        0xc ./Output/list.o
 .group         0x00000000        0xc ./Output/list.o
 .group         0x00000000        0xc ./Output/list.o
 .group         0x00000000        0xc ./Output/list.o
 .group         0x00000000        0xc ./Output/list.o
 .group         0x00000000        0xc ./Output/list.o
 .group         0x00000000        0xc ./Output/list.o
 .group         0x00000000        0xc ./Output/list.o
 .group         0x00000000        0xc ./Output/list.o
 .group         0x00000000        0xc ./Output/list.o
 .group         0x00000000        0xc ./Output/list.o
 .group         0x00000000        0xc ./Output/list.o
 .group         0x00000000        0xc ./Output/list.o
 .group         0x00000000        0xc ./Output/list.o
 .group         0x00000000        0xc ./Output/list.o
 .text          0x00000000        0x0 ./Output/list.o
 .data          0x00000000        0x0 ./Output/list.o
 .bss           0x00000000        0x0 ./Output/list.o
 .text.vListInsertEnd
                0x00000000       0x16 ./Output/list.o
 .debug_macro   0x00000000      0xacc ./Output/list.o
 .debug_macro   0x00000000       0x2a ./Output/list.o
 .debug_macro   0x00000000       0x22 ./Output/list.o
 .debug_macro   0x00000000       0x60 ./Output/list.o
 .debug_macro   0x00000000       0x94 ./Output/list.o
 .debug_macro   0x00000000       0x3c ./Output/list.o
 .debug_macro   0x00000000       0x34 ./Output/list.o
 .debug_macro   0x00000000       0x16 ./Output/list.o
 .debug_macro   0x00000000      0x11c ./Output/list.o
 .debug_macro   0x00000000       0x9b ./Output/list.o
 .debug_macro   0x00000000       0x57 ./Output/list.o
 .debug_macro   0x00000000      0x370 ./Output/list.o
 .debug_macro   0x00000000       0x16 ./Output/list.o
 .debug_macro   0x00000000       0x4a ./Output/list.o
 .debug_macro   0x00000000       0x34 ./Output/list.o
 .debug_macro   0x00000000       0x10 ./Output/list.o
 .debug_macro   0x00000000       0x52 ./Output/list.o
 .debug_macro   0x00000000      0x1de ./Output/list.o
 .debug_macro   0x00000000       0x16 ./Output/list.o
 .debug_macro   0x00000000       0x29 ./Output/list.o
 .debug_macro   0x00000000      0x34e ./Output/list.o
 .debug_macro   0x00000000       0x16 ./Output/list.o
 .debug_macro   0x00000000      0x184 ./Output/list.o
 .debug_macro   0x00000000       0x1c ./Output/list.o
 .debug_macro   0x00000000      0x182 ./Output/list.o
 .debug_macro   0x00000000       0xe7 ./Output/list.o
 .debug_macro   0x00000000       0x2e ./Output/list.o
 .debug_macro   0x00000000       0x1f ./Output/list.o
 .debug_macro   0x00000000       0x12 ./Output/list.o
 .debug_macro   0x00000000      0xfd0 ./Output/list.o
 .debug_macro   0x00000000       0xc3 ./Output/list.o
 .group         0x00000000        0xc ./Output/queue.o
 .group         0x00000000        0xc ./Output/queue.o
 .group         0x00000000        0xc ./Output/queue.o
 .group         0x00000000        0xc ./Output/queue.o
 .group         0x00000000        0xc ./Output/queue.o
 .group         0x00000000        0xc ./Output/queue.o
 .group         0x00000000        0xc ./Output/queue.o
 .group         0x00000000        0xc ./Output/queue.o
 .group         0x00000000        0xc ./Output/queue.o
 .group         0x00000000        0xc ./Output/queue.o
 .group         0x00000000        0xc ./Output/queue.o
 .group         0x00000000        0xc ./Output/queue.o
 .group         0x00000000        0xc ./Output/queue.o
 .group         0x00000000        0xc ./Output/queue.o
 .group         0x00000000        0xc ./Output/queue.o
 .group         0x00000000        0xc ./Output/queue.o
 .group         0x00000000        0xc ./Output/queue.o
 .group         0x00000000        0xc ./Output/queue.o
 .group         0x00000000        0xc ./Output/queue.o
 .group         0x00000000        0xc ./Output/queue.o
 .group         0x00000000        0xc ./Output/queue.o
 .group         0x00000000        0xc ./Output/queue.o
 .group         0x00000000        0xc ./Output/queue.o
 .group         0x00000000        0xc ./Output/queue.o
 .group         0x00000000        0xc ./Output/queue.o
 .group         0x00000000        0xc ./Output/queue.o
 .group         0x00000000        0xc ./Output/queue.o
 .group         0x00000000        0xc ./Output/queue.o
 .group         0x00000000        0xc ./Output/queue.o
 .group         0x00000000        0xc ./Output/queue.o
 .group         0x00000000        0xc ./Output/queue.o
 .group         0x00000000        0xc ./Output/queue.o
 .group         0x00000000        0xc ./Output/queue.o
 .group         0x00000000        0xc ./Output/queue.o
 .group         0x00000000        0xc ./Output/queue.o
 .text          0x00000000        0x0 ./Output/queue.o
 .data          0x00000000        0x0 ./Output/queue.o
 .bss           0x00000000        0x0 ./Output/queue.o
 .text.prvIsQueueEmpty
                0x00000000       0x16 ./Output/queue.o
 .text.prvCopyDataToQueue
                0x00000000       0x66 ./Output/queue.o
 .text.prvCopyDataFromQueue
                0x00000000       0x2a ./Output/queue.o
 .text.prvNotifyQueueSetContainer
                0x00000000       0x64 ./Output/queue.o
 .text.prvUnlockQueue
                0x00000000       0x78 ./Output/queue.o
 .text.xQueueGenericReset
                0x00000000       0x7a ./Output/queue.o
 .text.xQueueGenericCreate
                0x00000000       0x42 ./Output/queue.o
 .text.xQueueGetMutexHolder
                0x00000000       0x1e ./Output/queue.o
 .text.xQueueGetMutexHolderFromISR
                0x00000000       0x10 ./Output/queue.o
 .text.xQueueCreateCountingSemaphore
                0x00000000       0x1a ./Output/queue.o
 .text.xQueueGenericSend
                0x00000000      0x138 ./Output/queue.o
 .text.xQueueCreateMutex
                0x00000000       0x24 ./Output/queue.o
 .text.xQueueGiveMutexRecursive
                0x00000000       0x2e ./Output/queue.o
 .text.xQueueGenericSendFromISR
                0x00000000       0xb2 ./Output/queue.o
 .text.xQueueGiveFromISR
                0x00000000       0x92 ./Output/queue.o
 .text.xQueueReceive
                0x00000000      0x10c ./Output/queue.o
 .text.xQueueSemaphoreTake
                0x00000000      0x138 ./Output/queue.o
 .text.xQueueTakeMutexRecursive
                0x00000000       0x32 ./Output/queue.o
 .text.xQueuePeek
                0x00000000      0x108 ./Output/queue.o
 .text.xQueueReceiveFromISR
                0x00000000       0x88 ./Output/queue.o
 .text.xQueuePeekFromISR
                0x00000000       0x44 ./Output/queue.o
 .text.uxQueueMessagesWaiting
                0x00000000       0x16 ./Output/queue.o
 .text.uxQueueSpacesAvailable
                0x00000000       0x1a ./Output/queue.o
 .text.uxQueueMessagesWaitingFromISR
                0x00000000        0x8 ./Output/queue.o
 .text.uxQueueGetQueueItemSize
                0x00000000        0x4 ./Output/queue.o
 .text.uxQueueGetQueueLength
                0x00000000        0x4 ./Output/queue.o
 .text.xQueueIsQueueEmptyFromISR
                0x00000000        0xe ./Output/queue.o
 .text.xQueueIsQueueFullFromISR
                0x00000000       0x10 ./Output/queue.o
 .text.vQueueAddToRegistry
                0x00000000       0x3c ./Output/queue.o
 .text.pcQueueGetName
                0x00000000       0x2c ./Output/queue.o
 .text.vQueueUnregisterQueue
                0x00000000       0x34 ./Output/queue.o
 .text.vQueueDelete
                0x00000000       0x12 ./Output/queue.o
 .text.xQueueCreateSet
                0x00000000        0x8 ./Output/queue.o
 .text.xQueueAddToSet
                0x00000000       0x22 ./Output/queue.o
 .text.xQueueRemoveFromSet
                0x00000000       0x20 ./Output/queue.o
 .text.xQueueSelectFromSet
                0x00000000       0x16 ./Output/queue.o
 .text.xQueueSelectFromSetFromISR
                0x00000000       0x14 ./Output/queue.o
 .bss.xQueueRegistry
                0x00000000       0x50 ./Output/queue.o
 .debug_info    0x00000000     0x2278 ./Output/queue.o
 .debug_abbrev  0x00000000      0x464 ./Output/queue.o
 .debug_loclists
                0x00000000      0xff9 ./Output/queue.o
 .debug_aranges
                0x00000000      0x140 ./Output/queue.o
 .debug_rnglists
                0x00000000      0x1ca ./Output/queue.o
 .debug_macro   0x00000000      0x203 ./Output/queue.o
 .debug_macro   0x00000000      0xacc ./Output/queue.o
 .debug_macro   0x00000000       0x2a ./Output/queue.o
 .debug_macro   0x00000000       0x22 ./Output/queue.o
 .debug_macro   0x00000000       0x60 ./Output/queue.o
 .debug_macro   0x00000000       0x94 ./Output/queue.o
 .debug_macro   0x00000000       0x3c ./Output/queue.o
 .debug_macro   0x00000000       0x34 ./Output/queue.o
 .debug_macro   0x00000000       0x16 ./Output/queue.o
 .debug_macro   0x00000000      0x11c ./Output/queue.o
 .debug_macro   0x00000000       0x9b ./Output/queue.o
 .debug_macro   0x00000000       0x57 ./Output/queue.o
 .debug_macro   0x00000000      0x370 ./Output/queue.o
 .debug_macro   0x00000000       0x16 ./Output/queue.o
 .debug_macro   0x00000000       0x4a ./Output/queue.o
 .debug_macro   0x00000000       0x34 ./Output/queue.o
 .debug_macro   0x00000000       0x10 ./Output/queue.o
 .debug_macro   0x00000000       0x52 ./Output/queue.o
 .debug_macro   0x00000000      0x1de ./Output/queue.o
 .debug_macro   0x00000000       0x16 ./Output/queue.o
 .debug_macro   0x00000000       0x29 ./Output/queue.o
 .debug_macro   0x00000000       0x16 ./Output/queue.o
 .debug_macro   0x00000000       0x3c ./Output/queue.o
 .debug_macro   0x00000000      0x34e ./Output/queue.o
 .debug_macro   0x00000000       0x16 ./Output/queue.o
 .debug_macro   0x00000000      0x184 ./Output/queue.o
 .debug_macro   0x00000000       0x1c ./Output/queue.o
 .debug_macro   0x00000000      0x182 ./Output/queue.o
 .debug_macro   0x00000000       0xe7 ./Output/queue.o
 .debug_macro   0x00000000       0x2e ./Output/queue.o
 .debug_macro   0x00000000       0x1f ./Output/queue.o
 .debug_macro   0x00000000       0x12 ./Output/queue.o
 .debug_macro   0x00000000      0xfd0 ./Output/queue.o
 .debug_macro   0x00000000       0xc3 ./Output/queue.o
 .debug_macro   0x00000000      0x14f ./Output/queue.o
 .debug_macro   0x00000000       0x80 ./Output/queue.o
 .debug_line    0x00000000     0x1a7f ./Output/queue.o
 .debug_str     0x00000000    0x12909 ./Output/queue.o
 .comment       0x00000000       0x27 ./Output/queue.o
 .debug_frame   0x00000000      0x3f8 ./Output/queue.o
 .ARM.attributes
                0x00000000       0x34 ./Output/queue.o
 .group         0x00000000        0xc ./Output/heap_4.o
 .group         0x00000000        0xc ./Output/heap_4.o
 .group         0x00000000        0xc ./Output/heap_4.o
 .group         0x00000000        0xc ./Output/heap_4.o
 .group         0x00000000        0xc ./Output/heap_4.o
 .group         0x00000000        0xc ./Output/heap_4.o
 .group         0x00000000        0xc ./Output/heap_4.o
 .group         0x00000000        0xc ./Output/heap_4.o
 .group         0x00000000        0xc ./Output/heap_4.o
 .group         0x00000000        0xc ./Output/heap_4.o
 .group         0x00000000        0xc ./Output/heap_4.o
 .group         0x00000000        0xc ./Output/heap_4.o
 .group         0x00000000        0xc ./Output/heap_4.o
 .group         0x00000000        0xc ./Output/heap_4.o
 .group         0x00000000        0xc ./Output/heap_4.o
 .group         0x00000000        0xc ./Output/heap_4.o
 .group         0x00000000        0xc ./Output/heap_4.o
 .group         0x00000000        0xc ./Output/heap_4.o
 .group         0x00000000        0xc ./Output/heap_4.o
 .group         0x00000000        0xc ./Output/heap_4.o
 .group         0x00000000        0xc ./Output/heap_4.o
 .group         0x00000000        0xc ./Output/heap_4.o
 .group         0x00000000        0xc ./Output/heap_4.o
 .group         0x00000000        0xc ./Output/heap_4.o
 .group         0x00000000        0xc ./Output/heap_4.o
 .group         0x00000000        0xc ./Output/heap_4.o
 .group         0x00000000        0xc ./Output/heap_4.o
 .group         0x00000000        0xc ./Output/heap_4.o
 .group         0x00000000        0xc ./Output/heap_4.o
 .group         0x00000000        0xc ./Output/heap_4.o
 .group         0x00000000        0xc ./Output/heap_4.o
 .group         0x00000000        0xc ./Output/heap_4.o
 .group         0x00000000        0xc ./Output/heap_4.o
 .group         0x00000000        0xc ./Output/heap_4.o
 .text          0x00000000        0x0 ./Output/heap_4.o
 .data          0x00000000        0x0 ./Output/heap_4.o
 .bss           0x00000000        0x0 ./Output/heap_4.o
 .text.xPortGetFreeHeapSize
                0x00000000        0xc ./Output/heap_4.o
 .text.xPortGetMinimumEverFreeHeapSize
                0x00000000        0xc ./Output/heap_4.o
 .text.vPortInitialiseBlocks
                0x00000000        0x2 ./Output/heap_4.o
 .text.pvPortCalloc
                0x00000000       0x2a ./Output/heap_4.o
 .text.vPortGetHeapStats
                0x00000000       0x84 ./Output/heap_4.o
 .text.vPortHeapResetState
                0x00000000       0x2c ./Output/heap_4.o
 .debug_macro   0x00000000      0xacc ./Output/heap_4.o
 .debug_macro   0x00000000       0x2a ./Output/heap_4.o
 .debug_macro   0x00000000       0x22 ./Output/heap_4.o
 .debug_macro   0x00000000       0x60 ./Output/heap_4.o
 .debug_macro   0x00000000       0x94 ./Output/heap_4.o
 .debug_macro   0x00000000       0x3c ./Output/heap_4.o
 .debug_macro   0x00000000       0x34 ./Output/heap_4.o
 .debug_macro   0x00000000       0x16 ./Output/heap_4.o
 .debug_macro   0x00000000      0x11c ./Output/heap_4.o
 .debug_macro   0x00000000       0x9b ./Output/heap_4.o
 .debug_macro   0x00000000       0x57 ./Output/heap_4.o
 .debug_macro   0x00000000      0x370 ./Output/heap_4.o
 .debug_macro   0x00000000       0x16 ./Output/heap_4.o
 .debug_macro   0x00000000       0x4a ./Output/heap_4.o
 .debug_macro   0x00000000       0x34 ./Output/heap_4.o
 .debug_macro   0x00000000       0x10 ./Output/heap_4.o
 .debug_macro   0x00000000       0x52 ./Output/heap_4.o
 .debug_macro   0x00000000      0x1de ./Output/heap_4.o
 .debug_macro   0x00000000       0x16 ./Output/heap_4.o
 .debug_macro   0x00000000       0x29 ./Output/heap_4.o
 .debug_macro   0x00000000       0x16 ./Output/heap_4.o
 .debug_macro   0x00000000       0x3c ./Output/heap_4.o
 .debug_macro   0x00000000      0x34e ./Output/heap_4.o
 .debug_macro   0x00000000       0x16 ./Output/heap_4.o
 .debug_macro   0x00000000      0x184 ./Output/heap_4.o
 .debug_macro   0x00000000       0x1c ./Output/heap_4.o
 .debug_macro   0x00000000      0x182 ./Output/heap_4.o
 .debug_macro   0x00000000       0xe7 ./Output/heap_4.o
 .debug_macro   0x00000000       0x2e ./Output/heap_4.o
 .debug_macro   0x00000000       0x1f ./Output/heap_4.o
 .debug_macro   0x00000000       0x12 ./Output/heap_4.o
 .debug_macro   0x00000000      0xfd0 ./Output/heap_4.o
 .debug_macro   0x00000000       0xc3 ./Output/heap_4.o
 .debug_macro   0x00000000      0x14f ./Output/heap_4.o
 .group         0x00000000        0xc ./Output/port.o
 .group         0x00000000        0xc ./Output/port.o
 .group         0x00000000        0xc ./Output/port.o
 .group         0x00000000        0xc ./Output/port.o
 .group         0x00000000        0xc ./Output/port.o
 .group         0x00000000        0xc ./Output/port.o
 .group         0x00000000        0xc ./Output/port.o
 .group         0x00000000        0xc ./Output/port.o
 .group         0x00000000        0xc ./Output/port.o
 .group         0x00000000        0xc ./Output/port.o
 .group         0x00000000        0xc ./Output/port.o
 .group         0x00000000        0xc ./Output/port.o
 .group         0x00000000        0xc ./Output/port.o
 .group         0x00000000        0xc ./Output/port.o
 .text          0x00000000        0x0 ./Output/port.o
 .data          0x00000000        0x0 ./Output/port.o
 .bss           0x00000000        0x0 ./Output/port.o
 .text.vPortEndScheduler
                0x00000000       0x14 ./Output/port.o
 .text.vPortValidateInterruptPriority
                0x00000000       0x3c ./Output/port.o
 .debug_macro   0x00000000      0xacc ./Output/port.o
 .debug_macro   0x00000000      0x34e ./Output/port.o
 .debug_macro   0x00000000       0x16 ./Output/port.o
 .debug_macro   0x00000000      0x184 ./Output/port.o
 .debug_macro   0x00000000       0x1c ./Output/port.o
 .debug_macro   0x00000000      0x182 ./Output/port.o
 .debug_macro   0x00000000       0xe7 ./Output/port.o
 .debug_macro   0x00000000       0x2e ./Output/port.o
 .debug_macro   0x00000000       0x1f ./Output/port.o
 .debug_macro   0x00000000       0x12 ./Output/port.o
 .debug_macro   0x00000000      0xfd0 ./Output/port.o
 .debug_macro   0x00000000       0xc3 ./Output/port.o
 .debug_macro   0x00000000      0x14f ./Output/port.o
 .group         0x00000000        0xc ./Output/main.o
 .group         0x00000000        0xc ./Output/main.o
 .group         0x00000000        0xc ./Output/main.o
 .group         0x00000000        0xc ./Output/main.o
 .group         0x00000000        0xc ./Output/main.o
 .group         0x00000000        0xc ./Output/main.o
 .group         0x00000000        0xc ./Output/main.o
 .group         0x00000000        0xc ./Output/main.o
 .group         0x00000000        0xc ./Output/main.o
 .group         0x00000000        0xc ./Output/main.o
 .group         0x00000000        0xc ./Output/main.o
 .group         0x00000000        0xc ./Output/main.o
 .group         0x00000000        0xc ./Output/main.o
 .group         0x00000000        0xc ./Output/main.o
 .group         0x00000000        0xc ./Output/main.o
 .group         0x00000000        0xc ./Output/main.o
 .group         0x00000000        0xc ./Output/main.o
 .group         0x00000000        0xc ./Output/main.o
 .group         0x00000000        0xc ./Output/main.o
 .group         0x00000000        0xc ./Output/main.o
 .group         0x00000000        0xc ./Output/main.o
 .group         0x00000000        0xc ./Output/main.o
 .group         0x00000000        0xc ./Output/main.o
 .group         0x00000000        0xc ./Output/main.o
 .group         0x00000000        0xc ./Output/main.o
 .group         0x00000000        0xc ./Output/main.o
 .group         0x00000000        0xc ./Output/main.o
 .group         0x00000000        0xc ./Output/main.o
 .group         0x00000000        0xc ./Output/main.o
 .group         0x00000000        0xc ./Output/main.o
 .group         0x00000000        0xc ./Output/main.o
 .group         0x00000000        0xc ./Output/main.o
 .group         0x00000000        0xc ./Output/main.o
 .group         0x00000000        0xc ./Output/main.o
 .group         0x00000000        0xc ./Output/main.o
 .text          0x00000000        0x0 ./Output/main.o
 .data          0x00000000        0x0 ./Output/main.o
 .bss           0x00000000        0x0 ./Output/main.o
 .debug_macro   0x00000000      0xacc ./Output/main.o
 .debug_macro   0x00000000      0x190 ./Output/main.o
 .debug_macro   0x00000000      0x34e ./Output/main.o
 .debug_macro   0x00000000       0x16 ./Output/main.o
 .debug_macro   0x00000000      0x184 ./Output/main.o
 .debug_macro   0x00000000       0x1c ./Output/main.o
 .debug_macro   0x00000000      0x182 ./Output/main.o
 .debug_macro   0x00000000       0xe7 ./Output/main.o
 .debug_macro   0x00000000       0x2e ./Output/main.o
 .debug_macro   0x00000000       0x1f ./Output/main.o
 .debug_macro   0x00000000       0x12 ./Output/main.o
 .debug_macro   0x00000000      0xfd0 ./Output/main.o
 .debug_macro   0x00000000       0xc3 ./Output/main.o
 .debug_macro   0x00000000      0x14f ./Output/main.o
 .debug_macro   0x00000000       0x22 ./Output/main.o
 .debug_macro   0x00000000       0x60 ./Output/main.o
 .debug_macro   0x00000000       0x2a ./Output/main.o
 .debug_macro   0x00000000       0x94 ./Output/main.o
 .debug_macro   0x00000000       0x3c ./Output/main.o
 .debug_macro   0x00000000       0x34 ./Output/main.o
 .debug_macro   0x00000000       0x57 ./Output/main.o
 .debug_macro   0x00000000       0x3c ./Output/main.o
 .debug_macro   0x00000000      0x370 ./Output/main.o
 .debug_macro   0x00000000       0x16 ./Output/main.o
 .debug_macro   0x00000000       0x4a ./Output/main.o
 .debug_macro   0x00000000       0x34 ./Output/main.o
 .debug_macro   0x00000000       0x10 ./Output/main.o
 .debug_macro   0x00000000       0x52 ./Output/main.o
 .debug_macro   0x00000000      0x1de ./Output/main.o
 .group         0x00000000        0xc ./Output/startup.o
 .group         0x00000000        0xc ./Output/startup.o
 .text          0x00000000        0x0 ./Output/startup.o
 .data          0x00000000        0x0 ./Output/startup.o
 .bss           0x00000000        0x0 ./Output/startup.o
 .debug_macro   0x00000000      0xacc ./Output/startup.o
 .debug_macro   0x00000000      0x34e ./Output/startup.o
 .group         0x00000000        0xc ./Output/uart.o
 .group         0x00000000        0xc ./Output/uart.o
 .group         0x00000000        0xc ./Output/uart.o
 .group         0x00000000        0xc ./Output/uart.o
 .group         0x00000000        0xc ./Output/uart.o
 .group         0x00000000        0xc ./Output/uart.o
 .group         0x00000000        0xc ./Output/uart.o
 .group         0x00000000        0xc ./Output/uart.o
 .group         0x00000000        0xc ./Output/uart.o
 .group         0x00000000        0xc ./Output/uart.o
 .group         0x00000000        0xc ./Output/uart.o
 .group         0x00000000        0xc ./Output/uart.o
 .group         0x00000000        0xc ./Output/uart.o
 .text          0x00000000        0x0 ./Output/uart.o
 .data          0x00000000        0x0 ./Output/uart.o
 .bss           0x00000000        0x0 ./Output/uart.o
 .debug_macro   0x00000000      0xacc ./Output/uart.o
 .debug_macro   0x00000000      0x190 ./Output/uart.o
 .debug_macro   0x00000000      0x34e ./Output/uart.o
 .debug_macro   0x00000000       0x16 ./Output/uart.o
 .debug_macro   0x00000000      0x184 ./Output/uart.o
 .debug_macro   0x00000000       0x1c ./Output/uart.o
 .debug_macro   0x00000000      0x182 ./Output/uart.o
 .debug_macro   0x00000000       0xe7 ./Output/uart.o
 .debug_macro   0x00000000       0x2e ./Output/uart.o
 .debug_macro   0x00000000       0x1f ./Output/uart.o
 .debug_macro   0x00000000       0x12 ./Output/uart.o
 .debug_macro   0x00000000      0xfd0 ./Output/uart.o
 .data          0x00000000        0x0 /usr/lib/gcc/arm-none-eabi/13.2.1/../../../arm-none-eabi/lib/thumb/v7e-m+fp/hard/libc_nano.a(libc_a-sprintf.o)
 .bss           0x00000000        0x0 /usr/lib/gcc/arm-none-eabi/13.2.1/../../../arm-none-eabi/lib/thumb/v7e-m+fp/hard/libc_nano.a(libc_a-sprintf.o)
 .text          0x00000000        0x0 /usr/lib/gcc/arm-none-eabi/13.2.1/../../../arm-none-eabi/lib/thumb/v7e-m+fp/hard/libc_nano.a(libc_a-impure.o)
 .bss           0x00000000        0x0 /usr/lib/gcc/arm-none-eabi/13.2.1/../../../arm-none-eabi/lib/thumb/v7e-m+fp/hard/libc_nano.a(libc_a-impure.o)
 .data          0x00000000        0x0 /usr/lib/gcc/arm-none-eabi/13.2.1/../../../arm-none-eabi/lib/thumb/v7e-m+fp/hard/libc_nano.a(libc_a-nano-svfprintf.o)
 .bss           0x00000000        0x0 /usr/lib/gcc/arm-none-eabi/13.2.1/../../../arm-none-eabi/lib/thumb/v7e-m+fp/hard/libc_nano.a(libc_a-nano-svfprintf.o)
 .text          0x00000000       0xd8 /usr/lib/gcc/arm-none-eabi/13.2.1/../../../arm-none-eabi/lib/thumb/v7e-m+fp/hard/libc_nano.a(libc_a-strlen.o)
 .data          0x00000000        0x0 /usr/lib/gcc/arm-none-eabi/13.2.1/../../../arm-none-eabi/lib/thumb/v7e-m+fp/hard/libc_nano.a(libc_a-strlen.o)
 .bss           0x00000000        0x0 /usr/lib/gcc/arm-none-eabi/13.2.1/../../../arm-none-eabi/lib/thumb/v7e-m+fp/hard/libc_nano.a(libc_a-strlen.o)
 .ARM.extab     0x00000000        0x0 /usr/lib/gcc/arm-none-eabi/13.2.1/../../../arm-none-eabi/lib/thumb/v7e-m+fp/hard/libc_nano.a(libc_a-strlen.o)
 .ARM.exidx     0x00000000        0x8 /usr/lib/gcc/arm-none-eabi/13.2.1/../../../arm-none-eabi/lib/thumb/v7e-m+fp/hard/libc_nano.a(libc_a-strlen.o)
 .debug_line    0x00000000       0x86 /usr/lib/gcc/arm-none-eabi/13.2.1/../../../arm-none-eabi/lib/thumb/v7e-m+fp/hard/libc_nano.a(libc_a-strlen.o)
 .debug_line_str
                0x00000000       0x98 /usr/lib/gcc/arm-none-eabi/13.2.1/../../../arm-none-eabi/lib/thumb/v7e-m+fp/hard/libc_nano.a(libc_a-strlen.o)
 .debug_info    0x00000000       0x33 /usr/lib/gcc/arm-none-eabi/13.2.1/../../../arm-none-eabi/lib/thumb/v7e-m+fp/hard/libc_nano.a(libc_a-strlen.o)
 .debug_abbrev  0x00000000       0x28 /usr/lib/gcc/arm-none-eabi/13.2.1/../../../arm-none-eabi/lib/thumb/v7e-m+fp/hard/libc_nano.a(libc_a-strlen.o)
 .debug_aranges
                0x00000000       0x20 /usr/lib/gcc/arm-none-eabi/13.2.1/../../../arm-none-eabi/lib/thumb/v7e-m+fp/hard/libc_nano.a(libc_a-strlen.o)
 .debug_str     0x00000000       0xab /usr/lib/gcc/arm-none-eabi/13.2.1/../../../arm-none-eabi/lib/thumb/v7e-m+fp/hard/libc_nano.a(libc_a-strlen.o)
 .eh_frame      0x00000000       0x34 /usr/lib/gcc/arm-none-eabi/13.2.1/../../../arm-none-eabi/lib/thumb/v7e-m+fp/hard/libc_nano.a(libc_a-strlen.o)
 .ARM.attributes
                0x00000000       0x1c /usr/lib/gcc/arm-none-eabi/13.2.1/../../../arm-none-eabi/lib/thumb/v7e-m+fp/hard/libc_nano.a(libc_a-strlen.o)
 .data          0x00000000        0x0 /usr/lib/gcc/arm-none-eabi/13.2.1/../../../arm-none-eabi/lib/thumb/v7e-m+fp/hard/libc_nano.a(libc_a-memset.o)
 .bss           0x00000000        0x0 /usr/lib/gcc/arm-none-eabi/13.2.1/../../../arm-none-eabi/lib/thumb/v7e-m+fp/hard/libc_nano.a(libc_a-memset.o)
 .data          0x00000000        0x0 /usr/lib/gcc/arm-none-eabi/13.2.1/../../../arm-none-eabi/lib/thumb/v7e-m+fp/hard/libc_nano.a(libc_a-mallocr.o)
 .data          0x00000000        0x0 /usr/lib/gcc/arm-none-eabi/13.2.1/../../../arm-none-eabi/lib/thumb/v7e-m+fp/hard/libc_nano.a(libc_a-freer.o)
 .bss           0x00000000        0x0 /usr/lib/gcc/arm-none-eabi/13.2.1/../../../arm-none-eabi/lib/thumb/v7e-m+fp/hard/libc_nano.a(libc_a-freer.o)
 .data          0x00000000        0x0 /usr/lib/gcc/arm-none-eabi/13.2.1/../../../arm-none-eabi/lib/thumb/v7e-m+fp/hard/libc_nano.a(libc_a-memmove.o)
 .bss           0x00000000        0x0 /usr/lib/gcc/arm-none-eabi/13.2.1/../../../arm-none-eabi/lib/thumb/v7e-m+fp/hard/libc_nano.a(libc_a-memmove.o)
 .data          0x00000000        0x0 /usr/lib/gcc/arm-none-eabi/13.2.1/../../../arm-none-eabi/lib/thumb/v7e-m+fp/hard/libc_nano.a(libc_a-memchr.o)
 .bss           0x00000000        0x0 /usr/lib/gcc/arm-none-eabi/13.2.1/../../../arm-none-eabi/lib/thumb/v7e-m+fp/hard/libc_nano.a(libc_a-memchr.o)
 .ARM.extab     0x00000000        0x0 /usr/lib/gcc/arm-none-eabi/13.2.1/../../../arm-none-eabi/lib/thumb/v7e-m+fp/hard/libc_nano.a(libc_a-memchr.o)
 .eh_frame      0x00000000       0x50 /usr/lib/gcc/arm-none-eabi/13.2.1/../../../arm-none-eabi/lib/thumb/v7e-m+fp/hard/libc_nano.a(libc_a-memchr.o)
 .data          0x00000000        0x0 /usr/lib/gcc/arm-none-eabi/13.2.1/../../../arm-none-eabi/lib/thumb/v7e-m+fp/hard/libc_nano.a(libc_a-memcpy.o)
 .bss           0x00000000        0x0 /usr/lib/gcc/arm-none-eabi/13.2.1/../../../arm-none-eabi/lib/thumb/v7e-m+fp/hard/libc_nano.a(libc_a-memcpy.o)
 .ARM.extab     0x00000000        0x0 /usr/lib/gcc/arm-none-eabi/13.2.1/../../../arm-none-eabi/lib/thumb/v7e-m+fp/hard/libc_nano.a(libc_a-memcpy.o)
 .eh_frame      0x00000000       0x2c /usr/lib/gcc/arm-none-eabi/13.2.1/../../../arm-none-eabi/lib/thumb/v7e-m+fp/hard/libc_nano.a(libc_a-memcpy.o)
 .data          0x00000000        0x0 /usr/lib/gcc/arm-none-eabi/13.2.1/../../../arm-none-eabi/lib/thumb/v7e-m+fp/hard/libc_nano.a(libc_a-reallocr.o)
 .bss           0x00000000        0x0 /usr/lib/gcc/arm-none-eabi/13.2.1/../../../arm-none-eabi/lib/thumb/v7e-m+fp/hard/libc_nano.a(libc_a-reallocr.o)
 .data          0x00000000        0x0 /usr/lib/gcc/arm-none-eabi/13.2.1/../../../arm-none-eabi/lib/thumb/v7e-m+fp/hard/libc_nano.a(libc_a-nano-vfprintf_i.o)
 .bss           0x00000000        0x0 /usr/lib/gcc/arm-none-eabi/13.2.1/../../../arm-none-eabi/lib/thumb/v7e-m+fp/hard/libc_nano.a(libc_a-nano-vfprintf_i.o)
 .data          0x00000000        0x0 /usr/lib/gcc/arm-none-eabi/13.2.1/../../../arm-none-eabi/lib/thumb/v7e-m+fp/hard/libc_nano.a(libc_a-mlock.o)
 .bss           0x00000000        0x0 /usr/lib/gcc/arm-none-eabi/13.2.1/../../../arm-none-eabi/lib/thumb/v7e-m+fp/hard/libc_nano.a(libc_a-mlock.o)
 .data          0x00000000        0x0 /usr/lib/gcc/arm-none-eabi/13.2.1/../../../arm-none-eabi/lib/thumb/v7e-m+fp/hard/libc_nano.a(libc_a-sbrkr.o)
 .bss           0x00000000        0x0 /usr/lib/gcc/arm-none-eabi/13.2.1/../../../arm-none-eabi/lib/thumb/v7e-m+fp/hard/libc_nano.a(libc_a-sbrkr.o)
 .data          0x00000000        0x0 /usr/lib/gcc/arm-none-eabi/13.2.1/../../../arm-none-eabi/lib/thumb/v7e-m+fp/hard/libc_nano.a(libc_a-msizer.o)
 .bss           0x00000000        0x0 /usr/lib/gcc/arm-none-eabi/13.2.1/../../../arm-none-eabi/lib/thumb/v7e-m+fp/hard/libc_nano.a(libc_a-msizer.o)
 .text          0x00000000       0xd4 /usr/lib/gcc/arm-none-eabi/13.2.1/../../../arm-none-eabi/lib/thumb/v7e-m+fp/hard/libc_nano.a(libc_a-reent.o)
 .data          0x00000000        0x0 /usr/lib/gcc/arm-none-eabi/13.2.1/../../../arm-none-eabi/lib/thumb/v7e-m+fp/hard/libc_nano.a(libc_a-reent.o)
 .data          0x00000000        0x0 /usr/lib/gcc/arm-none-eabi/13.2.1/../../../arm-none-eabi/lib/thumb/v7e-m+fp/hard/libnosys.a(sbrk.o)

Memory Configuration

Name             Origin             Length             Attributes
ITCM             0x00000000         0x00010000         xrw
DTCM             0x20000000         0x00020000         rw
M7_0_PFLASH      0x00400000         0x00200000         xr
M7_0_DFLASH      0x10000000         0x0000a000         xr
M7_0_SRAM        0x20400000         0x00040000         rw
M7_1_PFLASH      0x00600000         0x00200000         xr
M7_1_DFLASH      0x1000c000         0x0000a000         xr
M7_1_SRAM        0x20440000         0x00040000         rw
M7_2_PFLASH      0x00800000         0x00400000         xr
M7_2_DFLASH      0x10016000         0x0000a000         xr
M7_2_SRAM        0x20480000         0x00040000         rw
*default*        0x00000000         0xffffffff

Linker script and memory map

LOAD ./Output/tasks.o
LOAD ./Output/list.o
LOAD ./Output/queue.o
LOAD ./Output/heap_4.o
LOAD ./Output/port.o
LOAD ./Output/main.o
LOAD ./Output/startup.o
LOAD ./Output/uart.o
START GROUP
LOAD /usr/lib/gcc/arm-none-eabi/13.2.1/thumb/v7e-m+fp/hard/libgcc.a
LOAD /usr/lib/gcc/arm-none-eabi/13.2.1/../../../arm-none-eabi/lib/thumb/v7e-m+fp/hard/libc_nano.a
END GROUP
START GROUP
LOAD /usr/lib/gcc/arm-none-eabi/13.2.1/thumb/v7e-m+fp/hard/libgcc.a
LOAD /usr/lib/gcc/arm-none-eabi/13.2.1/../../../arm-none-eabi/lib/thumb/v7e-m+fp/hard/libc_nano.a
LOAD /usr/lib/gcc/arm-none-eabi/13.2.1/../../../arm-none-eabi/lib/thumb/v7e-m+fp/hard/libnosys.a
END GROUP
START GROUP
LOAD /usr/lib/gcc/arm-none-eabi/13.2.1/thumb/v7e-m+fp/hard/libgcc.a
LOAD /usr/lib/gcc/arm-none-eabi/13.2.1/../../../arm-none-eabi/lib/thumb/v7e-m+fp/hard/libc_nano.a
LOAD /usr/lib/gcc/arm-none-eabi/13.2.1/../../../arm-none-eabi/lib/thumb/v7e-m+fp/hard/libnosys.a
END GROUP
                0x00001000                        __STACK_SIZE = 0x1000
                0x0000f000                        __HEAP_SIZE = 0xf000
                0x20440000                        _estack = (ORIGIN (M7_0_SRAM) + LENGTH (M7_0_SRAM))

.isr_vector     0x00400000      0x3c4
                0x00400000                        __vector_table = .
 *(.isr_vector)
 .isr_vector    0x00400000      0x3c4 ./Output/startup.o
                0x00400000                isr_vector
                0x004003c4                        . = ALIGN (0x4)

.text           0x004003d0      0xf01
 *(.text)
 .text          0x004003d0       0x80 /usr/lib/gcc/arm-none-eabi/13.2.1/../../../arm-none-eabi/lib/thumb/v7e-m+fp/hard/libc_nano.a(libc_a-sprintf.o)
                0x004003d0                _siprintf_r
                0x004003d0                _sprintf_r
                0x0040040c                sprintf
                0x0040040c                siprintf
 .text          0x00400450      0x400 /usr/lib/gcc/arm-none-eabi/13.2.1/../../../arm-none-eabi/lib/thumb/v7e-m+fp/hard/libc_nano.a(libc_a-nano-svfprintf.o)
                0x00400450                __ssputs_r
                0x00400510                __ssprint_r
                0x00400618                _svfprintf_r
                0x00400618                _svfiprintf_r
 .text          0x00400850       0xa4 /usr/lib/gcc/arm-none-eabi/13.2.1/../../../arm-none-eabi/lib/thumb/v7e-m+fp/hard/libc_nano.a(libc_a-memset.o)
                0x00400850                memset
 .text          0x004008f4      0x148 /usr/lib/gcc/arm-none-eabi/13.2.1/../../../arm-none-eabi/lib/thumb/v7e-m+fp/hard/libc_nano.a(libc_a-mallocr.o)
                0x0040093c                _malloc_r
 .text          0x00400a3c       0xbc /usr/lib/gcc/arm-none-eabi/13.2.1/../../../arm-none-eabi/lib/thumb/v7e-m+fp/hard/libc_nano.a(libc_a-freer.o)
                0x00400a3c                _free_r
 .text          0x00400af8      0x100 /usr/lib/gcc/arm-none-eabi/13.2.1/../../../arm-none-eabi/lib/thumb/v7e-m+fp/hard/libc_nano.a(libc_a-memmove.o)
                0x00400af8                memmove
 *fill*         0x00400bf8        0x8 
 .text          0x00400c00       0xa0 /usr/lib/gcc/arm-none-eabi/13.2.1/../../../arm-none-eabi/lib/thumb/v7e-m+fp/hard/libc_nano.a(libc_a-memchr.o)
                0x00400c00                memchr
 .text          0x00400ca0      0x134 /usr/lib/gcc/arm-none-eabi/13.2.1/../../../arm-none-eabi/lib/thumb/v7e-m+fp/hard/libc_nano.a(libc_a-memcpy.o)
                0x00400ca0                memcpy
 .text          0x00400dd4       0x64 /usr/lib/gcc/arm-none-eabi/13.2.1/../../../arm-none-eabi/lib/thumb/v7e-m+fp/hard/libc_nano.a(libc_a-reallocr.o)
                0x00400dd4                _realloc_r
 .text          0x00400e38      0x3a8 /usr/lib/gcc/arm-none-eabi/13.2.1/../../../arm-none-eabi/lib/thumb/v7e-m+fp/hard/libc_nano.a(libc_a-nano-vfprintf_i.o)
                0x00400e38                _printf_common
                0x00400f5c                _printf_i
 .text          0x004011e0        0x8 /usr/lib/gcc/arm-none-eabi/13.2.1/../../../arm-none-eabi/lib/thumb/v7e-m+fp/hard/libc_nano.a(libc_a-mlock.o)
                0x004011e0                __malloc_lock
                0x004011e4                __malloc_unlock
 .text          0x004011e8       0x24 /usr/lib/gcc/arm-none-eabi/13.2.1/../../../arm-none-eabi/lib/thumb/v7e-m+fp/hard/libc_nano.a(libc_a-sbrkr.o)
                0x004011e8                _sbrk_r
 .text          0x0040120c       0x10 /usr/lib/gcc/arm-none-eabi/13.2.1/../../../arm-none-eabi/lib/thumb/v7e-m+fp/hard/libc_nano.a(libc_a-msizer.o)
                0x0040120c                _malloc_usable_size_r
 .text          0x0040121c       0x1c /usr/lib/gcc/arm-none-eabi/13.2.1/../../../arm-none-eabi/lib/thumb/v7e-m+fp/hard/libnosys.a(sbrk.o)
                0x0040121c                _sbrk
 *(.rodata*)
 .rodata.vTaskStartScheduler.str1.1
                0x00401238       0x5c ./Output/tasks.o
                                  0x5 (size before relaxing)
 .rodata.uxTopUsedPriority
                0x00401294        0x4 ./Output/tasks.o
 .rodata.useUart.str1.1
                0x00401298       0x3d ./Output/main.o
 .rodata.main.str1.1
                0x00401298        0x6 ./Output/main.o
 .rodata.Uart_Handler.str1.1
                0x00401298       0x14 ./Output/main.o
 .rodata.str1.4
                0x00401298       0x39 /usr/lib/gcc/arm-none-eabi/13.2.1/../../../arm-none-eabi/lib/thumb/v7e-m+fp/hard/libc_nano.a(libc_a-nano-svfprintf.o)
                                 0x13 (size before relaxing)
 .rodata.str1.4
                0x004012d1       0x25 /usr/lib/gcc/arm-none-eabi/13.2.1/../../../arm-none-eabi/lib/thumb/v7e-m+fp/hard/libc_nano.a(libc_a-nano-vfprintf_i.o)
 *(.constdata*)
                0x004012d1                        _etext = .

.glue_7         0x004012d4        0x0
 .glue_7        0x004012d4        0x0 linker stubs

.glue_7t        0x004012d4        0x0
 .glue_7t       0x004012d4        0x0 linker stubs

.vfp11_veneer   0x004012d4        0x0
 .vfp11_veneer  0x004012d4        0x0 linker stubs

.v4_bx          0x004012d4        0x0
 .v4_bx         0x004012d4        0x0 linker stubs

.text.prvAddCurrentTaskToDelayedList
                0x004012d4       0xb4
 .text.prvAddCurrentTaskToDelayedList
                0x004012d4       0xb4 ./Output/tasks.o

.text.prvResetNextTaskUnblockTime
                0x00401388       0x24
 .text.prvResetNextTaskUnblockTime
                0x00401388       0x24 ./Output/tasks.o

.text.prvCheckTasksWaitingTermination
                0x004013ac       0x48
 .text.prvCheckTasksWaitingTermination
                0x004013ac       0x48 ./Output/tasks.o

.text.prvIdleTask
                0x004013f4        0x8
 .text.prvIdleTask
                0x004013f4        0x8 ./Output/tasks.o

.text.xTaskCreate
                0x004013fc      0x1c0
 .text.xTaskCreate
                0x004013fc      0x1c0 ./Output/tasks.o
                0x004013fc                xTaskCreate

.text.vTaskStartScheduler
                0x004015bc       0x7c
 .text.vTaskStartScheduler
                0x004015bc       0x7c ./Output/tasks.o
                0x004015bc                vTaskStartScheduler

.text.vTaskSuspendAll
                0x00401638       0x10
 .text.vTaskSuspendAll
                0x00401638       0x10 ./Output/tasks.o
                0x00401638                vTaskSuspendAll

.text.xTaskIncrementTick
                0x00401648      0x180
 .text.xTaskIncrementTick
                0x00401648      0x180 ./Output/tasks.o
                0x00401648                xTaskIncrementTick

.text.xTaskResumeAll
                0x004017c8      0x154
 .text.xTaskResumeAll
                0x004017c8      0x154 ./Output/tasks.o
                0x004017c8                xTaskResumeAll

.text.vTaskDelay
                0x0040191c       0x3c
 .text.vTaskDelay
                0x0040191c       0x3c ./Output/tasks.o
                0x0040191c                vTaskDelay

.text.vTaskSwitchContext
                0x00401958       0x68
 .text.vTaskSwitchContext
                0x00401958       0x68 ./Output/tasks.o
                0x00401958                vTaskSwitchContext

.iplt           0x004019c0        0x0
 .iplt          0x004019c0        0x0 ./Output/tasks.o

.text.vListInitialise
                0x004019c0       0x16
 .text.vListInitialise
                0x004019c0       0x16 ./Output/list.o
                0x004019c0                vListInitialise

.text.vListInitialiseItem
                0x004019d6        0x6
 .text.vListInitialiseItem
                0x004019d6        0x6 ./Output/list.o
                0x004019d6                vListInitialiseItem

.text.vListInsert
                0x004019dc       0x2e
 .text.vListInsert
                0x004019dc       0x2e ./Output/list.o
                0x004019dc                vListInsert

.text.uxListRemove
                0x00401a0a       0x1e
 .text.uxListRemove
                0x00401a0a       0x1e ./Output/list.o
                0x00401a0a                uxListRemove

.text.pvPortMalloc
                0x00401a28      0x130
 .text.pvPortMalloc
                0x00401a28      0x130 ./Output/heap_4.o
                0x00401a28                pvPortMalloc

.text.vPortFree
                0x00401b58       0xbc
 .text.vPortFree
                0x00401b58       0xbc ./Output/heap_4.o
                0x00401b58                vPortFree

.text.prvTaskExitError
                0x00401c14       0x30
 .text.prvTaskExitError
                0x00401c14       0x30 ./Output/port.o

.text.vPortSVCHandler
                0x00401c50       0x24
 .text.vPortSVCHandler
                0x00401c50       0x24 ./Output/port.o
                0x00401c50                vPortSVCHandler

.text.prvPortStartFirstTask
                0x00401c74       0x28
 .text.prvPortStartFirstTask
                0x00401c74       0x28 ./Output/port.o

.text.xPortPendSVHandler
                0x00401ca0       0x64
 .text.xPortPendSVHandler
                0x00401ca0       0x64 ./Output/port.o
                0x00401ca0                xPortPendSVHandler

.text.vPortEnableVFP
                0x00401d04       0x14
 .text.vPortEnableVFP
                0x00401d04       0x14 ./Output/port.o

.text.pxPortInitialiseStack
                0x00401d18       0x24
 .text.pxPortInitialiseStack
                0x00401d18       0x24 ./Output/port.o
                0x00401d18                pxPortInitialiseStack

.text.vPortEnterCritical
                0x00401d3c       0x30
 .text.vPortEnterCritical
                0x00401d3c       0x30 ./Output/port.o
                0x00401d3c                vPortEnterCritical

.text.vPortExitCritical
                0x00401d6c       0x18
 .text.vPortExitCritical
                0x00401d6c       0x18 ./Output/port.o
                0x00401d6c                vPortExitCritical

.text.xPortSysTickHandler
                0x00401d84       0x2c
 .text.xPortSysTickHandler
                0x00401d84       0x2c ./Output/port.o
                0x00401d84                xPortSysTickHandler

.text.vPortSetupTimerInterrupt
                0x00401db0       0x18
 .text.vPortSetupTimerInterrupt
                0x00401db0       0x18 ./Output/port.o
                0x00401db0                vPortSetupTimerInterrupt

.text.xPortStartScheduler
                0x00401dc8      0x118
 .text.xPortStartScheduler
                0x00401dc8      0x118 ./Output/port.o
                0x00401dc8                xPortStartScheduler

.text.useUart   0x00401ee0       0x68
 .text.useUart  0x00401ee0       0x68 ./Output/main.o
                0x00401ee0                useUart

.text.startup.main
                0x00401f48       0x2c
 .text.startup.main
                0x00401f48       0x2c ./Output/main.o
                0x00401f48                main

.text.Uart_Handler
                0x00401f74       0x14
 .text.Uart_Handler
                0x00401f74       0x14 ./Output/main.o
                0x00401f74                Uart_Handler

.text.Default_Handler
                0x00402000        0xc
 .text.Default_Handler
                0x00402000        0xc ./Output/startup.o

.text.HardFault_Handler
                0x00402100       0x18
 .text.HardFault_Handler
                0x00402100       0x18 ./Output/startup.o

.text.Reset_Handler
                0x00402118        0x4
 .text.Reset_Handler
                0x00402118        0x4 ./Output/startup.o
                0x00402118                Reset_Handler

.text.prvGetRegistersFromStack
                0x0040211c       0x54
 .text.prvGetRegistersFromStack
                0x0040211c       0x54 ./Output/startup.o
                0x0040211c                prvGetRegistersFromStack

.text.UART_init
                0x00402170       0x18
 .text.UART_init
                0x00402170       0x18 ./Output/uart.o
                0x00402170                UART_init

.text.UART_printf
                0x00402188       0x1c
 .text.UART_printf
                0x00402188       0x1c ./Output/uart.o
                0x00402188                UART_printf

.text.UART_getchar
                0x004021a4       0x14
 .text.UART_getchar
                0x004021a4       0x14 ./Output/uart.o
                0x004021a4                UART_getchar

.text.UART_clear_interrupt
                0x004021b8       0x14
 .text.UART_clear_interrupt
                0x004021b8       0x14 ./Output/uart.o
                0x004021b8                UART_clear_interrupt

.rel.dyn        0x004021cc        0x0
 .rel.iplt      0x004021cc        0x0 ./Output/tasks.o

.ARM.exidx      0x004021cc        0x8
 .ARM.exidx     0x004021cc        0x8 /usr/lib/gcc/arm-none-eabi/13.2.1/../../../arm-none-eabi/lib/thumb/v7e-m+fp/hard/libc_nano.a(libc_a-memchr.o)
 .ARM.exidx     0x004021d4        0x0 /usr/lib/gcc/arm-none-eabi/13.2.1/../../../arm-none-eabi/lib/thumb/v7e-m+fp/hard/libc_nano.a(libc_a-memcpy.o)
                                  0x8 (size before relaxing)

.data           0x20400000       0x50
                0x20400000                        . = ALIGN (0x8)
                0x20400000                        _data = .
                0x20400000                        _sdata = .
 *(vtable)
 *(.data)
 .data          0x20400000       0x50 /usr/lib/gcc/arm-none-eabi/13.2.1/../../../arm-none-eabi/lib/thumb/v7e-m+fp/hard/libc_nano.a(libc_a-impure.o)
                0x20400000                _impure_ptr
                0x20400004                _impure_data
                0x20400050                        _edata = .

.igot.plt       0x20400050        0x0
 .igot.plt      0x20400050        0x0 ./Output/tasks.o

.data.uxCriticalNesting
                0x20400050        0x4
 .data.uxCriticalNesting
                0x20400050        0x4 ./Output/port.o

.bss            0x20400054       0x14
                0x20400058                        . = ALIGN (0x8)
 *fill*         0x20400054        0x4 
                0x20400058                        _bss = .
                0x20400058                        _sbss = .
 *(.bss)
 .bss           0x20400058        0x8 /usr/lib/gcc/arm-none-eabi/13.2.1/../../../arm-none-eabi/lib/thumb/v7e-m+fp/hard/libc_nano.a(libc_a-mallocr.o)
                0x20400058                __malloc_sbrk_start
                0x2040005c                __malloc_free_list
 .bss           0x20400060        0x4 /usr/lib/gcc/arm-none-eabi/13.2.1/../../../arm-none-eabi/lib/thumb/v7e-m+fp/hard/libc_nano.a(libc_a-reent.o)
                0x20400060                errno
 .bss           0x20400064        0x4 /usr/lib/gcc/arm-none-eabi/13.2.1/../../../arm-none-eabi/lib/thumb/v7e-m+fp/hard/libnosys.a(sbrk.o)
                0x20400068                        _ebss = .

.bss.uxSchedulerSuspended
                0x20400068        0x4
 .bss.uxSchedulerSuspended
                0x20400068        0x4 ./Output/tasks.o

.bss.xIdleTaskHandles
                0x2040006c        0x4
 .bss.xIdleTaskHandles
                0x2040006c        0x4 ./Output/tasks.o

.bss.xNextTaskUnblockTime
                0x20400070        0x4
 .bss.xNextTaskUnblockTime
                0x20400070        0x4 ./Output/tasks.o

.bss.uxTaskNumber
                0x20400074        0x4
 .bss.uxTaskNumber
                0x20400074        0x4 ./Output/tasks.o

.bss.xNumOfOverflows
                0x20400078        0x4
 .bss.xNumOfOverflows
                0x20400078        0x4 ./Output/tasks.o

.bss.xYieldPendings
                0x2040007c        0x4
 .bss.xYieldPendings
                0x2040007c        0x4 ./Output/tasks.o

.bss.xPendedTicks
                0x20400080        0x4
 .bss.xPendedTicks
                0x20400080        0x4 ./Output/tasks.o

.bss.xSchedulerRunning
                0x20400084        0x4
 .bss.xSchedulerRunning
                0x20400084        0x4 ./Output/tasks.o

.bss.uxTopReadyPriority
                0x20400088        0x4
 .bss.uxTopReadyPriority
                0x20400088        0x4 ./Output/tasks.o

.bss.xTickCount
                0x2040008c        0x4
 .bss.xTickCount
                0x2040008c        0x4 ./Output/tasks.o

.bss.uxCurrentNumberOfTasks
                0x20400090        0x4
 .bss.uxCurrentNumberOfTasks
                0x20400090        0x4 ./Output/tasks.o

.bss.xSuspendedTaskList
                0x20400094       0x14
 .bss.xSuspendedTaskList
                0x20400094       0x14 ./Output/tasks.o

.bss.uxDeletedTasksWaitingCleanUp
                0x204000a8        0x4
 .bss.uxDeletedTasksWaitingCleanUp
                0x204000a8        0x4 ./Output/tasks.o

.bss.xTasksWaitingTermination
                0x204000ac       0x14
 .bss.xTasksWaitingTermination
                0x204000ac       0x14 ./Output/tasks.o

.bss.xPendingReadyList
                0x204000c0       0x14
 .bss.xPendingReadyList
                0x204000c0       0x14 ./Output/tasks.o

.bss.pxOverflowDelayedTaskList
                0x204000d4        0x4
 .bss.pxOverflowDelayedTaskList
                0x204000d4        0x4 ./Output/tasks.o

.bss.pxDelayedTaskList
                0x204000d8        0x4
 .bss.pxDelayedTaskList
                0x204000d8        0x4 ./Output/tasks.o

.bss.xDelayedTaskList2
                0x204000dc       0x14
 .bss.xDelayedTaskList2
                0x204000dc       0x14 ./Output/tasks.o

.bss.xDelayedTaskList1
                0x204000f0       0x14
 .bss.xDelayedTaskList1
                0x204000f0       0x14 ./Output/tasks.o

.bss.pxReadyTasksLists
                0x20400104       0xb4
 .bss.pxReadyTasksLists
                0x20400104       0xb4 ./Output/tasks.o

.bss.pxCurrentTCB
                0x204001b8        0x4
 .bss.pxCurrentTCB
                0x204001b8        0x4 ./Output/tasks.o
                0x204001b8                pxCurrentTCB

.bss.xNumberOfSuccessfulFrees
                0x204001bc        0x4
 .bss.xNumberOfSuccessfulFrees
                0x204001bc        0x4 ./Output/heap_4.o

.bss.xNumberOfSuccessfulAllocations
                0x204001c0        0x4
 .bss.xNumberOfSuccessfulAllocations
                0x204001c0        0x4 ./Output/heap_4.o

.bss.xMinimumEverFreeBytesRemaining
                0x204001c4        0x4
 .bss.xMinimumEverFreeBytesRemaining
                0x204001c4        0x4 ./Output/heap_4.o

.bss.xFreeBytesRemaining
                0x204001c8        0x4
 .bss.xFreeBytesRemaining
                0x204001c8        0x4 ./Output/heap_4.o

.bss.pxEnd      0x204001cc        0x4
 .bss.pxEnd     0x204001cc        0x4 ./Output/heap_4.o

.bss.xStart     0x204001d0        0x8
 .bss.xStart    0x204001d0        0x8 ./Output/heap_4.o

.bss.ucHeap     0x204001d8     0xf000
 .bss.ucHeap    0x204001d8     0xf000 ./Output/heap_4.o

.bss.ulMaxPRIGROUPValue
                0x2040f1d8        0x4
 .bss.ulMaxPRIGROUPValue
                0x2040f1d8        0x4 ./Output/port.o

.bss.ucMaxSysCallPriority
                0x2040f1dc        0x1
 .bss.ucMaxSysCallPriority
                0x2040f1dc        0x1 ./Output/port.o

.bss.psr        0x2040f1e0        0x4
 .bss.psr       0x2040f1e0        0x4 ./Output/startup.o
                0x2040f1e0                psr

.bss.pc         0x2040f1e4        0x4
 .bss.pc        0x2040f1e4        0x4 ./Output/startup.o
                0x2040f1e4                pc

.bss.lr         0x2040f1e8        0x4
 .bss.lr        0x2040f1e8        0x4 ./Output/startup.o
                0x2040f1e8                lr

.bss.r12        0x2040f1ec        0x4
 .bss.r12       0x2040f1ec        0x4 ./Output/startup.o
                0x2040f1ec                r12

.bss.r3         0x2040f1f0        0x4
 .bss.r3        0x2040f1f0        0x4 ./Output/startup.o
                0x2040f1f0                r3

.bss.r2         0x2040f1f4        0x4
 .bss.r2        0x2040f1f4        0x4 ./Output/startup.o
                0x2040f1f4                r2

.bss.r1         0x2040f1f8        0x4
 .bss.r1        0x2040f1f8        0x4 ./Output/startup.o
                0x2040f1f8                r1

.bss.r0         0x2040f1fc        0x4
 .bss.r0        0x2040f1fc        0x4 ./Output/startup.o
                0x2040f1fc                r0

.heap           0x2040f200    0x10000
                0x2040f200                        . = ALIGN (0x8)
                0x2040f200                        PROVIDE (end = .)
                [!provide]                        PROVIDE (_end = .)
                0x2040f200                        _heap_bottom = .
                0x2041e200                        . = (. + __HEAP_SIZE)
 *fill*         0x2040f200     0xf000 
                0x2041e200                        _heap_top = .
                0x2041f200                        . = (. + __STACK_SIZE)
 *fill*         0x2041e200     0x1000 
                0x2041f200                        . = ALIGN (0x8)
                0x20440000                        __StackTop = (ORIGIN (M7_0_SRAM) + LENGTH (M7_0_SRAM))
                0x2043f000                        __StackLimit = (__StackTop - __STACK_SIZE)
                [!provide]                        PROVIDE (__stack = __StackTop)
OUTPUT(./Output/demo.elf elf32-littlearm)
LOAD linker stubs

.debug_info     0x00000000     0xaf23
 .debug_info    0x00000000     0x3063 ./Output/tasks.o
 .debug_info    0x00003063      0x2b2 ./Output/list.o
 .debug_info    0x00003315      0x5d7 ./Output/heap_4.o
 .debug_info    0x000038ec      0x47e ./Output/port.o
 .debug_info    0x00003d6a      0x3d7 ./Output/main.o
 .debug_info    0x00004141      0x1be ./Output/startup.o
 .debug_info    0x000042ff       0xf5 ./Output/uart.o
 .debug_info    0x000043f4      0x87b /usr/lib/gcc/arm-none-eabi/13.2.1/../../../arm-none-eabi/lib/thumb/v7e-m+fp/hard/libc_nano.a(libc_a-sprintf.o)
 .debug_info    0x00004c6f      0x70b /usr/lib/gcc/arm-none-eabi/13.2.1/../../../arm-none-eabi/lib/thumb/v7e-m+fp/hard/libc_nano.a(libc_a-impure.o)
 .debug_info    0x0000537a     0x1092 /usr/lib/gcc/arm-none-eabi/13.2.1/../../../arm-none-eabi/lib/thumb/v7e-m+fp/hard/libc_nano.a(libc_a-nano-svfprintf.o)
 .debug_info    0x0000640c      0x135 /usr/lib/gcc/arm-none-eabi/13.2.1/../../../arm-none-eabi/lib/thumb/v7e-m+fp/hard/libc_nano.a(libc_a-memset.o)
 .debug_info    0x00006541      0x9b6 /usr/lib/gcc/arm-none-eabi/13.2.1/../../../arm-none-eabi/lib/thumb/v7e-m+fp/hard/libc_nano.a(libc_a-mallocr.o)
 .debug_info    0x00006ef7      0x87f /usr/lib/gcc/arm-none-eabi/13.2.1/../../../arm-none-eabi/lib/thumb/v7e-m+fp/hard/libc_nano.a(libc_a-freer.o)
 .debug_info    0x00007776      0x148 /usr/lib/gcc/arm-none-eabi/13.2.1/../../../arm-none-eabi/lib/thumb/v7e-m+fp/hard/libc_nano.a(libc_a-memmove.o)
 .debug_info    0x000078be       0x25 /usr/lib/gcc/arm-none-eabi/13.2.1/../../../arm-none-eabi/lib/thumb/v7e-m+fp/hard/libc_nano.a(libc_a-memchr.o)
 .debug_info    0x000078e3       0x33 /usr/lib/gcc/arm-none-eabi/13.2.1/../../../arm-none-eabi/lib/thumb/v7e-m+fp/hard/libc_nano.a(libc_a-memcpy.o)
 .debug_info    0x00007916      0x8cd /usr/lib/gcc/arm-none-eabi/13.2.1/../../../arm-none-eabi/lib/thumb/v7e-m+fp/hard/libc_nano.a(libc_a-reallocr.o)
 .debug_info    0x000081e3      0xdd7 /usr/lib/gcc/arm-none-eabi/13.2.1/../../../arm-none-eabi/lib/thumb/v7e-m+fp/hard/libc_nano.a(libc_a-nano-vfprintf_i.o)
 .debug_info    0x00008fba      0x71c /usr/lib/gcc/arm-none-eabi/13.2.1/../../../arm-none-eabi/lib/thumb/v7e-m+fp/hard/libc_nano.a(libc_a-mlock.o)
 .debug_info    0x000096d6      0x778 /usr/lib/gcc/arm-none-eabi/13.2.1/../../../arm-none-eabi/lib/thumb/v7e-m+fp/hard/libc_nano.a(libc_a-sbrkr.o)
 .debug_info    0x00009e4e      0x78a /usr/lib/gcc/arm-none-eabi/13.2.1/../../../arm-none-eabi/lib/thumb/v7e-m+fp/hard/libc_nano.a(libc_a-msizer.o)
 .debug_info    0x0000a5d8      0x89f /usr/lib/gcc/arm-none-eabi/13.2.1/../../../arm-none-eabi/lib/thumb/v7e-m+fp/hard/libc_nano.a(libc_a-reent.o)
 .debug_info    0x0000ae77       0xac /usr/lib/gcc/arm-none-eabi/13.2.1/../../../arm-none-eabi/lib/thumb/v7e-m+fp/hard/libnosys.a(sbrk.o)

.debug_abbrev   0x00000000     0x2817
 .debug_abbrev  0x00000000      0x4ff ./Output/tasks.o
 .debug_abbrev  0x000004ff      0x105 ./Output/list.o
 .debug_abbrev  0x00000604      0x2d2 ./Output/heap_4.o
 .debug_abbrev  0x000008d6      0x290 ./Output/port.o
 .debug_abbrev  0x00000b66      0x1cf ./Output/main.o
 .debug_abbrev  0x00000d35      0x134 ./Output/startup.o
 .debug_abbrev  0x00000e69       0xb0 ./Output/uart.o
 .debug_abbrev  0x00000f19      0x21c /usr/lib/gcc/arm-none-eabi/13.2.1/../../../arm-none-eabi/lib/thumb/v7e-m+fp/hard/libc_nano.a(libc_a-sprintf.o)
 .debug_abbrev  0x00001135      0x149 /usr/lib/gcc/arm-none-eabi/13.2.1/../../../arm-none-eabi/lib/thumb/v7e-m+fp/hard/libc_nano.a(libc_a-impure.o)
 .debug_abbrev  0x0000127e      0x32f /usr/lib/gcc/arm-none-eabi/13.2.1/../../../arm-none-eabi/lib/thumb/v7e-m+fp/hard/libc_nano.a(libc_a-nano-svfprintf.o)
 .debug_abbrev  0x000015ad       0xb7 /usr/lib/gcc/arm-none-eabi/13.2.1/../../../arm-none-eabi/lib/thumb/v7e-m+fp/hard/libc_nano.a(libc_a-memset.o)
 .debug_abbrev  0x00001664      0x24a /usr/lib/gcc/arm-none-eabi/13.2.1/../../../arm-none-eabi/lib/thumb/v7e-m+fp/hard/libc_nano.a(libc_a-mallocr.o)
 .debug_abbrev  0x000018ae      0x249 /usr/lib/gcc/arm-none-eabi/13.2.1/../../../arm-none-eabi/lib/thumb/v7e-m+fp/hard/libc_nano.a(libc_a-freer.o)
 .debug_abbrev  0x00001af7       0xc3 /usr/lib/gcc/arm-none-eabi/13.2.1/../../../arm-none-eabi/lib/thumb/v7e-m+fp/hard/libc_nano.a(libc_a-memmove.o)
 .debug_abbrev  0x00001bba       0x14 /usr/lib/gcc/arm-none-eabi/13.2.1/../../../arm-none-eabi/lib/thumb/v7e-m+fp/hard/libc_nano.a(libc_a-memchr.o)
 .debug_abbrev  0x00001bce       0x28 /usr/lib/gcc/arm-none-eabi/13.2.1/../../../arm-none-eabi/lib/thumb/v7e-m+fp/hard/libc_nano.a(libc_a-memcpy.o)
 .debug_abbrev  0x00001bf6      0x20c /usr/lib/gcc/arm-none-eabi/13.2.1/../../../arm-none-eabi/lib/thumb/v7e-m+fp/hard/libc_nano.a(libc_a-reallocr.o)
 .debug_abbrev  0x00001e02      0x284 /usr/lib/gcc/arm-none-eabi/13.2.1/../../../arm-none-eabi/lib/thumb/v7e-m+fp/hard/libc_nano.a(libc_a-nano-vfprintf_i.o)
 .debug_abbrev  0x00002086      0x192 /usr/lib/gcc/arm-none-eabi/13.2.1/../../../arm-none-eabi/lib/thumb/v7e-m+fp/hard/libc_nano.a(libc_a-mlock.o)
 .debug_abbrev  0x00002218      0x1da /usr/lib/gcc/arm-none-eabi/13.2.1/../../../arm-none-eabi/lib/thumb/v7e-m+fp/hard/libc_nano.a(libc_a-sbrkr.o)
 .debug_abbrev  0x000023f2      0x196 /usr/lib/gcc/arm-none-eabi/13.2.1/../../../arm-none-eabi/lib/thumb/v7e-m+fp/hard/libc_nano.a(libc_a-msizer.o)
 .debug_abbrev  0x00002588      0x1ee /usr/lib/gcc/arm-none-eabi/13.2.1/../../../arm-none-eabi/lib/thumb/v7e-m+fp/hard/libc_nano.a(libc_a-reent.o)
 .debug_abbrev  0x00002776       0xa1 /usr/lib/gcc/arm-none-eabi/13.2.1/../../../arm-none-eabi/lib/thumb/v7e-m+fp/hard/libnosys.a(sbrk.o)

.debug_loclists
                0x00000000     0x34b8
 .debug_loclists
                0x00000000     0x1af2 ./Output/tasks.o
 .debug_loclists
                0x00001af2       0x77 ./Output/list.o
 .debug_loclists
                0x00001b69      0x371 ./Output/heap_4.o
 .debug_loclists
                0x00001eda       0x90 ./Output/port.o
 .debug_loclists
                0x00001f6a       0xc8 ./Output/main.o
 .debug_loclists
                0x00002032       0x32 ./Output/uart.o
 .debug_loclists
                0x00002064       0x88 /usr/lib/gcc/arm-none-eabi/13.2.1/../../../arm-none-eabi/lib/thumb/v7e-m+fp/hard/libc_nano.a(libc_a-sprintf.o)
 .debug_loclists
                0x000020ec      0x56b /usr/lib/gcc/arm-none-eabi/13.2.1/../../../arm-none-eabi/lib/thumb/v7e-m+fp/hard/libc_nano.a(libc_a-nano-svfprintf.o)
 .debug_loclists
                0x00002657      0x1c2 /usr/lib/gcc/arm-none-eabi/13.2.1/../../../arm-none-eabi/lib/thumb/v7e-m+fp/hard/libc_nano.a(libc_a-memset.o)
 .debug_loclists
                0x00002819      0x263 /usr/lib/gcc/arm-none-eabi/13.2.1/../../../arm-none-eabi/lib/thumb/v7e-m+fp/hard/libc_nano.a(libc_a-mallocr.o)
 .debug_loclists
                0x00002a7c      0x164 /usr/lib/gcc/arm-none-eabi/13.2.1/../../../arm-none-eabi/lib/thumb/v7e-m+fp/hard/libc_nano.a(libc_a-freer.o)
 .debug_loclists
                0x00002be0      0x233 /usr/lib/gcc/arm-none-eabi/13.2.1/../../../arm-none-eabi/lib/thumb/v7e-m+fp/hard/libc_nano.a(libc_a-memmove.o)
 .debug_loclists
                0x00002e13      0x102 /usr/lib/gcc/arm-none-eabi/13.2.1/../../../arm-none-eabi/lib/thumb/v7e-m+fp/hard/libc_nano.a(libc_a-reallocr.o)
 .debug_loclists
                0x00002f15      0x44f /usr/lib/gcc/arm-none-eabi/13.2.1/../../../arm-none-eabi/lib/thumb/v7e-m+fp/hard/libc_nano.a(libc_a-nano-vfprintf_i.o)
 .debug_loclists
                0x00003364       0x4b /usr/lib/gcc/arm-none-eabi/13.2.1/../../../arm-none-eabi/lib/thumb/v7e-m+fp/hard/libc_nano.a(libc_a-sbrkr.o)
 .debug_loclists
                0x000033af       0x59 /usr/lib/gcc/arm-none-eabi/13.2.1/../../../arm-none-eabi/lib/thumb/v7e-m+fp/hard/libc_nano.a(libc_a-msizer.o)
 .debug_loclists
                0x00003408       0x80 /usr/lib/gcc/arm-none-eabi/13.2.1/../../../arm-none-eabi/lib/thumb/v7e-m+fp/hard/libc_nano.a(libc_a-reent.o)
 .debug_loclists
                0x00003488       0x30 /usr/lib/gcc/arm-none-eabi/13.2.1/../../../arm-none-eabi/lib/thumb/v7e-m+fp/hard/libnosys.a(sbrk.o)

.debug_aranges  0x00000000      0x5a0
 .debug_aranges
                0x00000000      0x1f0 ./Output/tasks.o
 .debug_aranges
                0x000001f0       0x40 ./Output/list.o
 .debug_aranges
                0x00000230       0x58 ./Output/heap_4.o
 .debug_aranges
                0x00000288       0x80 ./Output/port.o
 .debug_aranges
                0x00000308       0x30 ./Output/main.o
 .debug_aranges
                0x00000338       0x38 ./Output/startup.o
 .debug_aranges
                0x00000370       0x38 ./Output/uart.o
 .debug_aranges
                0x000003a8       0x20 /usr/lib/gcc/arm-none-eabi/13.2.1/../../../arm-none-eabi/lib/thumb/v7e-m+fp/hard/libc_nano.a(libc_a-sprintf.o)
 .debug_aranges
                0x000003c8       0x18 /usr/lib/gcc/arm-none-eabi/13.2.1/../../../arm-none-eabi/lib/thumb/v7e-m+fp/hard/libc_nano.a(libc_a-impure.o)
 .debug_aranges
                0x000003e0       0x20 /usr/lib/gcc/arm-none-eabi/13.2.1/../../../arm-none-eabi/lib/thumb/v7e-m+fp/hard/libc_nano.a(libc_a-nano-svfprintf.o)
 .debug_aranges
                0x00000400       0x20 /usr/lib/gcc/arm-none-eabi/13.2.1/../../../arm-none-eabi/lib/thumb/v7e-m+fp/hard/libc_nano.a(libc_a-memset.o)
 .debug_aranges
                0x00000420       0x20 /usr/lib/gcc/arm-none-eabi/13.2.1/../../../arm-none-eabi/lib/thumb/v7e-m+fp/hard/libc_nano.a(libc_a-mallocr.o)
 .debug_aranges
                0x00000440       0x20 /usr/lib/gcc/arm-none-eabi/13.2.1/../../../arm-none-eabi/lib/thumb/v7e-m+fp/hard/libc_nano.a(libc_a-freer.o)
 .debug_aranges
                0x00000460       0x20 /usr/lib/gcc/arm-none-eabi/13.2.1/../../../arm-none-eabi/lib/thumb/v7e-m+fp/hard/libc_nano.a(libc_a-memmove.o)
 .debug_aranges
                0x00000480       0x20 /usr/lib/gcc/arm-none-eabi/13.2.1/../../../arm-none-eabi/lib/thumb/v7e-m+fp/hard/libc_nano.a(libc_a-memchr.o)
 .debug_aranges
                0x000004a0       0x20 /usr/lib/gcc/arm-none-eabi/13.2.1/../../../arm-none-eabi/lib/thumb/v7e-m+fp/hard/libc_nano.a(libc_a-memcpy.o)
 .debug_aranges
                0x000004c0       0x20 /usr/lib/gcc/arm-none-eabi/13.2.1/../../../arm-none-eabi/lib/thumb/v7e-m+fp/hard/libc_nano.a(libc_a-reallocr.o)
 .debug_aranges
                0x000004e0       0x20 /usr/lib/gcc/arm-none-eabi/13.2.1/../../../arm-none-eabi/lib/thumb/v7e-m+fp/hard/libc_nano.a(libc_a-nano-vfprintf_i.o)
 .debug_aranges
                0x00000500       0x20 /usr/lib/gcc/arm-none-eabi/13.2.1/../../../arm-none-eabi/lib/thumb/v7e-m+fp/hard/libc_nano.a(libc_a-mlock.o)
 .debug_aranges
                0x00000520       0x20 /usr/lib/gcc/arm-none-eabi/13.2.1/../../../arm-none-eabi/lib/thumb/v7e-m+fp/hard/libc_nano.a(libc_a-sbrkr.o)
 .debug_aranges
                0x00000540       0x20 /usr/lib/gcc/arm-none-eabi/13.2.1/../../../arm-none-eabi/lib/thumb/v7e-m+fp/hard/libc_nano.a(libc_a-msizer.o)
 .debug_aranges
                0x00000560       0x20 /usr/lib/gcc/arm-none-eabi/13.2.1/../../../arm-none-eabi/lib/thumb/v7e-m+fp/hard/libc_nano.a(libc_a-reent.o)
 .debug_aranges
                0x00000580       0x20 /usr/lib/gcc/arm-none-eabi/13.2.1/../../../arm-none-eabi/lib/thumb/v7e-m+fp/hard/libnosys.a(sbrk.o)

.debug_rnglists
                0x00000000      0x51f
 .debug_rnglists
                0x00000000      0x2e1 ./Output/tasks.o
 .debug_rnglists
                0x000002e1       0x2b ./Output/list.o
 .debug_rnglists
                0x0000030c       0x4c ./Output/heap_4.o
 .debug_rnglists
                0x00000358       0x79 ./Output/port.o
 .debug_rnglists
                0x000003d1       0x2b ./Output/main.o
 .debug_rnglists
                0x000003fc       0x25 ./Output/startup.o
 .debug_rnglists
                0x00000421       0x25 ./Output/uart.o
 .debug_rnglists
                0x00000446       0x42 /usr/lib/gcc/arm-none-eabi/13.2.1/../../../arm-none-eabi/lib/thumb/v7e-m+fp/hard/libc_nano.a(libc_a-nano-svfprintf.o)
 .debug_rnglists
                0x00000488       0x1e /usr/lib/gcc/arm-none-eabi/13.2.1/../../../arm-none-eabi/lib/thumb/v7e-m+fp/hard/libc_nano.a(libc_a-mallocr.o)
 .debug_rnglists
                0x000004a6       0x13 /usr/lib/gcc/arm-none-eabi/13.2.1/../../../arm-none-eabi/lib/thumb/v7e-m+fp/hard/libc_nano.a(libc_a-freer.o)
 .debug_rnglists
                0x000004b9       0x66 /usr/lib/gcc/arm-none-eabi/13.2.1/../../../arm-none-eabi/lib/thumb/v7e-m+fp/hard/libc_nano.a(libc_a-nano-vfprintf_i.o)

.debug_macro    0x00000000     0x3e09
 .debug_macro   0x00000000      0x289 ./Output/tasks.o
 .debug_macro   0x00000289      0xacc ./Output/tasks.o
 .debug_macro   0x00000d55       0x2a ./Output/tasks.o
 .debug_macro   0x00000d7f       0x22 ./Output/tasks.o
 .debug_macro   0x00000da1       0x60 ./Output/tasks.o
 .debug_macro   0x00000e01       0x94 ./Output/tasks.o
 .debug_macro   0x00000e95       0x3c ./Output/tasks.o
 .debug_macro   0x00000ed1       0x34 ./Output/tasks.o
 .debug_macro   0x00000f05       0x16 ./Output/tasks.o
 .debug_macro   0x00000f1b      0x11c ./Output/tasks.o
 .debug_macro   0x00001037       0x9b ./Output/tasks.o
 .debug_macro   0x000010d2       0x57 ./Output/tasks.o
 .debug_macro   0x00001129      0x370 ./Output/tasks.o
 .debug_macro   0x00001499       0x16 ./Output/tasks.o
 .debug_macro   0x000014af       0x4a ./Output/tasks.o
 .debug_macro   0x000014f9       0x34 ./Output/tasks.o
 .debug_macro   0x0000152d       0x10 ./Output/tasks.o
 .debug_macro   0x0000153d       0x52 ./Output/tasks.o
 .debug_macro   0x0000158f      0x1de ./Output/tasks.o
 .debug_macro   0x0000176d       0x16 ./Output/tasks.o
 .debug_macro   0x00001783       0x29 ./Output/tasks.o
 .debug_macro   0x000017ac       0x16 ./Output/tasks.o
 .debug_macro   0x000017c2       0x3c ./Output/tasks.o
 .debug_macro   0x000017fe      0x34e ./Output/tasks.o
 .debug_macro   0x00001b4c       0x16 ./Output/tasks.o
 .debug_macro   0x00001b62      0x184 ./Output/tasks.o
 .debug_macro   0x00001ce6       0x1c ./Output/tasks.o
 .debug_macro   0x00001d02      0x182 ./Output/tasks.o
 .debug_macro   0x00001e84       0xe7 ./Output/tasks.o
 .debug_macro   0x00001f6b       0x2e ./Output/tasks.o
 .debug_macro   0x00001f99       0x1f ./Output/tasks.o
 .debug_macro   0x00001fb8       0x12 ./Output/tasks.o
 .debug_macro   0x00001fca      0xfd0 ./Output/tasks.o
 .debug_macro   0x00002f9a       0xc3 ./Output/tasks.o
 .debug_macro   0x0000305d      0x14f ./Output/tasks.o
 .debug_macro   0x000031ac       0x98 ./Output/tasks.o
 .debug_macro   0x00003244       0x17 ./Output/tasks.o
 .debug_macro   0x0000325b      0x171 ./Output/list.o
 .debug_macro   0x000033cc      0x201 ./Output/heap_4.o
 .debug_macro   0x000035cd      0x186 ./Output/port.o
 .debug_macro   0x00003753      0x190 ./Output/port.o
 .debug_macro   0x000038e3      0x18f ./Output/main.o
 .debug_macro   0x00003a72       0x16 ./Output/main.o
 .debug_macro   0x00003a88       0x10 ./Output/main.o
 .debug_macro   0x00003a98       0x16 ./Output/main.o
 .debug_macro   0x00003aae       0x16 ./Output/main.o
 .debug_macro   0x00003ac4      0x170 ./Output/main.o
 .debug_macro   0x00003c34       0x9a ./Output/main.o
 .debug_macro   0x00003cce       0x1a ./Output/startup.o
 .debug_macro   0x00003ce8       0x8d ./Output/uart.o
 .debug_macro   0x00003d75       0x94 ./Output/uart.o

.debug_line     0x00000000     0x69fa
 .debug_line    0x00000000     0x29e6 ./Output/tasks.o
 .debug_line    0x000029e6      0x442 ./Output/list.o
 .debug_line    0x00002e28      0x840 ./Output/heap_4.o
 .debug_line    0x00003668      0x57a ./Output/port.o
 .debug_line    0x00003be2      0x31b ./Output/main.o
 .debug_line    0x00003efd      0x100 ./Output/startup.o
 .debug_line    0x00003ffd      0x20f ./Output/uart.o
 .debug_line    0x0000420c      0x224 /usr/lib/gcc/arm-none-eabi/13.2.1/../../../arm-none-eabi/lib/thumb/v7e-m+fp/hard/libc_nano.a(libc_a-sprintf.o)
 .debug_line    0x00004430       0xe7 /usr/lib/gcc/arm-none-eabi/13.2.1/../../../arm-none-eabi/lib/thumb/v7e-m+fp/hard/libc_nano.a(libc_a-impure.o)
 .debug_line    0x00004517      0x854 /usr/lib/gcc/arm-none-eabi/13.2.1/../../../arm-none-eabi/lib/thumb/v7e-m+fp/hard/libc_nano.a(libc_a-nano-svfprintf.o)
 .debug_line    0x00004d6b      0x1b6 /usr/lib/gcc/arm-none-eabi/13.2.1/../../../arm-none-eabi/lib/thumb/v7e-m+fp/hard/libc_nano.a(libc_a-memset.o)
 .debug_line    0x00004f21      0x446 /usr/lib/gcc/arm-none-eabi/13.2.1/../../../arm-none-eabi/lib/thumb/v7e-m+fp/hard/libc_nano.a(libc_a-mallocr.o)
 .debug_line    0x00005367      0x2c3 /usr/lib/gcc/arm-none-eabi/13.2.1/../../../arm-none-eabi/lib/thumb/v7e-m+fp/hard/libc_nano.a(libc_a-freer.o)
 .debug_line    0x0000562a      0x1f1 /usr/lib/gcc/arm-none-eabi/13.2.1/../../../arm-none-eabi/lib/thumb/v7e-m+fp/hard/libc_nano.a(libc_a-memmove.o)
 .debug_line    0x0000581b       0x84 /usr/lib/gcc/arm-none-eabi/13.2.1/../../../arm-none-eabi/lib/thumb/v7e-m+fp/hard/libc_nano.a(libc_a-memchr.o)
 .debug_line    0x0000589f       0xb9 /usr/lib/gcc/arm-none-eabi/13.2.1/../../../arm-none-eabi/lib/thumb/v7e-m+fp/hard/libc_nano.a(libc_a-memcpy.o)
 .debug_line    0x00005958      0x1f8 /usr/lib/gcc/arm-none-eabi/13.2.1/../../../arm-none-eabi/lib/thumb/v7e-m+fp/hard/libc_nano.a(libc_a-reallocr.o)
 .debug_line    0x00005b50      0x75d /usr/lib/gcc/arm-none-eabi/13.2.1/../../../arm-none-eabi/lib/thumb/v7e-m+fp/hard/libc_nano.a(libc_a-nano-vfprintf_i.o)
 .debug_line    0x000062ad      0x153 /usr/lib/gcc/arm-none-eabi/13.2.1/../../../arm-none-eabi/lib/thumb/v7e-m+fp/hard/libc_nano.a(libc_a-mlock.o)
 .debug_line    0x00006400      0x193 /usr/lib/gcc/arm-none-eabi/13.2.1/../../../arm-none-eabi/lib/thumb/v7e-m+fp/hard/libc_nano.a(libc_a-sbrkr.o)
 .debug_line    0x00006593      0x176 /usr/lib/gcc/arm-none-eabi/13.2.1/../../../arm-none-eabi/lib/thumb/v7e-m+fp/hard/libc_nano.a(libc_a-msizer.o)
 .debug_line    0x00006709      0x27b /usr/lib/gcc/arm-none-eabi/13.2.1/../../../arm-none-eabi/lib/thumb/v7e-m+fp/hard/libc_nano.a(libc_a-reent.o)
 .debug_line    0x00006984       0x76 /usr/lib/gcc/arm-none-eabi/13.2.1/../../../arm-none-eabi/lib/thumb/v7e-m+fp/hard/libnosys.a(sbrk.o)

.debug_str      0x00000000    0x15ab7
 .debug_str     0x00000000    0x15ab7 ./Output/tasks.o
                              0x136c1 (size before relaxing)
 .debug_str     0x00015ab7     0xff8c ./Output/list.o
 .debug_str     0x00015ab7    0x11a7f ./Output/heap_4.o
 .debug_str     0x00015ab7     0xeeaf ./Output/port.o
 .debug_str     0x00015ab7    0x11be1 ./Output/main.o
 .debug_str     0x00015ab7     0x39a3 ./Output/startup.o
 .debug_str     0x00015ab7     0xc72c ./Output/uart.o
 .debug_str     0x00015ab7      0x4fb /usr/lib/gcc/arm-none-eabi/13.2.1/../../../arm-none-eabi/lib/thumb/v7e-m+fp/hard/libc_nano.a(libc_a-sprintf.o)
 .debug_str     0x00015ab7      0x4bc /usr/lib/gcc/arm-none-eabi/13.2.1/../../../arm-none-eabi/lib/thumb/v7e-m+fp/hard/libc_nano.a(libc_a-impure.o)
 .debug_str     0x00015ab7      0x805 /usr/lib/gcc/arm-none-eabi/13.2.1/../../../arm-none-eabi/lib/thumb/v7e-m+fp/hard/libc_nano.a(libc_a-nano-svfprintf.o)
 .debug_str     0x00015ab7      0x1ad /usr/lib/gcc/arm-none-eabi/13.2.1/../../../arm-none-eabi/lib/thumb/v7e-m+fp/hard/libc_nano.a(libc_a-memset.o)
 .debug_str     0x00015ab7      0x59d /usr/lib/gcc/arm-none-eabi/13.2.1/../../../arm-none-eabi/lib/thumb/v7e-m+fp/hard/libc_nano.a(libc_a-mallocr.o)
 .debug_str     0x00015ab7      0x53c /usr/lib/gcc/arm-none-eabi/13.2.1/../../../arm-none-eabi/lib/thumb/v7e-m+fp/hard/libc_nano.a(libc_a-freer.o)
 .debug_str     0x00015ab7      0x1cc /usr/lib/gcc/arm-none-eabi/13.2.1/../../../arm-none-eabi/lib/thumb/v7e-m+fp/hard/libc_nano.a(libc_a-memmove.o)
 .debug_str     0x00015ab7       0x9e /usr/lib/gcc/arm-none-eabi/13.2.1/../../../arm-none-eabi/lib/thumb/v7e-m+fp/hard/libc_nano.a(libc_a-memchr.o)
 .debug_str     0x00015ab7       0xac /usr/lib/gcc/arm-none-eabi/13.2.1/../../../arm-none-eabi/lib/thumb/v7e-m+fp/hard/libc_nano.a(libc_a-memcpy.o)
 .debug_str     0x00015ab7      0x532 /usr/lib/gcc/arm-none-eabi/13.2.1/../../../arm-none-eabi/lib/thumb/v7e-m+fp/hard/libc_nano.a(libc_a-reallocr.o)
 .debug_str     0x00015ab7      0x79b /usr/lib/gcc/arm-none-eabi/13.2.1/../../../arm-none-eabi/lib/thumb/v7e-m+fp/hard/libc_nano.a(libc_a-nano-vfprintf_i.o)
 .debug_str     0x00015ab7      0x4da /usr/lib/gcc/arm-none-eabi/13.2.1/../../../arm-none-eabi/lib/thumb/v7e-m+fp/hard/libc_nano.a(libc_a-mlock.o)
 .debug_str     0x00015ab7      0x4c5 /usr/lib/gcc/arm-none-eabi/13.2.1/../../../arm-none-eabi/lib/thumb/v7e-m+fp/hard/libc_nano.a(libc_a-sbrkr.o)
 .debug_str     0x00015ab7      0x505 /usr/lib/gcc/arm-none-eabi/13.2.1/../../../arm-none-eabi/lib/thumb/v7e-m+fp/hard/libc_nano.a(libc_a-msizer.o)
 .debug_str     0x00015ab7      0x4db /usr/lib/gcc/arm-none-eabi/13.2.1/../../../arm-none-eabi/lib/thumb/v7e-m+fp/hard/libc_nano.a(libc_a-reent.o)
 .debug_str     0x00015ab7      0x11d /usr/lib/gcc/arm-none-eabi/13.2.1/../../../arm-none-eabi/lib/thumb/v7e-m+fp/hard/libnosys.a(sbrk.o)

.comment        0x00000000       0x26
 .comment       0x00000000       0x26 ./Output/tasks.o
                                 0x27 (size before relaxing)
 .comment       0x00000026       0x27 ./Output/list.o
 .comment       0x00000026       0x27 ./Output/heap_4.o
 .comment       0x00000026       0x27 ./Output/port.o
 .comment       0x00000026       0x27 ./Output/main.o
 .comment       0x00000026       0x27 ./Output/startup.o
 .comment       0x00000026       0x27 ./Output/uart.o
 .comment       0x00000026       0x27 /usr/lib/gcc/arm-none-eabi/13.2.1/../../../arm-none-eabi/lib/thumb/v7e-m+fp/hard/libc_nano.a(libc_a-sprintf.o)
 .comment       0x00000026       0x27 /usr/lib/gcc/arm-none-eabi/13.2.1/../../../arm-none-eabi/lib/thumb/v7e-m+fp/hard/libc_nano.a(libc_a-impure.o)
 .comment       0x00000026       0x27 /usr/lib/gcc/arm-none-eabi/13.2.1/../../../arm-none-eabi/lib/thumb/v7e-m+fp/hard/libc_nano.a(libc_a-nano-svfprintf.o)
 .comment       0x00000026       0x27 /usr/lib/gcc/arm-none-eabi/13.2.1/../../../arm-none-eabi/lib/thumb/v7e-m+fp/hard/libc_nano.a(libc_a-memset.o)
 .comment       0x00000026       0x27 /usr/lib/gcc/arm-none-eabi/13.2.1/../../../arm-none-eabi/lib/thumb/v7e-m+fp/hard/libc_nano.a(libc_a-mallocr.o)
 .comment       0x00000026       0x27 /usr/lib/gcc/arm-none-eabi/13.2.1/../../../arm-none-eabi/lib/thumb/v7e-m+fp/hard/libc_nano.a(libc_a-freer.o)
 .comment       0x00000026       0x27 /usr/lib/gcc/arm-none-eabi/13.2.1/../../../arm-none-eabi/lib/thumb/v7e-m+fp/hard/libc_nano.a(libc_a-memmove.o)
 .comment       0x00000026       0x27 /usr/lib/gcc/arm-none-eabi/13.2.1/../../../arm-none-eabi/lib/thumb/v7e-m+fp/hard/libc_nano.a(libc_a-reallocr.o)
 .comment       0x00000026       0x27 /usr/lib/gcc/arm-none-eabi/13.2.1/../../../arm-none-eabi/lib/thumb/v7e-m+fp/hard/libc_nano.a(libc_a-nano-vfprintf_i.o)
 .comment       0x00000026       0x27 /usr/lib/gcc/arm-none-eabi/13.2.1/../../../arm-none-eabi/lib/thumb/v7e-m+fp/hard/libc_nano.a(libc_a-mlock.o)
 .comment       0x00000026       0x27 /usr/lib/gcc/arm-none-eabi/13.2.1/../../../arm-none-eabi/lib/thumb/v7e-m+fp/hard/libc_nano.a(libc_a-sbrkr.o)
 .comment       0x00000026       0x27 /usr/lib/gcc/arm-none-eabi/13.2.1/../../../arm-none-eabi/lib/thumb/v7e-m+fp/hard/libc_nano.a(libc_a-msizer.o)
 .comment       0x00000026       0x27 /usr/lib/gcc/arm-none-eabi/13.2.1/../../../arm-none-eabi/lib/thumb/v7e-m+fp/hard/libc_nano.a(libc_a-reent.o)
 .comment       0x00000026       0x27 /usr/lib/gcc/arm-none-eabi/13.2.1/../../../arm-none-eabi/lib/thumb/v7e-m+fp/hard/libnosys.a(sbrk.o)

.ARM.attributes
                0x00000000       0x32
 .ARM.attributes
                0x00000000       0x34 ./Output/tasks.o
 .ARM.attributes
                0x00000034       0x34 ./Output/list.o
 .ARM.attributes
                0x00000068       0x34 ./Output/heap_4.o
 .ARM.attributes
                0x0000009c       0x34 ./Output/port.o
 .ARM.attributes
                0x000000d0       0x34 ./Output/main.o
 .ARM.attributes
                0x00000104       0x34 ./Output/startup.o
 .ARM.attributes
                0x00000138       0x34 ./Output/uart.o
 .ARM.attributes
                0x0000016c       0x34 /usr/lib/gcc/arm-none-eabi/13.2.1/../../../arm-none-eabi/lib/thumb/v7e-m+fp/hard/libc_nano.a(libc_a-sprintf.o)
 .ARM.attributes
                0x000001a0       0x34 /usr/lib/gcc/arm-none-eabi/13.2.1/../../../arm-none-eabi/lib/thumb/v7e-m+fp/hard/libc_nano.a(libc_a-impure.o)
 .ARM.attributes
                0x000001d4       0x34 /usr/lib/gcc/arm-none-eabi/13.2.1/../../../arm-none-eabi/lib/thumb/v7e-m+fp/hard/libc_nano.a(libc_a-nano-svfprintf.o)
 .ARM.attributes
                0x00000208       0x34 /usr/lib/gcc/arm-none-eabi/13.2.1/../../../arm-none-eabi/lib/thumb/v7e-m+fp/hard/libc_nano.a(libc_a-memset.o)
 .ARM.attributes
                0x0000023c       0x34 /usr/lib/gcc/arm-none-eabi/13.2.1/../../../arm-none-eabi/lib/thumb/v7e-m+fp/hard/libc_nano.a(libc_a-mallocr.o)
 .ARM.attributes
                0x00000270       0x34 /usr/lib/gcc/arm-none-eabi/13.2.1/../../../arm-none-eabi/lib/thumb/v7e-m+fp/hard/libc_nano.a(libc_a-freer.o)
 .ARM.attributes
                0x000002a4       0x34 /usr/lib/gcc/arm-none-eabi/13.2.1/../../../arm-none-eabi/lib/thumb/v7e-m+fp/hard/libc_nano.a(libc_a-memmove.o)
 .ARM.attributes
                0x000002d8       0x1c /usr/lib/gcc/arm-none-eabi/13.2.1/../../../arm-none-eabi/lib/thumb/v7e-m+fp/hard/libc_nano.a(libc_a-memchr.o)
 .ARM.attributes
                0x000002f4       0x20 /usr/lib/gcc/arm-none-eabi/13.2.1/../../../arm-none-eabi/lib/thumb/v7e-m+fp/hard/libc_nano.a(libc_a-memcpy.o)
 .ARM.attributes
                0x00000314       0x34 /usr/lib/gcc/arm-none-eabi/13.2.1/../../../arm-none-eabi/lib/thumb/v7e-m+fp/hard/libc_nano.a(libc_a-reallocr.o)
 .ARM.attributes
                0x00000348       0x34 /usr/lib/gcc/arm-none-eabi/13.2.1/../../../arm-none-eabi/lib/thumb/v7e-m+fp/hard/libc_nano.a(libc_a-nano-vfprintf_i.o)
 .ARM.attributes
                0x0000037c       0x34 /usr/lib/gcc/arm-none-eabi/13.2.1/../../../arm-none-eabi/lib/thumb/v7e-m+fp/hard/libc_nano.a(libc_a-mlock.o)
 .ARM.attributes
                0x000003b0       0x34 /usr/lib/gcc/arm-none-eabi/13.2.1/../../../arm-none-eabi/lib/thumb/v7e-m+fp/hard/libc_nano.a(libc_a-sbrkr.o)
 .ARM.attributes
                0x000003e4       0x34 /usr/lib/gcc/arm-none-eabi/13.2.1/../../../arm-none-eabi/lib/thumb/v7e-m+fp/hard/libc_nano.a(libc_a-msizer.o)
 .ARM.attributes
                0x00000418       0x34 /usr/lib/gcc/arm-none-eabi/13.2.1/../../../arm-none-eabi/lib/thumb/v7e-m+fp/hard/libc_nano.a(libc_a-reent.o)
 .ARM.attributes
                0x0000044c       0x34 /usr/lib/gcc/arm-none-eabi/13.2.1/../../../arm-none-eabi/lib/thumb/v7e-m+fp/hard/libnosys.a(sbrk.o)

.debug_frame    0x00000000      0xd3c
 .debug_frame   0x00000000      0x648 ./Output/tasks.o
 .debug_frame   0x00000648       0x6c ./Output/list.o
 .debug_frame   0x000006b4       0xe4 ./Output/heap_4.o
 .debug_frame   0x00000798      0x100 ./Output/port.o
 .debug_frame   0x00000898       0x60 ./Output/main.o
 .debug_frame   0x000008f8       0x50 ./Output/startup.o
 .debug_frame   0x00000948       0x50 ./Output/uart.o
 .debug_frame   0x00000998       0x78 /usr/lib/gcc/arm-none-eabi/13.2.1/../../../arm-none-eabi/lib/thumb/v7e-m+fp/hard/libc_nano.a(libc_a-sprintf.o)
 .debug_frame   0x00000a10       0x98 /usr/lib/gcc/arm-none-eabi/13.2.1/../../../arm-none-eabi/lib/thumb/v7e-m+fp/hard/libc_nano.a(libc_a-nano-svfprintf.o)
 .debug_frame   0x00000aa8       0x2c /usr/lib/gcc/arm-none-eabi/13.2.1/../../../arm-none-eabi/lib/thumb/v7e-m+fp/hard/libc_nano.a(libc_a-memset.o)
 .debug_frame   0x00000ad4       0x50 /usr/lib/gcc/arm-none-eabi/13.2.1/../../../arm-none-eabi/lib/thumb/v7e-m+fp/hard/libc_nano.a(libc_a-mallocr.o)
 .debug_frame   0x00000b24       0x58 /usr/lib/gcc/arm-none-eabi/13.2.1/../../../arm-none-eabi/lib/thumb/v7e-m+fp/hard/libc_nano.a(libc_a-freer.o)
 .debug_frame   0x00000b7c       0x40 /usr/lib/gcc/arm-none-eabi/13.2.1/../../../arm-none-eabi/lib/thumb/v7e-m+fp/hard/libc_nano.a(libc_a-memmove.o)
 .debug_frame   0x00000bbc       0x38 /usr/lib/gcc/arm-none-eabi/13.2.1/../../../arm-none-eabi/lib/thumb/v7e-m+fp/hard/libc_nano.a(libc_a-reallocr.o)
 .debug_frame   0x00000bf4       0x6c /usr/lib/gcc/arm-none-eabi/13.2.1/../../../arm-none-eabi/lib/thumb/v7e-m+fp/hard/libc_nano.a(libc_a-nano-vfprintf_i.o)
 .debug_frame   0x00000c60       0x30 /usr/lib/gcc/arm-none-eabi/13.2.1/../../../arm-none-eabi/lib/thumb/v7e-m+fp/hard/libc_nano.a(libc_a-mlock.o)
 .debug_frame   0x00000c90       0x2c /usr/lib/gcc/arm-none-eabi/13.2.1/../../../arm-none-eabi/lib/thumb/v7e-m+fp/hard/libc_nano.a(libc_a-sbrkr.o)
 .debug_frame   0x00000cbc       0x20 /usr/lib/gcc/arm-none-eabi/13.2.1/../../../arm-none-eabi/lib/thumb/v7e-m+fp/hard/libc_nano.a(libc_a-msizer.o)
 .debug_frame   0x00000cdc       0x40 /usr/lib/gcc/arm-none-eabi/13.2.1/../../../arm-none-eabi/lib/thumb/v7e-m+fp/hard/libc_nano.a(libc_a-reent.o)
 .debug_frame   0x00000d1c       0x20 /usr/lib/gcc/arm-none-eabi/13.2.1/../../../arm-none-eabi/lib/thumb/v7e-m+fp/hard/libnosys.a(sbrk.o)

.debug_line_str
                0x00000000       0xa2
 .debug_line_str
                0x00000000       0xa2 /usr/lib/gcc/arm-none-eabi/13.2.1/../../../arm-none-eabi/lib/thumb/v7e-m+fp/hard/libc_nano.a(libc_a-memchr.o)
                                 0x92 (size before relaxing)
 .debug_line_str
                0x000000a2       0x99 /usr/lib/gcc/arm-none-eabi/13.2.1/../../../arm-none-eabi/lib/thumb/v7e-m+fp/hard/libc_nano.a(libc_a-memcpy.o)
