Archive member included to satisfy reference by file (symbol)

/usr/lib/gcc/arm-none-eabi/13.2.1/../../../arm-none-eabi/lib/thumb/v7e-m+fp/hard/libc_nano.a(libc_a-strlen.o)
                              ./Output/tasks.o (strlen)
/usr/lib/gcc/arm-none-eabi/13.2.1/../../../arm-none-eabi/lib/thumb/v7e-m+fp/hard/libc_nano.a(libc_a-memset.o)
                              ./Output/tasks.o (memset)
/usr/lib/gcc/arm-none-eabi/13.2.1/../../../arm-none-eabi/lib/thumb/v7e-m+fp/hard/libc_nano.a(libc_a-memcpy.o)
                              ./Output/queue.o (memcpy)

Discarded input sections

 .group         0x00000000        0xc ./Output/tasks.o
 .group         0x00000000        0xc ./Output/tasks.o
 .group         0x00000000        0xc ./Output/tasks.o
 .group         0x00000000        0xc ./Output/tasks.o
 .group         0x00000000        0xc ./Output/tasks.o
 .group         0x00000000        0xc ./Output/tasks.o
 .group         0x00000000        0xc ./Output/tasks.o
 .group         0x00000000        0xc ./Output/tasks.o
 .group         0x00000000        0xc ./Output/tasks.o
 .group         0x00000000        0xc ./Output/tasks.o
 .group         0x00000000        0xc ./Output/tasks.o
 .group         0x00000000        0xc ./Output/tasks.o
 .group         0x00000000        0xc ./Output/tasks.o
 .group         0x00000000        0xc ./Output/tasks.o
 .group         0x00000000        0xc ./Output/tasks.o
 .group         0x00000000        0xc ./Output/tasks.o
 .group         0x00000000        0xc ./Output/tasks.o
 .group         0x00000000        0xc ./Output/tasks.o
 .group         0x00000000        0xc ./Output/tasks.o
 .group         0x00000000        0xc ./Output/tasks.o
 .group         0x00000000        0xc ./Output/tasks.o
 .group         0x00000000        0xc ./Output/tasks.o
 .group         0x00000000        0xc ./Output/tasks.o
 .group         0x00000000        0xc ./Output/tasks.o
 .group         0x00000000        0xc ./Output/tasks.o
 .group         0x00000000        0xc ./Output/tasks.o
 .group         0x00000000        0xc ./Output/tasks.o
 .group         0x00000000        0xc ./Output/tasks.o
 .group         0x00000000        0xc ./Output/tasks.o
 .group         0x00000000        0xc ./Output/tasks.o
 .group         0x00000000        0xc ./Output/tasks.o
 .group         0x00000000        0xc ./Output/tasks.o
 .group         0x00000000        0xc ./Output/tasks.o
 .group         0x00000000        0xc ./Output/tasks.o
 .group         0x00000000        0xc ./Output/tasks.o
 .group         0x00000000        0xc ./Output/tasks.o
 .text          0x00000000        0x0 ./Output/tasks.o
 .data          0x00000000        0x0 ./Output/tasks.o
 .bss           0x00000000        0x0 ./Output/tasks.o
 .text.prvSearchForNameWithinSingleList
                0x00000000       0x3e ./Output/tasks.o
 .text.prvTaskIsTaskSuspended
                0x00000000       0x40 ./Output/tasks.o
 .text.eTaskGetState
                0x00000000       0x98 ./Output/tasks.o
 .text.uxTaskPriorityGet
                0x00000000       0x1c ./Output/tasks.o
 .text.uxTaskPriorityGetFromISR
                0x00000000       0x30 ./Output/tasks.o
 .text.uxTaskBasePriorityGet
                0x00000000       0x1c ./Output/tasks.o
 .text.uxTaskBasePriorityGetFromISR
                0x00000000       0x30 ./Output/tasks.o
 .text.vTaskPrioritySet
                0x00000000       0xdc ./Output/tasks.o
 .text.vTaskResume
                0x00000000       0x88 ./Output/tasks.o
 .text.xTaskResumeFromISR
                0x00000000       0xa8 ./Output/tasks.o
 .text.vTaskEndScheduler
                0x00000000       0x3c ./Output/tasks.o
 .text.xTaskGetTickCountFromISR
                0x00000000       0x10 ./Output/tasks.o
 .text.pcTaskGetName
                0x00000000       0x14 ./Output/tasks.o
 .text.xTaskGetIdleTaskHandle
                0x00000000       0x10 ./Output/tasks.o
 .text.xTaskGetIdleTaskHandleForCore
                0x00000000       0x14 ./Output/tasks.o
 .text.vTaskDelay
                0x00000000       0x3c ./Output/tasks.o
 .text.xTaskGetHandle
                0x00000000       0x78 ./Output/tasks.o
 .text.xTaskCatchUpTicks
                0x00000000       0x30 ./Output/tasks.o
 .text.xTaskAbortDelay
                0x00000000       0x98 ./Output/tasks.o
 .text.vTaskSuspend
                0x00000000       0xe4 ./Output/tasks.o
 .text.vTaskPlaceOnUnorderedEventList
                0x00000000       0x50 ./Output/tasks.o
 .text.vTaskRemoveFromUnorderedEventList
                0x00000000       0xa4 ./Output/tasks.o
 .text.vTaskSetTimeOutState
                0x00000000       0x28 ./Output/tasks.o
 .text.uxTaskGetStackHighWaterMark
                0x00000000       0x1c ./Output/tasks.o
 .text.xTaskGetCurrentTaskHandle
                0x00000000        0xc ./Output/tasks.o
 .text.xTaskGetCurrentTaskHandleForCore
                0x00000000       0x10 ./Output/tasks.o
 .text.uxTaskResetEventItemValue
                0x00000000       0x18 ./Output/tasks.o
 .text.ulTaskGenericNotifyTake
                0x00000000       0x9c ./Output/tasks.o
 .text.xTaskGenericNotifyWait
                0x00000000       0xc4 ./Output/tasks.o
 .text.xTaskGenericNotify
                0x00000000      0x104 ./Output/tasks.o
 .text.xTaskGenericNotifyFromISR
                0x00000000      0x148 ./Output/tasks.o
 .text.vTaskGenericNotifyGiveFromISR
                0x00000000       0xf4 ./Output/tasks.o
 .text.xTaskGenericNotifyStateClear
                0x00000000       0x38 ./Output/tasks.o
 .text.ulTaskGenericNotifyValueClear
                0x00000000       0x34 ./Output/tasks.o
 .text.vTaskResetState
                0x00000000       0x64 ./Output/tasks.o
 .group         0x00000000        0xc ./Output/list.o
 .group         0x00000000        0xc ./Output/list.o
 .group         0x00000000        0xc ./Output/list.o
 .group         0x00000000        0xc ./Output/list.o
 .group         0x00000000        0xc ./Output/list.o
 .group         0x00000000        0xc ./Output/list.o
 .group         0x00000000        0xc ./Output/list.o
 .group         0x00000000        0xc ./Output/list.o
 .group         0x00000000        0xc ./Output/list.o
 .group         0x00000000        0xc ./Output/list.o
 .group         0x00000000        0xc ./Output/list.o
 .group         0x00000000        0xc ./Output/list.o
 .group         0x00000000        0xc ./Output/list.o
 .group         0x00000000        0xc ./Output/list.o
 .group         0x00000000        0xc ./Output/list.o
 .group         0x00000000        0xc ./Output/list.o
 .group         0x00000000        0xc ./Output/list.o
 .group         0x00000000        0xc ./Output/list.o
 .group         0x00000000        0xc ./Output/list.o
 .group         0x00000000        0xc ./Output/list.o
 .group         0x00000000        0xc ./Output/list.o
 .group         0x00000000        0xc ./Output/list.o
 .group         0x00000000        0xc ./Output/list.o
 .group         0x00000000        0xc ./Output/list.o
 .group         0x00000000        0xc ./Output/list.o
 .group         0x00000000        0xc ./Output/list.o
 .group         0x00000000        0xc ./Output/list.o
 .group         0x00000000        0xc ./Output/list.o
 .group         0x00000000        0xc ./Output/list.o
 .group         0x00000000        0xc ./Output/list.o
 .group         0x00000000        0xc ./Output/list.o
 .text          0x00000000        0x0 ./Output/list.o
 .data          0x00000000        0x0 ./Output/list.o
 .bss           0x00000000        0x0 ./Output/list.o
 .debug_macro   0x00000000      0xacc ./Output/list.o
 .debug_macro   0x00000000       0x2a ./Output/list.o
 .debug_macro   0x00000000       0x22 ./Output/list.o
 .debug_macro   0x00000000       0x60 ./Output/list.o
 .debug_macro   0x00000000       0x94 ./Output/list.o
 .debug_macro   0x00000000       0x3c ./Output/list.o
 .debug_macro   0x00000000       0x34 ./Output/list.o
 .debug_macro   0x00000000       0x16 ./Output/list.o
 .debug_macro   0x00000000      0x11c ./Output/list.o
 .debug_macro   0x00000000       0x9b ./Output/list.o
 .debug_macro   0x00000000       0x57 ./Output/list.o
 .debug_macro   0x00000000      0x370 ./Output/list.o
 .debug_macro   0x00000000       0x16 ./Output/list.o
 .debug_macro   0x00000000       0x4a ./Output/list.o
 .debug_macro   0x00000000       0x34 ./Output/list.o
 .debug_macro   0x00000000       0x10 ./Output/list.o
 .debug_macro   0x00000000       0x52 ./Output/list.o
 .debug_macro   0x00000000      0x1de ./Output/list.o
 .debug_macro   0x00000000       0x16 ./Output/list.o
 .debug_macro   0x00000000       0x29 ./Output/list.o
 .debug_macro   0x00000000      0x34e ./Output/list.o
 .debug_macro   0x00000000       0x16 ./Output/list.o
 .debug_macro   0x00000000      0x184 ./Output/list.o
 .debug_macro   0x00000000       0x1c ./Output/list.o
 .debug_macro   0x00000000      0x182 ./Output/list.o
 .debug_macro   0x00000000       0xe7 ./Output/list.o
 .debug_macro   0x00000000       0x2e ./Output/list.o
 .debug_macro   0x00000000       0x1f ./Output/list.o
 .debug_macro   0x00000000       0x12 ./Output/list.o
 .debug_macro   0x00000000      0xfd7 ./Output/list.o
 .debug_macro   0x00000000       0xc3 ./Output/list.o
 .group         0x00000000        0xc ./Output/queue.o
 .group         0x00000000        0xc ./Output/queue.o
 .group         0x00000000        0xc ./Output/queue.o
 .group         0x00000000        0xc ./Output/queue.o
 .group         0x00000000        0xc ./Output/queue.o
 .group         0x00000000        0xc ./Output/queue.o
 .group         0x00000000        0xc ./Output/queue.o
 .group         0x00000000        0xc ./Output/queue.o
 .group         0x00000000        0xc ./Output/queue.o
 .group         0x00000000        0xc ./Output/queue.o
 .group         0x00000000        0xc ./Output/queue.o
 .group         0x00000000        0xc ./Output/queue.o
 .group         0x00000000        0xc ./Output/queue.o
 .group         0x00000000        0xc ./Output/queue.o
 .group         0x00000000        0xc ./Output/queue.o
 .group         0x00000000        0xc ./Output/queue.o
 .group         0x00000000        0xc ./Output/queue.o
 .group         0x00000000        0xc ./Output/queue.o
 .group         0x00000000        0xc ./Output/queue.o
 .group         0x00000000        0xc ./Output/queue.o
 .group         0x00000000        0xc ./Output/queue.o
 .group         0x00000000        0xc ./Output/queue.o
 .group         0x00000000        0xc ./Output/queue.o
 .group         0x00000000        0xc ./Output/queue.o
 .group         0x00000000        0xc ./Output/queue.o
 .group         0x00000000        0xc ./Output/queue.o
 .group         0x00000000        0xc ./Output/queue.o
 .group         0x00000000        0xc ./Output/queue.o
 .group         0x00000000        0xc ./Output/queue.o
 .group         0x00000000        0xc ./Output/queue.o
 .group         0x00000000        0xc ./Output/queue.o
 .group         0x00000000        0xc ./Output/queue.o
 .group         0x00000000        0xc ./Output/queue.o
 .group         0x00000000        0xc ./Output/queue.o
 .group         0x00000000        0xc ./Output/queue.o
 .text          0x00000000        0x0 ./Output/queue.o
 .data          0x00000000        0x0 ./Output/queue.o
 .bss           0x00000000        0x0 ./Output/queue.o
 .text.xQueueGetMutexHolder
                0x00000000       0x1e ./Output/queue.o
 .text.xQueueGetMutexHolderFromISR
                0x00000000       0x10 ./Output/queue.o
 .text.xQueueCreateCountingSemaphore
                0x00000000       0x1a ./Output/queue.o
 .text.xQueueCreateMutex
                0x00000000       0x24 ./Output/queue.o
 .text.xQueueGiveMutexRecursive
                0x00000000       0x2e ./Output/queue.o
 .text.xQueueGenericSendFromISR
                0x00000000       0xb2 ./Output/queue.o
 .text.xQueueGiveFromISR
                0x00000000       0x92 ./Output/queue.o
 .text.xQueueTakeMutexRecursive
                0x00000000       0x32 ./Output/queue.o
 .text.xQueuePeek
                0x00000000      0x108 ./Output/queue.o
 .text.xQueueReceiveFromISR
                0x00000000       0x88 ./Output/queue.o
 .text.xQueuePeekFromISR
                0x00000000       0x44 ./Output/queue.o
 .text.uxQueueMessagesWaiting
                0x00000000       0x16 ./Output/queue.o
 .text.uxQueueSpacesAvailable
                0x00000000       0x1a ./Output/queue.o
 .text.uxQueueMessagesWaitingFromISR
                0x00000000        0x8 ./Output/queue.o
 .text.uxQueueGetQueueItemSize
                0x00000000        0x4 ./Output/queue.o
 .text.uxQueueGetQueueLength
                0x00000000        0x4 ./Output/queue.o
 .text.xQueueIsQueueEmptyFromISR
                0x00000000        0xe ./Output/queue.o
 .text.xQueueIsQueueFullFromISR
                0x00000000       0x10 ./Output/queue.o
 .text.pcQueueGetName
                0x00000000       0x2c ./Output/queue.o
 .text.vQueueUnregisterQueue
                0x00000000       0x34 ./Output/queue.o
 .text.vQueueDelete
                0x00000000       0x12 ./Output/queue.o
 .text.xQueueCreateSet
                0x00000000        0x8 ./Output/queue.o
 .text.xQueueAddToSet
                0x00000000       0x22 ./Output/queue.o
 .text.xQueueRemoveFromSet
                0x00000000       0x20 ./Output/queue.o
 .text.xQueueSelectFromSet
                0x00000000       0x16 ./Output/queue.o
 .text.xQueueSelectFromSetFromISR
                0x00000000       0x14 ./Output/queue.o
 .debug_macro   0x00000000      0xacc ./Output/queue.o
 .debug_macro   0x00000000       0x2a ./Output/queue.o
 .debug_macro   0x00000000       0x22 ./Output/queue.o
 .debug_macro   0x00000000       0x60 ./Output/queue.o
 .debug_macro   0x00000000       0x94 ./Output/queue.o
 .debug_macro   0x00000000       0x3c ./Output/queue.o
 .debug_macro   0x00000000       0x34 ./Output/queue.o
 .debug_macro   0x00000000       0x16 ./Output/queue.o
 .debug_macro   0x00000000      0x11c ./Output/queue.o
 .debug_macro   0x00000000       0x9b ./Output/queue.o
 .debug_macro   0x00000000       0x57 ./Output/queue.o
 .debug_macro   0x00000000      0x370 ./Output/queue.o
 .debug_macro   0x00000000       0x16 ./Output/queue.o
 .debug_macro   0x00000000       0x4a ./Output/queue.o
 .debug_macro   0x00000000       0x34 ./Output/queue.o
 .debug_macro   0x00000000       0x10 ./Output/queue.o
 .debug_macro   0x00000000       0x52 ./Output/queue.o
 .debug_macro   0x00000000      0x1de ./Output/queue.o
 .debug_macro   0x00000000       0x16 ./Output/queue.o
 .debug_macro   0x00000000       0x29 ./Output/queue.o
 .debug_macro   0x00000000       0x16 ./Output/queue.o
 .debug_macro   0x00000000       0x3c ./Output/queue.o
 .debug_macro   0x00000000      0x34e ./Output/queue.o
 .debug_macro   0x00000000       0x16 ./Output/queue.o
 .debug_macro   0x00000000      0x184 ./Output/queue.o
 .debug_macro   0x00000000       0x1c ./Output/queue.o
 .debug_macro   0x00000000      0x182 ./Output/queue.o
 .debug_macro   0x00000000       0xe7 ./Output/queue.o
 .debug_macro   0x00000000       0x2e ./Output/queue.o
 .debug_macro   0x00000000       0x1f ./Output/queue.o
 .debug_macro   0x00000000       0x12 ./Output/queue.o
 .debug_macro   0x00000000      0xfd7 ./Output/queue.o
 .debug_macro   0x00000000       0xc3 ./Output/queue.o
 .debug_macro   0x00000000      0x14f ./Output/queue.o
 .group         0x00000000        0xc ./Output/timers.o
 .group         0x00000000        0xc ./Output/timers.o
 .group         0x00000000        0xc ./Output/timers.o
 .group         0x00000000        0xc ./Output/timers.o
 .group         0x00000000        0xc ./Output/timers.o
 .group         0x00000000        0xc ./Output/timers.o
 .group         0x00000000        0xc ./Output/timers.o
 .group         0x00000000        0xc ./Output/timers.o
 .group         0x00000000        0xc ./Output/timers.o
 .group         0x00000000        0xc ./Output/timers.o
 .group         0x00000000        0xc ./Output/timers.o
 .group         0x00000000        0xc ./Output/timers.o
 .group         0x00000000        0xc ./Output/timers.o
 .group         0x00000000        0xc ./Output/timers.o
 .group         0x00000000        0xc ./Output/timers.o
 .group         0x00000000        0xc ./Output/timers.o
 .group         0x00000000        0xc ./Output/timers.o
 .group         0x00000000        0xc ./Output/timers.o
 .group         0x00000000        0xc ./Output/timers.o
 .group         0x00000000        0xc ./Output/timers.o
 .group         0x00000000        0xc ./Output/timers.o
 .group         0x00000000        0xc ./Output/timers.o
 .group         0x00000000        0xc ./Output/timers.o
 .group         0x00000000        0xc ./Output/timers.o
 .group         0x00000000        0xc ./Output/timers.o
 .group         0x00000000        0xc ./Output/timers.o
 .group         0x00000000        0xc ./Output/timers.o
 .group         0x00000000        0xc ./Output/timers.o
 .group         0x00000000        0xc ./Output/timers.o
 .group         0x00000000        0xc ./Output/timers.o
 .group         0x00000000        0xc ./Output/timers.o
 .group         0x00000000        0xc ./Output/timers.o
 .group         0x00000000        0xc ./Output/timers.o
 .group         0x00000000        0xc ./Output/timers.o
 .text          0x00000000        0x0 ./Output/timers.o
 .data          0x00000000        0x0 ./Output/timers.o
 .bss           0x00000000        0x0 ./Output/timers.o
 .text.xTimerGenericCommandFromISR
                0x00000000       0x30 ./Output/timers.o
 .text.xTimerGetTimerDaemonTaskHandle
                0x00000000       0x10 ./Output/timers.o
 .text.xTimerGetPeriod
                0x00000000        0x8 ./Output/timers.o
 .text.vTimerSetReloadMode
                0x00000000       0x2a ./Output/timers.o
 .text.xTimerGetReloadMode
                0x00000000       0x1c ./Output/timers.o
 .text.uxTimerGetReloadMode
                0x00000000        0x4 ./Output/timers.o
 .text.xTimerGetExpiryTime
                0x00000000        0x8 ./Output/timers.o
 .text.pcTimerGetName
                0x00000000        0x8 ./Output/timers.o
 .text.xTimerIsTimerActive
                0x00000000       0x1c ./Output/timers.o
 .text.vTimerSetTimerID
                0x00000000       0x18 ./Output/timers.o
 .text.xTimerPendFunctionCallFromISR
                0x00000000       0x28 ./Output/timers.o
 .text.xTimerPendFunctionCall
                0x00000000       0x30 ./Output/timers.o
 .text.vTimerResetState
                0x00000000       0x14 ./Output/timers.o
 .debug_macro   0x00000000      0xacc ./Output/timers.o
 .debug_macro   0x00000000       0x2a ./Output/timers.o
 .debug_macro   0x00000000       0x22 ./Output/timers.o
 .debug_macro   0x00000000       0x60 ./Output/timers.o
 .debug_macro   0x00000000       0x94 ./Output/timers.o
 .debug_macro   0x00000000       0x3c ./Output/timers.o
 .debug_macro   0x00000000       0x34 ./Output/timers.o
 .debug_macro   0x00000000       0x16 ./Output/timers.o
 .debug_macro   0x00000000      0x11c ./Output/timers.o
 .debug_macro   0x00000000       0x9b ./Output/timers.o
 .debug_macro   0x00000000       0x57 ./Output/timers.o
 .debug_macro   0x00000000      0x370 ./Output/timers.o
 .debug_macro   0x00000000       0x16 ./Output/timers.o
 .debug_macro   0x00000000       0x4a ./Output/timers.o
 .debug_macro   0x00000000       0x34 ./Output/timers.o
 .debug_macro   0x00000000       0x10 ./Output/timers.o
 .debug_macro   0x00000000       0x52 ./Output/timers.o
 .debug_macro   0x00000000      0x1de ./Output/timers.o
 .debug_macro   0x00000000       0x16 ./Output/timers.o
 .debug_macro   0x00000000       0x29 ./Output/timers.o
 .debug_macro   0x00000000      0x34e ./Output/timers.o
 .debug_macro   0x00000000       0x16 ./Output/timers.o
 .debug_macro   0x00000000      0x184 ./Output/timers.o
 .debug_macro   0x00000000       0x1c ./Output/timers.o
 .debug_macro   0x00000000      0x182 ./Output/timers.o
 .debug_macro   0x00000000       0xe7 ./Output/timers.o
 .debug_macro   0x00000000       0x2e ./Output/timers.o
 .debug_macro   0x00000000       0x1f ./Output/timers.o
 .debug_macro   0x00000000       0x12 ./Output/timers.o
 .debug_macro   0x00000000      0xfd7 ./Output/timers.o
 .debug_macro   0x00000000       0xc3 ./Output/timers.o
 .debug_macro   0x00000000      0x14f ./Output/timers.o
 .debug_macro   0x00000000       0x80 ./Output/timers.o
 .group         0x00000000        0xc ./Output/event_groups.o
 .group         0x00000000        0xc ./Output/event_groups.o
 .group         0x00000000        0xc ./Output/event_groups.o
 .group         0x00000000        0xc ./Output/event_groups.o
 .group         0x00000000        0xc ./Output/event_groups.o
 .group         0x00000000        0xc ./Output/event_groups.o
 .group         0x00000000        0xc ./Output/event_groups.o
 .group         0x00000000        0xc ./Output/event_groups.o
 .group         0x00000000        0xc ./Output/event_groups.o
 .group         0x00000000        0xc ./Output/event_groups.o
 .group         0x00000000        0xc ./Output/event_groups.o
 .group         0x00000000        0xc ./Output/event_groups.o
 .group         0x00000000        0xc ./Output/event_groups.o
 .group         0x00000000        0xc ./Output/event_groups.o
 .group         0x00000000        0xc ./Output/event_groups.o
 .group         0x00000000        0xc ./Output/event_groups.o
 .group         0x00000000        0xc ./Output/event_groups.o
 .group         0x00000000        0xc ./Output/event_groups.o
 .group         0x00000000        0xc ./Output/event_groups.o
 .group         0x00000000        0xc ./Output/event_groups.o
 .group         0x00000000        0xc ./Output/event_groups.o
 .group         0x00000000        0xc ./Output/event_groups.o
 .group         0x00000000        0xc ./Output/event_groups.o
 .group         0x00000000        0xc ./Output/event_groups.o
 .group         0x00000000        0xc ./Output/event_groups.o
 .group         0x00000000        0xc ./Output/event_groups.o
 .group         0x00000000        0xc ./Output/event_groups.o
 .group         0x00000000        0xc ./Output/event_groups.o
 .group         0x00000000        0xc ./Output/event_groups.o
 .group         0x00000000        0xc ./Output/event_groups.o
 .group         0x00000000        0xc ./Output/event_groups.o
 .group         0x00000000        0xc ./Output/event_groups.o
 .group         0x00000000        0xc ./Output/event_groups.o
 .group         0x00000000        0xc ./Output/event_groups.o
 .text          0x00000000        0x0 ./Output/event_groups.o
 .data          0x00000000        0x0 ./Output/event_groups.o
 .bss           0x00000000        0x0 ./Output/event_groups.o
 .text.xEventGroupCreate
                0x00000000       0x1a ./Output/event_groups.o
 .text.xEventGroupWaitBits
                0x00000000       0xd0 ./Output/event_groups.o
 .text.xEventGroupClearBits
                0x00000000       0x26 ./Output/event_groups.o
 .text.xEventGroupGetBitsFromISR
                0x00000000       0x1c ./Output/event_groups.o
 .text.xEventGroupSetBits
                0x00000000       0x68 ./Output/event_groups.o
 .text.xEventGroupSync
                0x00000000       0xa0 ./Output/event_groups.o
 .text.vEventGroupDelete
                0x00000000       0x34 ./Output/event_groups.o
 .text.vEventGroupSetBitsCallback
                0x00000000        0x4 ./Output/event_groups.o
 .text.vEventGroupClearBitsCallback
                0x00000000        0x4 ./Output/event_groups.o
 .debug_info    0x00000000      0xb76 ./Output/event_groups.o
 .debug_abbrev  0x00000000      0x33f ./Output/event_groups.o
 .debug_loclists
                0x00000000      0x69c ./Output/event_groups.o
 .debug_aranges
                0x00000000       0x60 ./Output/event_groups.o
 .debug_rnglists
                0x00000000       0x6c ./Output/event_groups.o
 .debug_macro   0x00000000      0x1a6 ./Output/event_groups.o
 .debug_macro   0x00000000      0xacc ./Output/event_groups.o
 .debug_macro   0x00000000       0x2a ./Output/event_groups.o
 .debug_macro   0x00000000       0x22 ./Output/event_groups.o
 .debug_macro   0x00000000       0x60 ./Output/event_groups.o
 .debug_macro   0x00000000       0x94 ./Output/event_groups.o
 .debug_macro   0x00000000       0x3c ./Output/event_groups.o
 .debug_macro   0x00000000       0x34 ./Output/event_groups.o
 .debug_macro   0x00000000       0x16 ./Output/event_groups.o
 .debug_macro   0x00000000      0x11c ./Output/event_groups.o
 .debug_macro   0x00000000       0x9b ./Output/event_groups.o
 .debug_macro   0x00000000       0x57 ./Output/event_groups.o
 .debug_macro   0x00000000      0x370 ./Output/event_groups.o
 .debug_macro   0x00000000       0x16 ./Output/event_groups.o
 .debug_macro   0x00000000       0x4a ./Output/event_groups.o
 .debug_macro   0x00000000       0x34 ./Output/event_groups.o
 .debug_macro   0x00000000       0x10 ./Output/event_groups.o
 .debug_macro   0x00000000       0x52 ./Output/event_groups.o
 .debug_macro   0x00000000      0x1de ./Output/event_groups.o
 .debug_macro   0x00000000       0x16 ./Output/event_groups.o
 .debug_macro   0x00000000       0x29 ./Output/event_groups.o
 .debug_macro   0x00000000      0x34e ./Output/event_groups.o
 .debug_macro   0x00000000       0x16 ./Output/event_groups.o
 .debug_macro   0x00000000      0x184 ./Output/event_groups.o
 .debug_macro   0x00000000       0x1c ./Output/event_groups.o
 .debug_macro   0x00000000      0x182 ./Output/event_groups.o
 .debug_macro   0x00000000       0xe7 ./Output/event_groups.o
 .debug_macro   0x00000000       0x2e ./Output/event_groups.o
 .debug_macro   0x00000000       0x1f ./Output/event_groups.o
 .debug_macro   0x00000000       0x12 ./Output/event_groups.o
 .debug_macro   0x00000000      0xfd7 ./Output/event_groups.o
 .debug_macro   0x00000000       0xc3 ./Output/event_groups.o
 .debug_macro   0x00000000      0x14f ./Output/event_groups.o
 .debug_macro   0x00000000       0x98 ./Output/event_groups.o
 .debug_macro   0x00000000       0x31 ./Output/event_groups.o
 .debug_line    0x00000000      0x884 ./Output/event_groups.o
 .debug_str     0x00000000    0x1234d ./Output/event_groups.o
 .comment       0x00000000       0x27 ./Output/event_groups.o
 .debug_frame   0x00000000      0x100 ./Output/event_groups.o
 .ARM.attributes
                0x00000000       0x34 ./Output/event_groups.o
 .group         0x00000000        0xc ./Output/stream_buffer.o
 .group         0x00000000        0xc ./Output/stream_buffer.o
 .group         0x00000000        0xc ./Output/stream_buffer.o
 .group         0x00000000        0xc ./Output/stream_buffer.o
 .group         0x00000000        0xc ./Output/stream_buffer.o
 .group         0x00000000        0xc ./Output/stream_buffer.o
 .group         0x00000000        0xc ./Output/stream_buffer.o
 .group         0x00000000        0xc ./Output/stream_buffer.o
 .group         0x00000000        0xc ./Output/stream_buffer.o
 .group         0x00000000        0xc ./Output/stream_buffer.o
 .group         0x00000000        0xc ./Output/stream_buffer.o
 .group         0x00000000        0xc ./Output/stream_buffer.o
 .group         0x00000000        0xc ./Output/stream_buffer.o
 .group         0x00000000        0xc ./Output/stream_buffer.o
 .group         0x00000000        0xc ./Output/stream_buffer.o
 .group         0x00000000        0xc ./Output/stream_buffer.o
 .group         0x00000000        0xc ./Output/stream_buffer.o
 .group         0x00000000        0xc ./Output/stream_buffer.o
 .group         0x00000000        0xc ./Output/stream_buffer.o
 .group         0x00000000        0xc ./Output/stream_buffer.o
 .group         0x00000000        0xc ./Output/stream_buffer.o
 .group         0x00000000        0xc ./Output/stream_buffer.o
 .group         0x00000000        0xc ./Output/stream_buffer.o
 .group         0x00000000        0xc ./Output/stream_buffer.o
 .group         0x00000000        0xc ./Output/stream_buffer.o
 .group         0x00000000        0xc ./Output/stream_buffer.o
 .group         0x00000000        0xc ./Output/stream_buffer.o
 .group         0x00000000        0xc ./Output/stream_buffer.o
 .group         0x00000000        0xc ./Output/stream_buffer.o
 .group         0x00000000        0xc ./Output/stream_buffer.o
 .group         0x00000000        0xc ./Output/stream_buffer.o
 .text          0x00000000        0x0 ./Output/stream_buffer.o
 .data          0x00000000        0x0 ./Output/stream_buffer.o
 .bss           0x00000000        0x0 ./Output/stream_buffer.o
 .text.prvBytesInBuffer
                0x00000000       0x12 ./Output/stream_buffer.o
 .text.prvWriteBytesToBuffer.part.0
                0x00000000       0x4e ./Output/stream_buffer.o
 .text.prvWriteMessageToBuffer
                0x00000000       0x46 ./Output/stream_buffer.o
 .text.prvReadBytesFromBuffer.part.0
                0x00000000       0x48 ./Output/stream_buffer.o
 .text.prvInitialiseNewStreamBuffer.isra.0
                0x00000000       0x34 ./Output/stream_buffer.o
 .text.prvReadMessageFromBuffer
                0x00000000       0x44 ./Output/stream_buffer.o
 .text.xStreamBufferGenericCreate
                0x00000000       0x5c ./Output/stream_buffer.o
 .text.vStreamBufferDelete
                0x00000000       0x16 ./Output/stream_buffer.o
 .text.xStreamBufferReset
                0x00000000       0x38 ./Output/stream_buffer.o
 .text.xStreamBufferResetFromISR
                0x00000000       0x42 ./Output/stream_buffer.o
 .text.xStreamBufferSetTriggerLevel
                0x00000000       0x18 ./Output/stream_buffer.o
 .text.xStreamBufferSpacesAvailable
                0x00000000       0x22 ./Output/stream_buffer.o
 .text.xStreamBufferBytesAvailable
                0x00000000        0x8 ./Output/stream_buffer.o
 .text.xStreamBufferSend
                0x00000000       0xec ./Output/stream_buffer.o
 .text.xStreamBufferSendFromISR
                0x00000000       0x7c ./Output/stream_buffer.o
 .text.xStreamBufferReceive
                0x00000000       0xb0 ./Output/stream_buffer.o
 .text.xStreamBufferNextMessageLengthBytes
                0x00000000       0x32 ./Output/stream_buffer.o
 .text.xStreamBufferReceiveFromISR
                0x00000000       0x6a ./Output/stream_buffer.o
 .text.xStreamBufferIsEmpty
                0x00000000       0x10 ./Output/stream_buffer.o
 .text.xStreamBufferIsFull
                0x00000000       0x1c ./Output/stream_buffer.o
 .text.xStreamBufferSendCompletedFromISR
                0x00000000       0x3e ./Output/stream_buffer.o
 .text.xStreamBufferReceiveCompletedFromISR
                0x00000000       0x3e ./Output/stream_buffer.o
 .text.uxStreamBufferGetStreamBufferNotificationIndex
                0x00000000        0x8 ./Output/stream_buffer.o
 .text.vStreamBufferSetStreamBufferNotificationIndex
                0x00000000       0x1a ./Output/stream_buffer.o
 .debug_info    0x00000000     0x19b6 ./Output/stream_buffer.o
 .debug_abbrev  0x00000000      0x3c8 ./Output/stream_buffer.o
 .debug_loclists
                0x00000000      0xedf ./Output/stream_buffer.o
 .debug_aranges
                0x00000000       0xd8 ./Output/stream_buffer.o
 .debug_rnglists
                0x00000000       0xba ./Output/stream_buffer.o
 .debug_macro   0x00000000      0x1de ./Output/stream_buffer.o
 .debug_macro   0x00000000      0xacc ./Output/stream_buffer.o
 .debug_macro   0x00000000       0x22 ./Output/stream_buffer.o
 .debug_macro   0x00000000       0x60 ./Output/stream_buffer.o
 .debug_macro   0x00000000       0x2a ./Output/stream_buffer.o
 .debug_macro   0x00000000       0x94 ./Output/stream_buffer.o
 .debug_macro   0x00000000       0x3c ./Output/stream_buffer.o
 .debug_macro   0x00000000       0x34 ./Output/stream_buffer.o
 .debug_macro   0x00000000      0x190 ./Output/stream_buffer.o
 .debug_macro   0x00000000       0x57 ./Output/stream_buffer.o
 .debug_macro   0x00000000      0x370 ./Output/stream_buffer.o
 .debug_macro   0x00000000       0x16 ./Output/stream_buffer.o
 .debug_macro   0x00000000       0x4a ./Output/stream_buffer.o
 .debug_macro   0x00000000       0x34 ./Output/stream_buffer.o
 .debug_macro   0x00000000       0x10 ./Output/stream_buffer.o
 .debug_macro   0x00000000       0x52 ./Output/stream_buffer.o
 .debug_macro   0x00000000      0x1de ./Output/stream_buffer.o
 .debug_macro   0x00000000       0x10 ./Output/stream_buffer.o
 .debug_macro   0x00000000       0x3c ./Output/stream_buffer.o
 .debug_macro   0x00000000      0x34e ./Output/stream_buffer.o
 .debug_macro   0x00000000       0x16 ./Output/stream_buffer.o
 .debug_macro   0x00000000      0x184 ./Output/stream_buffer.o
 .debug_macro   0x00000000       0x1c ./Output/stream_buffer.o
 .debug_macro   0x00000000      0x182 ./Output/stream_buffer.o
 .debug_macro   0x00000000       0xe7 ./Output/stream_buffer.o
 .debug_macro   0x00000000       0x2e ./Output/stream_buffer.o
 .debug_macro   0x00000000       0x1f ./Output/stream_buffer.o
 .debug_macro   0x00000000       0x12 ./Output/stream_buffer.o
 .debug_macro   0x00000000      0xfd7 ./Output/stream_buffer.o
 .debug_macro   0x00000000       0xc3 ./Output/stream_buffer.o
 .debug_macro   0x00000000      0x14f ./Output/stream_buffer.o
 .debug_macro   0x00000000       0x38 ./Output/stream_buffer.o
 .debug_line    0x00000000     0x1171 ./Output/stream_buffer.o
 .debug_str     0x00000000    0x1279b ./Output/stream_buffer.o
 .comment       0x00000000       0x27 ./Output/stream_buffer.o
 .debug_frame   0x00000000      0x2b8 ./Output/stream_buffer.o
 .ARM.attributes
                0x00000000       0x34 ./Output/stream_buffer.o
 .group         0x00000000        0xc ./Output/heap_4.o
 .group         0x00000000        0xc ./Output/heap_4.o
 .group         0x00000000        0xc ./Output/heap_4.o
 .group         0x00000000        0xc ./Output/heap_4.o
 .group         0x00000000        0xc ./Output/heap_4.o
 .group         0x00000000        0xc ./Output/heap_4.o
 .group         0x00000000        0xc ./Output/heap_4.o
 .group         0x00000000        0xc ./Output/heap_4.o
 .group         0x00000000        0xc ./Output/heap_4.o
 .group         0x00000000        0xc ./Output/heap_4.o
 .group         0x00000000        0xc ./Output/heap_4.o
 .group         0x00000000        0xc ./Output/heap_4.o
 .group         0x00000000        0xc ./Output/heap_4.o
 .group         0x00000000        0xc ./Output/heap_4.o
 .group         0x00000000        0xc ./Output/heap_4.o
 .group         0x00000000        0xc ./Output/heap_4.o
 .group         0x00000000        0xc ./Output/heap_4.o
 .group         0x00000000        0xc ./Output/heap_4.o
 .group         0x00000000        0xc ./Output/heap_4.o
 .group         0x00000000        0xc ./Output/heap_4.o
 .group         0x00000000        0xc ./Output/heap_4.o
 .group         0x00000000        0xc ./Output/heap_4.o
 .group         0x00000000        0xc ./Output/heap_4.o
 .group         0x00000000        0xc ./Output/heap_4.o
 .group         0x00000000        0xc ./Output/heap_4.o
 .group         0x00000000        0xc ./Output/heap_4.o
 .group         0x00000000        0xc ./Output/heap_4.o
 .group         0x00000000        0xc ./Output/heap_4.o
 .group         0x00000000        0xc ./Output/heap_4.o
 .group         0x00000000        0xc ./Output/heap_4.o
 .group         0x00000000        0xc ./Output/heap_4.o
 .group         0x00000000        0xc ./Output/heap_4.o
 .group         0x00000000        0xc ./Output/heap_4.o
 .group         0x00000000        0xc ./Output/heap_4.o
 .text          0x00000000        0x0 ./Output/heap_4.o
 .data          0x00000000        0x0 ./Output/heap_4.o
 .bss           0x00000000        0x0 ./Output/heap_4.o
 .text.xPortGetFreeHeapSize
                0x00000000        0xc ./Output/heap_4.o
 .text.xPortGetMinimumEverFreeHeapSize
                0x00000000        0xc ./Output/heap_4.o
 .text.vPortInitialiseBlocks
                0x00000000        0x2 ./Output/heap_4.o
 .text.pvPortCalloc
                0x00000000       0x2a ./Output/heap_4.o
 .text.vPortGetHeapStats
                0x00000000       0x84 ./Output/heap_4.o
 .text.vPortHeapResetState
                0x00000000       0x2c ./Output/heap_4.o
 .debug_macro   0x00000000      0xacc ./Output/heap_4.o
 .debug_macro   0x00000000       0x2a ./Output/heap_4.o
 .debug_macro   0x00000000       0x22 ./Output/heap_4.o
 .debug_macro   0x00000000       0x60 ./Output/heap_4.o
 .debug_macro   0x00000000       0x94 ./Output/heap_4.o
 .debug_macro   0x00000000       0x3c ./Output/heap_4.o
 .debug_macro   0x00000000       0x34 ./Output/heap_4.o
 .debug_macro   0x00000000       0x16 ./Output/heap_4.o
 .debug_macro   0x00000000      0x11c ./Output/heap_4.o
 .debug_macro   0x00000000       0x9b ./Output/heap_4.o
 .debug_macro   0x00000000       0x57 ./Output/heap_4.o
 .debug_macro   0x00000000      0x370 ./Output/heap_4.o
 .debug_macro   0x00000000       0x16 ./Output/heap_4.o
 .debug_macro   0x00000000       0x4a ./Output/heap_4.o
 .debug_macro   0x00000000       0x34 ./Output/heap_4.o
 .debug_macro   0x00000000       0x10 ./Output/heap_4.o
 .debug_macro   0x00000000       0x52 ./Output/heap_4.o
 .debug_macro   0x00000000      0x1de ./Output/heap_4.o
 .debug_macro   0x00000000       0x16 ./Output/heap_4.o
 .debug_macro   0x00000000       0x29 ./Output/heap_4.o
 .debug_macro   0x00000000       0x16 ./Output/heap_4.o
 .debug_macro   0x00000000       0x3c ./Output/heap_4.o
 .debug_macro   0x00000000      0x34e ./Output/heap_4.o
 .debug_macro   0x00000000       0x16 ./Output/heap_4.o
 .debug_macro   0x00000000      0x184 ./Output/heap_4.o
 .debug_macro   0x00000000       0x1c ./Output/heap_4.o
 .debug_macro   0x00000000      0x182 ./Output/heap_4.o
 .debug_macro   0x00000000       0xe7 ./Output/heap_4.o
 .debug_macro   0x00000000       0x2e ./Output/heap_4.o
 .debug_macro   0x00000000       0x1f ./Output/heap_4.o
 .debug_macro   0x00000000       0x12 ./Output/heap_4.o
 .debug_macro   0x00000000      0xfd7 ./Output/heap_4.o
 .debug_macro   0x00000000       0xc3 ./Output/heap_4.o
 .debug_macro   0x00000000      0x14f ./Output/heap_4.o
 .group         0x00000000        0xc ./Output/port.o
 .group         0x00000000        0xc ./Output/port.o
 .group         0x00000000        0xc ./Output/port.o
 .group         0x00000000        0xc ./Output/port.o
 .group         0x00000000        0xc ./Output/port.o
 .group         0x00000000        0xc ./Output/port.o
 .group         0x00000000        0xc ./Output/port.o
 .group         0x00000000        0xc ./Output/port.o
 .group         0x00000000        0xc ./Output/port.o
 .group         0x00000000        0xc ./Output/port.o
 .group         0x00000000        0xc ./Output/port.o
 .group         0x00000000        0xc ./Output/port.o
 .group         0x00000000        0xc ./Output/port.o
 .group         0x00000000        0xc ./Output/port.o
 .text          0x00000000        0x0 ./Output/port.o
 .data          0x00000000        0x0 ./Output/port.o
 .bss           0x00000000        0x0 ./Output/port.o
 .text.vPortEndScheduler
                0x00000000       0x14 ./Output/port.o
 .text.vPortValidateInterruptPriority
                0x00000000       0x3c ./Output/port.o
 .debug_macro   0x00000000      0xacc ./Output/port.o
 .debug_macro   0x00000000      0x190 ./Output/port.o
 .debug_macro   0x00000000      0x34e ./Output/port.o
 .debug_macro   0x00000000       0x16 ./Output/port.o
 .debug_macro   0x00000000      0x184 ./Output/port.o
 .debug_macro   0x00000000       0x1c ./Output/port.o
 .debug_macro   0x00000000      0x182 ./Output/port.o
 .debug_macro   0x00000000       0xe7 ./Output/port.o
 .debug_macro   0x00000000       0x2e ./Output/port.o
 .debug_macro   0x00000000       0x1f ./Output/port.o
 .debug_macro   0x00000000       0x12 ./Output/port.o
 .debug_macro   0x00000000      0xfd7 ./Output/port.o
 .debug_macro   0x00000000       0xc3 ./Output/port.o
 .debug_macro   0x00000000      0x14f ./Output/port.o
 .group         0x00000000        0xc ./Output/main.o
 .group         0x00000000        0xc ./Output/main.o
 .group         0x00000000        0xc ./Output/main.o
 .group         0x00000000        0xc ./Output/main.o
 .group         0x00000000        0xc ./Output/main.o
 .group         0x00000000        0xc ./Output/main.o
 .group         0x00000000        0xc ./Output/main.o
 .group         0x00000000        0xc ./Output/main.o
 .group         0x00000000        0xc ./Output/main.o
 .group         0x00000000        0xc ./Output/main.o
 .group         0x00000000        0xc ./Output/main.o
 .group         0x00000000        0xc ./Output/main.o
 .group         0x00000000        0xc ./Output/main.o
 .group         0x00000000        0xc ./Output/main.o
 .group         0x00000000        0xc ./Output/main.o
 .group         0x00000000        0xc ./Output/main.o
 .group         0x00000000        0xc ./Output/main.o
 .group         0x00000000        0xc ./Output/main.o
 .group         0x00000000        0xc ./Output/main.o
 .group         0x00000000        0xc ./Output/main.o
 .group         0x00000000        0xc ./Output/main.o
 .group         0x00000000        0xc ./Output/main.o
 .group         0x00000000        0xc ./Output/main.o
 .group         0x00000000        0xc ./Output/main.o
 .group         0x00000000        0xc ./Output/main.o
 .group         0x00000000        0xc ./Output/main.o
 .group         0x00000000        0xc ./Output/main.o
 .group         0x00000000        0xc ./Output/main.o
 .group         0x00000000        0xc ./Output/main.o
 .group         0x00000000        0xc ./Output/main.o
 .group         0x00000000        0xc ./Output/main.o
 .group         0x00000000        0xc ./Output/main.o
 .group         0x00000000        0xc ./Output/main.o
 .group         0x00000000        0xc ./Output/main.o
 .group         0x00000000        0xc ./Output/main.o
 .group         0x00000000        0xc ./Output/main.o
 .group         0x00000000        0xc ./Output/main.o
 .group         0x00000000        0xc ./Output/main.o
 .group         0x00000000        0xc ./Output/main.o
 .group         0x00000000        0xc ./Output/main.o
 .group         0x00000000        0xc ./Output/main.o
 .text          0x00000000        0x0 ./Output/main.o
 .data          0x00000000        0x0 ./Output/main.o
 .bss           0x00000000        0x0 ./Output/main.o
 .debug_macro   0x00000000      0xacc ./Output/main.o
 .debug_macro   0x00000000      0x190 ./Output/main.o
 .debug_macro   0x00000000      0x34e ./Output/main.o
 .debug_macro   0x00000000       0x16 ./Output/main.o
 .debug_macro   0x00000000      0x184 ./Output/main.o
 .debug_macro   0x00000000       0x1c ./Output/main.o
 .debug_macro   0x00000000      0x182 ./Output/main.o
 .debug_macro   0x00000000       0xe7 ./Output/main.o
 .debug_macro   0x00000000       0x2e ./Output/main.o
 .debug_macro   0x00000000       0x1f ./Output/main.o
 .debug_macro   0x00000000       0x12 ./Output/main.o
 .debug_macro   0x00000000      0xfd7 ./Output/main.o
 .debug_macro   0x00000000       0xc3 ./Output/main.o
 .debug_macro   0x00000000      0x14f ./Output/main.o
 .debug_macro   0x00000000       0x98 ./Output/main.o
 .debug_macro   0x00000000       0x2a ./Output/main.o
 .debug_macro   0x00000000       0x22 ./Output/main.o
 .debug_macro   0x00000000       0x60 ./Output/main.o
 .debug_macro   0x00000000       0x94 ./Output/main.o
 .debug_macro   0x00000000       0x3c ./Output/main.o
 .debug_macro   0x00000000       0x34 ./Output/main.o
 .debug_macro   0x00000000       0x16 ./Output/main.o
 .debug_macro   0x00000000       0x3c ./Output/main.o
 .debug_macro   0x00000000       0x57 ./Output/main.o
 .debug_macro   0x00000000      0x370 ./Output/main.o
 .debug_macro   0x00000000       0x16 ./Output/main.o
 .debug_macro   0x00000000       0x4a ./Output/main.o
 .debug_macro   0x00000000       0x34 ./Output/main.o
 .debug_macro   0x00000000       0x10 ./Output/main.o
 .debug_macro   0x00000000       0x52 ./Output/main.o
 .debug_macro   0x00000000      0x1de ./Output/main.o
 .debug_macro   0x00000000       0x16 ./Output/main.o
 .debug_macro   0x00000000       0x29 ./Output/main.o
 .group         0x00000000        0xc ./Output/startup.o
 .group         0x00000000        0xc ./Output/startup.o
 .text          0x00000000        0x0 ./Output/startup.o
 .data          0x00000000        0x0 ./Output/startup.o
 .bss           0x00000000        0x0 ./Output/startup.o
 .debug_macro   0x00000000      0xacc ./Output/startup.o
 .debug_macro   0x00000000      0x34e ./Output/startup.o
 .text          0x00000000       0xd8 /usr/lib/gcc/arm-none-eabi/13.2.1/../../../arm-none-eabi/lib/thumb/v7e-m+fp/hard/libc_nano.a(libc_a-strlen.o)
 .data          0x00000000        0x0 /usr/lib/gcc/arm-none-eabi/13.2.1/../../../arm-none-eabi/lib/thumb/v7e-m+fp/hard/libc_nano.a(libc_a-strlen.o)
 .bss           0x00000000        0x0 /usr/lib/gcc/arm-none-eabi/13.2.1/../../../arm-none-eabi/lib/thumb/v7e-m+fp/hard/libc_nano.a(libc_a-strlen.o)
 .ARM.extab     0x00000000        0x0 /usr/lib/gcc/arm-none-eabi/13.2.1/../../../arm-none-eabi/lib/thumb/v7e-m+fp/hard/libc_nano.a(libc_a-strlen.o)
 .ARM.exidx     0x00000000        0x8 /usr/lib/gcc/arm-none-eabi/13.2.1/../../../arm-none-eabi/lib/thumb/v7e-m+fp/hard/libc_nano.a(libc_a-strlen.o)
 .debug_line    0x00000000       0x86 /usr/lib/gcc/arm-none-eabi/13.2.1/../../../arm-none-eabi/lib/thumb/v7e-m+fp/hard/libc_nano.a(libc_a-strlen.o)
 .debug_line_str
                0x00000000       0x98 /usr/lib/gcc/arm-none-eabi/13.2.1/../../../arm-none-eabi/lib/thumb/v7e-m+fp/hard/libc_nano.a(libc_a-strlen.o)
 .debug_info    0x00000000       0x33 /usr/lib/gcc/arm-none-eabi/13.2.1/../../../arm-none-eabi/lib/thumb/v7e-m+fp/hard/libc_nano.a(libc_a-strlen.o)
 .debug_abbrev  0x00000000       0x28 /usr/lib/gcc/arm-none-eabi/13.2.1/../../../arm-none-eabi/lib/thumb/v7e-m+fp/hard/libc_nano.a(libc_a-strlen.o)
 .debug_aranges
                0x00000000       0x20 /usr/lib/gcc/arm-none-eabi/13.2.1/../../../arm-none-eabi/lib/thumb/v7e-m+fp/hard/libc_nano.a(libc_a-strlen.o)
 .debug_str     0x00000000       0xab /usr/lib/gcc/arm-none-eabi/13.2.1/../../../arm-none-eabi/lib/thumb/v7e-m+fp/hard/libc_nano.a(libc_a-strlen.o)
 .eh_frame      0x00000000       0x34 /usr/lib/gcc/arm-none-eabi/13.2.1/../../../arm-none-eabi/lib/thumb/v7e-m+fp/hard/libc_nano.a(libc_a-strlen.o)
 .ARM.attributes
                0x00000000       0x1c /usr/lib/gcc/arm-none-eabi/13.2.1/../../../arm-none-eabi/lib/thumb/v7e-m+fp/hard/libc_nano.a(libc_a-strlen.o)
 .data          0x00000000        0x0 /usr/lib/gcc/arm-none-eabi/13.2.1/../../../arm-none-eabi/lib/thumb/v7e-m+fp/hard/libc_nano.a(libc_a-memset.o)
 .bss           0x00000000        0x0 /usr/lib/gcc/arm-none-eabi/13.2.1/../../../arm-none-eabi/lib/thumb/v7e-m+fp/hard/libc_nano.a(libc_a-memset.o)
 .data          0x00000000        0x0 /usr/lib/gcc/arm-none-eabi/13.2.1/../../../arm-none-eabi/lib/thumb/v7e-m+fp/hard/libc_nano.a(libc_a-memcpy.o)
 .bss           0x00000000        0x0 /usr/lib/gcc/arm-none-eabi/13.2.1/../../../arm-none-eabi/lib/thumb/v7e-m+fp/hard/libc_nano.a(libc_a-memcpy.o)
 .ARM.extab     0x00000000        0x0 /usr/lib/gcc/arm-none-eabi/13.2.1/../../../arm-none-eabi/lib/thumb/v7e-m+fp/hard/libc_nano.a(libc_a-memcpy.o)
 .eh_frame      0x00000000       0x2c /usr/lib/gcc/arm-none-eabi/13.2.1/../../../arm-none-eabi/lib/thumb/v7e-m+fp/hard/libc_nano.a(libc_a-memcpy.o)

Memory Configuration

Name             Origin             Length             Attributes
ITCM             0x00000000         0x00010000         xrw
DTCM             0x20000000         0x00020000         rw
M7_0_PFLASH      0x00400000         0x00200000         xr
M7_0_DFLASH      0x10000000         0x0000a000         xr
M7_0_SRAM        0x20400000         0x00040000         rw
M7_1_PFLASH      0x00600000         0x00200000         xr
M7_1_DFLASH      0x1000c000         0x0000a000         xr
M7_1_SRAM        0x20440000         0x00040000         rw
M7_2_PFLASH      0x00800000         0x00400000         xr
M7_2_DFLASH      0x10016000         0x0000a000         xr
M7_2_SRAM        0x20480000         0x00040000         rw
*default*        0x00000000         0xffffffff

Linker script and memory map

LOAD ./Output/tasks.o
LOAD ./Output/list.o
LOAD ./Output/queue.o
LOAD ./Output/timers.o
LOAD ./Output/event_groups.o
LOAD ./Output/stream_buffer.o
LOAD ./Output/heap_4.o
LOAD ./Output/port.o
LOAD ./Output/main.o
LOAD ./Output/startup.o
START GROUP
LOAD /usr/lib/gcc/arm-none-eabi/13.2.1/thumb/v7e-m+fp/hard/libgcc.a
LOAD /usr/lib/gcc/arm-none-eabi/13.2.1/../../../arm-none-eabi/lib/thumb/v7e-m+fp/hard/libc_nano.a
END GROUP
START GROUP
LOAD /usr/lib/gcc/arm-none-eabi/13.2.1/thumb/v7e-m+fp/hard/libgcc.a
LOAD /usr/lib/gcc/arm-none-eabi/13.2.1/../../../arm-none-eabi/lib/thumb/v7e-m+fp/hard/libc_nano.a
LOAD /usr/lib/gcc/arm-none-eabi/13.2.1/../../../arm-none-eabi/lib/thumb/v7e-m+fp/hard/libnosys.a
END GROUP
START GROUP
LOAD /usr/lib/gcc/arm-none-eabi/13.2.1/thumb/v7e-m+fp/hard/libgcc.a
LOAD /usr/lib/gcc/arm-none-eabi/13.2.1/../../../arm-none-eabi/lib/thumb/v7e-m+fp/hard/libc_nano.a
LOAD /usr/lib/gcc/arm-none-eabi/13.2.1/../../../arm-none-eabi/lib/thumb/v7e-m+fp/hard/libnosys.a
END GROUP
                0x00001000                        __STACK_SIZE = 0x1000
                0x0000f000                        __HEAP_SIZE = 0xf000
                0x20440000                        _estack = (ORIGIN (M7_0_SRAM) + LENGTH (M7_0_SRAM))

.isr_vector     0x00400000      0x3c4
                0x00400000                        __vector_table = .
 *(.isr_vector)
 .isr_vector    0x00400000      0x3c4 ./Output/startup.o
                0x00400000                isr_vector
                0x004003c4                        . = ALIGN (0x4)

.text           0x004003c4      0x20c
 *(.text)
 .text          0x004003c4       0xa4 /usr/lib/gcc/arm-none-eabi/13.2.1/../../../arm-none-eabi/lib/thumb/v7e-m+fp/hard/libc_nano.a(libc_a-memset.o)
                0x004003c4                memset
 .text          0x00400468      0x134 /usr/lib/gcc/arm-none-eabi/13.2.1/../../../arm-none-eabi/lib/thumb/v7e-m+fp/hard/libc_nano.a(libc_a-memcpy.o)
                0x00400468                memcpy
 *(.rodata*)
 .rodata.vTaskStartScheduler.str1.1
                0x0040059c       0x30 ./Output/tasks.o
                                  0x5 (size before relaxing)
 .rodata.uxTopUsedPriority
                0x004005cc        0x4 ./Output/tasks.o
 .rodata.prvCheckForValidListAndQueue.str1.1
                0x004005d0        0x5 ./Output/timers.o
 .rodata.xTimerCreateTimerTask.str1.1
                0x004005d0        0x8 ./Output/timers.o
 .rodata.Timer.str1.1
                0x004005d0       0x10 ./Output/main.o
 .rodata.main.str1.1
                0x004005d0       0x14 ./Output/main.o
 *(.constdata*)
                0x004005d0                        _etext = .

.glue_7         0x004005d0        0x0
 .glue_7        0x004005d0        0x0 linker stubs

.glue_7t        0x004005d0        0x0
 .glue_7t       0x004005d0        0x0 linker stubs

.vfp11_veneer   0x004005d0        0x0
 .vfp11_veneer  0x004005d0        0x0 linker stubs

.v4_bx          0x004005d0        0x0
 .v4_bx         0x004005d0        0x0 linker stubs

.text.prvAddCurrentTaskToDelayedList
                0x004005d0       0xb4
 .text.prvAddCurrentTaskToDelayedList
                0x004005d0       0xb4 ./Output/tasks.o

.text.prvResetNextTaskUnblockTime
                0x00400684       0x24
 .text.prvResetNextTaskUnblockTime
                0x00400684       0x24 ./Output/tasks.o

.text.prvCheckTasksWaitingTermination
                0x004006a8       0x48
 .text.prvCheckTasksWaitingTermination
                0x004006a8       0x48 ./Output/tasks.o

.text.prvIdleTask
                0x004006f0        0x8
 .text.prvIdleTask
                0x004006f0        0x8 ./Output/tasks.o

.text.xTaskCreate
                0x004006f8      0x1c0
 .text.xTaskCreate
                0x004006f8      0x1c0 ./Output/tasks.o
                0x004006f8                xTaskCreate

.text.vTaskDelete
                0x004008b8       0xd0
 .text.vTaskDelete
                0x004008b8       0xd0 ./Output/tasks.o
                0x004008b8                vTaskDelete

.text.vTaskStartScheduler
                0x00400988       0x84
 .text.vTaskStartScheduler
                0x00400988       0x84 ./Output/tasks.o
                0x00400988                vTaskStartScheduler

.text.vTaskSuspendAll
                0x00400a0c       0x10
 .text.vTaskSuspendAll
                0x00400a0c       0x10 ./Output/tasks.o
                0x00400a0c                vTaskSuspendAll

.text.xTaskGetTickCount
                0x00400a1c        0xc
 .text.xTaskGetTickCount
                0x00400a1c        0xc ./Output/tasks.o
                0x00400a1c                xTaskGetTickCount

.text.uxTaskGetNumberOfTasks
                0x00400a28        0xc
 .text.uxTaskGetNumberOfTasks
                0x00400a28        0xc ./Output/tasks.o
                0x00400a28                uxTaskGetNumberOfTasks

.text.xTaskIncrementTick
                0x00400a34      0x180
 .text.xTaskIncrementTick
                0x00400a34      0x180 ./Output/tasks.o
                0x00400a34                xTaskIncrementTick

.text.xTaskResumeAll
                0x00400bb4      0x154
 .text.xTaskResumeAll
                0x00400bb4      0x154 ./Output/tasks.o
                0x00400bb4                xTaskResumeAll

.text.xTaskDelayUntil
                0x00400d08       0x6c
 .text.xTaskDelayUntil
                0x00400d08       0x6c ./Output/tasks.o
                0x00400d08                xTaskDelayUntil

.text.vTaskSwitchContext
                0x00400d74       0x68
 .text.vTaskSwitchContext
                0x00400d74       0x68 ./Output/tasks.o
                0x00400d74                vTaskSwitchContext

.text.vTaskPlaceOnEventList
                0x00400ddc       0x24
 .text.vTaskPlaceOnEventList
                0x00400ddc       0x24 ./Output/tasks.o
                0x00400ddc                vTaskPlaceOnEventList

.text.vTaskPlaceOnEventListRestricted
                0x00400e00       0x48
 .text.vTaskPlaceOnEventListRestricted
                0x00400e00       0x48 ./Output/tasks.o
                0x00400e00                vTaskPlaceOnEventListRestricted

.text.xTaskRemoveFromEventList
                0x00400e48       0xbc
 .text.xTaskRemoveFromEventList
                0x00400e48       0xbc ./Output/tasks.o
                0x00400e48                xTaskRemoveFromEventList

.text.vTaskInternalSetTimeOutState
                0x00400f04       0x18
 .text.vTaskInternalSetTimeOutState
                0x00400f04       0x18 ./Output/tasks.o
                0x00400f04                vTaskInternalSetTimeOutState

.text.xTaskCheckForTimeOut
                0x00400f1c       0x70
 .text.xTaskCheckForTimeOut
                0x00400f1c       0x70 ./Output/tasks.o
                0x00400f1c                xTaskCheckForTimeOut

.text.vTaskMissedYield
                0x00400f8c        0xc
 .text.vTaskMissedYield
                0x00400f8c        0xc ./Output/tasks.o
                0x00400f8c                vTaskMissedYield

.text.xTaskGetSchedulerState
                0x00400f98       0x20
 .text.xTaskGetSchedulerState
                0x00400f98       0x20 ./Output/tasks.o
                0x00400f98                xTaskGetSchedulerState

.text.xTaskPriorityInherit
                0x00400fb8       0xa0
 .text.xTaskPriorityInherit
                0x00400fb8       0xa0 ./Output/tasks.o
                0x00400fb8                xTaskPriorityInherit

.text.xTaskPriorityDisinherit
                0x00401058       0x84
 .text.xTaskPriorityDisinherit
                0x00401058       0x84 ./Output/tasks.o
                0x00401058                xTaskPriorityDisinherit

.text.vTaskPriorityDisinheritAfterTimeout
                0x004010dc       0x98
 .text.vTaskPriorityDisinheritAfterTimeout
                0x004010dc       0x98 ./Output/tasks.o
                0x004010dc                vTaskPriorityDisinheritAfterTimeout

.text.pvTaskIncrementMutexHeldCount
                0x00401174       0x14
 .text.pvTaskIncrementMutexHeldCount
                0x00401174       0x14 ./Output/tasks.o
                0x00401174                pvTaskIncrementMutexHeldCount

.iplt           0x00401188        0x0
 .iplt          0x00401188        0x0 ./Output/tasks.o

.text.vListInitialise
                0x00401188       0x16
 .text.vListInitialise
                0x00401188       0x16 ./Output/list.o
                0x00401188                vListInitialise

.text.vListInitialiseItem
                0x0040119e        0x6
 .text.vListInitialiseItem
                0x0040119e        0x6 ./Output/list.o
                0x0040119e                vListInitialiseItem

.text.vListInsertEnd
                0x004011a4       0x16
 .text.vListInsertEnd
                0x004011a4       0x16 ./Output/list.o
                0x004011a4                vListInsertEnd

.text.vListInsert
                0x004011ba       0x2e
 .text.vListInsert
                0x004011ba       0x2e ./Output/list.o
                0x004011ba                vListInsert

.text.uxListRemove
                0x004011e8       0x1e
 .text.uxListRemove
                0x004011e8       0x1e ./Output/list.o
                0x004011e8                uxListRemove

.text.prvIsQueueEmpty
                0x00401206       0x16
 .text.prvIsQueueEmpty
                0x00401206       0x16 ./Output/queue.o

.text.prvCopyDataToQueue
                0x0040121c       0x66
 .text.prvCopyDataToQueue
                0x0040121c       0x66 ./Output/queue.o

.text.prvCopyDataFromQueue
                0x00401282       0x2a
 .text.prvCopyDataFromQueue
                0x00401282       0x2a ./Output/queue.o

.text.prvNotifyQueueSetContainer
                0x004012ac       0x64
 .text.prvNotifyQueueSetContainer
                0x004012ac       0x64 ./Output/queue.o

.text.prvUnlockQueue
                0x00401310       0x78
 .text.prvUnlockQueue
                0x00401310       0x78 ./Output/queue.o

.text.xQueueGenericReset
                0x00401388       0x7a
 .text.xQueueGenericReset
                0x00401388       0x7a ./Output/queue.o
                0x00401388                xQueueGenericReset

.text.xQueueGenericCreate
                0x00401402       0x42
 .text.xQueueGenericCreate
                0x00401402       0x42 ./Output/queue.o
                0x00401402                xQueueGenericCreate

.text.xQueueGenericSend
                0x00401444      0x138
 .text.xQueueGenericSend
                0x00401444      0x138 ./Output/queue.o
                0x00401444                xQueueGenericSend

.text.xQueueReceive
                0x0040157c      0x10c
 .text.xQueueReceive
                0x0040157c      0x10c ./Output/queue.o
                0x0040157c                xQueueReceive

.text.xQueueSemaphoreTake
                0x00401688      0x138
 .text.xQueueSemaphoreTake
                0x00401688      0x138 ./Output/queue.o
                0x00401688                xQueueSemaphoreTake

.text.vQueueAddToRegistry
                0x004017c0       0x3c
 .text.vQueueAddToRegistry
                0x004017c0       0x3c ./Output/queue.o
                0x004017c0                vQueueAddToRegistry

.text.vQueueWaitForMessageRestricted
                0x004017fc       0x46
 .text.vQueueWaitForMessageRestricted
                0x004017fc       0x46 ./Output/queue.o
                0x004017fc                vQueueWaitForMessageRestricted

.text.prvInsertTimerInActiveList
                0x00401844       0x3c
 .text.prvInsertTimerInActiveList
                0x00401844       0x3c ./Output/timers.o

.text.prvReloadTimer
                0x00401880       0x26
 .text.prvReloadTimer
                0x00401880       0x26 ./Output/timers.o

.text.prvProcessExpiredTimer
                0x004018a8       0x40
 .text.prvProcessExpiredTimer
                0x004018a8       0x40 ./Output/timers.o

.text.prvSampleTimeNow
                0x004018e8       0x4c
 .text.prvSampleTimeNow
                0x004018e8       0x4c ./Output/timers.o

.text.prvTimerTask
                0x00401934      0x170
 .text.prvTimerTask
                0x00401934      0x170 ./Output/timers.o

.text.prvCheckForValidListAndQueue
                0x00401aa4       0x58
 .text.prvCheckForValidListAndQueue
                0x00401aa4       0x58 ./Output/timers.o

.text.xTimerCreateTimerTask
                0x00401afc       0x3c
 .text.xTimerCreateTimerTask
                0x00401afc       0x3c ./Output/timers.o
                0x00401afc                xTimerCreateTimerTask

.text.xTimerCreate
                0x00401b38       0x4a
 .text.xTimerCreate
                0x00401b38       0x4a ./Output/timers.o
                0x00401b38                xTimerCreate

.text.xTimerGenericCommandFromTask
                0x00401b84       0x38
 .text.xTimerGenericCommandFromTask
                0x00401b84       0x38 ./Output/timers.o
                0x00401b84                xTimerGenericCommandFromTask

.text.pvTimerGetTimerID
                0x00401bbc       0x16
 .text.pvTimerGetTimerID
                0x00401bbc       0x16 ./Output/timers.o
                0x00401bbc                pvTimerGetTimerID

.text.pvPortMalloc
                0x00401bd4      0x130
 .text.pvPortMalloc
                0x00401bd4      0x130 ./Output/heap_4.o
                0x00401bd4                pvPortMalloc

.text.vPortFree
                0x00401d04       0xbc
 .text.vPortFree
                0x00401d04       0xbc ./Output/heap_4.o
                0x00401d04                vPortFree

.text.prvTaskExitError
                0x00401dc0       0x30
 .text.prvTaskExitError
                0x00401dc0       0x30 ./Output/port.o

.text.vPortSVCHandler
                0x00401df0       0x24
 .text.vPortSVCHandler
                0x00401df0       0x24 ./Output/port.o
                0x00401df0                vPortSVCHandler

.text.prvPortStartFirstTask
                0x00401e14       0x28
 .text.prvPortStartFirstTask
                0x00401e14       0x28 ./Output/port.o

.text.xPortPendSVHandler
                0x00401e40       0x64
 .text.xPortPendSVHandler
                0x00401e40       0x64 ./Output/port.o
                0x00401e40                xPortPendSVHandler

.text.vPortEnableVFP
                0x00401ea4       0x14
 .text.vPortEnableVFP
                0x00401ea4       0x14 ./Output/port.o

.text.pxPortInitialiseStack
                0x00401eb8       0x24
 .text.pxPortInitialiseStack
                0x00401eb8       0x24 ./Output/port.o
                0x00401eb8                pxPortInitialiseStack

.text.vPortEnterCritical
                0x00401edc       0x30
 .text.vPortEnterCritical
                0x00401edc       0x30 ./Output/port.o
                0x00401edc                vPortEnterCritical

.text.vPortExitCritical
                0x00401f0c       0x18
 .text.vPortExitCritical
                0x00401f0c       0x18 ./Output/port.o
                0x00401f0c                vPortExitCritical

.text.xPortSysTickHandler
                0x00401f24       0x2c
 .text.xPortSysTickHandler
                0x00401f24       0x2c ./Output/port.o
                0x00401f24                xPortSysTickHandler

.text.vPortSetupTimerInterrupt
                0x00401f50       0x18
 .text.vPortSetupTimerInterrupt
                0x00401f50       0x18 ./Output/port.o
                0x00401f50                vPortSetupTimerInterrupt

.text.xPortStartScheduler
                0x00401f68      0x118
 .text.xPortStartScheduler
                0x00401f68      0x118 ./Output/port.o
                0x00401f68                xPortStartScheduler

.text.TaskA     0x00402080       0x34
 .text.TaskA    0x00402080       0x34 ./Output/main.o
                0x00402080                TaskA

.text.TaskB     0x004020b4       0x34
 .text.TaskB    0x004020b4       0x34 ./Output/main.o
                0x004020b4                TaskB

.text.Timer     0x004020e8       0x40
 .text.Timer    0x004020e8       0x40 ./Output/main.o
                0x004020e8                Timer

.text.TaskC     0x00402128       0x24
 .text.TaskC    0x00402128       0x24 ./Output/main.o
                0x00402128                TaskC

.text.startup.main
                0x0040214c       0x70
 .text.startup.main
                0x0040214c       0x70 ./Output/main.o
                0x0040214c                main

.text.Default_Handler
                0x00402200        0xc
 .text.Default_Handler
                0x00402200        0xc ./Output/startup.o

.text.HardFault_Handler
                0x00402300       0x18
 .text.HardFault_Handler
                0x00402300       0x18 ./Output/startup.o

.text.Reset_Handler
                0x00402318        0x4
 .text.Reset_Handler
                0x00402318        0x4 ./Output/startup.o
                0x00402318                Reset_Handler

.text.prvGetRegistersFromStack
                0x0040231c       0x54
 .text.prvGetRegistersFromStack
                0x0040231c       0x54 ./Output/startup.o
                0x0040231c                prvGetRegistersFromStack

.rel.dyn        0x00402370        0x0
 .rel.iplt      0x00402370        0x0 ./Output/tasks.o

.ARM.exidx      0x00402370        0x8
 .ARM.exidx     0x00402370        0x8 /usr/lib/gcc/arm-none-eabi/13.2.1/../../../arm-none-eabi/lib/thumb/v7e-m+fp/hard/libc_nano.a(libc_a-memcpy.o)

.data           0x20400000        0x0
                0x20400000                        . = ALIGN (0x8)
                0x20400000                        _data = .
                0x20400000                        _sdata = .
 *(vtable)
 *(.data)
                0x20400000                        _edata = .

.igot.plt       0x20400000        0x0
 .igot.plt      0x20400000        0x0 ./Output/tasks.o

.data.uxCriticalNesting
                0x20400000        0x4
 .data.uxCriticalNesting
                0x20400000        0x4 ./Output/port.o

.data.counter   0x20400004        0x4
 .data.counter  0x20400004        0x4 ./Output/main.o
                0x20400004                counter

.bss            0x20400008        0x0
                0x20400008                        . = ALIGN (0x8)
                0x20400008                        _bss = .
                0x20400008                        _sbss = .
 *(.bss)
                0x20400008                        _ebss = .

.bss.uxSchedulerSuspended
                0x20400008        0x4
 .bss.uxSchedulerSuspended
                0x20400008        0x4 ./Output/tasks.o

.bss.xIdleTaskHandles
                0x2040000c        0x4
 .bss.xIdleTaskHandles
                0x2040000c        0x4 ./Output/tasks.o

.bss.xNextTaskUnblockTime
                0x20400010        0x4
 .bss.xNextTaskUnblockTime
                0x20400010        0x4 ./Output/tasks.o

.bss.uxTaskNumber
                0x20400014        0x4
 .bss.uxTaskNumber
                0x20400014        0x4 ./Output/tasks.o

.bss.xNumOfOverflows
                0x20400018        0x4
 .bss.xNumOfOverflows
                0x20400018        0x4 ./Output/tasks.o

.bss.xYieldPendings
                0x2040001c        0x4
 .bss.xYieldPendings
                0x2040001c        0x4 ./Output/tasks.o

.bss.xPendedTicks
                0x20400020        0x4
 .bss.xPendedTicks
                0x20400020        0x4 ./Output/tasks.o

.bss.xSchedulerRunning
                0x20400024        0x4
 .bss.xSchedulerRunning
                0x20400024        0x4 ./Output/tasks.o

.bss.uxTopReadyPriority
                0x20400028        0x4
 .bss.uxTopReadyPriority
                0x20400028        0x4 ./Output/tasks.o

.bss.xTickCount
                0x2040002c        0x4
 .bss.xTickCount
                0x2040002c        0x4 ./Output/tasks.o

.bss.uxCurrentNumberOfTasks
                0x20400030        0x4
 .bss.uxCurrentNumberOfTasks
                0x20400030        0x4 ./Output/tasks.o

.bss.xSuspendedTaskList
                0x20400034       0x14
 .bss.xSuspendedTaskList
                0x20400034       0x14 ./Output/tasks.o

.bss.uxDeletedTasksWaitingCleanUp
                0x20400048        0x4
 .bss.uxDeletedTasksWaitingCleanUp
                0x20400048        0x4 ./Output/tasks.o

.bss.xTasksWaitingTermination
                0x2040004c       0x14
 .bss.xTasksWaitingTermination
                0x2040004c       0x14 ./Output/tasks.o

.bss.xPendingReadyList
                0x20400060       0x14
 .bss.xPendingReadyList
                0x20400060       0x14 ./Output/tasks.o

.bss.pxOverflowDelayedTaskList
                0x20400074        0x4
 .bss.pxOverflowDelayedTaskList
                0x20400074        0x4 ./Output/tasks.o

.bss.pxDelayedTaskList
                0x20400078        0x4
 .bss.pxDelayedTaskList
                0x20400078        0x4 ./Output/tasks.o

.bss.xDelayedTaskList2
                0x2040007c       0x14
 .bss.xDelayedTaskList2
                0x2040007c       0x14 ./Output/tasks.o

.bss.xDelayedTaskList1
                0x20400090       0x14
 .bss.xDelayedTaskList1
                0x20400090       0x14 ./Output/tasks.o

.bss.pxReadyTasksLists
                0x204000a4       0xb4
 .bss.pxReadyTasksLists
                0x204000a4       0xb4 ./Output/tasks.o

.bss.pxCurrentTCB
                0x20400158        0x4
 .bss.pxCurrentTCB
                0x20400158        0x4 ./Output/tasks.o
                0x20400158                pxCurrentTCB

.bss.xQueueRegistry
                0x2040015c       0x50
 .bss.xQueueRegistry
                0x2040015c       0x50 ./Output/queue.o
                0x2040015c                xQueueRegistry

.bss.xLastTime.0
                0x204001ac        0x4
 .bss.xLastTime.0
                0x204001ac        0x4 ./Output/timers.o

.bss.xTimerTaskHandle
                0x204001b0        0x4
 .bss.xTimerTaskHandle
                0x204001b0        0x4 ./Output/timers.o

.bss.xTimerQueue
                0x204001b4        0x4
 .bss.xTimerQueue
                0x204001b4        0x4 ./Output/timers.o

.bss.pxOverflowTimerList
                0x204001b8        0x4
 .bss.pxOverflowTimerList
                0x204001b8        0x4 ./Output/timers.o

.bss.pxCurrentTimerList
                0x204001bc        0x4
 .bss.pxCurrentTimerList
                0x204001bc        0x4 ./Output/timers.o

.bss.xActiveTimerList2
                0x204001c0       0x14
 .bss.xActiveTimerList2
                0x204001c0       0x14 ./Output/timers.o

.bss.xActiveTimerList1
                0x204001d4       0x14
 .bss.xActiveTimerList1
                0x204001d4       0x14 ./Output/timers.o

.bss.xNumberOfSuccessfulFrees
                0x204001e8        0x4
 .bss.xNumberOfSuccessfulFrees
                0x204001e8        0x4 ./Output/heap_4.o

.bss.xNumberOfSuccessfulAllocations
                0x204001ec        0x4
 .bss.xNumberOfSuccessfulAllocations
                0x204001ec        0x4 ./Output/heap_4.o

.bss.xMinimumEverFreeBytesRemaining
                0x204001f0        0x4
 .bss.xMinimumEverFreeBytesRemaining
                0x204001f0        0x4 ./Output/heap_4.o

.bss.xFreeBytesRemaining
                0x204001f4        0x4
 .bss.xFreeBytesRemaining
                0x204001f4        0x4 ./Output/heap_4.o

.bss.pxEnd      0x204001f8        0x4
 .bss.pxEnd     0x204001f8        0x4 ./Output/heap_4.o

.bss.xStart     0x204001fc        0x8
 .bss.xStart    0x204001fc        0x8 ./Output/heap_4.o

.bss.ucHeap     0x20400204     0xf000
 .bss.ucHeap    0x20400204     0xf000 ./Output/heap_4.o

.bss.ulMaxPRIGROUPValue
                0x2040f204        0x4
 .bss.ulMaxPRIGROUPValue
                0x2040f204        0x4 ./Output/port.o

.bss.ucMaxSysCallPriority
                0x2040f208        0x1
 .bss.ucMaxSysCallPriority
                0x2040f208        0x1 ./Output/port.o

.bss.semaphore  0x2040f20c        0x4
 .bss.semaphore
                0x2040f20c        0x4 ./Output/main.o
                0x2040f20c                semaphore

.bss.psr        0x2040f210        0x4
 .bss.psr       0x2040f210        0x4 ./Output/startup.o
                0x2040f210                psr

.bss.pc         0x2040f214        0x4
 .bss.pc        0x2040f214        0x4 ./Output/startup.o
                0x2040f214                pc

.bss.lr         0x2040f218        0x4
 .bss.lr        0x2040f218        0x4 ./Output/startup.o
                0x2040f218                lr

.bss.r12        0x2040f21c        0x4
 .bss.r12       0x2040f21c        0x4 ./Output/startup.o
                0x2040f21c                r12

.bss.r3         0x2040f220        0x4
 .bss.r3        0x2040f220        0x4 ./Output/startup.o
                0x2040f220                r3

.bss.r2         0x2040f224        0x4
 .bss.r2        0x2040f224        0x4 ./Output/startup.o
                0x2040f224                r2

.bss.r1         0x2040f228        0x4
 .bss.r1        0x2040f228        0x4 ./Output/startup.o
                0x2040f228                r1

.bss.r0         0x2040f22c        0x4
 .bss.r0        0x2040f22c        0x4 ./Output/startup.o
                0x2040f22c                r0

.heap           0x2040f230    0x10000
                0x2040f230                        . = ALIGN (0x8)
                [!provide]                        PROVIDE (end = .)
                [!provide]                        PROVIDE (_end = .)
                0x2040f230                        _heap_bottom = .
                0x2041e230                        . = (. + __HEAP_SIZE)
 *fill*         0x2040f230     0xf000 
                0x2041e230                        _heap_top = .
                0x2041f230                        . = (. + __STACK_SIZE)
 *fill*         0x2041e230     0x1000 
                0x2041f230                        . = ALIGN (0x8)
                0x20440000                        __StackTop = (ORIGIN (M7_0_SRAM) + LENGTH (M7_0_SRAM))
                0x2043f000                        __StackLimit = (__StackTop - __STACK_SIZE)
                [!provide]                        PROVIDE (__stack = __StackTop)
OUTPUT(./Output/demo.elf elf32-littlearm)
LOAD linker stubs

.debug_info     0x00000000     0x8006
 .debug_info    0x00000000     0x3156 ./Output/tasks.o
 .debug_info    0x00003156      0x2b2 ./Output/list.o
 .debug_info    0x00003408     0x2344 ./Output/queue.o
 .debug_info    0x0000574c     0x146d ./Output/timers.o
 .debug_info    0x00006bb9      0x5d7 ./Output/heap_4.o
 .debug_info    0x00007190      0x47e ./Output/port.o
 .debug_info    0x0000760e      0x6d8 ./Output/main.o
 .debug_info    0x00007ce6      0x1b8 ./Output/startup.o
 .debug_info    0x00007e9e      0x135 /usr/lib/gcc/arm-none-eabi/13.2.1/../../../arm-none-eabi/lib/thumb/v7e-m+fp/hard/libc_nano.a(libc_a-memset.o)
 .debug_info    0x00007fd3       0x33 /usr/lib/gcc/arm-none-eabi/13.2.1/../../../arm-none-eabi/lib/thumb/v7e-m+fp/hard/libc_nano.a(libc_a-memcpy.o)

.debug_abbrev   0x00000000     0x188d
 .debug_abbrev  0x00000000      0x515 ./Output/tasks.o
 .debug_abbrev  0x00000515      0x105 ./Output/list.o
 .debug_abbrev  0x0000061a      0x464 ./Output/queue.o
 .debug_abbrev  0x00000a7e      0x43c ./Output/timers.o
 .debug_abbrev  0x00000eba      0x2d2 ./Output/heap_4.o
 .debug_abbrev  0x0000118c      0x290 ./Output/port.o
 .debug_abbrev  0x0000141c      0x25e ./Output/main.o
 .debug_abbrev  0x0000167a      0x134 ./Output/startup.o
 .debug_abbrev  0x000017ae       0xb7 /usr/lib/gcc/arm-none-eabi/13.2.1/../../../arm-none-eabi/lib/thumb/v7e-m+fp/hard/libc_nano.a(libc_a-memset.o)
 .debug_abbrev  0x00001865       0x28 /usr/lib/gcc/arm-none-eabi/13.2.1/../../../arm-none-eabi/lib/thumb/v7e-m+fp/hard/libc_nano.a(libc_a-memcpy.o)

.debug_loclists
                0x00000000     0x3d46
 .debug_loclists
                0x00000000     0x1b6b ./Output/tasks.o
 .debug_loclists
                0x00001b6b       0x77 ./Output/list.o
 .debug_loclists
                0x00001be2     0x1097 ./Output/queue.o
 .debug_loclists
                0x00002c79      0x9b8 ./Output/timers.o
 .debug_loclists
                0x00003631      0x371 ./Output/heap_4.o
 .debug_loclists
                0x000039a2       0x90 ./Output/port.o
 .debug_loclists
                0x00003a32      0x152 ./Output/main.o
 .debug_loclists
                0x00003b84      0x1c2 /usr/lib/gcc/arm-none-eabi/13.2.1/../../../arm-none-eabi/lib/thumb/v7e-m+fp/hard/libc_nano.a(libc_a-memset.o)

.debug_aranges  0x00000000      0x5e0
 .debug_aranges
                0x00000000      0x1f8 ./Output/tasks.o
 .debug_aranges
                0x000001f8       0x40 ./Output/list.o
 .debug_aranges
                0x00000238      0x148 ./Output/queue.o
 .debug_aranges
                0x00000380       0xd0 ./Output/timers.o
 .debug_aranges
                0x00000450       0x58 ./Output/heap_4.o
 .debug_aranges
                0x000004a8       0x80 ./Output/port.o
 .debug_aranges
                0x00000528       0x40 ./Output/main.o
 .debug_aranges
                0x00000568       0x38 ./Output/startup.o
 .debug_aranges
                0x000005a0       0x20 /usr/lib/gcc/arm-none-eabi/13.2.1/../../../arm-none-eabi/lib/thumb/v7e-m+fp/hard/libc_nano.a(libc_a-memset.o)
 .debug_aranges
                0x000005c0       0x20 /usr/lib/gcc/arm-none-eabi/13.2.1/../../../arm-none-eabi/lib/thumb/v7e-m+fp/hard/libc_nano.a(libc_a-memcpy.o)

.debug_rnglists
                0x00000000      0x6ef
 .debug_rnglists
                0x00000000      0x2f4 ./Output/tasks.o
 .debug_rnglists
                0x000002f4       0x2b ./Output/list.o
 .debug_rnglists
                0x0000031f      0x1d0 ./Output/queue.o
 .debug_rnglists
                0x000004ef       0xdf ./Output/timers.o
 .debug_rnglists
                0x000005ce       0x4c ./Output/heap_4.o
 .debug_rnglists
                0x0000061a       0x79 ./Output/port.o
 .debug_rnglists
                0x00000693       0x37 ./Output/main.o
 .debug_rnglists
                0x000006ca       0x25 ./Output/startup.o

.debug_macro    0x00000000     0x421a
 .debug_macro   0x00000000      0x289 ./Output/tasks.o
 .debug_macro   0x00000289      0xacc ./Output/tasks.o
 .debug_macro   0x00000d55       0x2a ./Output/tasks.o
 .debug_macro   0x00000d7f       0x22 ./Output/tasks.o
 .debug_macro   0x00000da1       0x60 ./Output/tasks.o
 .debug_macro   0x00000e01       0x94 ./Output/tasks.o
 .debug_macro   0x00000e95       0x3c ./Output/tasks.o
 .debug_macro   0x00000ed1       0x34 ./Output/tasks.o
 .debug_macro   0x00000f05       0x16 ./Output/tasks.o
 .debug_macro   0x00000f1b      0x11c ./Output/tasks.o
 .debug_macro   0x00001037       0x9b ./Output/tasks.o
 .debug_macro   0x000010d2       0x57 ./Output/tasks.o
 .debug_macro   0x00001129      0x370 ./Output/tasks.o
 .debug_macro   0x00001499       0x16 ./Output/tasks.o
 .debug_macro   0x000014af       0x4a ./Output/tasks.o
 .debug_macro   0x000014f9       0x34 ./Output/tasks.o
 .debug_macro   0x0000152d       0x10 ./Output/tasks.o
 .debug_macro   0x0000153d       0x52 ./Output/tasks.o
 .debug_macro   0x0000158f      0x1de ./Output/tasks.o
 .debug_macro   0x0000176d       0x16 ./Output/tasks.o
 .debug_macro   0x00001783       0x29 ./Output/tasks.o
 .debug_macro   0x000017ac       0x16 ./Output/tasks.o
 .debug_macro   0x000017c2       0x3c ./Output/tasks.o
 .debug_macro   0x000017fe      0x34e ./Output/tasks.o
 .debug_macro   0x00001b4c       0x16 ./Output/tasks.o
 .debug_macro   0x00001b62      0x184 ./Output/tasks.o
 .debug_macro   0x00001ce6       0x1c ./Output/tasks.o
 .debug_macro   0x00001d02      0x182 ./Output/tasks.o
 .debug_macro   0x00001e84       0xe7 ./Output/tasks.o
 .debug_macro   0x00001f6b       0x2e ./Output/tasks.o
 .debug_macro   0x00001f99       0x1f ./Output/tasks.o
 .debug_macro   0x00001fb8       0x12 ./Output/tasks.o
 .debug_macro   0x00001fca      0xfd7 ./Output/tasks.o
 .debug_macro   0x00002fa1       0xc3 ./Output/tasks.o
 .debug_macro   0x00003064      0x14f ./Output/tasks.o
 .debug_macro   0x000031b3       0x98 ./Output/tasks.o
 .debug_macro   0x0000324b       0x17 ./Output/tasks.o
 .debug_macro   0x00003262      0x171 ./Output/list.o
 .debug_macro   0x000033d3      0x203 ./Output/queue.o
 .debug_macro   0x000035d6       0x80 ./Output/queue.o
 .debug_macro   0x00003656      0x1c0 ./Output/timers.o
 .debug_macro   0x00003816       0x9e ./Output/timers.o
 .debug_macro   0x000038b4      0x201 ./Output/heap_4.o
 .debug_macro   0x00003ab5      0x186 ./Output/port.o
 .debug_macro   0x00003c3b      0x1e0 ./Output/main.o
 .debug_macro   0x00003e1b       0x86 ./Output/main.o
 .debug_macro   0x00003ea1       0x85 ./Output/main.o
 .debug_macro   0x00003f26       0x1c ./Output/main.o
 .debug_macro   0x00003f42       0x10 ./Output/main.o
 .debug_macro   0x00003f52       0x1c ./Output/main.o
 .debug_macro   0x00003f6e       0x16 ./Output/main.o
 .debug_macro   0x00003f84      0x170 ./Output/main.o
 .debug_macro   0x000040f4      0x10c ./Output/main.o
 .debug_macro   0x00004200       0x1a ./Output/startup.o

.debug_line     0x00000000     0x6b40
 .debug_line    0x00000000     0x2a5b ./Output/tasks.o
 .debug_line    0x00002a5b      0x442 ./Output/list.o
 .debug_line    0x00002e9d     0x1adf ./Output/queue.o
 .debug_line    0x0000497c      0xbf5 ./Output/timers.o
 .debug_line    0x00005571      0x840 ./Output/heap_4.o
 .debug_line    0x00005db1      0x57a ./Output/port.o
 .debug_line    0x0000632b      0x4a7 ./Output/main.o
 .debug_line    0x000067d2       0xff ./Output/startup.o
 .debug_line    0x000068d1      0x1b6 /usr/lib/gcc/arm-none-eabi/13.2.1/../../../arm-none-eabi/lib/thumb/v7e-m+fp/hard/libc_nano.a(libc_a-memset.o)
 .debug_line    0x00006a87       0xb9 /usr/lib/gcc/arm-none-eabi/13.2.1/../../../arm-none-eabi/lib/thumb/v7e-m+fp/hard/libc_nano.a(libc_a-memcpy.o)

.debug_str      0x00000000    0x1715e
 .debug_str     0x00000000    0x1715e ./Output/tasks.o
                              0x13747 (size before relaxing)
 .debug_str     0x0001715e     0xffab ./Output/list.o
 .debug_str     0x0001715e    0x12979 ./Output/queue.o
 .debug_str     0x0001715e    0x12c19 ./Output/timers.o
 .debug_str     0x0001715e    0x11a9e ./Output/heap_4.o
 .debug_str     0x0001715e     0xeece ./Output/port.o
 .debug_str     0x0001715e    0x13653 ./Output/main.o
 .debug_str     0x0001715e     0x3996 ./Output/startup.o
 .debug_str     0x0001715e      0x1ad /usr/lib/gcc/arm-none-eabi/13.2.1/../../../arm-none-eabi/lib/thumb/v7e-m+fp/hard/libc_nano.a(libc_a-memset.o)
 .debug_str     0x0001715e       0xac /usr/lib/gcc/arm-none-eabi/13.2.1/../../../arm-none-eabi/lib/thumb/v7e-m+fp/hard/libc_nano.a(libc_a-memcpy.o)

.comment        0x00000000       0x26
 .comment       0x00000000       0x26 ./Output/tasks.o
                                 0x27 (size before relaxing)
 .comment       0x00000026       0x27 ./Output/list.o
 .comment       0x00000026       0x27 ./Output/queue.o
 .comment       0x00000026       0x27 ./Output/timers.o
 .comment       0x00000026       0x27 ./Output/heap_4.o
 .comment       0x00000026       0x27 ./Output/port.o
 .comment       0x00000026       0x27 ./Output/main.o
 .comment       0x00000026       0x27 ./Output/startup.o
 .comment       0x00000026       0x27 /usr/lib/gcc/arm-none-eabi/13.2.1/../../../arm-none-eabi/lib/thumb/v7e-m+fp/hard/libc_nano.a(libc_a-memset.o)

.ARM.attributes
                0x00000000       0x32
 .ARM.attributes
                0x00000000       0x34 ./Output/tasks.o
 .ARM.attributes
                0x00000034       0x34 ./Output/list.o
 .ARM.attributes
                0x00000068       0x34 ./Output/queue.o
 .ARM.attributes
                0x0000009c       0x34 ./Output/timers.o
 .ARM.attributes
                0x000000d0       0x34 ./Output/heap_4.o
 .ARM.attributes
                0x00000104       0x34 ./Output/port.o
 .ARM.attributes
                0x00000138       0x34 ./Output/main.o
 .ARM.attributes
                0x0000016c       0x34 ./Output/startup.o
 .ARM.attributes
                0x000001a0       0x34 /usr/lib/gcc/arm-none-eabi/13.2.1/../../../arm-none-eabi/lib/thumb/v7e-m+fp/hard/libc_nano.a(libc_a-memset.o)
 .ARM.attributes
                0x000001d4       0x20 /usr/lib/gcc/arm-none-eabi/13.2.1/../../../arm-none-eabi/lib/thumb/v7e-m+fp/hard/libc_nano.a(libc_a-memcpy.o)

.debug_frame    0x00000000     0x1064
 .debug_frame   0x00000000      0x668 ./Output/tasks.o
 .debug_frame   0x00000668       0x6c ./Output/list.o
 .debug_frame   0x000006d4      0x41c ./Output/queue.o
 .debug_frame   0x00000af0      0x27c ./Output/timers.o
 .debug_frame   0x00000d6c       0xe4 ./Output/heap_4.o
 .debug_frame   0x00000e50      0x100 ./Output/port.o
 .debug_frame   0x00000f50       0x98 ./Output/main.o
 .debug_frame   0x00000fe8       0x50 ./Output/startup.o
 .debug_frame   0x00001038       0x2c /usr/lib/gcc/arm-none-eabi/13.2.1/../../../arm-none-eabi/lib/thumb/v7e-m+fp/hard/libc_nano.a(libc_a-memset.o)

.debug_line_str
                0x00000000       0x99
 .debug_line_str
                0x00000000       0x99 /usr/lib/gcc/arm-none-eabi/13.2.1/../../../arm-none-eabi/lib/thumb/v7e-m+fp/hard/libc_nano.a(libc_a-memcpy.o)
