Archive member included to satisfy reference by file (symbol)

/usr/lib/gcc/arm-none-eabi/13.2.1/../../../arm-none-eabi/lib/thumb/v7e-m+fp/hard/libc_nano.a(libc_a-sprintf.o)
                              ./Output/main.o (sprintf)
/usr/lib/gcc/arm-none-eabi/13.2.1/../../../arm-none-eabi/lib/thumb/v7e-m+fp/hard/libc_nano.a(libc_a-impure.o)
                              /usr/lib/gcc/arm-none-eabi/13.2.1/../../../arm-none-eabi/lib/thumb/v7e-m+fp/hard/libc_nano.a(libc_a-sprintf.o) (_impure_ptr)
/usr/lib/gcc/arm-none-eabi/13.2.1/../../../arm-none-eabi/lib/thumb/v7e-m+fp/hard/libc_nano.a(libc_a-nano-svfprintf.o)
                              /usr/lib/gcc/arm-none-eabi/13.2.1/../../../arm-none-eabi/lib/thumb/v7e-m+fp/hard/libc_nano.a(libc_a-sprintf.o) (_svfprintf_r)
/usr/lib/gcc/arm-none-eabi/13.2.1/../../../arm-none-eabi/lib/thumb/v7e-m+fp/hard/libc_nano.a(libc_a-strlen.o)
                              ./Output/tasks.o (strlen)
/usr/lib/gcc/arm-none-eabi/13.2.1/../../../arm-none-eabi/lib/thumb/v7e-m+fp/hard/libc_nano.a(libc_a-memset.o)
                              ./Output/tasks.o (memset)
/usr/lib/gcc/arm-none-eabi/13.2.1/../../../arm-none-eabi/lib/thumb/v7e-m+fp/hard/libc_nano.a(libc_a-mallocr.o)
                              /usr/lib/gcc/arm-none-eabi/13.2.1/../../../arm-none-eabi/lib/thumb/v7e-m+fp/hard/libc_nano.a(libc_a-nano-svfprintf.o) (_malloc_r)
/usr/lib/gcc/arm-none-eabi/13.2.1/../../../arm-none-eabi/lib/thumb/v7e-m+fp/hard/libc_nano.a(libc_a-freer.o)
                              /usr/lib/gcc/arm-none-eabi/13.2.1/../../../arm-none-eabi/lib/thumb/v7e-m+fp/hard/libc_nano.a(libc_a-nano-svfprintf.o) (_free_r)
/usr/lib/gcc/arm-none-eabi/13.2.1/../../../arm-none-eabi/lib/thumb/v7e-m+fp/hard/libc_nano.a(libc_a-memmove.o)
                              /usr/lib/gcc/arm-none-eabi/13.2.1/../../../arm-none-eabi/lib/thumb/v7e-m+fp/hard/libc_nano.a(libc_a-nano-svfprintf.o) (memmove)
/usr/lib/gcc/arm-none-eabi/13.2.1/../../../arm-none-eabi/lib/thumb/v7e-m+fp/hard/libc_nano.a(libc_a-memchr.o)
                              /usr/lib/gcc/arm-none-eabi/13.2.1/../../../arm-none-eabi/lib/thumb/v7e-m+fp/hard/libc_nano.a(libc_a-nano-svfprintf.o) (memchr)
/usr/lib/gcc/arm-none-eabi/13.2.1/../../../arm-none-eabi/lib/thumb/v7e-m+fp/hard/libc_nano.a(libc_a-memcpy.o)
                              ./Output/queue.o (memcpy)
/usr/lib/gcc/arm-none-eabi/13.2.1/../../../arm-none-eabi/lib/thumb/v7e-m+fp/hard/libc_nano.a(libc_a-reallocr.o)
                              /usr/lib/gcc/arm-none-eabi/13.2.1/../../../arm-none-eabi/lib/thumb/v7e-m+fp/hard/libc_nano.a(libc_a-nano-svfprintf.o) (_realloc_r)
/usr/lib/gcc/arm-none-eabi/13.2.1/../../../arm-none-eabi/lib/thumb/v7e-m+fp/hard/libc_nano.a(libc_a-nano-vfprintf_i.o)
                              /usr/lib/gcc/arm-none-eabi/13.2.1/../../../arm-none-eabi/lib/thumb/v7e-m+fp/hard/libc_nano.a(libc_a-nano-svfprintf.o) (_printf_i)
/usr/lib/gcc/arm-none-eabi/13.2.1/../../../arm-none-eabi/lib/thumb/v7e-m+fp/hard/libc_nano.a(libc_a-mlock.o)
                              /usr/lib/gcc/arm-none-eabi/13.2.1/../../../arm-none-eabi/lib/thumb/v7e-m+fp/hard/libc_nano.a(libc_a-mallocr.o) (__malloc_lock)
/usr/lib/gcc/arm-none-eabi/13.2.1/../../../arm-none-eabi/lib/thumb/v7e-m+fp/hard/libc_nano.a(libc_a-sbrkr.o)
                              /usr/lib/gcc/arm-none-eabi/13.2.1/../../../arm-none-eabi/lib/thumb/v7e-m+fp/hard/libc_nano.a(libc_a-mallocr.o) (_sbrk_r)
/usr/lib/gcc/arm-none-eabi/13.2.1/../../../arm-none-eabi/lib/thumb/v7e-m+fp/hard/libc_nano.a(libc_a-msizer.o)
                              /usr/lib/gcc/arm-none-eabi/13.2.1/../../../arm-none-eabi/lib/thumb/v7e-m+fp/hard/libc_nano.a(libc_a-reallocr.o) (_malloc_usable_size_r)
/usr/lib/gcc/arm-none-eabi/13.2.1/../../../arm-none-eabi/lib/thumb/v7e-m+fp/hard/libc_nano.a(libc_a-reent.o)
                              /usr/lib/gcc/arm-none-eabi/13.2.1/../../../arm-none-eabi/lib/thumb/v7e-m+fp/hard/libc_nano.a(libc_a-sbrkr.o) (errno)
/usr/lib/gcc/arm-none-eabi/13.2.1/../../../arm-none-eabi/lib/thumb/v7e-m+fp/hard/libnosys.a(sbrk.o)
                              /usr/lib/gcc/arm-none-eabi/13.2.1/../../../arm-none-eabi/lib/thumb/v7e-m+fp/hard/libc_nano.a(libc_a-sbrkr.o) (_sbrk)

Discarded input sections

 .group         0x00000000        0xc ./Output/tasks.o
 .group         0x00000000        0xc ./Output/tasks.o
 .group         0x00000000        0xc ./Output/tasks.o
 .group         0x00000000        0xc ./Output/tasks.o
 .group         0x00000000        0xc ./Output/tasks.o
 .group         0x00000000        0xc ./Output/tasks.o
 .group         0x00000000        0xc ./Output/tasks.o
 .group         0x00000000        0xc ./Output/tasks.o
 .group         0x00000000        0xc ./Output/tasks.o
 .group         0x00000000        0xc ./Output/tasks.o
 .group         0x00000000        0xc ./Output/tasks.o
 .group         0x00000000        0xc ./Output/tasks.o
 .group         0x00000000        0xc ./Output/tasks.o
 .group         0x00000000        0xc ./Output/tasks.o
[...]
Memory Configuration

Name             Origin             Length             Attributes
ITCM             0x00000000         0x00010000         xrw
DTCM             0x20000000         0x00020000         rw
M7_0_PFLASH      0x00400000         0x00200000         xr
M7_0_DFLASH      0x10000000         0x0000a000         xr
M7_0_SRAM        0x20400000         0x00040000         rw
M7_1_PFLASH      0x00600000         0x00200000         xr
M7_1_DFLASH      0x1000c000         0x0000a000         xr
M7_1_SRAM        0x20440000         0x00040000         rw
M7_2_PFLASH      0x00800000         0x00400000         xr
M7_2_DFLASH      0x10016000         0x0000a000         xr
M7_2_SRAM        0x20480000         0x00040000         rw
*default*        0x00000000         0xffffffff

Linker script and memory map

LOAD ./Output/tasks.o
LOAD ./Output/list.o
LOAD ./Output/queue.o
LOAD ./Output/heap_4.o
LOAD ./Output/port.o
LOAD ./Output/main.o
LOAD ./Output/startup.o
LOAD ./Output/uart.o
LOAD ./Output/can.o
START GROUP
LOAD /usr/lib/gcc/arm-none-eabi/13.2.1/thumb/v7e-m+fp/hard/libgcc.a
LOAD /usr/lib/gcc/arm-none-eabi/13.2.1/../../../arm-none-eabi/lib/thumb/v7e-m+fp/hard/libc_nano.a
END GROUP
START GROUP
LOAD /usr/lib/gcc/arm-none-eabi/13.2.1/thumb/v7e-m+fp/hard/libgcc.a
LOAD /usr/lib/gcc/arm-none-eabi/13.2.1/../../../arm-none-eabi/lib/thumb/v7e-m+fp/hard/libc_nano.a
LOAD /usr/lib/gcc/arm-none-eabi/13.2.1/../../../arm-none-eabi/lib/thumb/v7e-m+fp/hard/libnosys.a
END GROUP
START GROUP
LOAD /usr/lib/gcc/arm-none-eabi/13.2.1/thumb/v7e-m+fp/hard/libgcc.a
LOAD /usr/lib/gcc/arm-none-eabi/13.2.1/../../../arm-none-eabi/lib/thumb/v7e-m+fp/hard/libc_nano.a
LOAD /usr/lib/gcc/arm-none-eabi/13.2.1/../../../arm-none-eabi/lib/thumb/v7e-m+fp/hard/libnosys.a
END GROUP
                0x00001000                        __STACK_SIZE = 0x1000
                0x0000f000                        __HEAP_SIZE = 0xf000
                0x20440000                        _estack = (ORIGIN (M7_0_SRAM) + LENGTH (M7_0_SRAM))

.isr_vector     0x00400000      0x3c4
                0x00400000                        __vector_table = .
 *(.isr_vector)
 .isr_vector    0x00400000      0x3c4 ./Output/startup.o
                0x00400000                isr_vector
                0x004003c4                        . = ALIGN (0x4)

.text           0x004003d0      0xf59
 *(.text)
 .text          0x004003d0       0x80 /usr/lib/gcc/arm-none-eabi/13.2.1/../../../arm-none-eabi/lib/thumb/v7e-m+fp/hard/libc_nano.a(libc_a-sprintf.o)
                0x004003d0                _siprintf_r
                0x004003d0                _sprintf_r
                0x0040040c                sprintf
                0x0040040c                siprintf
 .text          0x00400450      0x400 /usr/lib/gcc/arm-none-eabi/13.2.1/../../../arm-none-eabi/lib/thumb/v7e-m+fp/hard/libc_nano.a(libc_a-nano-svfprintf.o)
                0x00400450                __ssputs_r
                0x00400510                __ssprint_r
                0x00400618                _svfprintf_r
                0x00400618                _svfiprintf_r
 .text          0x00400850       0xa4 /usr/lib/gcc/arm-none-eabi/13.2.1/../../../arm-none-eabi/lib/thumb/v7e-m+fp/hard/libc_nano.a(libc_a-memset.o)
                0x00400850                memset
 .text          0x004008f4      0x148 /usr/lib/gcc/arm-none-eabi/13.2.1/../../../arm-none-eabi/lib/thumb/v7e-m+fp/hard/libc_nano.a(libc_a-mallocr.o)
                0x0040093c                _malloc_r
 .text          0x00400a3c       0xbc /usr/lib/gcc/arm-none-eabi/13.2.1/../../../arm-none-eabi/lib/thumb/v7e-m+fp/hard/libc_nano.a(libc_a-freer.o)
                0x00400a3c                _free_r
 .text          0x00400af8      0x100 /usr/lib/gcc/arm-none-eabi/13.2.1/../../../arm-none-eabi/lib/thumb/v7e-m+fp/hard/libc_nano.a(libc_a-memmove.o)
                0x00400af8                memmove
 *fill*         0x00400bf8        0x8 
 .text          0x00400c00       0xa0 /usr/lib/gcc/arm-none-eabi/13.2.1/../../../arm-none-eabi/lib/thumb/v7e-m+fp/hard/libc_nano.a(libc_a-memchr.o)
                0x00400c00                memchr
 .text          0x00400ca0      0x134 /usr/lib/gcc/arm-none-eabi/13.2.1/../../../arm-none-eabi/lib/thumb/v7e-m+fp/hard/libc_nano.a(libc_a-memcpy.o)
                0x00400ca0                memcpy
 .text          0x00400dd4       0x64 /usr/lib/gcc/arm-none-eabi/13.2.1/../../../arm-none-eabi/lib/thumb/v7e-m+fp/hard/libc_nano.a(libc_a-reallocr.o)
                0x00400dd4                _realloc_r
 .text          0x00400e38      0x3a8 /usr/lib/gcc/arm-none-eabi/13.2.1/../../../arm-none-eabi/lib/thumb/v7e-m+fp/hard/libc_nano.a(libc_a-nano-vfprintf_i.o)
                0x00400e38                _printf_common
                0x00400f5c                _printf_i
 .text          0x004011e0        0x8 /usr/lib/gcc/arm-none-eabi/13.2.1/../../../arm-none-eabi/lib/thumb/v7e-m+fp/hard/libc_nano.a(libc_a-mlock.o)
                0x004011e0                __malloc_lock
                0x004011e4                __malloc_unlock
 .text          0x004011e8       0x24 /usr/lib/gcc/arm-none-eabi/13.2.1/../../../arm-none-eabi/lib/thumb/v7e-m+fp/hard/libc_nano.a(libc_a-sbrkr.o)
                0x004011e8                _sbrk_r
 .text          0x0040120c       0x10 /usr/lib/gcc/arm-none-eabi/13.2.1/../../../arm-none-eabi/lib/thumb/v7e-m+fp/hard/libc_nano.a(libc_a-msizer.o)
                0x0040120c                _malloc_usable_size_r
 .text          0x0040121c       0x1c /usr/lib/gcc/arm-none-eabi/13.2.1/../../../arm-none-eabi/lib/thumb/v7e-m+fp/hard/libnosys.a(sbrk.o)
                0x0040121c                _sbrk
 *(.rodata*)
 .rodata.vTaskStartScheduler.str1.1
                0x00401238       0xb2 ./Output/tasks.o
                                  0x5 (size before relaxing)
 *fill*         0x004012ea        0x2 
 .rodata.uxTopUsedPriority
                0x004012ec        0x4 ./Output/tasks.o
 .rodata.read_from_UART.str1.1
                0x004012f0       0x29 ./Output/main.o
 .rodata.write_to_CAN_and_transmit.str1.1
                0x004012f0       0x1b ./Output/main.o
 .rodata.read_from_CAN.str1.1
                0x004012f0        0xf ./Output/main.o
 .rodata.write_to_UART.str1.1
                0x004012f0       0x13 ./Output/main.o
 .rodata.main.str1.1
                0x004012f0       0x33 ./Output/main.o
 .rodata.Uart_Handler.str1.1
                0x004012f0       0x14 ./Output/main.o
 .rodata.str1.4
                0x004012f0       0x39 /usr/lib/gcc/arm-none-eabi/13.2.1/../../../arm-none-eabi/lib/thumb/v7e-m+fp/hard/libc_nano.a(libc_a-nano-svfprintf.o)
                                 0x13 (size before relaxing)
 .rodata.str1.4
                0x00401329       0x25 /usr/lib/gcc/arm-none-eabi/13.2.1/../../../arm-none-eabi/lib/thumb/v7e-m+fp/hard/libc_nano.a(libc_a-nano-vfprintf_i.o)
 *(.constdata*)
                0x00401329                        _etext = .

.glue_7         0x0040132c        0x0
 .glue_7        0x0040132c        0x0 linker stubs

.glue_7t        0x0040132c        0x0
 .glue_7t       0x0040132c        0x0 linker stubs

.vfp11_veneer   0x0040132c        0x0
 .vfp11_veneer  0x0040132c        0x0 linker stubs

.v4_bx          0x0040132c        0x0
 .v4_bx         0x0040132c        0x0 linker stubs

.text.prvAddCurrentTaskToDelayedList
                0x0040132c       0xb4
 .text.prvAddCurrentTaskToDelayedList
                0x0040132c       0xb4 ./Output/tasks.o

.text.prvResetNextTaskUnblockTime
                0x004013e0       0x24
 .text.prvResetNextTaskUnblockTime
                0x004013e0       0x24 ./Output/tasks.o

.text.prvCheckTasksWaitingTermination
                0x00401404       0x48
 .text.prvCheckTasksWaitingTermination
                0x00401404       0x48 ./Output/tasks.o

.text.prvIdleTask
                0x0040144c        0x8
 .text.prvIdleTask
                0x0040144c        0x8 ./Output/tasks.o

.text.xTaskCreate
                0x00401454      0x1c0
 .text.xTaskCreate
                0x00401454      0x1c0 ./Output/tasks.o
                0x00401454                xTaskCreate

.text.vTaskStartScheduler
                0x00401614       0x7c
 .text.vTaskStartScheduler
                0x00401614       0x7c ./Output/tasks.o
                0x00401614                vTaskStartScheduler

.text.vTaskSuspendAll
                0x00401690       0x10
 .text.vTaskSuspendAll
                0x00401690       0x10 ./Output/tasks.o
                0x00401690                vTaskSuspendAll

.text.uxTaskGetNumberOfTasks
                0x004016a0        0xc
 .text.uxTaskGetNumberOfTasks
                0x004016a0        0xc ./Output/tasks.o
                0x004016a0                uxTaskGetNumberOfTasks

.text.xTaskIncrementTick
                0x004016ac      0x180
 .text.xTaskIncrementTick
                0x004016ac      0x180 ./Output/tasks.o
                0x004016ac                xTaskIncrementTick

.text.xTaskResumeAll
                0x0040182c      0x154
 .text.xTaskResumeAll
                0x0040182c      0x154 ./Output/tasks.o
                0x0040182c                xTaskResumeAll

.text.vTaskSwitchContext
                0x00401980       0x68
 .text.vTaskSwitchContext
                0x00401980       0x68 ./Output/tasks.o
                0x00401980                vTaskSwitchContext

.text.vTaskPlaceOnEventList
                0x004019e8       0x24
 .text.vTaskPlaceOnEventList
                0x004019e8       0x24 ./Output/tasks.o
                0x004019e8                vTaskPlaceOnEventList

.text.xTaskRemoveFromEventList
                0x00401a0c       0xbc
 .text.xTaskRemoveFromEventList
                0x00401a0c       0xbc ./Output/tasks.o
                0x00401a0c                xTaskRemoveFromEventList

.text.vTaskInternalSetTimeOutState
                0x00401ac8       0x18
 .text.vTaskInternalSetTimeOutState
                0x00401ac8       0x18 ./Output/tasks.o
                0x00401ac8                vTaskInternalSetTimeOutState

.text.xTaskCheckForTimeOut
                0x00401ae0       0x70
 .text.xTaskCheckForTimeOut
                0x00401ae0       0x70 ./Output/tasks.o
                0x00401ae0                xTaskCheckForTimeOut

.text.vTaskMissedYield
                0x00401b50        0xc
 .text.vTaskMissedYield
                0x00401b50        0xc ./Output/tasks.o
                0x00401b50                vTaskMissedYield

.text.xTaskGetSchedulerState
                0x00401b5c       0x20
 .text.xTaskGetSchedulerState
                0x00401b5c       0x20 ./Output/tasks.o
                0x00401b5c                xTaskGetSchedulerState

.text.xTaskPriorityInherit
                0x00401b7c       0xa0
 .text.xTaskPriorityInherit
                0x00401b7c       0xa0 ./Output/tasks.o
                0x00401b7c                xTaskPriorityInherit

.text.xTaskPriorityDisinherit
                0x00401c1c       0x84
 .text.xTaskPriorityDisinherit
                0x00401c1c       0x84 ./Output/tasks.o
                0x00401c1c                xTaskPriorityDisinherit

.text.vTaskPriorityDisinheritAfterTimeout
                0x00401ca0       0x98
 .text.vTaskPriorityDisinheritAfterTimeout
                0x00401ca0       0x98 ./Output/tasks.o
                0x00401ca0                vTaskPriorityDisinheritAfterTimeout

.text.pvTaskIncrementMutexHeldCount
                0x00401d38       0x14
 .text.pvTaskIncrementMutexHeldCount
                0x00401d38       0x14 ./Output/tasks.o
                0x00401d38                pvTaskIncrementMutexHeldCount

.iplt           0x00401d4c        0x0
 .iplt          0x00401d4c        0x0 ./Output/tasks.o

.text.vListInitialise
                0x00401d4c       0x16
 .text.vListInitialise
                0x00401d4c       0x16 ./Output/list.o
                0x00401d4c                vListInitialise

.text.vListInitialiseItem
                0x00401d62        0x6
 .text.vListInitialiseItem
                0x00401d62        0x6 ./Output/list.o
                0x00401d62                vListInitialiseItem

.text.vListInsert
                0x00401d68       0x2e
 .text.vListInsert
                0x00401d68       0x2e ./Output/list.o
                0x00401d68                vListInsert

.text.uxListRemove
                0x00401d96       0x1e
 .text.uxListRemove
                0x00401d96       0x1e ./Output/list.o
                0x00401d96                uxListRemove

.text.prvIsQueueEmpty
                0x00401db4       0x16
 .text.prvIsQueueEmpty
                0x00401db4       0x16 ./Output/queue.o

.text.prvCopyDataToQueue
                0x00401dca       0x66
 .text.prvCopyDataToQueue
                0x00401dca       0x66 ./Output/queue.o

.text.prvNotifyQueueSetContainer
                0x00401e30       0x64
 .text.prvNotifyQueueSetContainer
                0x00401e30       0x64 ./Output/queue.o

.text.prvUnlockQueue
                0x00401e94       0x78
 .text.prvUnlockQueue
                0x00401e94       0x78 ./Output/queue.o

.text.xQueueGenericReset
                0x00401f0c       0x7a
 .text.xQueueGenericReset
                0x00401f0c       0x7a ./Output/queue.o
                0x00401f0c                xQueueGenericReset

.text.xQueueGenericCreate
                0x00401f86       0x42
 .text.xQueueGenericCreate
                0x00401f86       0x42 ./Output/queue.o
                0x00401f86                xQueueGenericCreate

.text.xQueueGenericSend
                0x00401fc8      0x138
 .text.xQueueGenericSend
                0x00401fc8      0x138 ./Output/queue.o
                0x00401fc8                xQueueGenericSend

.text.xQueueSemaphoreTake
                0x00402100      0x138
 .text.xQueueSemaphoreTake
                0x00402100      0x138 ./Output/queue.o
                0x00402100                xQueueSemaphoreTake

.text.pvPortMalloc
                0x00402238      0x130
 .text.pvPortMalloc
                0x00402238      0x130 ./Output/heap_4.o
                0x00402238                pvPortMalloc

.text.vPortFree
                0x00402368       0xbc
 .text.vPortFree
                0x00402368       0xbc ./Output/heap_4.o
                0x00402368                vPortFree

.text.prvTaskExitError
                0x00402424       0x30
 .text.prvTaskExitError
                0x00402424       0x30 ./Output/port.o

.text.vPortSVCHandler
                0x00402460       0x24
 .text.vPortSVCHandler
                0x00402460       0x24 ./Output/port.o
                0x00402460                vPortSVCHandler

.text.prvPortStartFirstTask
                0x00402484       0x28
 .text.prvPortStartFirstTask
                0x00402484       0x28 ./Output/port.o

.text.xPortPendSVHandler
                0x004024b0       0x64
 .text.xPortPendSVHandler
                0x004024b0       0x64 ./Output/port.o
                0x004024b0                xPortPendSVHandler

.text.vPortEnableVFP
                0x00402514       0x14
 .text.vPortEnableVFP
                0x00402514       0x14 ./Output/port.o

.text.pxPortInitialiseStack
                0x00402528       0x24
 .text.pxPortInitialiseStack
                0x00402528       0x24 ./Output/port.o
                0x00402528                pxPortInitialiseStack

.text.vPortEnterCritical
                0x0040254c       0x30
 .text.vPortEnterCritical
                0x0040254c       0x30 ./Output/port.o
                0x0040254c                vPortEnterCritical

.text.vPortExitCritical
                0x0040257c       0x18
 .text.vPortExitCritical
                0x0040257c       0x18 ./Output/port.o
                0x0040257c                vPortExitCritical

.text.xPortSysTickHandler
                0x00402594       0x2c
 .text.xPortSysTickHandler
                0x00402594       0x2c ./Output/port.o
                0x00402594                xPortSysTickHandler

.text.vPortSetupTimerInterrupt
                0x004025c0       0x18
 .text.vPortSetupTimerInterrupt
                0x004025c0       0x18 ./Output/port.o
                0x004025c0                vPortSetupTimerInterrupt

.text.xPortStartScheduler
                0x004025d8      0x118
 .text.xPortStartScheduler
                0x004025d8      0x118 ./Output/port.o
                0x004025d8                xPortStartScheduler

.text.read_from_UART
                0x004026f0       0x64
 .text.read_from_UART
                0x004026f0       0x64 ./Output/main.o
                0x004026f0                read_from_UART

.text.write_to_CAN_and_transmit
                0x00402754       0x60
 .text.write_to_CAN_and_transmit
                0x00402754       0x60 ./Output/main.o
                0x00402754                write_to_CAN_and_transmit

.text.read_from_CAN
                0x004027b4       0x58
 .text.read_from_CAN
                0x004027b4       0x58 ./Output/main.o
                0x004027b4                read_from_CAN

.text.write_to_UART
                0x0040280c       0x58
 .text.write_to_UART
                0x0040280c       0x58 ./Output/main.o
                0x0040280c                write_to_UART

.text.startup.main
                0x00402864       0xf0
 .text.startup.main
                0x00402864       0xf0 ./Output/main.o
                0x00402864                main

.text.Uart_Handler
                0x00402954       0x14
 .text.Uart_Handler
                0x00402954       0x14 ./Output/main.o
                0x00402954                Uart_Handler

.text.Default_Handler
                0x00402a00        0xc
 .text.Default_Handler
                0x00402a00        0xc ./Output/startup.o

.text.HardFault_Handler
                0x00402b00       0x18
 .text.HardFault_Handler
                0x00402b00       0x18 ./Output/startup.o

.text.Reset_Handler
                0x00402b18        0x4
 .text.Reset_Handler
                0x00402b18        0x4 ./Output/startup.o
                0x00402b18                Reset_Handler

.text.prvGetRegistersFromStack
                0x00402b1c       0x54
 .text.prvGetRegistersFromStack
                0x00402b1c       0x54 ./Output/startup.o
                0x00402b1c                prvGetRegistersFromStack

.text.UART_init
                0x00402b70       0x28
 .text.UART_init
                0x00402b70       0x28 ./Output/uart.o
                0x00402b70                UART_init

.text.UART_printf
                0x00402b98       0x1c
 .text.UART_printf
                0x00402b98       0x1c ./Output/uart.o
                0x00402b98                UART_printf

.text.UART_getchar
                0x00402bb4       0x14
 .text.UART_getchar
                0x00402bb4       0x14 ./Output/uart.o
                0x00402bb4                UART_getchar

.text.UART_clear_interrupt
                0x00402bc8       0x14
 .text.UART_clear_interrupt
                0x00402bc8       0x14 ./Output/uart.o
                0x00402bc8                UART_clear_interrupt

.text.CAN_write
                0x00402bdc       0x48
 .text.CAN_write
                0x00402bdc       0x48 ./Output/can.o
                0x00402bdc                CAN_write

.text.CAN_transmit
                0x00402c24       0x20
 .text.CAN_transmit
                0x00402c24       0x20 ./Output/can.o
                0x00402c24                CAN_transmit

.text.CAN_has_received
                0x00402c44       0x20
 .text.CAN_has_received
                0x00402c44       0x20 ./Output/can.o
                0x00402c44                CAN_has_received

.text.CAN_read_data
                0x00402c64       0x70
 .text.CAN_read_data
                0x00402c64       0x70 ./Output/can.o
                0x00402c64                CAN_read_data

.text.CAN_release_receive_buffer
                0x00402cd4       0x20
 .text.CAN_release_receive_buffer
                0x00402cd4       0x20 ./Output/can.o
                0x00402cd4                CAN_release_receive_buffer

.rel.dyn        0x00402cf4        0x0
 .rel.iplt      0x00402cf4        0x0 ./Output/tasks.o

.ARM.exidx      0x00402cf4        0x8
 .ARM.exidx     0x00402cf4        0x8 /usr/lib/gcc/arm-none-eabi/13.2.1/../../../arm-none-eabi/lib/thumb/v7e-m+fp/hard/libc_nano.a(libc_a-memchr.o)
 .ARM.exidx     0x00402cfc        0x0 /usr/lib/gcc/arm-none-eabi/13.2.1/../../../arm-none-eabi/lib/thumb/v7e-m+fp/hard/libc_nano.a(libc_a-memcpy.o)
                                  0x8 (size before relaxing)

.data           0x20400000       0x50
                0x20400000                        . = ALIGN (0x8)
                0x20400000                        _data = .
                0x20400000                        _sdata = .
 *(vtable)
 *(.data)
 .data          0x20400000       0x50 /usr/lib/gcc/arm-none-eabi/13.2.1/../../../arm-none-eabi/lib/thumb/v7e-m+fp/hard/libc_nano.a(libc_a-impure.o)
                0x20400000                _impure_ptr
                0x20400004                _impure_data
                0x20400050                        _edata = .

.igot.plt       0x20400050        0x0
 .igot.plt      0x20400050        0x0 ./Output/tasks.o

.data.uxCriticalNesting
                0x20400050        0x4
 .data.uxCriticalNesting
                0x20400050        0x4 ./Output/port.o

.bss            0x20400054       0x14
                0x20400058                        . = ALIGN (0x8)
 *fill*         0x20400054        0x4 
                0x20400058                        _bss = .
                0x20400058                        _sbss = .
 *(.bss)
 .bss           0x20400058        0x8 /usr/lib/gcc/arm-none-eabi/13.2.1/../../../arm-none-eabi/lib/thumb/v7e-m+fp/hard/libc_nano.a(libc_a-mallocr.o)
                0x20400058                __malloc_sbrk_start
                0x2040005c                __malloc_free_list
 .bss           0x20400060        0x4 /usr/lib/gcc/arm-none-eabi/13.2.1/../../../arm-none-eabi/lib/thumb/v7e-m+fp/hard/libc_nano.a(libc_a-reent.o)
                0x20400060                errno
 .bss           0x20400064        0x4 /usr/lib/gcc/arm-none-eabi/13.2.1/../../../arm-none-eabi/lib/thumb/v7e-m+fp/hard/libnosys.a(sbrk.o)
                0x20400068                        _ebss = .

.bss.uxSchedulerSuspended
                0x20400068        0x4
 .bss.uxSchedulerSuspended
                0x20400068        0x4 ./Output/tasks.o

.bss.xIdleTaskHandles
                0x2040006c        0x4
 .bss.xIdleTaskHandles
                0x2040006c        0x4 ./Output/tasks.o

.bss.xNextTaskUnblockTime
                0x20400070        0x4
 .bss.xNextTaskUnblockTime
                0x20400070        0x4 ./Output/tasks.o

.bss.uxTaskNumber
                0x20400074        0x4
 .bss.uxTaskNumber
                0x20400074        0x4 ./Output/tasks.o

.bss.xNumOfOverflows
                0x20400078        0x4
 .bss.xNumOfOverflows
                0x20400078        0x4 ./Output/tasks.o

.bss.xYieldPendings
                0x2040007c        0x4
 .bss.xYieldPendings
                0x2040007c        0x4 ./Output/tasks.o

.bss.xPendedTicks
                0x20400080        0x4
 .bss.xPendedTicks
                0x20400080        0x4 ./Output/tasks.o

.bss.xSchedulerRunning
                0x20400084        0x4
 .bss.xSchedulerRunning
                0x20400084        0x4 ./Output/tasks.o

.bss.uxTopReadyPriority
                0x20400088        0x4
 .bss.uxTopReadyPriority
                0x20400088        0x4 ./Output/tasks.o

.bss.xTickCount
                0x2040008c        0x4
 .bss.xTickCount
                0x2040008c        0x4 ./Output/tasks.o

.bss.uxCurrentNumberOfTasks
                0x20400090        0x4
 .bss.uxCurrentNumberOfTasks
                0x20400090        0x4 ./Output/tasks.o

.bss.xSuspendedTaskList
                0x20400094       0x14
 .bss.xSuspendedTaskList
                0x20400094       0x14 ./Output/tasks.o

.bss.uxDeletedTasksWaitingCleanUp
                0x204000a8        0x4
 .bss.uxDeletedTasksWaitingCleanUp
                0x204000a8        0x4 ./Output/tasks.o

.bss.xTasksWaitingTermination
                0x204000ac       0x14
 .bss.xTasksWaitingTermination
                0x204000ac       0x14 ./Output/tasks.o

.bss.xPendingReadyList
                0x204000c0       0x14
 .bss.xPendingReadyList
                0x204000c0       0x14 ./Output/tasks.o

.bss.pxOverflowDelayedTaskList
                0x204000d4        0x4
 .bss.pxOverflowDelayedTaskList
                0x204000d4        0x4 ./Output/tasks.o

.bss.pxDelayedTaskList
                0x204000d8        0x4
 .bss.pxDelayedTaskList
                0x204000d8        0x4 ./Output/tasks.o

.bss.xDelayedTaskList2
                0x204000dc       0x14
 .bss.xDelayedTaskList2
                0x204000dc       0x14 ./Output/tasks.o

.bss.xDelayedTaskList1
                0x204000f0       0x14
 .bss.xDelayedTaskList1
                0x204000f0       0x14 ./Output/tasks.o

.bss.pxReadyTasksLists
                0x20400104       0xb4
 .bss.pxReadyTasksLists
                0x20400104       0xb4 ./Output/tasks.o

.bss.pxCurrentTCB
                0x204001b8        0x4
 .bss.pxCurrentTCB
                0x204001b8        0x4 ./Output/tasks.o
                0x204001b8                pxCurrentTCB

.bss.xNumberOfSuccessfulFrees
                0x204001bc        0x4
 .bss.xNumberOfSuccessfulFrees
                0x204001bc        0x4 ./Output/heap_4.o

.bss.xNumberOfSuccessfulAllocations
                0x204001c0        0x4
 .bss.xNumberOfSuccessfulAllocations
                0x204001c0        0x4 ./Output/heap_4.o

.bss.xMinimumEverFreeBytesRemaining
                0x204001c4        0x4
 .bss.xMinimumEverFreeBytesRemaining
                0x204001c4        0x4 ./Output/heap_4.o

.bss.xFreeBytesRemaining
                0x204001c8        0x4
 .bss.xFreeBytesRemaining
                0x204001c8        0x4 ./Output/heap_4.o

.bss.pxEnd      0x204001cc        0x4
 .bss.pxEnd     0x204001cc        0x4 ./Output/heap_4.o

.bss.xStart     0x204001d0        0x8
 .bss.xStart    0x204001d0        0x8 ./Output/heap_4.o

.bss.ucHeap     0x204001d8     0xf000
 .bss.ucHeap    0x204001d8     0xf000 ./Output/heap_4.o

.bss.ulMaxPRIGROUPValue
                0x2040f1d8        0x4
 .bss.ulMaxPRIGROUPValue
                0x2040f1d8        0x4 ./Output/port.o

.bss.ucMaxSysCallPriority
                0x2040f1dc        0x1
 .bss.ucMaxSysCallPriority
                0x2040f1dc        0x1 ./Output/port.o

.bss.characters2
                0x2040f1dd        0x8
 .bss.characters2
                0x2040f1dd        0x8 ./Output/main.o
                0x2040f1dd                characters2

.bss.characters
                0x2040f1e5        0x8
 .bss.characters
                0x2040f1e5        0x8 ./Output/main.o
                0x2040f1e5                characters

.bss.xSem4      0x2040f1f0        0x4
 .bss.xSem4     0x2040f1f0        0x4 ./Output/main.o
                0x2040f1f0                xSem4

.bss.xSem3      0x2040f1f4        0x4
 .bss.xSem3     0x2040f1f4        0x4 ./Output/main.o
                0x2040f1f4                xSem3

.bss.xSem2      0x2040f1f8        0x4
 .bss.xSem2     0x2040f1f8        0x4 ./Output/main.o
                0x2040f1f8                xSem2

.bss.xSem1      0x2040f1fc        0x4
 .bss.xSem1     0x2040f1fc        0x4 ./Output/main.o
                0x2040f1fc                xSem1

.bss.psr        0x2040f200        0x4
 .bss.psr       0x2040f200        0x4 ./Output/startup.o
                0x2040f200                psr

.bss.pc         0x2040f204        0x4
 .bss.pc        0x2040f204        0x4 ./Output/startup.o
                0x2040f204                pc

.bss.lr         0x2040f208        0x4
 .bss.lr        0x2040f208        0x4 ./Output/startup.o
                0x2040f208                lr

.bss.r12        0x2040f20c        0x4
 .bss.r12       0x2040f20c        0x4 ./Output/startup.o
                0x2040f20c                r12

.bss.r3         0x2040f210        0x4
 .bss.r3        0x2040f210        0x4 ./Output/startup.o
                0x2040f210                r3

.bss.r2         0x2040f214        0x4
 .bss.r2        0x2040f214        0x4 ./Output/startup.o
                0x2040f214                r2

.bss.r1         0x2040f218        0x4
 .bss.r1        0x2040f218        0x4 ./Output/startup.o
                0x2040f218                r1

.bss.r0         0x2040f21c        0x4
 .bss.r0        0x2040f21c        0x4 ./Output/startup.o
                0x2040f21c                r0

.heap           0x2040f220    0x10000
                0x2040f220                        . = ALIGN (0x8)
                0x2040f220                        PROVIDE (end = .)
                [!provide]                        PROVIDE (_end = .)
                0x2040f220                        _heap_bottom = .
                0x2041e220                        . = (. + __HEAP_SIZE)
 *fill*         0x2040f220     0xf000 
                0x2041e220                        _heap_top = .
                0x2041f220                        . = (. + __STACK_SIZE)
 *fill*         0x2041e220     0x1000 
                0x2041f220                        . = ALIGN (0x8)
                0x20440000                        __StackTop = (ORIGIN (M7_0_SRAM) + LENGTH (M7_0_SRAM))
                0x2043f000                        __StackLimit = (__StackTop - __STACK_SIZE)
                [!provide]                        PROVIDE (__stack = __StackTop)
OUTPUT(./Output/demo.elf elf32-littlearm)
LOAD linker stubs

.debug_info     0x00000000     0xe75f
 .debug_info    0x00000000     0x3063 ./Output/tasks.o
 .debug_info    0x00003063      0x2b2 ./Output/list.o
 .debug_info    0x00003315     0x2278 ./Output/queue.o
 .debug_info    0x0000558d      0x5d7 ./Output/heap_4.o
 .debug_info    0x00005b64      0x47e ./Output/port.o
 .debug_info    0x00005fe2      0xd22 ./Output/main.o
 .debug_info    0x00006d04      0x1be ./Output/startup.o
 .debug_info    0x00006ec2      0xa6c ./Output/uart.o
 .debug_info    0x0000792e      0x302 ./Output/can.o
 .debug_info    0x00007c30      0x87b /usr/lib/gcc/arm-none-eabi/13.2.1/../../../arm-none-eabi/lib/thumb/v7e-m+fp/hard/libc_nano.a(libc_a-sprintf.o)
 .debug_info    0x000084ab      0x70b /usr/lib/gcc/arm-none-eabi/13.2.1/../../../arm-none-eabi/lib/thumb/v7e-m+fp/hard/libc_nano.a(libc_a-impure.o)
 .debug_info    0x00008bb6     0x1092 /usr/lib/gcc/arm-none-eabi/13.2.1/../../../arm-none-eabi/lib/thumb/v7e-m+fp/hard/libc_nano.a(libc_a-nano-svfprintf.o)
 .debug_info    0x00009c48      0x135 /usr/lib/gcc/arm-none-eabi/13.2.1/../../../arm-none-eabi/lib/thumb/v7e-m+fp/hard/libc_nano.a(libc_a-memset.o)
 .debug_info    0x00009d7d      0x9b6 /usr/lib/gcc/arm-none-eabi/13.2.1/../../../arm-none-eabi/lib/thumb/v7e-m+fp/hard/libc_nano.a(libc_a-mallocr.o)
 .debug_info    0x0000a733      0x87f /usr/lib/gcc/arm-none-eabi/13.2.1/../../../arm-none-eabi/lib/thumb/v7e-m+fp/hard/libc_nano.a(libc_a-freer.o)
 .debug_info    0x0000afb2      0x148 /usr/lib/gcc/arm-none-eabi/13.2.1/../../../arm-none-eabi/lib/thumb/v7e-m+fp/hard/libc_nano.a(libc_a-memmove.o)
 .debug_info    0x0000b0fa       0x25 /usr/lib/gcc/arm-none-eabi/13.2.1/../../../arm-none-eabi/lib/thumb/v7e-m+fp/hard/libc_nano.a(libc_a-memchr.o)
 .debug_info    0x0000b11f       0x33 /usr/lib/gcc/arm-none-eabi/13.2.1/../../../arm-none-eabi/lib/thumb/v7e-m+fp/hard/libc_nano.a(libc_a-memcpy.o)
 .debug_info    0x0000b152      0x8cd /usr/lib/gcc/arm-none-eabi/13.2.1/../../../arm-none-eabi/lib/thumb/v7e-m+fp/hard/libc_nano.a(libc_a-reallocr.o)
 .debug_info    0x0000ba1f      0xdd7 /usr/lib/gcc/arm-none-eabi/13.2.1/../../../arm-none-eabi/lib/thumb/v7e-m+fp/hard/libc_nano.a(libc_a-nano-vfprintf_i.o)
 .debug_info    0x0000c7f6      0x71c /usr/lib/gcc/arm-none-eabi/13.2.1/../../../arm-none-eabi/lib/thumb/v7e-m+fp/hard/libc_nano.a(libc_a-mlock.o)
 .debug_info    0x0000cf12      0x778 /usr/lib/gcc/arm-none-eabi/13.2.1/../../../arm-none-eabi/lib/thumb/v7e-m+fp/hard/libc_nano.a(libc_a-sbrkr.o)
 .debug_info    0x0000d68a      0x78a /usr/lib/gcc/arm-none-eabi/13.2.1/../../../arm-none-eabi/lib/thumb/v7e-m+fp/hard/libc_nano.a(libc_a-msizer.o)
 .debug_info    0x0000de14      0x89f /usr/lib/gcc/arm-none-eabi/13.2.1/../../../arm-none-eabi/lib/thumb/v7e-m+fp/hard/libc_nano.a(libc_a-reent.o)
 .debug_info    0x0000e6b3       0xac /usr/lib/gcc/arm-none-eabi/13.2.1/../../../arm-none-eabi/lib/thumb/v7e-m+fp/hard/libnosys.a(sbrk.o)

.debug_abbrev   0x00000000     0x2f05
 .debug_abbrev  0x00000000      0x4ff ./Output/tasks.o
 .debug_abbrev  0x000004ff      0x105 ./Output/list.o
 .debug_abbrev  0x00000604      0x464 ./Output/queue.o
 .debug_abbrev  0x00000a68      0x2d2 ./Output/heap_4.o
 .debug_abbrev  0x00000d3a      0x290 ./Output/port.o
 .debug_abbrev  0x00000fca      0x23c ./Output/main.o
 .debug_abbrev  0x00001206      0x134 ./Output/startup.o
 .debug_abbrev  0x0000133a      0x1d2 ./Output/uart.o
 .debug_abbrev  0x0000150c       0xfb ./Output/can.o
 .debug_abbrev  0x00001607      0x21c /usr/lib/gcc/arm-none-eabi/13.2.1/../../../arm-none-eabi/lib/thumb/v7e-m+fp/hard/libc_nano.a(libc_a-sprintf.o)
 .debug_abbrev  0x00001823      0x149 /usr/lib/gcc/arm-none-eabi/13.2.1/../../../arm-none-eabi/lib/thumb/v7e-m+fp/hard/libc_nano.a(libc_a-impure.o)
 .debug_abbrev  0x0000196c      0x32f /usr/lib/gcc/arm-none-eabi/13.2.1/../../../arm-none-eabi/lib/thumb/v7e-m+fp/hard/libc_nano.a(libc_a-nano-svfprintf.o)
 .debug_abbrev  0x00001c9b       0xb7 /usr/lib/gcc/arm-none-eabi/13.2.1/../../../arm-none-eabi/lib/thumb/v7e-m+fp/hard/libc_nano.a(libc_a-memset.o)
 .debug_abbrev  0x00001d52      0x24a /usr/lib/gcc/arm-none-eabi/13.2.1/../../../arm-none-eabi/lib/thumb/v7e-m+fp/hard/libc_nano.a(libc_a-mallocr.o)
 .debug_abbrev  0x00001f9c      0x249 /usr/lib/gcc/arm-none-eabi/13.2.1/../../../arm-none-eabi/lib/thumb/v7e-m+fp/hard/libc_nano.a(libc_a-freer.o)
 .debug_abbrev  0x000021e5       0xc3 /usr/lib/gcc/arm-none-eabi/13.2.1/../../../arm-none-eabi/lib/thumb/v7e-m+fp/hard/libc_nano.a(libc_a-memmove.o)
 .debug_abbrev  0x000022a8       0x14 /usr/lib/gcc/arm-none-eabi/13.2.1/../../../arm-none-eabi/lib/thumb/v7e-m+fp/hard/libc_nano.a(libc_a-memchr.o)
 .debug_abbrev  0x000022bc       0x28 /usr/lib/gcc/arm-none-eabi/13.2.1/../../../arm-none-eabi/lib/thumb/v7e-m+fp/hard/libc_nano.a(libc_a-memcpy.o)
 .debug_abbrev  0x000022e4      0x20c /usr/lib/gcc/arm-none-eabi/13.2.1/../../../arm-none-eabi/lib/thumb/v7e-m+fp/hard/libc_nano.a(libc_a-reallocr.o)
 .debug_abbrev  0x000024f0      0x284 /usr/lib/gcc/arm-none-eabi/13.2.1/../../../arm-none-eabi/lib/thumb/v7e-m+fp/hard/libc_nano.a(libc_a-nano-vfprintf_i.o)
 .debug_abbrev  0x00002774      0x192 /usr/lib/gcc/arm-none-eabi/13.2.1/../../../arm-none-eabi/lib/thumb/v7e-m+fp/hard/libc_nano.a(libc_a-mlock.o)
 .debug_abbrev  0x00002906      0x1da /usr/lib/gcc/arm-none-eabi/13.2.1/../../../arm-none-eabi/lib/thumb/v7e-m+fp/hard/libc_nano.a(libc_a-sbrkr.o)
 .debug_abbrev  0x00002ae0      0x196 /usr/lib/gcc/arm-none-eabi/13.2.1/../../../arm-none-eabi/lib/thumb/v7e-m+fp/hard/libc_nano.a(libc_a-msizer.o)
 .debug_abbrev  0x00002c76      0x1ee /usr/lib/gcc/arm-none-eabi/13.2.1/../../../arm-none-eabi/lib/thumb/v7e-m+fp/hard/libc_nano.a(libc_a-reent.o)
 .debug_abbrev  0x00002e64       0xa1 /usr/lib/gcc/arm-none-eabi/13.2.1/../../../arm-none-eabi/lib/thumb/v7e-m+fp/hard/libnosys.a(sbrk.o)

.debug_loclists
                0x00000000     0x4907
 .debug_loclists
                0x00000000     0x1af2 ./Output/tasks.o
 .debug_loclists
                0x00001af2       0x77 ./Output/list.o
 .debug_loclists
                0x00001b69      0xff9 ./Output/queue.o
 .debug_loclists
                0x00002b62      0x371 ./Output/heap_4.o
 .debug_loclists
                0x00002ed3       0x90 ./Output/port.o
 .debug_loclists
                0x00002f63      0x1e2 ./Output/main.o
 .debug_loclists
                0x00003145       0x59 ./Output/uart.o
 .debug_loclists
                0x0000319e      0x315 ./Output/can.o
 .debug_loclists
                0x000034b3       0x88 /usr/lib/gcc/arm-none-eabi/13.2.1/../../../arm-none-eabi/lib/thumb/v7e-m+fp/hard/libc_nano.a(libc_a-sprintf.o)
 .debug_loclists
                0x0000353b      0x56b /usr/lib/gcc/arm-none-eabi/13.2.1/../../../arm-none-eabi/lib/thumb/v7e-m+fp/hard/libc_nano.a(libc_a-nano-svfprintf.o)
 .debug_loclists
                0x00003aa6      0x1c2 /usr/lib/gcc/arm-none-eabi/13.2.1/../../../arm-none-eabi/lib/thumb/v7e-m+fp/hard/libc_nano.a(libc_a-memset.o)
 .debug_loclists
                0x00003c68      0x263 /usr/lib/gcc/arm-none-eabi/13.2.1/../../../arm-none-eabi/lib/thumb/v7e-m+fp/hard/libc_nano.a(libc_a-mallocr.o)
 .debug_loclists
                0x00003ecb      0x164 /usr/lib/gcc/arm-none-eabi/13.2.1/../../../arm-none-eabi/lib/thumb/v7e-m+fp/hard/libc_nano.a(libc_a-freer.o)
 .debug_loclists
                0x0000402f      0x233 /usr/lib/gcc/arm-none-eabi/13.2.1/../../../arm-none-eabi/lib/thumb/v7e-m+fp/hard/libc_nano.a(libc_a-memmove.o)
 .debug_loclists
                0x00004262      0x102 /usr/lib/gcc/arm-none-eabi/13.2.1/../../../arm-none-eabi/lib/thumb/v7e-m+fp/hard/libc_nano.a(libc_a-reallocr.o)
 .debug_loclists
                0x00004364      0x44f /usr/lib/gcc/arm-none-eabi/13.2.1/../../../arm-none-eabi/lib/thumb/v7e-m+fp/hard/libc_nano.a(libc_a-nano-vfprintf_i.o)
 .debug_loclists
                0x000047b3       0x4b /usr/lib/gcc/arm-none-eabi/13.2.1/../../../arm-none-eabi/lib/thumb/v7e-m+fp/hard/libc_nano.a(libc_a-sbrkr.o)
 .debug_loclists
                0x000047fe       0x59 /usr/lib/gcc/arm-none-eabi/13.2.1/../../../arm-none-eabi/lib/thumb/v7e-m+fp/hard/libc_nano.a(libc_a-msizer.o)
 .debug_loclists
                0x00004857       0x80 /usr/lib/gcc/arm-none-eabi/13.2.1/../../../arm-none-eabi/lib/thumb/v7e-m+fp/hard/libc_nano.a(libc_a-reent.o)
 .debug_loclists
                0x000048d7       0x30 /usr/lib/gcc/arm-none-eabi/13.2.1/../../../arm-none-eabi/lib/thumb/v7e-m+fp/hard/libnosys.a(sbrk.o)

.debug_aranges  0x00000000      0x770
 .debug_aranges
                0x00000000      0x1f0 ./Output/tasks.o
 .debug_aranges
                0x000001f0       0x40 ./Output/list.o
 .debug_aranges
                0x00000230      0x140 ./Output/queue.o
 .debug_aranges
                0x00000370       0x58 ./Output/heap_4.o
 .debug_aranges
                0x000003c8       0x80 ./Output/port.o
 .debug_aranges
                0x00000448       0x58 ./Output/main.o
 .debug_aranges
                0x000004a0       0x38 ./Output/startup.o
 .debug_aranges
                0x000004d8       0x38 ./Output/uart.o
 .debug_aranges
                0x00000510       0x68 ./Output/can.o
 .debug_aranges
                0x00000578       0x20 /usr/lib/gcc/arm-none-eabi/13.2.1/../../../arm-none-eabi/lib/thumb/v7e-m+fp/hard/libc_nano.a(libc_a-sprintf.o)
 .debug_aranges
                0x00000598       0x18 /usr/lib/gcc/arm-none-eabi/13.2.1/../../../arm-none-eabi/lib/thumb/v7e-m+fp/hard/libc_nano.a(libc_a-impure.o)
 .debug_aranges
                0x000005b0       0x20 /usr/lib/gcc/arm-none-eabi/13.2.1/../../../arm-none-eabi/lib/thumb/v7e-m+fp/hard/libc_nano.a(libc_a-nano-svfprintf.o)
 .debug_aranges
                0x000005d0       0x20 /usr/lib/gcc/arm-none-eabi/13.2.1/../../../arm-none-eabi/lib/thumb/v7e-m+fp/hard/libc_nano.a(libc_a-memset.o)
 .debug_aranges
                0x000005f0       0x20 /usr/lib/gcc/arm-none-eabi/13.2.1/../../../arm-none-eabi/lib/thumb/v7e-m+fp/hard/libc_nano.a(libc_a-mallocr.o)
 .debug_aranges
                0x00000610       0x20 /usr/lib/gcc/arm-none-eabi/13.2.1/../../../arm-none-eabi/lib/thumb/v7e-m+fp/hard/libc_nano.a(libc_a-freer.o)
 .debug_aranges
                0x00000630       0x20 /usr/lib/gcc/arm-none-eabi/13.2.1/../../../arm-none-eabi/lib/thumb/v7e-m+fp/hard/libc_nano.a(libc_a-memmove.o)
 .debug_aranges
                0x00000650       0x20 /usr/lib/gcc/arm-none-eabi/13.2.1/../../../arm-none-eabi/lib/thumb/v7e-m+fp/hard/libc_nano.a(libc_a-memchr.o)
 .debug_aranges
                0x00000670       0x20 /usr/lib/gcc/arm-none-eabi/13.2.1/../../../arm-none-eabi/lib/thumb/v7e-m+fp/hard/libc_nano.a(libc_a-memcpy.o)
 .debug_aranges
                0x00000690       0x20 /usr/lib/gcc/arm-none-eabi/13.2.1/../../../arm-none-eabi/lib/thumb/v7e-m+fp/hard/libc_nano.a(libc_a-reallocr.o)
 .debug_aranges
                0x000006b0       0x20 /usr/lib/gcc/arm-none-eabi/13.2.1/../../../arm-none-eabi/lib/thumb/v7e-m+fp/hard/libc_nano.a(libc_a-nano-vfprintf_i.o)
 .debug_aranges
                0x000006d0       0x20 /usr/lib/gcc/arm-none-eabi/13.2.1/../../../arm-none-eabi/lib/thumb/v7e-m+fp/hard/libc_nano.a(libc_a-mlock.o)
 .debug_aranges
                0x000006f0       0x20 /usr/lib/gcc/arm-none-eabi/13.2.1/../../../arm-none-eabi/lib/thumb/v7e-m+fp/hard/libc_nano.a(libc_a-sbrkr.o)
 .debug_aranges
                0x00000710       0x20 /usr/lib/gcc/arm-none-eabi/13.2.1/../../../arm-none-eabi/lib/thumb/v7e-m+fp/hard/libc_nano.a(libc_a-msizer.o)
 .debug_aranges
                0x00000730       0x20 /usr/lib/gcc/arm-none-eabi/13.2.1/../../../arm-none-eabi/lib/thumb/v7e-m+fp/hard/libc_nano.a(libc_a-reent.o)
 .debug_aranges
                0x00000750       0x20 /usr/lib/gcc/arm-none-eabi/13.2.1/../../../arm-none-eabi/lib/thumb/v7e-m+fp/hard/libnosys.a(sbrk.o)

.debug_rnglists
                0x00000000      0x791
 .debug_rnglists
                0x00000000      0x2e1 ./Output/tasks.o
 .debug_rnglists
                0x000002e1       0x2b ./Output/list.o
 .debug_rnglists
                0x0000030c      0x1ca ./Output/queue.o
 .debug_rnglists
                0x000004d6       0x4c ./Output/heap_4.o
 .debug_rnglists
                0x00000522       0x79 ./Output/port.o
 .debug_rnglists
                0x0000059b       0x7e ./Output/main.o
 .debug_rnglists
                0x00000619       0x25 ./Output/startup.o
 .debug_rnglists
                0x0000063e       0x25 ./Output/uart.o
 .debug_rnglists
                0x00000663       0x55 ./Output/can.o
 .debug_rnglists
                0x000006b8       0x42 /usr/lib/gcc/arm-none-eabi/13.2.1/../../../arm-none-eabi/lib/thumb/v7e-m+fp/hard/libc_nano.a(libc_a-nano-svfprintf.o)
 .debug_rnglists
                0x000006fa       0x1e /usr/lib/gcc/arm-none-eabi/13.2.1/../../../arm-none-eabi/lib/thumb/v7e-m+fp/hard/libc_nano.a(libc_a-mallocr.o)
 .debug_rnglists
                0x00000718       0x13 /usr/lib/gcc/arm-none-eabi/13.2.1/../../../arm-none-eabi/lib/thumb/v7e-m+fp/hard/libc_nano.a(libc_a-freer.o)
 .debug_rnglists
                0x0000072b       0x66 /usr/lib/gcc/arm-none-eabi/13.2.1/../../../arm-none-eabi/lib/thumb/v7e-m+fp/hard/libc_nano.a(libc_a-nano-vfprintf_i.o)

.debug_macro    0x00000000     0x5ab4
 .debug_macro   0x00000000      0x289 ./Output/tasks.o
 .debug_macro   0x00000289      0xacc ./Output/tasks.o
 .debug_macro   0x00000d55       0x2a ./Output/tasks.o
 .debug_macro   0x00000d7f       0x22 ./Output/tasks.o
 .debug_macro   0x00000da1       0x60 ./Output/tasks.o
 .debug_macro   0x00000e01       0x94 ./Output/tasks.o
 .debug_macro   0x00000e95       0x3c ./Output/tasks.o
 .debug_macro   0x00000ed1       0x34 ./Output/tasks.o
 .debug_macro   0x00000f05       0x16 ./Output/tasks.o
 .debug_macro   0x00000f1b      0x11c ./Output/tasks.o
 .debug_macro   0x00001037       0x9b ./Output/tasks.o
 .debug_macro   0x000010d2       0x57 ./Output/tasks.o
 .debug_macro   0x00001129      0x370 ./Output/tasks.o
 .debug_macro   0x00001499       0x16 ./Output/tasks.o
 .debug_macro   0x000014af       0x4a ./Output/tasks.o
 .debug_macro   0x000014f9       0x34 ./Output/tasks.o
 .debug_macro   0x0000152d       0x10 ./Output/tasks.o
 .debug_macro   0x0000153d       0x52 ./Output/tasks.o
 .debug_macro   0x0000158f      0x1de ./Output/tasks.o
 .debug_macro   0x0000176d       0x16 ./Output/tasks.o
 .debug_macro   0x00001783       0x29 ./Output/tasks.o
 .debug_macro   0x000017ac       0x16 ./Output/tasks.o
 .debug_macro   0x000017c2       0x3c ./Output/tasks.o
 .debug_macro   0x000017fe      0x34e ./Output/tasks.o
 .debug_macro   0x00001b4c       0x16 ./Output/tasks.o
 .debug_macro   0x00001b62      0x184 ./Output/tasks.o
 .debug_macro   0x00001ce6       0x1c ./Output/tasks.o
 .debug_macro   0x00001d02      0x182 ./Output/tasks.o
 .debug_macro   0x00001e84       0xe7 ./Output/tasks.o
 .debug_macro   0x00001f6b       0x2e ./Output/tasks.o
 .debug_macro   0x00001f99       0x1f ./Output/tasks.o
 .debug_macro   0x00001fb8       0x12 ./Output/tasks.o
 .debug_macro   0x00001fca      0xfd0 ./Output/tasks.o
 .debug_macro   0x00002f9a       0xc3 ./Output/tasks.o
 .debug_macro   0x0000305d      0x14f ./Output/tasks.o
 .debug_macro   0x000031ac       0x98 ./Output/tasks.o
 .debug_macro   0x00003244       0x17 ./Output/tasks.o
 .debug_macro   0x0000325b      0x171 ./Output/list.o
 .debug_macro   0x000033cc      0x203 ./Output/queue.o
 .debug_macro   0x000035cf       0x80 ./Output/queue.o
 .debug_macro   0x0000364f      0x201 ./Output/heap_4.o
 .debug_macro   0x00003850      0x186 ./Output/port.o
 .debug_macro   0x000039d6      0x190 ./Output/port.o
 .debug_macro   0x00003b66      0x240 ./Output/main.o
 .debug_macro   0x00003da6       0x85 ./Output/main.o
 .debug_macro   0x00003e2b       0x16 ./Output/main.o
 .debug_macro   0x00003e41       0x10 ./Output/main.o
 .debug_macro   0x00003e51       0x16 ./Output/main.o
 .debug_macro   0x00003e67       0x16 ./Output/main.o
 .debug_macro   0x00003e7d      0x170 ./Output/main.o
 .debug_macro   0x00003fed       0x5d ./Output/main.o
 .debug_macro   0x0000404a       0x1c ./Output/main.o
 .debug_macro   0x00004066       0x22 ./Output/main.o
 .debug_macro   0x00004088      0x122 ./Output/main.o
 .debug_macro   0x000041aa     0x1359 ./Output/main.o
 .debug_macro   0x00005503      0x11f ./Output/main.o
 .debug_macro   0x00005622       0x27 ./Output/main.o
 .debug_macro   0x00005649       0x94 ./Output/main.o
 .debug_macro   0x000056dd      0x12a ./Output/main.o
 .debug_macro   0x00005807       0x1a ./Output/startup.o
 .debug_macro   0x00005821       0xe2 ./Output/uart.o
 .debug_macro   0x00005903       0x8d ./Output/can.o
 .debug_macro   0x00005990      0x124 ./Output/can.o

.debug_line     0x00000000     0x8c83
 .debug_line    0x00000000     0x29e6 ./Output/tasks.o
 .debug_line    0x000029e6      0x442 ./Output/list.o
 .debug_line    0x00002e28     0x1a7f ./Output/queue.o
 .debug_line    0x000048a7      0x840 ./Output/heap_4.o
 .debug_line    0x000050e7      0x57a ./Output/port.o
 .debug_line    0x00005661      0x661 ./Output/main.o
 .debug_line    0x00005cc2      0x100 ./Output/startup.o
 .debug_line    0x00005dc2      0x2c7 ./Output/uart.o
 .debug_line    0x00006089      0x40c ./Output/can.o
 .debug_line    0x00006495      0x224 /usr/lib/gcc/arm-none-eabi/13.2.1/../../../arm-none-eabi/lib/thumb/v7e-m+fp/hard/libc_nano.a(libc_a-sprintf.o)
 .debug_line    0x000066b9       0xe7 /usr/lib/gcc/arm-none-eabi/13.2.1/../../../arm-none-eabi/lib/thumb/v7e-m+fp/hard/libc_nano.a(libc_a-impure.o)
 .debug_line    0x000067a0      0x854 /usr/lib/gcc/arm-none-eabi/13.2.1/../../../arm-none-eabi/lib/thumb/v7e-m+fp/hard/libc_nano.a(libc_a-nano-svfprintf.o)
 .debug_line    0x00006ff4      0x1b6 /usr/lib/gcc/arm-none-eabi/13.2.1/../../../arm-none-eabi/lib/thumb/v7e-m+fp/hard/libc_nano.a(libc_a-memset.o)
 .debug_line    0x000071aa      0x446 /usr/lib/gcc/arm-none-eabi/13.2.1/../../../arm-none-eabi/lib/thumb/v7e-m+fp/hard/libc_nano.a(libc_a-mallocr.o)
 .debug_line    0x000075f0      0x2c3 /usr/lib/gcc/arm-none-eabi/13.2.1/../../../arm-none-eabi/lib/thumb/v7e-m+fp/hard/libc_nano.a(libc_a-freer.o)
 .debug_line    0x000078b3      0x1f1 /usr/lib/gcc/arm-none-eabi/13.2.1/../../../arm-none-eabi/lib/thumb/v7e-m+fp/hard/libc_nano.a(libc_a-memmove.o)
 .debug_line    0x00007aa4       0x84 /usr/lib/gcc/arm-none-eabi/13.2.1/../../../arm-none-eabi/lib/thumb/v7e-m+fp/hard/libc_nano.a(libc_a-memchr.o)
 .debug_line    0x00007b28       0xb9 /usr/lib/gcc/arm-none-eabi/13.2.1/../../../arm-none-eabi/lib/thumb/v7e-m+fp/hard/libc_nano.a(libc_a-memcpy.o)
 .debug_line    0x00007be1      0x1f8 /usr/lib/gcc/arm-none-eabi/13.2.1/../../../arm-none-eabi/lib/thumb/v7e-m+fp/hard/libc_nano.a(libc_a-reallocr.o)
 .debug_line    0x00007dd9      0x75d /usr/lib/gcc/arm-none-eabi/13.2.1/../../../arm-none-eabi/lib/thumb/v7e-m+fp/hard/libc_nano.a(libc_a-nano-vfprintf_i.o)
 .debug_line    0x00008536      0x153 /usr/lib/gcc/arm-none-eabi/13.2.1/../../../arm-none-eabi/lib/thumb/v7e-m+fp/hard/libc_nano.a(libc_a-mlock.o)
 .debug_line    0x00008689      0x193 /usr/lib/gcc/arm-none-eabi/13.2.1/../../../arm-none-eabi/lib/thumb/v7e-m+fp/hard/libc_nano.a(libc_a-sbrkr.o)
 .debug_line    0x0000881c      0x176 /usr/lib/gcc/arm-none-eabi/13.2.1/../../../arm-none-eabi/lib/thumb/v7e-m+fp/hard/libc_nano.a(libc_a-msizer.o)
 .debug_line    0x00008992      0x27b /usr/lib/gcc/arm-none-eabi/13.2.1/../../../arm-none-eabi/lib/thumb/v7e-m+fp/hard/libc_nano.a(libc_a-reent.o)
 .debug_line    0x00008c0d       0x76 /usr/lib/gcc/arm-none-eabi/13.2.1/../../../arm-none-eabi/lib/thumb/v7e-m+fp/hard/libnosys.a(sbrk.o)

.debug_str      0x00000000    0x20c19
 .debug_str     0x00000000    0x20c19 ./Output/tasks.o
                              0x136c1 (size before relaxing)
 .debug_str     0x00020c19     0xff8c ./Output/list.o
 .debug_str     0x00020c19    0x12909 ./Output/queue.o
 .debug_str     0x00020c19    0x11a7f ./Output/heap_4.o
 .debug_str     0x00020c19     0xeeaf ./Output/port.o
 .debug_str     0x00020c19    0x1b735 ./Output/main.o
 .debug_str     0x00020c19     0x39a3 ./Output/startup.o
 .debug_str     0x00020c19    0x1568e ./Output/uart.o
 .debug_str     0x00020c19     0xcc40 ./Output/can.o
 .debug_str     0x00020c19      0x4fb /usr/lib/gcc/arm-none-eabi/13.2.1/../../../arm-none-eabi/lib/thumb/v7e-m+fp/hard/libc_nano.a(libc_a-sprintf.o)
 .debug_str     0x00020c19      0x4bc /usr/lib/gcc/arm-none-eabi/13.2.1/../../../arm-none-eabi/lib/thumb/v7e-m+fp/hard/libc_nano.a(libc_a-impure.o)
 .debug_str     0x00020c19      0x805 /usr/lib/gcc/arm-none-eabi/13.2.1/../../../arm-none-eabi/lib/thumb/v7e-m+fp/hard/libc_nano.a(libc_a-nano-svfprintf.o)
 .debug_str     0x00020c19      0x1ad /usr/lib/gcc/arm-none-eabi/13.2.1/../../../arm-none-eabi/lib/thumb/v7e-m+fp/hard/libc_nano.a(libc_a-memset.o)
 .debug_str     0x00020c19      0x59d /usr/lib/gcc/arm-none-eabi/13.2.1/../../../arm-none-eabi/lib/thumb/v7e-m+fp/hard/libc_nano.a(libc_a-mallocr.o)
 .debug_str     0x00020c19      0x53c /usr/lib/gcc/arm-none-eabi/13.2.1/../../../arm-none-eabi/lib/thumb/v7e-m+fp/hard/libc_nano.a(libc_a-freer.o)
 .debug_str     0x00020c19      0x1cc /usr/lib/gcc/arm-none-eabi/13.2.1/../../../arm-none-eabi/lib/thumb/v7e-m+fp/hard/libc_nano.a(libc_a-memmove.o)
 .debug_str     0x00020c19       0x9e /usr/lib/gcc/arm-none-eabi/13.2.1/../../../arm-none-eabi/lib/thumb/v7e-m+fp/hard/libc_nano.a(libc_a-memchr.o)
 .debug_str     0x00020c19       0xac /usr/lib/gcc/arm-none-eabi/13.2.1/../../../arm-none-eabi/lib/thumb/v7e-m+fp/hard/libc_nano.a(libc_a-memcpy.o)
 .debug_str     0x00020c19      0x532 /usr/lib/gcc/arm-none-eabi/13.2.1/../../../arm-none-eabi/lib/thumb/v7e-m+fp/hard/libc_nano.a(libc_a-reallocr.o)
 .debug_str     0x00020c19      0x79b /usr/lib/gcc/arm-none-eabi/13.2.1/../../../arm-none-eabi/lib/thumb/v7e-m+fp/hard/libc_nano.a(libc_a-nano-vfprintf_i.o)
 .debug_str     0x00020c19      0x4da /usr/lib/gcc/arm-none-eabi/13.2.1/../../../arm-none-eabi/lib/thumb/v7e-m+fp/hard/libc_nano.a(libc_a-mlock.o)
 .debug_str     0x00020c19      0x4c5 /usr/lib/gcc/arm-none-eabi/13.2.1/../../../arm-none-eabi/lib/thumb/v7e-m+fp/hard/libc_nano.a(libc_a-sbrkr.o)
 .debug_str     0x00020c19      0x505 /usr/lib/gcc/arm-none-eabi/13.2.1/../../../arm-none-eabi/lib/thumb/v7e-m+fp/hard/libc_nano.a(libc_a-msizer.o)
 .debug_str     0x00020c19      0x4db /usr/lib/gcc/arm-none-eabi/13.2.1/../../../arm-none-eabi/lib/thumb/v7e-m+fp/hard/libc_nano.a(libc_a-reent.o)
 .debug_str     0x00020c19      0x11d /usr/lib/gcc/arm-none-eabi/13.2.1/../../../arm-none-eabi/lib/thumb/v7e-m+fp/hard/libnosys.a(sbrk.o)

.comment        0x00000000       0x26
 .comment       0x00000000       0x26 ./Output/tasks.o
                                 0x27 (size before relaxing)
 .comment       0x00000026       0x27 ./Output/list.o
 .comment       0x00000026       0x27 ./Output/queue.o
 .comment       0x00000026       0x27 ./Output/heap_4.o
 .comment       0x00000026       0x27 ./Output/port.o
 .comment       0x00000026       0x27 ./Output/main.o
 .comment       0x00000026       0x27 ./Output/startup.o
 .comment       0x00000026       0x27 ./Output/uart.o
 .comment       0x00000026       0x27 ./Output/can.o
 .comment       0x00000026       0x27 /usr/lib/gcc/arm-none-eabi/13.2.1/../../../arm-none-eabi/lib/thumb/v7e-m+fp/hard/libc_nano.a(libc_a-sprintf.o)
 .comment       0x00000026       0x27 /usr/lib/gcc/arm-none-eabi/13.2.1/../../../arm-none-eabi/lib/thumb/v7e-m+fp/hard/libc_nano.a(libc_a-impure.o)
 .comment       0x00000026       0x27 /usr/lib/gcc/arm-none-eabi/13.2.1/../../../arm-none-eabi/lib/thumb/v7e-m+fp/hard/libc_nano.a(libc_a-nano-svfprintf.o)
 .comment       0x00000026       0x27 /usr/lib/gcc/arm-none-eabi/13.2.1/../../../arm-none-eabi/lib/thumb/v7e-m+fp/hard/libc_nano.a(libc_a-memset.o)
 .comment       0x00000026       0x27 /usr/lib/gcc/arm-none-eabi/13.2.1/../../../arm-none-eabi/lib/thumb/v7e-m+fp/hard/libc_nano.a(libc_a-mallocr.o)
 .comment       0x00000026       0x27 /usr/lib/gcc/arm-none-eabi/13.2.1/../../../arm-none-eabi/lib/thumb/v7e-m+fp/hard/libc_nano.a(libc_a-freer.o)
 .comment       0x00000026       0x27 /usr/lib/gcc/arm-none-eabi/13.2.1/../../../arm-none-eabi/lib/thumb/v7e-m+fp/hard/libc_nano.a(libc_a-memmove.o)
 .comment       0x00000026       0x27 /usr/lib/gcc/arm-none-eabi/13.2.1/../../../arm-none-eabi/lib/thumb/v7e-m+fp/hard/libc_nano.a(libc_a-reallocr.o)
 .comment       0x00000026       0x27 /usr/lib/gcc/arm-none-eabi/13.2.1/../../../arm-none-eabi/lib/thumb/v7e-m+fp/hard/libc_nano.a(libc_a-nano-vfprintf_i.o)
 .comment       0x00000026       0x27 /usr/lib/gcc/arm-none-eabi/13.2.1/../../../arm-none-eabi/lib/thumb/v7e-m+fp/hard/libc_nano.a(libc_a-mlock.o)
 .comment       0x00000026       0x27 /usr/lib/gcc/arm-none-eabi/13.2.1/../../../arm-none-eabi/lib/thumb/v7e-m+fp/hard/libc_nano.a(libc_a-sbrkr.o)
 .comment       0x00000026       0x27 /usr/lib/gcc/arm-none-eabi/13.2.1/../../../arm-none-eabi/lib/thumb/v7e-m+fp/hard/libc_nano.a(libc_a-msizer.o)
 .comment       0x00000026       0x27 /usr/lib/gcc/arm-none-eabi/13.2.1/../../../arm-none-eabi/lib/thumb/v7e-m+fp/hard/libc_nano.a(libc_a-reent.o)
 .comment       0x00000026       0x27 /usr/lib/gcc/arm-none-eabi/13.2.1/../../../arm-none-eabi/lib/thumb/v7e-m+fp/hard/libnosys.a(sbrk.o)

.ARM.attributes
                0x00000000       0x32
 .ARM.attributes
                0x00000000       0x34 ./Output/tasks.o
 .ARM.attributes
                0x00000034       0x34 ./Output/list.o
 .ARM.attributes
                0x00000068       0x34 ./Output/queue.o
 .ARM.attributes
                0x0000009c       0x34 ./Output/heap_4.o
 .ARM.attributes
                0x000000d0       0x34 ./Output/port.o
 .ARM.attributes
                0x00000104       0x34 ./Output/main.o
 .ARM.attributes
                0x00000138       0x34 ./Output/startup.o
 .ARM.attributes
                0x0000016c       0x34 ./Output/uart.o
 .ARM.attributes
                0x000001a0       0x34 ./Output/can.o
 .ARM.attributes
                0x000001d4       0x34 /usr/lib/gcc/arm-none-eabi/13.2.1/../../../arm-none-eabi/lib/thumb/v7e-m+fp/hard/libc_nano.a(libc_a-sprintf.o)
 .ARM.attributes
                0x00000208       0x34 /usr/lib/gcc/arm-none-eabi/13.2.1/../../../arm-none-eabi/lib/thumb/v7e-m+fp/hard/libc_nano.a(libc_a-impure.o)
 .ARM.attributes
                0x0000023c       0x34 /usr/lib/gcc/arm-none-eabi/13.2.1/../../../arm-none-eabi/lib/thumb/v7e-m+fp/hard/libc_nano.a(libc_a-nano-svfprintf.o)
 .ARM.attributes
                0x00000270       0x34 /usr/lib/gcc/arm-none-eabi/13.2.1/../../../arm-none-eabi/lib/thumb/v7e-m+fp/hard/libc_nano.a(libc_a-memset.o)
 .ARM.attributes
                0x000002a4       0x34 /usr/lib/gcc/arm-none-eabi/13.2.1/../../../arm-none-eabi/lib/thumb/v7e-m+fp/hard/libc_nano.a(libc_a-mallocr.o)
 .ARM.attributes
                0x000002d8       0x34 /usr/lib/gcc/arm-none-eabi/13.2.1/../../../arm-none-eabi/lib/thumb/v7e-m+fp/hard/libc_nano.a(libc_a-freer.o)
 .ARM.attributes
                0x0000030c       0x34 /usr/lib/gcc/arm-none-eabi/13.2.1/../../../arm-none-eabi/lib/thumb/v7e-m+fp/hard/libc_nano.a(libc_a-memmove.o)
 .ARM.attributes
                0x00000340       0x1c /usr/lib/gcc/arm-none-eabi/13.2.1/../../../arm-none-eabi/lib/thumb/v7e-m+fp/hard/libc_nano.a(libc_a-memchr.o)
 .ARM.attributes
                0x0000035c       0x20 /usr/lib/gcc/arm-none-eabi/13.2.1/../../../arm-none-eabi/lib/thumb/v7e-m+fp/hard/libc_nano.a(libc_a-memcpy.o)
 .ARM.attributes
                0x0000037c       0x34 /usr/lib/gcc/arm-none-eabi/13.2.1/../../../arm-none-eabi/lib/thumb/v7e-m+fp/hard/libc_nano.a(libc_a-reallocr.o)
 .ARM.attributes
                0x000003b0       0x34 /usr/lib/gcc/arm-none-eabi/13.2.1/../../../arm-none-eabi/lib/thumb/v7e-m+fp/hard/libc_nano.a(libc_a-nano-vfprintf_i.o)
 .ARM.attributes
                0x000003e4       0x34 /usr/lib/gcc/arm-none-eabi/13.2.1/../../../arm-none-eabi/lib/thumb/v7e-m+fp/hard/libc_nano.a(libc_a-mlock.o)
 .ARM.attributes
                0x00000418       0x34 /usr/lib/gcc/arm-none-eabi/13.2.1/../../../arm-none-eabi/lib/thumb/v7e-m+fp/hard/libc_nano.a(libc_a-sbrkr.o)
 .ARM.attributes
                0x0000044c       0x34 /usr/lib/gcc/arm-none-eabi/13.2.1/../../../arm-none-eabi/lib/thumb/v7e-m+fp/hard/libc_nano.a(libc_a-msizer.o)
 .ARM.attributes
                0x00000480       0x34 /usr/lib/gcc/arm-none-eabi/13.2.1/../../../arm-none-eabi/lib/thumb/v7e-m+fp/hard/libc_nano.a(libc_a-reent.o)
 .ARM.attributes
                0x000004b4       0x34 /usr/lib/gcc/arm-none-eabi/13.2.1/../../../arm-none-eabi/lib/thumb/v7e-m+fp/hard/libnosys.a(sbrk.o)

.debug_frame    0x00000000     0x128c
 .debug_frame   0x00000000      0x648 ./Output/tasks.o
 .debug_frame   0x00000648       0x6c ./Output/list.o
 .debug_frame   0x000006b4      0x3f8 ./Output/queue.o
 .debug_frame   0x00000aac       0xe4 ./Output/heap_4.o
 .debug_frame   0x00000b90      0x100 ./Output/port.o
 .debug_frame   0x00000c90       0xf4 ./Output/main.o
 .debug_frame   0x00000d84       0x50 ./Output/startup.o
 .debug_frame   0x00000dd4       0x50 ./Output/uart.o
 .debug_frame   0x00000e24       0xc4 ./Output/can.o
 .debug_frame   0x00000ee8       0x78 /usr/lib/gcc/arm-none-eabi/13.2.1/../../../arm-none-eabi/lib/thumb/v7e-m+fp/hard/libc_nano.a(libc_a-sprintf.o)
 .debug_frame   0x00000f60       0x98 /usr/lib/gcc/arm-none-eabi/13.2.1/../../../arm-none-eabi/lib/thumb/v7e-m+fp/hard/libc_nano.a(libc_a-nano-svfprintf.o)
 .debug_frame   0x00000ff8       0x2c /usr/lib/gcc/arm-none-eabi/13.2.1/../../../arm-none-eabi/lib/thumb/v7e-m+fp/hard/libc_nano.a(libc_a-memset.o)
 .debug_frame   0x00001024       0x50 /usr/lib/gcc/arm-none-eabi/13.2.1/../../../arm-none-eabi/lib/thumb/v7e-m+fp/hard/libc_nano.a(libc_a-mallocr.o)
 .debug_frame   0x00001074       0x58 /usr/lib/gcc/arm-none-eabi/13.2.1/../../../arm-none-eabi/lib/thumb/v7e-m+fp/hard/libc_nano.a(libc_a-freer.o)
 .debug_frame   0x000010cc       0x40 /usr/lib/gcc/arm-none-eabi/13.2.1/../../../arm-none-eabi/lib/thumb/v7e-m+fp/hard/libc_nano.a(libc_a-memmove.o)
 .debug_frame   0x0000110c       0x38 /usr/lib/gcc/arm-none-eabi/13.2.1/../../../arm-none-eabi/lib/thumb/v7e-m+fp/hard/libc_nano.a(libc_a-reallocr.o)
 .debug_frame   0x00001144       0x6c /usr/lib/gcc/arm-none-eabi/13.2.1/../../../arm-none-eabi/lib/thumb/v7e-m+fp/hard/libc_nano.a(libc_a-nano-vfprintf_i.o)
 .debug_frame   0x000011b0       0x30 /usr/lib/gcc/arm-none-eabi/13.2.1/../../../arm-none-eabi/lib/thumb/v7e-m+fp/hard/libc_nano.a(libc_a-mlock.o)
 .debug_frame   0x000011e0       0x2c /usr/lib/gcc/arm-none-eabi/13.2.1/../../../arm-none-eabi/lib/thumb/v7e-m+fp/hard/libc_nano.a(libc_a-sbrkr.o)
 .debug_frame   0x0000120c       0x20 /usr/lib/gcc/arm-none-eabi/13.2.1/../../../arm-none-eabi/lib/thumb/v7e-m+fp/hard/libc_nano.a(libc_a-msizer.o)
 .debug_frame   0x0000122c       0x40 /usr/lib/gcc/arm-none-eabi/13.2.1/../../../arm-none-eabi/lib/thumb/v7e-m+fp/hard/libc_nano.a(libc_a-reent.o)
 .debug_frame   0x0000126c       0x20 /usr/lib/gcc/arm-none-eabi/13.2.1/../../../arm-none-eabi/lib/thumb/v7e-m+fp/hard/libnosys.a(sbrk.o)

.debug_line_str
                0x00000000       0xa2
 .debug_line_str
                0x00000000       0xa2 /usr/lib/gcc/arm-none-eabi/13.2.1/../../../arm-none-eabi/lib/thumb/v7e-m+fp/hard/libc_nano.a(libc_a-memchr.o)
                                 0x92 (size before relaxing)
 .debug_line_str
                0x000000a2       0x99 /usr/lib/gcc/arm-none-eabi/13.2.1/../../../arm-none-eabi/lib/thumb/v7e-m+fp/hard/libc_nano.a(libc_a-memcpy.o)
