Archive member included to satisfy reference by file (symbol)

/usr/lib/gcc/arm-none-eabi/10.3.1/../../../arm-none-eabi/lib/thumb/v7-m/nofp/libc_nano.a(lib_a-memcpy.o)
                              ./Output/queue.o (memcpy)
/usr/lib/gcc/arm-none-eabi/10.3.1/../../../arm-none-eabi/lib/thumb/v7-m/nofp/libc_nano.a(lib_a-memset.o)
                              ./Output/tasks.o (memset)
/usr/lib/gcc/arm-none-eabi/10.3.1/../../../arm-none-eabi/lib/thumb/v7-m/nofp/libc_nano.a(lib_a-strlen-stub.o)
                              ./Output/tasks.o (strlen)

Discarded input sections

 .group         0x0000000000000000        0xc ./Output/list.o
 .group         0x0000000000000000        0xc ./Output/list.o
 .group         0x0000000000000000        0xc ./Output/list.o
 .group         0x0000000000000000        0xc ./Output/list.o
 .group         0x0000000000000000        0xc ./Output/list.o
 .group         0x0000000000000000        0xc ./Output/list.o
 .group         0x0000000000000000        0xc ./Output/list.o
 .group         0x0000000000000000        0xc ./Output/list.o
 .group         0x0000000000000000        0xc ./Output/list.o
 .group         0x0000000000000000        0xc ./Output/list.o
 .group         0x0000000000000000        0xc ./Output/list.o
 .group         0x0000000000000000        0xc ./Output/list.o
 .group         0x0000000000000000        0xc ./Output/list.o
 .group         0x0000000000000000        0xc ./Output/list.o
 .group         0x0000000000000000        0xc ./Output/list.o
 .group         0x0000000000000000        0xc ./Output/list.o
 .group         0x0000000000000000        0xc ./Output/list.o
 .group         0x0000000000000000        0xc ./Output/list.o
 .group         0x0000000000000000        0xc ./Output/list.o
 .group         0x0000000000000000        0xc ./Output/list.o
 .group         0x0000000000000000        0xc ./Output/list.o
 .group         0x0000000000000000        0xc ./Output/list.o
 .group         0x0000000000000000        0xc ./Output/list.o
 .group         0x0000000000000000        0xc ./Output/list.o
 .group         0x0000000000000000        0xc ./Output/list.o
 .group         0x0000000000000000        0xc ./Output/list.o
 .group         0x0000000000000000        0xc ./Output/list.o
 .group         0x0000000000000000        0xc ./Output/list.o
 .group         0x0000000000000000        0xc ./Output/list.o
 .group         0x0000000000000000        0xc ./Output/list.o
 .group         0x0000000000000000        0xc ./Output/list.o
 .text          0x0000000000000000        0x0 ./Output/list.o
 .data          0x0000000000000000        0x0 ./Output/list.o
 .bss           0x0000000000000000        0x0 ./Output/list.o
 .text.vListInsertEnd
                0x0000000000000000       0x18 ./Output/list.o
 .group         0x0000000000000000        0xc ./Output/tasks.o
 .group         0x0000000000000000        0xc ./Output/tasks.o
 .group         0x0000000000000000        0xc ./Output/tasks.o
 .group         0x0000000000000000        0xc ./Output/tasks.o
 .group         0x0000000000000000        0xc ./Output/tasks.o
 .group         0x0000000000000000        0xc ./Output/tasks.o
 .group         0x0000000000000000        0xc ./Output/tasks.o
 .group         0x0000000000000000        0xc ./Output/tasks.o
 .group         0x0000000000000000        0xc ./Output/tasks.o
 .group         0x0000000000000000        0xc ./Output/tasks.o
 .group         0x0000000000000000        0xc ./Output/tasks.o
 .group         0x0000000000000000        0xc ./Output/tasks.o
 .group         0x0000000000000000        0xc ./Output/tasks.o
 .group         0x0000000000000000        0xc ./Output/tasks.o
 .group         0x0000000000000000        0xc ./Output/tasks.o
 .group         0x0000000000000000        0xc ./Output/tasks.o
 .group         0x0000000000000000        0xc ./Output/tasks.o
 .group         0x0000000000000000        0xc ./Output/tasks.o
 .group         0x0000000000000000        0xc ./Output/tasks.o
 .group         0x0000000000000000        0xc ./Output/tasks.o
 .group         0x0000000000000000        0xc ./Output/tasks.o
 .group         0x0000000000000000        0xc ./Output/tasks.o
 .group         0x0000000000000000        0xc ./Output/tasks.o
 .group         0x0000000000000000        0xc ./Output/tasks.o
 .group         0x0000000000000000        0xc ./Output/tasks.o
 .group         0x0000000000000000        0xc ./Output/tasks.o
 .group         0x0000000000000000        0xc ./Output/tasks.o
 .group         0x0000000000000000        0xc ./Output/tasks.o
 .group         0x0000000000000000        0xc ./Output/tasks.o
 .group         0x0000000000000000        0xc ./Output/tasks.o
 .group         0x0000000000000000        0xc ./Output/tasks.o
 .group         0x0000000000000000        0xc ./Output/tasks.o
 .group         0x0000000000000000        0xc ./Output/tasks.o
 .group         0x0000000000000000        0xc ./Output/tasks.o
 .group         0x0000000000000000        0xc ./Output/tasks.o
 .group         0x0000000000000000        0xc ./Output/tasks.o
 .text          0x0000000000000000        0x0 ./Output/tasks.o
 .data          0x0000000000000000        0x0 ./Output/tasks.o
 .bss           0x0000000000000000        0x0 ./Output/tasks.o
 .text.prvSearchForNameWithinSingleList
                0x0000000000000000       0x3a ./Output/tasks.o
 .text.prvTaskIsTaskSuspended
                0x0000000000000000       0x40 ./Output/tasks.o
 .text.vTaskDelete
                0x0000000000000000       0xd0 ./Output/tasks.o
 .text.eTaskGetState
                0x0000000000000000       0x98 ./Output/tasks.o
 .text.uxTaskPriorityGet
                0x0000000000000000       0x1c ./Output/tasks.o
 .text.uxTaskPriorityGetFromISR
                0x0000000000000000       0x30 ./Output/tasks.o
 .text.uxTaskBasePriorityGet
                0x0000000000000000       0x1c ./Output/tasks.o
 .text.uxTaskBasePriorityGetFromISR
                0x0000000000000000       0x30 ./Output/tasks.o
 .text.vTaskPrioritySet
                0x0000000000000000       0xdc ./Output/tasks.o
 .text.vTaskResume
                0x0000000000000000       0x8c ./Output/tasks.o
 .text.xTaskResumeFromISR
                0x0000000000000000       0xac ./Output/tasks.o
 .text.vTaskEndScheduler
                0x0000000000000000       0x3c ./Output/tasks.o
 .text.xTaskGetTickCountFromISR
                0x0000000000000000       0x10 ./Output/tasks.o
 .text.pcTaskGetName
                0x0000000000000000       0x14 ./Output/tasks.o
 .text.xTaskGetIdleTaskHandle
                0x0000000000000000       0x10 ./Output/tasks.o
 .text.xTaskGetIdleTaskHandleForCore
                0x0000000000000000       0x14 ./Output/tasks.o
 .text.xTaskDelayUntil
                0x0000000000000000       0x70 ./Output/tasks.o
 .text.vTaskDelay
                0x0000000000000000       0x3c ./Output/tasks.o
 .text.xTaskGetHandle
                0x0000000000000000       0x78 ./Output/tasks.o
 .text.xTaskCatchUpTicks
                0x0000000000000000       0x30 ./Output/tasks.o
 .text.xTaskAbortDelay
                0x0000000000000000       0x98 ./Output/tasks.o
 .text.vTaskSuspend
                0x0000000000000000       0xe4 ./Output/tasks.o
 .text.vTaskPlaceOnUnorderedEventList
                0x0000000000000000       0x50 ./Output/tasks.o
 .text.vTaskRemoveFromUnorderedEventList
                0x0000000000000000       0xac ./Output/tasks.o
 .text.vTaskSetTimeOutState
                0x0000000000000000       0x28 ./Output/tasks.o
 .text.uxTaskGetStackHighWaterMark
                0x0000000000000000       0x1c ./Output/tasks.o
 .text.xTaskGetCurrentTaskHandle
                0x0000000000000000        0xc ./Output/tasks.o
 .text.xTaskGetCurrentTaskHandleForCore
                0x0000000000000000       0x10 ./Output/tasks.o
 .text.xTaskPriorityInherit
                0x0000000000000000       0xa4 ./Output/tasks.o
 .text.vTaskPriorityDisinheritAfterTimeout
                0x0000000000000000       0x98 ./Output/tasks.o
 .text.uxTaskResetEventItemValue
                0x0000000000000000       0x18 ./Output/tasks.o
 .text.pvTaskIncrementMutexHeldCount
                0x0000000000000000       0x14 ./Output/tasks.o
 .text.ulTaskGenericNotifyTake
                0x0000000000000000       0x9c ./Output/tasks.o
 .text.xTaskGenericNotifyWait
                0x0000000000000000       0xc4 ./Output/tasks.o
 .text.xTaskGenericNotify
                0x0000000000000000      0x110 ./Output/tasks.o
 .text.xTaskGenericNotifyFromISR
                0x0000000000000000      0x154 ./Output/tasks.o
 .text.vTaskGenericNotifyGiveFromISR
                0x0000000000000000       0xf8 ./Output/tasks.o
 .text.xTaskGenericNotifyStateClear
                0x0000000000000000       0x38 ./Output/tasks.o
 .text.ulTaskGenericNotifyValueClear
                0x0000000000000000       0x34 ./Output/tasks.o
 .text.vTaskResetState
                0x0000000000000000       0x64 ./Output/tasks.o
 .debug_macro   0x0000000000000000      0xa60 ./Output/tasks.o
 .debug_macro   0x0000000000000000       0x18 ./Output/tasks.o
 .debug_macro   0x0000000000000000       0x22 ./Output/tasks.o
 .debug_macro   0x0000000000000000       0x52 ./Output/tasks.o
 .debug_macro   0x0000000000000000       0x94 ./Output/tasks.o
 .debug_macro   0x0000000000000000       0x35 ./Output/tasks.o
 .debug_macro   0x0000000000000000       0x34 ./Output/tasks.o
 .debug_macro   0x0000000000000000       0x16 ./Output/tasks.o
 .debug_macro   0x0000000000000000      0x10e ./Output/tasks.o
 .debug_macro   0x0000000000000000       0x8d ./Output/tasks.o
 .debug_macro   0x0000000000000000       0x16 ./Output/tasks.o
 .debug_macro   0x0000000000000000       0x43 ./Output/tasks.o
 .debug_macro   0x0000000000000000       0x57 ./Output/tasks.o
 .debug_macro   0x0000000000000000       0x34 ./Output/tasks.o
 .debug_macro   0x0000000000000000       0x10 ./Output/tasks.o
 .debug_macro   0x0000000000000000       0x52 ./Output/tasks.o
 .debug_macro   0x0000000000000000      0x182 ./Output/tasks.o
 .debug_macro   0x0000000000000000      0x333 ./Output/tasks.o
 .debug_macro   0x0000000000000000       0x16 ./Output/tasks.o
 .debug_macro   0x0000000000000000       0x29 ./Output/tasks.o
 .debug_macro   0x0000000000000000      0x34e ./Output/tasks.o
 .debug_macro   0x0000000000000000       0x16 ./Output/tasks.o
 .debug_macro   0x0000000000000000      0x165 ./Output/tasks.o
 .debug_macro   0x0000000000000000       0x1c ./Output/tasks.o
 .debug_macro   0x0000000000000000      0x182 ./Output/tasks.o
 .debug_macro   0x0000000000000000       0xe7 ./Output/tasks.o
 .debug_macro   0x0000000000000000       0x2e ./Output/tasks.o
 .debug_macro   0x0000000000000000       0x1f ./Output/tasks.o
 .debug_macro   0x0000000000000000       0x12 ./Output/tasks.o
 .debug_macro   0x0000000000000000      0xfde ./Output/tasks.o
 .debug_macro   0x0000000000000000       0xc3 ./Output/tasks.o
 .group         0x0000000000000000        0xc ./Output/queue.o
 .group         0x0000000000000000        0xc ./Output/queue.o
 .group         0x0000000000000000        0xc ./Output/queue.o
 .group         0x0000000000000000        0xc ./Output/queue.o
 .group         0x0000000000000000        0xc ./Output/queue.o
 .group         0x0000000000000000        0xc ./Output/queue.o
 .group         0x0000000000000000        0xc ./Output/queue.o
 .group         0x0000000000000000        0xc ./Output/queue.o
 .group         0x0000000000000000        0xc ./Output/queue.o
 .group         0x0000000000000000        0xc ./Output/queue.o
 .group         0x0000000000000000        0xc ./Output/queue.o
 .group         0x0000000000000000        0xc ./Output/queue.o
 .group         0x0000000000000000        0xc ./Output/queue.o
 .group         0x0000000000000000        0xc ./Output/queue.o
 .group         0x0000000000000000        0xc ./Output/queue.o
 .group         0x0000000000000000        0xc ./Output/queue.o
 .group         0x0000000000000000        0xc ./Output/queue.o
 .group         0x0000000000000000        0xc ./Output/queue.o
 .group         0x0000000000000000        0xc ./Output/queue.o
 .group         0x0000000000000000        0xc ./Output/queue.o
 .group         0x0000000000000000        0xc ./Output/queue.o
 .group         0x0000000000000000        0xc ./Output/queue.o
 .group         0x0000000000000000        0xc ./Output/queue.o
 .group         0x0000000000000000        0xc ./Output/queue.o
 .group         0x0000000000000000        0xc ./Output/queue.o
 .group         0x0000000000000000        0xc ./Output/queue.o
 .group         0x0000000000000000        0xc ./Output/queue.o
 .group         0x0000000000000000        0xc ./Output/queue.o
 .group         0x0000000000000000        0xc ./Output/queue.o
 .group         0x0000000000000000        0xc ./Output/queue.o
 .group         0x0000000000000000        0xc ./Output/queue.o
 .group         0x0000000000000000        0xc ./Output/queue.o
 .group         0x0000000000000000        0xc ./Output/queue.o
 .group         0x0000000000000000        0xc ./Output/queue.o
 .group         0x0000000000000000        0xc ./Output/queue.o
 .text          0x0000000000000000        0x0 ./Output/queue.o
 .data          0x0000000000000000        0x0 ./Output/queue.o
 .bss           0x0000000000000000        0x0 ./Output/queue.o
 .text.xQueueGetMutexHolder
                0x0000000000000000       0x1e ./Output/queue.o
 .text.xQueueGetMutexHolderFromISR
                0x0000000000000000       0x10 ./Output/queue.o
 .text.xQueueCreateCountingSemaphore
                0x0000000000000000       0x1a ./Output/queue.o
 .text.xQueueGenericSend
                0x0000000000000000      0x13e ./Output/queue.o
 .text.xQueueCreateMutex
                0x0000000000000000       0x24 ./Output/queue.o
 .text.xQueueGiveMutexRecursive
                0x0000000000000000       0x2c ./Output/queue.o
 .text.xQueueGenericSendFromISR
                0x0000000000000000       0xbc ./Output/queue.o
 .text.xQueueGiveFromISR
                0x0000000000000000       0x92 ./Output/queue.o
 .text.xQueueSemaphoreTake
                0x0000000000000000      0x142 ./Output/queue.o
 .text.xQueueTakeMutexRecursive
                0x0000000000000000       0x32 ./Output/queue.o
 .text.xQueuePeek
                0x0000000000000000      0x10e ./Output/queue.o
 .text.xQueueReceiveFromISR
                0x0000000000000000       0x8c ./Output/queue.o
 .text.xQueuePeekFromISR
                0x0000000000000000       0x46 ./Output/queue.o
 .text.uxQueueMessagesWaiting
                0x0000000000000000       0x16 ./Output/queue.o
 .text.uxQueueSpacesAvailable
                0x0000000000000000       0x1a ./Output/queue.o
 .text.uxQueueMessagesWaitingFromISR
                0x0000000000000000        0x8 ./Output/queue.o
 .text.uxQueueGetQueueItemSize
                0x0000000000000000        0x4 ./Output/queue.o
 .text.uxQueueGetQueueLength
                0x0000000000000000        0x4 ./Output/queue.o
 .text.xQueueIsQueueEmptyFromISR
                0x0000000000000000        0xe ./Output/queue.o
 .text.xQueueIsQueueFullFromISR
                0x0000000000000000       0x10 ./Output/queue.o
 .text.pcQueueGetName
                0x0000000000000000       0x28 ./Output/queue.o
 .text.vQueueUnregisterQueue
                0x0000000000000000       0x2c ./Output/queue.o
 .text.vQueueDelete
                0x0000000000000000       0x16 ./Output/queue.o
 .text.xQueueCreateSet
                0x0000000000000000        0x8 ./Output/queue.o
 .text.xQueueAddToSet
                0x0000000000000000       0x22 ./Output/queue.o
 .text.xQueueRemoveFromSet
                0x0000000000000000       0x20 ./Output/queue.o
 .text.xQueueSelectFromSet
                0x0000000000000000       0x16 ./Output/queue.o
 .text.xQueueSelectFromSetFromISR
                0x0000000000000000       0x14 ./Output/queue.o
 .debug_macro   0x0000000000000000      0xa60 ./Output/queue.o
 .debug_macro   0x0000000000000000       0x18 ./Output/queue.o
 .debug_macro   0x0000000000000000       0x22 ./Output/queue.o
 .debug_macro   0x0000000000000000       0x52 ./Output/queue.o
 .debug_macro   0x0000000000000000       0x94 ./Output/queue.o
 .debug_macro   0x0000000000000000       0x35 ./Output/queue.o
 .debug_macro   0x0000000000000000       0x34 ./Output/queue.o
 .debug_macro   0x0000000000000000       0x16 ./Output/queue.o
 .debug_macro   0x0000000000000000      0x10e ./Output/queue.o
 .debug_macro   0x0000000000000000       0x8d ./Output/queue.o
 .debug_macro   0x0000000000000000       0x16 ./Output/queue.o
 .debug_macro   0x0000000000000000       0x43 ./Output/queue.o
 .debug_macro   0x0000000000000000       0x57 ./Output/queue.o
 .debug_macro   0x0000000000000000       0x34 ./Output/queue.o
 .debug_macro   0x0000000000000000       0x10 ./Output/queue.o
 .debug_macro   0x0000000000000000       0x52 ./Output/queue.o
 .debug_macro   0x0000000000000000      0x182 ./Output/queue.o
 .debug_macro   0x0000000000000000      0x333 ./Output/queue.o
 .debug_macro   0x0000000000000000       0x16 ./Output/queue.o
 .debug_macro   0x0000000000000000       0x29 ./Output/queue.o
 .debug_macro   0x0000000000000000       0x16 ./Output/queue.o
 .debug_macro   0x0000000000000000       0x35 ./Output/queue.o
 .debug_macro   0x0000000000000000      0x34e ./Output/queue.o
 .debug_macro   0x0000000000000000       0x16 ./Output/queue.o
 .debug_macro   0x0000000000000000      0x165 ./Output/queue.o
 .debug_macro   0x0000000000000000       0x1c ./Output/queue.o
 .debug_macro   0x0000000000000000      0x182 ./Output/queue.o
 .debug_macro   0x0000000000000000       0xe7 ./Output/queue.o
 .debug_macro   0x0000000000000000       0x2e ./Output/queue.o
 .debug_macro   0x0000000000000000       0x1f ./Output/queue.o
 .debug_macro   0x0000000000000000       0x12 ./Output/queue.o
 .debug_macro   0x0000000000000000      0xfde ./Output/queue.o
 .debug_macro   0x0000000000000000       0xc3 ./Output/queue.o
 .debug_macro   0x0000000000000000      0x14f ./Output/queue.o
 .group         0x0000000000000000        0xc ./Output/timers.o
 .group         0x0000000000000000        0xc ./Output/timers.o
 .group         0x0000000000000000        0xc ./Output/timers.o
 .group         0x0000000000000000        0xc ./Output/timers.o
 .group         0x0000000000000000        0xc ./Output/timers.o
 .group         0x0000000000000000        0xc ./Output/timers.o
 .group         0x0000000000000000        0xc ./Output/timers.o
 .group         0x0000000000000000        0xc ./Output/timers.o
 .group         0x0000000000000000        0xc ./Output/timers.o
 .group         0x0000000000000000        0xc ./Output/timers.o
 .group         0x0000000000000000        0xc ./Output/timers.o
 .group         0x0000000000000000        0xc ./Output/timers.o
 .group         0x0000000000000000        0xc ./Output/timers.o
 .group         0x0000000000000000        0xc ./Output/timers.o
 .group         0x0000000000000000        0xc ./Output/timers.o
 .group         0x0000000000000000        0xc ./Output/timers.o
 .group         0x0000000000000000        0xc ./Output/timers.o
 .group         0x0000000000000000        0xc ./Output/timers.o
 .group         0x0000000000000000        0xc ./Output/timers.o
 .group         0x0000000000000000        0xc ./Output/timers.o
 .group         0x0000000000000000        0xc ./Output/timers.o
 .group         0x0000000000000000        0xc ./Output/timers.o
 .group         0x0000000000000000        0xc ./Output/timers.o
 .group         0x0000000000000000        0xc ./Output/timers.o
 .group         0x0000000000000000        0xc ./Output/timers.o
 .group         0x0000000000000000        0xc ./Output/timers.o
 .group         0x0000000000000000        0xc ./Output/timers.o
 .group         0x0000000000000000        0xc ./Output/timers.o
 .group         0x0000000000000000        0xc ./Output/timers.o
 .group         0x0000000000000000        0xc ./Output/timers.o
 .group         0x0000000000000000        0xc ./Output/timers.o
 .group         0x0000000000000000        0xc ./Output/timers.o
 .group         0x0000000000000000        0xc ./Output/timers.o
 .group         0x0000000000000000        0xc ./Output/timers.o
 .text          0x0000000000000000        0x0 ./Output/timers.o
 .data          0x0000000000000000        0x0 ./Output/timers.o
 .bss           0x0000000000000000        0x0 ./Output/timers.o
 .text.xTimerCreate
                0x0000000000000000       0x4a ./Output/timers.o
 .text.xTimerGenericCommandFromTask
                0x0000000000000000       0x3c ./Output/timers.o
 .text.xTimerGenericCommandFromISR
                0x0000000000000000       0x30 ./Output/timers.o
 .text.xTimerGetTimerDaemonTaskHandle
                0x0000000000000000       0x10 ./Output/timers.o
 .text.xTimerGetPeriod
                0x0000000000000000        0x8 ./Output/timers.o
 .text.vTimerSetReloadMode
                0x0000000000000000       0x2a ./Output/timers.o
 .text.xTimerGetReloadMode
                0x0000000000000000       0x1c ./Output/timers.o
 .text.uxTimerGetReloadMode
                0x0000000000000000        0x4 ./Output/timers.o
 .text.xTimerGetExpiryTime
                0x0000000000000000        0x8 ./Output/timers.o
 .text.pcTimerGetName
                0x0000000000000000        0x8 ./Output/timers.o
 .text.xTimerIsTimerActive
                0x0000000000000000       0x1c ./Output/timers.o
 .text.pvTimerGetTimerID
                0x0000000000000000       0x16 ./Output/timers.o
 .text.vTimerSetTimerID
                0x0000000000000000       0x18 ./Output/timers.o
 .text.xTimerPendFunctionCallFromISR
                0x0000000000000000       0x28 ./Output/timers.o
 .text.xTimerPendFunctionCall
                0x0000000000000000       0x30 ./Output/timers.o
 .text.vTimerResetState
                0x0000000000000000       0x14 ./Output/timers.o
 .debug_macro   0x0000000000000000      0xa60 ./Output/timers.o
 .debug_macro   0x0000000000000000       0x18 ./Output/timers.o
 .debug_macro   0x0000000000000000       0x22 ./Output/timers.o
 .debug_macro   0x0000000000000000       0x52 ./Output/timers.o
 .debug_macro   0x0000000000000000       0x94 ./Output/timers.o
 .debug_macro   0x0000000000000000       0x35 ./Output/timers.o
 .debug_macro   0x0000000000000000       0x34 ./Output/timers.o
 .debug_macro   0x0000000000000000       0x16 ./Output/timers.o
 .debug_macro   0x0000000000000000      0x10e ./Output/timers.o
 .debug_macro   0x0000000000000000       0x8d ./Output/timers.o
 .debug_macro   0x0000000000000000       0x16 ./Output/timers.o
 .debug_macro   0x0000000000000000       0x43 ./Output/timers.o
 .debug_macro   0x0000000000000000       0x57 ./Output/timers.o
 .debug_macro   0x0000000000000000       0x34 ./Output/timers.o
 .debug_macro   0x0000000000000000       0x10 ./Output/timers.o
 .debug_macro   0x0000000000000000       0x52 ./Output/timers.o
 .debug_macro   0x0000000000000000      0x182 ./Output/timers.o
 .debug_macro   0x0000000000000000      0x333 ./Output/timers.o
 .debug_macro   0x0000000000000000       0x16 ./Output/timers.o
 .debug_macro   0x0000000000000000       0x29 ./Output/timers.o
 .debug_macro   0x0000000000000000      0x34e ./Output/timers.o
 .debug_macro   0x0000000000000000       0x16 ./Output/timers.o
 .debug_macro   0x0000000000000000      0x165 ./Output/timers.o
 .debug_macro   0x0000000000000000       0x1c ./Output/timers.o
 .debug_macro   0x0000000000000000      0x182 ./Output/timers.o
 .debug_macro   0x0000000000000000       0xe7 ./Output/timers.o
 .debug_macro   0x0000000000000000       0x2e ./Output/timers.o
 .debug_macro   0x0000000000000000       0x1f ./Output/timers.o
 .debug_macro   0x0000000000000000       0x12 ./Output/timers.o
 .debug_macro   0x0000000000000000      0xfde ./Output/timers.o
 .debug_macro   0x0000000000000000       0xc3 ./Output/timers.o
 .debug_macro   0x0000000000000000      0x14f ./Output/timers.o
 .debug_macro   0x0000000000000000       0x80 ./Output/timers.o
 .group         0x0000000000000000        0xc ./Output/event_groups.o
 .group         0x0000000000000000        0xc ./Output/event_groups.o
 .group         0x0000000000000000        0xc ./Output/event_groups.o
 .group         0x0000000000000000        0xc ./Output/event_groups.o
 .group         0x0000000000000000        0xc ./Output/event_groups.o
 .group         0x0000000000000000        0xc ./Output/event_groups.o
 .group         0x0000000000000000        0xc ./Output/event_groups.o
 .group         0x0000000000000000        0xc ./Output/event_groups.o
 .group         0x0000000000000000        0xc ./Output/event_groups.o
 .group         0x0000000000000000        0xc ./Output/event_groups.o
 .group         0x0000000000000000        0xc ./Output/event_groups.o
 .group         0x0000000000000000        0xc ./Output/event_groups.o
 .group         0x0000000000000000        0xc ./Output/event_groups.o
 .group         0x0000000000000000        0xc ./Output/event_groups.o
 .group         0x0000000000000000        0xc ./Output/event_groups.o
 .group         0x0000000000000000        0xc ./Output/event_groups.o
 .group         0x0000000000000000        0xc ./Output/event_groups.o
 .group         0x0000000000000000        0xc ./Output/event_groups.o
 .group         0x0000000000000000        0xc ./Output/event_groups.o
 .group         0x0000000000000000        0xc ./Output/event_groups.o
 .group         0x0000000000000000        0xc ./Output/event_groups.o
 .group         0x0000000000000000        0xc ./Output/event_groups.o
 .group         0x0000000000000000        0xc ./Output/event_groups.o
 .group         0x0000000000000000        0xc ./Output/event_groups.o
 .group         0x0000000000000000        0xc ./Output/event_groups.o
 .group         0x0000000000000000        0xc ./Output/event_groups.o
 .group         0x0000000000000000        0xc ./Output/event_groups.o
 .group         0x0000000000000000        0xc ./Output/event_groups.o
 .group         0x0000000000000000        0xc ./Output/event_groups.o
 .group         0x0000000000000000        0xc ./Output/event_groups.o
 .group         0x0000000000000000        0xc ./Output/event_groups.o
 .group         0x0000000000000000        0xc ./Output/event_groups.o
 .group         0x0000000000000000        0xc ./Output/event_groups.o
 .group         0x0000000000000000        0xc ./Output/event_groups.o
 .text          0x0000000000000000        0x0 ./Output/event_groups.o
 .data          0x0000000000000000        0x0 ./Output/event_groups.o
 .bss           0x0000000000000000        0x0 ./Output/event_groups.o
 .text.xEventGroupCreate
                0x0000000000000000       0x1a ./Output/event_groups.o
 .text.xEventGroupWaitBits
                0x0000000000000000       0xd0 ./Output/event_groups.o
 .text.xEventGroupClearBits
                0x0000000000000000       0x26 ./Output/event_groups.o
 .text.xEventGroupGetBitsFromISR
                0x0000000000000000       0x1c ./Output/event_groups.o
 .text.xEventGroupSetBits
                0x0000000000000000       0x66 ./Output/event_groups.o
 .text.xEventGroupSync
                0x0000000000000000       0xa0 ./Output/event_groups.o
 .text.vEventGroupDelete
                0x0000000000000000       0x34 ./Output/event_groups.o
 .text.vEventGroupSetBitsCallback
                0x0000000000000000        0x4 ./Output/event_groups.o
 .text.vEventGroupClearBitsCallback
                0x0000000000000000        0x4 ./Output/event_groups.o
 .debug_info    0x0000000000000000      0xb76 ./Output/event_groups.o
 .debug_abbrev  0x0000000000000000      0x2cd ./Output/event_groups.o
 .debug_loc     0x0000000000000000      0x9e7 ./Output/event_groups.o
 .debug_aranges
                0x0000000000000000       0x60 ./Output/event_groups.o
 .debug_ranges  0x0000000000000000       0xa0 ./Output/event_groups.o
 .debug_macro   0x0000000000000000      0x1a6 ./Output/event_groups.o
 .debug_macro   0x0000000000000000      0xa60 ./Output/event_groups.o
 .debug_macro   0x0000000000000000       0x18 ./Output/event_groups.o
 .debug_macro   0x0000000000000000       0x22 ./Output/event_groups.o
 .debug_macro   0x0000000000000000       0x52 ./Output/event_groups.o
 .debug_macro   0x0000000000000000       0x94 ./Output/event_groups.o
 .debug_macro   0x0000000000000000       0x35 ./Output/event_groups.o
 .debug_macro   0x0000000000000000       0x34 ./Output/event_groups.o
 .debug_macro   0x0000000000000000       0x16 ./Output/event_groups.o
 .debug_macro   0x0000000000000000      0x10e ./Output/event_groups.o
 .debug_macro   0x0000000000000000       0x8d ./Output/event_groups.o
 .debug_macro   0x0000000000000000       0x16 ./Output/event_groups.o
 .debug_macro   0x0000000000000000       0x43 ./Output/event_groups.o
 .debug_macro   0x0000000000000000       0x57 ./Output/event_groups.o
 .debug_macro   0x0000000000000000       0x34 ./Output/event_groups.o
 .debug_macro   0x0000000000000000       0x10 ./Output/event_groups.o
 .debug_macro   0x0000000000000000       0x52 ./Output/event_groups.o
 .debug_macro   0x0000000000000000      0x182 ./Output/event_groups.o
 .debug_macro   0x0000000000000000      0x333 ./Output/event_groups.o
 .debug_macro   0x0000000000000000       0x16 ./Output/event_groups.o
 .debug_macro   0x0000000000000000       0x29 ./Output/event_groups.o
 .debug_macro   0x0000000000000000      0x34e ./Output/event_groups.o
 .debug_macro   0x0000000000000000       0x16 ./Output/event_groups.o
 .debug_macro   0x0000000000000000      0x165 ./Output/event_groups.o
 .debug_macro   0x0000000000000000       0x1c ./Output/event_groups.o
 .debug_macro   0x0000000000000000      0x182 ./Output/event_groups.o
 .debug_macro   0x0000000000000000       0xe7 ./Output/event_groups.o
 .debug_macro   0x0000000000000000       0x2e ./Output/event_groups.o
 .debug_macro   0x0000000000000000       0x1f ./Output/event_groups.o
 .debug_macro   0x0000000000000000       0x12 ./Output/event_groups.o
 .debug_macro   0x0000000000000000      0xfde ./Output/event_groups.o
 .debug_macro   0x0000000000000000       0xc3 ./Output/event_groups.o
 .debug_macro   0x0000000000000000      0x14f ./Output/event_groups.o
 .debug_macro   0x0000000000000000       0x98 ./Output/event_groups.o
 .debug_macro   0x0000000000000000       0x31 ./Output/event_groups.o
 .debug_line    0x0000000000000000      0x8f9 ./Output/event_groups.o
 .debug_str     0x0000000000000000    0x11d1d ./Output/event_groups.o
 .comment       0x0000000000000000       0x34 ./Output/event_groups.o
 .debug_frame   0x0000000000000000      0x100 ./Output/event_groups.o
 .ARM.attributes
                0x0000000000000000       0x2d ./Output/event_groups.o
 .group         0x0000000000000000        0xc ./Output/stream_buffer.o
 .group         0x0000000000000000        0xc ./Output/stream_buffer.o
 .group         0x0000000000000000        0xc ./Output/stream_buffer.o
 .group         0x0000000000000000        0xc ./Output/stream_buffer.o
 .group         0x0000000000000000        0xc ./Output/stream_buffer.o
 .group         0x0000000000000000        0xc ./Output/stream_buffer.o
 .group         0x0000000000000000        0xc ./Output/stream_buffer.o
 .group         0x0000000000000000        0xc ./Output/stream_buffer.o
 .group         0x0000000000000000        0xc ./Output/stream_buffer.o
 .group         0x0000000000000000        0xc ./Output/stream_buffer.o
 .group         0x0000000000000000        0xc ./Output/stream_buffer.o
 .group         0x0000000000000000        0xc ./Output/stream_buffer.o
 .group         0x0000000000000000        0xc ./Output/stream_buffer.o
 .group         0x0000000000000000        0xc ./Output/stream_buffer.o
 .group         0x0000000000000000        0xc ./Output/stream_buffer.o
 .group         0x0000000000000000        0xc ./Output/stream_buffer.o
 .group         0x0000000000000000        0xc ./Output/stream_buffer.o
 .group         0x0000000000000000        0xc ./Output/stream_buffer.o
 .group         0x0000000000000000        0xc ./Output/stream_buffer.o
 .group         0x0000000000000000        0xc ./Output/stream_buffer.o
 .group         0x0000000000000000        0xc ./Output/stream_buffer.o
 .group         0x0000000000000000        0xc ./Output/stream_buffer.o
 .group         0x0000000000000000        0xc ./Output/stream_buffer.o
 .group         0x0000000000000000        0xc ./Output/stream_buffer.o
 .group         0x0000000000000000        0xc ./Output/stream_buffer.o
 .group         0x0000000000000000        0xc ./Output/stream_buffer.o
 .group         0x0000000000000000        0xc ./Output/stream_buffer.o
 .group         0x0000000000000000        0xc ./Output/stream_buffer.o
 .group         0x0000000000000000        0xc ./Output/stream_buffer.o
 .group         0x0000000000000000        0xc ./Output/stream_buffer.o
 .group         0x0000000000000000        0xc ./Output/stream_buffer.o
 .text          0x0000000000000000        0x0 ./Output/stream_buffer.o
 .data          0x0000000000000000        0x0 ./Output/stream_buffer.o
 .bss           0x0000000000000000        0x0 ./Output/stream_buffer.o
 .text.prvBytesInBuffer
                0x0000000000000000       0x12 ./Output/stream_buffer.o
 .text.prvWriteBytesToBuffer.part.0
                0x0000000000000000       0x4e ./Output/stream_buffer.o
 .text.prvWriteMessageToBuffer
                0x0000000000000000       0x46 ./Output/stream_buffer.o
 .text.prvReadBytesFromBuffer.part.0
                0x0000000000000000       0x4e ./Output/stream_buffer.o
 .text.prvInitialiseNewStreamBuffer.constprop.0
                0x0000000000000000       0x34 ./Output/stream_buffer.o
 .text.prvReadMessageFromBuffer
                0x0000000000000000       0x46 ./Output/stream_buffer.o
 .text.xStreamBufferGenericCreate
                0x0000000000000000       0x5a ./Output/stream_buffer.o
 .text.vStreamBufferDelete
                0x0000000000000000       0x16 ./Output/stream_buffer.o
 .text.xStreamBufferReset
                0x0000000000000000       0x38 ./Output/stream_buffer.o
 .text.xStreamBufferResetFromISR
                0x0000000000000000       0x42 ./Output/stream_buffer.o
 .text.xStreamBufferSetTriggerLevel
                0x0000000000000000       0x18 ./Output/stream_buffer.o
 .text.xStreamBufferSpacesAvailable
                0x0000000000000000       0x22 ./Output/stream_buffer.o
 .text.xStreamBufferBytesAvailable
                0x0000000000000000        0x8 ./Output/stream_buffer.o
 .text.xStreamBufferSend
                0x0000000000000000       0xec ./Output/stream_buffer.o
 .text.xStreamBufferSendFromISR
                0x0000000000000000       0x7c ./Output/stream_buffer.o
 .text.xStreamBufferReceive
                0x0000000000000000       0xb4 ./Output/stream_buffer.o
 .text.xStreamBufferNextMessageLengthBytes
                0x0000000000000000       0x32 ./Output/stream_buffer.o
 .text.xStreamBufferReceiveFromISR
                0x0000000000000000       0x6e ./Output/stream_buffer.o
 .text.xStreamBufferIsEmpty
                0x0000000000000000       0x10 ./Output/stream_buffer.o
 .text.xStreamBufferIsFull
                0x0000000000000000       0x20 ./Output/stream_buffer.o
 .text.xStreamBufferSendCompletedFromISR
                0x0000000000000000       0x3e ./Output/stream_buffer.o
 .text.xStreamBufferReceiveCompletedFromISR
                0x0000000000000000       0x3e ./Output/stream_buffer.o
 .text.uxStreamBufferGetStreamBufferNotificationIndex
                0x0000000000000000        0x8 ./Output/stream_buffer.o
 .text.vStreamBufferSetStreamBufferNotificationIndex
                0x0000000000000000       0x1a ./Output/stream_buffer.o
 .debug_info    0x0000000000000000     0x19ed ./Output/stream_buffer.o
 .debug_abbrev  0x0000000000000000      0x33f ./Output/stream_buffer.o
 .debug_loc     0x0000000000000000     0x188f ./Output/stream_buffer.o
 .debug_aranges
                0x0000000000000000       0xd8 ./Output/stream_buffer.o
 .debug_ranges  0x0000000000000000       0xf8 ./Output/stream_buffer.o
 .debug_macro   0x0000000000000000      0x1de ./Output/stream_buffer.o
 .debug_macro   0x0000000000000000      0xa60 ./Output/stream_buffer.o
 .debug_macro   0x0000000000000000       0x22 ./Output/stream_buffer.o
 .debug_macro   0x0000000000000000       0x52 ./Output/stream_buffer.o
 .debug_macro   0x0000000000000000       0x18 ./Output/stream_buffer.o
 .debug_macro   0x0000000000000000       0x94 ./Output/stream_buffer.o
 .debug_macro   0x0000000000000000       0x35 ./Output/stream_buffer.o
 .debug_macro   0x0000000000000000       0x34 ./Output/stream_buffer.o
 .debug_macro   0x0000000000000000      0x174 ./Output/stream_buffer.o
 .debug_macro   0x0000000000000000       0x16 ./Output/stream_buffer.o
 .debug_macro   0x0000000000000000       0x43 ./Output/stream_buffer.o
 .debug_macro   0x0000000000000000       0x57 ./Output/stream_buffer.o
 .debug_macro   0x0000000000000000       0x34 ./Output/stream_buffer.o
 .debug_macro   0x0000000000000000       0x10 ./Output/stream_buffer.o
 .debug_macro   0x0000000000000000       0x52 ./Output/stream_buffer.o
 .debug_macro   0x0000000000000000      0x182 ./Output/stream_buffer.o
 .debug_macro   0x0000000000000000      0x333 ./Output/stream_buffer.o
 .debug_macro   0x0000000000000000       0x10 ./Output/stream_buffer.o
 .debug_macro   0x0000000000000000       0x35 ./Output/stream_buffer.o
 .debug_macro   0x0000000000000000      0x34e ./Output/stream_buffer.o
 .debug_macro   0x0000000000000000       0x16 ./Output/stream_buffer.o
 .debug_macro   0x0000000000000000      0x165 ./Output/stream_buffer.o
 .debug_macro   0x0000000000000000       0x1c ./Output/stream_buffer.o
 .debug_macro   0x0000000000000000      0x182 ./Output/stream_buffer.o
 .debug_macro   0x0000000000000000       0xe7 ./Output/stream_buffer.o
 .debug_macro   0x0000000000000000       0x2e ./Output/stream_buffer.o
 .debug_macro   0x0000000000000000       0x1f ./Output/stream_buffer.o
 .debug_macro   0x0000000000000000       0x12 ./Output/stream_buffer.o
 .debug_macro   0x0000000000000000      0xfde ./Output/stream_buffer.o
 .debug_macro   0x0000000000000000       0xc3 ./Output/stream_buffer.o
 .debug_macro   0x0000000000000000      0x14f ./Output/stream_buffer.o
 .debug_macro   0x0000000000000000       0x38 ./Output/stream_buffer.o
 .debug_line    0x0000000000000000     0x1386 ./Output/stream_buffer.o
 .debug_str     0x0000000000000000    0x12164 ./Output/stream_buffer.o
 .comment       0x0000000000000000       0x34 ./Output/stream_buffer.o
 .debug_frame   0x0000000000000000      0x2bc ./Output/stream_buffer.o
 .ARM.attributes
                0x0000000000000000       0x2d ./Output/stream_buffer.o
 .group         0x0000000000000000        0xc ./Output/heap_4.o
 .group         0x0000000000000000        0xc ./Output/heap_4.o
 .group         0x0000000000000000        0xc ./Output/heap_4.o
 .group         0x0000000000000000        0xc ./Output/heap_4.o
 .group         0x0000000000000000        0xc ./Output/heap_4.o
 .group         0x0000000000000000        0xc ./Output/heap_4.o
 .group         0x0000000000000000        0xc ./Output/heap_4.o
 .group         0x0000000000000000        0xc ./Output/heap_4.o
 .group         0x0000000000000000        0xc ./Output/heap_4.o
 .group         0x0000000000000000        0xc ./Output/heap_4.o
 .group         0x0000000000000000        0xc ./Output/heap_4.o
 .group         0x0000000000000000        0xc ./Output/heap_4.o
 .group         0x0000000000000000        0xc ./Output/heap_4.o
 .group         0x0000000000000000        0xc ./Output/heap_4.o
 .group         0x0000000000000000        0xc ./Output/heap_4.o
 .group         0x0000000000000000        0xc ./Output/heap_4.o
 .group         0x0000000000000000        0xc ./Output/heap_4.o
 .group         0x0000000000000000        0xc ./Output/heap_4.o
 .group         0x0000000000000000        0xc ./Output/heap_4.o
 .group         0x0000000000000000        0xc ./Output/heap_4.o
 .group         0x0000000000000000        0xc ./Output/heap_4.o
 .group         0x0000000000000000        0xc ./Output/heap_4.o
 .group         0x0000000000000000        0xc ./Output/heap_4.o
 .group         0x0000000000000000        0xc ./Output/heap_4.o
 .group         0x0000000000000000        0xc ./Output/heap_4.o
 .group         0x0000000000000000        0xc ./Output/heap_4.o
 .group         0x0000000000000000        0xc ./Output/heap_4.o
 .group         0x0000000000000000        0xc ./Output/heap_4.o
 .group         0x0000000000000000        0xc ./Output/heap_4.o
 .group         0x0000000000000000        0xc ./Output/heap_4.o
 .group         0x0000000000000000        0xc ./Output/heap_4.o
 .group         0x0000000000000000        0xc ./Output/heap_4.o
 .group         0x0000000000000000        0xc ./Output/heap_4.o
 .group         0x0000000000000000        0xc ./Output/heap_4.o
 .text          0x0000000000000000        0x0 ./Output/heap_4.o
 .data          0x0000000000000000        0x0 ./Output/heap_4.o
 .bss           0x0000000000000000        0x0 ./Output/heap_4.o
 .text.xPortGetFreeHeapSize
                0x0000000000000000        0xc ./Output/heap_4.o
 .text.xPortGetMinimumEverFreeHeapSize
                0x0000000000000000        0xc ./Output/heap_4.o
 .text.vPortInitialiseBlocks
                0x0000000000000000        0x2 ./Output/heap_4.o
 .text.pvPortCalloc
                0x0000000000000000       0x2a ./Output/heap_4.o
 .text.vPortGetHeapStats
                0x0000000000000000       0x84 ./Output/heap_4.o
 .text.vPortHeapResetState
                0x0000000000000000       0x2c ./Output/heap_4.o
 .debug_macro   0x0000000000000000      0xa60 ./Output/heap_4.o
 .debug_macro   0x0000000000000000       0x18 ./Output/heap_4.o
 .debug_macro   0x0000000000000000       0x22 ./Output/heap_4.o
 .debug_macro   0x0000000000000000       0x52 ./Output/heap_4.o
 .debug_macro   0x0000000000000000       0x94 ./Output/heap_4.o
 .debug_macro   0x0000000000000000       0x35 ./Output/heap_4.o
 .debug_macro   0x0000000000000000       0x34 ./Output/heap_4.o
 .debug_macro   0x0000000000000000       0x16 ./Output/heap_4.o
 .debug_macro   0x0000000000000000      0x10e ./Output/heap_4.o
 .debug_macro   0x0000000000000000       0x8d ./Output/heap_4.o
 .debug_macro   0x0000000000000000       0x16 ./Output/heap_4.o
 .debug_macro   0x0000000000000000       0x43 ./Output/heap_4.o
 .debug_macro   0x0000000000000000       0x57 ./Output/heap_4.o
 .debug_macro   0x0000000000000000       0x34 ./Output/heap_4.o
 .debug_macro   0x0000000000000000       0x10 ./Output/heap_4.o
 .debug_macro   0x0000000000000000       0x52 ./Output/heap_4.o
 .debug_macro   0x0000000000000000      0x182 ./Output/heap_4.o
 .debug_macro   0x0000000000000000      0x333 ./Output/heap_4.o
 .debug_macro   0x0000000000000000       0x16 ./Output/heap_4.o
 .debug_macro   0x0000000000000000       0x29 ./Output/heap_4.o
 .debug_macro   0x0000000000000000       0x16 ./Output/heap_4.o
 .debug_macro   0x0000000000000000       0x35 ./Output/heap_4.o
 .debug_macro   0x0000000000000000      0x34e ./Output/heap_4.o
 .debug_macro   0x0000000000000000       0x16 ./Output/heap_4.o
 .debug_macro   0x0000000000000000      0x165 ./Output/heap_4.o
 .debug_macro   0x0000000000000000       0x1c ./Output/heap_4.o
 .debug_macro   0x0000000000000000      0x182 ./Output/heap_4.o
 .debug_macro   0x0000000000000000       0xe7 ./Output/heap_4.o
 .debug_macro   0x0000000000000000       0x2e ./Output/heap_4.o
 .debug_macro   0x0000000000000000       0x1f ./Output/heap_4.o
 .debug_macro   0x0000000000000000       0x12 ./Output/heap_4.o
 .debug_macro   0x0000000000000000      0xfde ./Output/heap_4.o
 .debug_macro   0x0000000000000000       0xc3 ./Output/heap_4.o
 .debug_macro   0x0000000000000000      0x14f ./Output/heap_4.o
 .group         0x0000000000000000        0xc ./Output/port.o
 .group         0x0000000000000000        0xc ./Output/port.o
 .group         0x0000000000000000        0xc ./Output/port.o
 .group         0x0000000000000000        0xc ./Output/port.o
 .group         0x0000000000000000        0xc ./Output/port.o
 .group         0x0000000000000000        0xc ./Output/port.o
 .group         0x0000000000000000        0xc ./Output/port.o
 .group         0x0000000000000000        0xc ./Output/port.o
 .group         0x0000000000000000        0xc ./Output/port.o
 .group         0x0000000000000000        0xc ./Output/port.o
 .group         0x0000000000000000        0xc ./Output/port.o
 .group         0x0000000000000000        0xc ./Output/port.o
 .group         0x0000000000000000        0xc ./Output/port.o
 .group         0x0000000000000000        0xc ./Output/port.o
 .text          0x0000000000000000        0x0 ./Output/port.o
 .data          0x0000000000000000        0x0 ./Output/port.o
 .bss           0x0000000000000000        0x0 ./Output/port.o
 .text.vPortEndScheduler
                0x0000000000000000       0x14 ./Output/port.o
 .text.vPortValidateInterruptPriority
                0x0000000000000000       0x3c ./Output/port.o
 .debug_macro   0x0000000000000000      0xa60 ./Output/port.o
 .debug_macro   0x0000000000000000      0x174 ./Output/port.o
 .debug_macro   0x0000000000000000      0x34e ./Output/port.o
 .debug_macro   0x0000000000000000       0x16 ./Output/port.o
 .debug_macro   0x0000000000000000      0x165 ./Output/port.o
 .debug_macro   0x0000000000000000       0x1c ./Output/port.o
 .debug_macro   0x0000000000000000      0x182 ./Output/port.o
 .debug_macro   0x0000000000000000       0xe7 ./Output/port.o
 .debug_macro   0x0000000000000000       0x2e ./Output/port.o
 .debug_macro   0x0000000000000000       0x1f ./Output/port.o
 .debug_macro   0x0000000000000000       0x12 ./Output/port.o
 .debug_macro   0x0000000000000000      0xfde ./Output/port.o
 .debug_macro   0x0000000000000000       0xc3 ./Output/port.o
 .debug_macro   0x0000000000000000      0x14f ./Output/port.o
 .group         0x0000000000000000        0xc ./Output/main.o
 .group         0x0000000000000000        0xc ./Output/main.o
 .group         0x0000000000000000        0xc ./Output/main.o
 .group         0x0000000000000000        0xc ./Output/main.o
 .group         0x0000000000000000        0xc ./Output/main.o
 .group         0x0000000000000000        0xc ./Output/main.o
 .group         0x0000000000000000        0xc ./Output/main.o
 .group         0x0000000000000000        0xc ./Output/main.o
 .group         0x0000000000000000        0xc ./Output/main.o
 .group         0x0000000000000000        0xc ./Output/main.o
 .group         0x0000000000000000        0xc ./Output/main.o
 .group         0x0000000000000000        0xc ./Output/main.o
 .group         0x0000000000000000        0xc ./Output/main.o
 .group         0x0000000000000000        0xc ./Output/main.o
 .group         0x0000000000000000        0xc ./Output/main.o
 .group         0x0000000000000000        0xc ./Output/main.o
 .group         0x0000000000000000        0xc ./Output/main.o
 .group         0x0000000000000000        0xc ./Output/main.o
 .group         0x0000000000000000        0xc ./Output/main.o
 .group         0x0000000000000000        0xc ./Output/main.o
 .group         0x0000000000000000        0xc ./Output/main.o
 .group         0x0000000000000000        0xc ./Output/main.o
 .group         0x0000000000000000        0xc ./Output/main.o
 .group         0x0000000000000000        0xc ./Output/main.o
 .group         0x0000000000000000        0xc ./Output/main.o
 .group         0x0000000000000000        0xc ./Output/main.o
 .group         0x0000000000000000        0xc ./Output/main.o
 .group         0x0000000000000000        0xc ./Output/main.o
 .group         0x0000000000000000        0xc ./Output/main.o
 .group         0x0000000000000000        0xc ./Output/main.o
 .group         0x0000000000000000        0xc ./Output/main.o
 .group         0x0000000000000000        0xc ./Output/main.o
 .group         0x0000000000000000        0xc ./Output/main.o
 .group         0x0000000000000000        0xc ./Output/main.o
 .group         0x0000000000000000        0xc ./Output/main.o
 .group         0x0000000000000000        0xc ./Output/main.o
 .group         0x0000000000000000        0xc ./Output/main.o
 .text          0x0000000000000000        0x0 ./Output/main.o
 .data          0x0000000000000000        0x0 ./Output/main.o
 .bss           0x0000000000000000        0x0 ./Output/main.o
 .debug_macro   0x0000000000000000      0xa60 ./Output/main.o
 .debug_macro   0x0000000000000000      0x174 ./Output/main.o
 .debug_macro   0x0000000000000000      0x34e ./Output/main.o
 .debug_macro   0x0000000000000000       0x16 ./Output/main.o
 .debug_macro   0x0000000000000000      0x165 ./Output/main.o
 .debug_macro   0x0000000000000000       0x1c ./Output/main.o
 .debug_macro   0x0000000000000000      0x182 ./Output/main.o
 .debug_macro   0x0000000000000000       0xe7 ./Output/main.o
 .debug_macro   0x0000000000000000       0x2e ./Output/main.o
 .debug_macro   0x0000000000000000       0x1f ./Output/main.o
 .debug_macro   0x0000000000000000       0x12 ./Output/main.o
 .debug_macro   0x0000000000000000      0xfde ./Output/main.o
 .debug_macro   0x0000000000000000       0xc3 ./Output/main.o
 .debug_macro   0x0000000000000000      0x14f ./Output/main.o
 .debug_macro   0x0000000000000000       0x98 ./Output/main.o
 .debug_macro   0x0000000000000000       0x18 ./Output/main.o
 .debug_macro   0x0000000000000000       0x22 ./Output/main.o
 .debug_macro   0x0000000000000000       0x52 ./Output/main.o
 .debug_macro   0x0000000000000000       0x94 ./Output/main.o
 .debug_macro   0x0000000000000000       0x35 ./Output/main.o
 .debug_macro   0x0000000000000000       0x34 ./Output/main.o
 .debug_macro   0x0000000000000000       0x16 ./Output/main.o
 .debug_macro   0x0000000000000000       0x35 ./Output/main.o
 .debug_macro   0x0000000000000000       0x16 ./Output/main.o
 .debug_macro   0x0000000000000000       0x43 ./Output/main.o
 .debug_macro   0x0000000000000000       0x57 ./Output/main.o
 .debug_macro   0x0000000000000000       0x34 ./Output/main.o
 .debug_macro   0x0000000000000000       0x10 ./Output/main.o
 .debug_macro   0x0000000000000000       0x52 ./Output/main.o
 .debug_macro   0x0000000000000000      0x182 ./Output/main.o
 .debug_macro   0x0000000000000000      0x333 ./Output/main.o
 .debug_macro   0x0000000000000000       0x16 ./Output/main.o
 .debug_macro   0x0000000000000000       0x29 ./Output/main.o
 .group         0x0000000000000000        0xc ./Output/uart.o
 .group         0x0000000000000000        0xc ./Output/uart.o
 .group         0x0000000000000000        0xc ./Output/uart.o
 .group         0x0000000000000000        0xc ./Output/uart.o
 .group         0x0000000000000000        0xc ./Output/uart.o
 .group         0x0000000000000000        0xc ./Output/uart.o
 .group         0x0000000000000000        0xc ./Output/uart.o
 .group         0x0000000000000000        0xc ./Output/uart.o
 .group         0x0000000000000000        0xc ./Output/uart.o
 .group         0x0000000000000000        0xc ./Output/uart.o
 .group         0x0000000000000000        0xc ./Output/uart.o
 .group         0x0000000000000000        0xc ./Output/uart.o
 .group         0x0000000000000000        0xc ./Output/uart.o
 .text          0x0000000000000000        0x0 ./Output/uart.o
 .data          0x0000000000000000        0x0 ./Output/uart.o
 .bss           0x0000000000000000        0x0 ./Output/uart.o
 .debug_macro   0x0000000000000000      0xa60 ./Output/uart.o
 .debug_macro   0x0000000000000000      0x174 ./Output/uart.o
 .debug_macro   0x0000000000000000      0x34e ./Output/uart.o
 .debug_macro   0x0000000000000000       0x16 ./Output/uart.o
 .debug_macro   0x0000000000000000      0x165 ./Output/uart.o
 .debug_macro   0x0000000000000000       0x1c ./Output/uart.o
 .debug_macro   0x0000000000000000      0x182 ./Output/uart.o
 .debug_macro   0x0000000000000000       0xe7 ./Output/uart.o
 .debug_macro   0x0000000000000000       0x2e ./Output/uart.o
 .debug_macro   0x0000000000000000       0x1f ./Output/uart.o
 .debug_macro   0x0000000000000000       0x12 ./Output/uart.o
 .debug_macro   0x0000000000000000      0xfde ./Output/uart.o
 .group         0x0000000000000000        0xc ./Output/startup.o
 .group         0x0000000000000000        0xc ./Output/startup.o
 .group         0x0000000000000000        0xc ./Output/startup.o
 .group         0x0000000000000000        0xc ./Output/startup.o
 .group         0x0000000000000000        0xc ./Output/startup.o
 .group         0x0000000000000000        0xc ./Output/startup.o
 .group         0x0000000000000000        0xc ./Output/startup.o
 .group         0x0000000000000000        0xc ./Output/startup.o
 .group         0x0000000000000000        0xc ./Output/startup.o
 .group         0x0000000000000000        0xc ./Output/startup.o
 .group         0x0000000000000000        0xc ./Output/startup.o
 .group         0x0000000000000000        0xc ./Output/startup.o
 .group         0x0000000000000000        0xc ./Output/startup.o
 .text          0x0000000000000000        0x0 ./Output/startup.o
 .data          0x0000000000000000        0x0 ./Output/startup.o
 .bss           0x0000000000000000        0x0 ./Output/startup.o
 .debug_macro   0x0000000000000000      0xa60 ./Output/startup.o
 .debug_macro   0x0000000000000000      0x174 ./Output/startup.o
 .debug_macro   0x0000000000000000      0x34e ./Output/startup.o
 .debug_macro   0x0000000000000000       0x16 ./Output/startup.o
 .debug_macro   0x0000000000000000      0x165 ./Output/startup.o
 .debug_macro   0x0000000000000000       0x1c ./Output/startup.o
 .debug_macro   0x0000000000000000      0x182 ./Output/startup.o
 .debug_macro   0x0000000000000000       0xe7 ./Output/startup.o
 .debug_macro   0x0000000000000000       0x2e ./Output/startup.o
 .debug_macro   0x0000000000000000       0x1f ./Output/startup.o
 .debug_macro   0x0000000000000000       0x12 ./Output/startup.o
 .debug_macro   0x0000000000000000      0xfde ./Output/startup.o
 .debug_macro   0x0000000000000000       0x22 ./Output/startup.o
 .data          0x0000000000000000        0x0 /usr/lib/gcc/arm-none-eabi/10.3.1/../../../arm-none-eabi/lib/thumb/v7-m/nofp/libc_nano.a(lib_a-memcpy.o)
 .bss           0x0000000000000000        0x0 /usr/lib/gcc/arm-none-eabi/10.3.1/../../../arm-none-eabi/lib/thumb/v7-m/nofp/libc_nano.a(lib_a-memcpy.o)
 .data          0x0000000000000000        0x0 /usr/lib/gcc/arm-none-eabi/10.3.1/../../../arm-none-eabi/lib/thumb/v7-m/nofp/libc_nano.a(lib_a-memset.o)
 .bss           0x0000000000000000        0x0 /usr/lib/gcc/arm-none-eabi/10.3.1/../../../arm-none-eabi/lib/thumb/v7-m/nofp/libc_nano.a(lib_a-memset.o)
 .text          0x0000000000000000       0x5c /usr/lib/gcc/arm-none-eabi/10.3.1/../../../arm-none-eabi/lib/thumb/v7-m/nofp/libc_nano.a(lib_a-strlen-stub.o)
 .data          0x0000000000000000        0x0 /usr/lib/gcc/arm-none-eabi/10.3.1/../../../arm-none-eabi/lib/thumb/v7-m/nofp/libc_nano.a(lib_a-strlen-stub.o)
 .bss           0x0000000000000000        0x0 /usr/lib/gcc/arm-none-eabi/10.3.1/../../../arm-none-eabi/lib/thumb/v7-m/nofp/libc_nano.a(lib_a-strlen-stub.o)
 .debug_info    0x0000000000000000       0xbc /usr/lib/gcc/arm-none-eabi/10.3.1/../../../arm-none-eabi/lib/thumb/v7-m/nofp/libc_nano.a(lib_a-strlen-stub.o)
 .debug_abbrev  0x0000000000000000       0x79 /usr/lib/gcc/arm-none-eabi/10.3.1/../../../arm-none-eabi/lib/thumb/v7-m/nofp/libc_nano.a(lib_a-strlen-stub.o)
 .debug_loc     0x0000000000000000       0x25 /usr/lib/gcc/arm-none-eabi/10.3.1/../../../arm-none-eabi/lib/thumb/v7-m/nofp/libc_nano.a(lib_a-strlen-stub.o)
 .debug_aranges
                0x0000000000000000       0x20 /usr/lib/gcc/arm-none-eabi/10.3.1/../../../arm-none-eabi/lib/thumb/v7-m/nofp/libc_nano.a(lib_a-strlen-stub.o)
 .debug_ranges  0x0000000000000000       0x10 /usr/lib/gcc/arm-none-eabi/10.3.1/../../../arm-none-eabi/lib/thumb/v7-m/nofp/libc_nano.a(lib_a-strlen-stub.o)
 .debug_line    0x0000000000000000       0xf4 /usr/lib/gcc/arm-none-eabi/10.3.1/../../../arm-none-eabi/lib/thumb/v7-m/nofp/libc_nano.a(lib_a-strlen-stub.o)
 .debug_str     0x0000000000000000      0x1b6 /usr/lib/gcc/arm-none-eabi/10.3.1/../../../arm-none-eabi/lib/thumb/v7-m/nofp/libc_nano.a(lib_a-strlen-stub.o)
 .comment       0x0000000000000000       0x34 /usr/lib/gcc/arm-none-eabi/10.3.1/../../../arm-none-eabi/lib/thumb/v7-m/nofp/libc_nano.a(lib_a-strlen-stub.o)
 .debug_frame   0x0000000000000000       0x20 /usr/lib/gcc/arm-none-eabi/10.3.1/../../../arm-none-eabi/lib/thumb/v7-m/nofp/libc_nano.a(lib_a-strlen-stub.o)
 .ARM.attributes
                0x0000000000000000       0x2d /usr/lib/gcc/arm-none-eabi/10.3.1/../../../arm-none-eabi/lib/thumb/v7-m/nofp/libc_nano.a(lib_a-strlen-stub.o)

Memory Configuration

Name             Origin             Length             Attributes
FLASH            0x0000000000000000 0x0000000000400000 xr
RAM              0x0000000020000000 0x0000000000400000 rw
*default*        0x0000000000000000 0xffffffffffffffff

Linker script and memory map

LOAD ./Output/list.o
LOAD ./Output/tasks.o
LOAD ./Output/queue.o
LOAD ./Output/timers.o
LOAD ./Output/event_groups.o
LOAD ./Output/stream_buffer.o
LOAD ./Output/heap_4.o
LOAD ./Output/port.o
LOAD ./Output/main.o
LOAD ./Output/uart.o
LOAD ./Output/startup.o
START GROUP
LOAD /usr/lib/gcc/arm-none-eabi/10.3.1/thumb/v7-m/nofp/libgcc.a
LOAD /usr/lib/gcc/arm-none-eabi/10.3.1/../../../arm-none-eabi/lib/thumb/v7-m/nofp/libc_nano.a
END GROUP
START GROUP
LOAD /usr/lib/gcc/arm-none-eabi/10.3.1/thumb/v7-m/nofp/libgcc.a
LOAD /usr/lib/gcc/arm-none-eabi/10.3.1/../../../arm-none-eabi/lib/thumb/v7-m/nofp/libc_nano.a
LOAD /usr/lib/gcc/arm-none-eabi/10.3.1/../../../arm-none-eabi/lib/thumb/v7-m/nofp/libnosys.a
END GROUP
START GROUP
LOAD /usr/lib/gcc/arm-none-eabi/10.3.1/thumb/v7-m/nofp/libgcc.a
LOAD /usr/lib/gcc/arm-none-eabi/10.3.1/../../../arm-none-eabi/lib/thumb/v7-m/nofp/libc_nano.a
LOAD /usr/lib/gcc/arm-none-eabi/10.3.1/../../../arm-none-eabi/lib/thumb/v7-m/nofp/libnosys.a
END GROUP
                0x0000000000000008                _Min_Heap_Size = 0x8
                0x0000000000000400                _Min_Stack_Size = 0x400
                0x0000000020400000                _estack = (ORIGIN (RAM) + LENGTH (RAM))

.isr_vector     0x0000000000000000       0x78
                0x0000000000000000                __vector_table = .
 *(.isr_vector)
 .isr_vector    0x0000000000000000       0x78 ./Output/startup.o
                0x0000000000000000                isr_vector
                0x0000000000000078                . = ALIGN (0x4)

.text           0x0000000000000078      0x1df
 *(.text)
 .text          0x0000000000000078       0xec /usr/lib/gcc/arm-none-eabi/10.3.1/../../../arm-none-eabi/lib/thumb/v7-m/nofp/libc_nano.a(lib_a-memcpy.o)
                0x0000000000000078                memcpy
 .text          0x0000000000000164       0xa4 /usr/lib/gcc/arm-none-eabi/10.3.1/../../../arm-none-eabi/lib/thumb/v7-m/nofp/libc_nano.a(lib_a-memset.o)
                0x0000000000000164                memset
 *(.rodata*)
 .rodata.vTaskStartScheduler.str1.1
                0x0000000000000208        0x5 ./Output/tasks.o
 .rodata.prvCheckForValidListAndQueue.str1.1
                0x000000000000020d        0x5 ./Output/timers.o
 .rodata.xTimerCreateTimerTask.str1.1
                0x0000000000000212        0x8 ./Output/timers.o
 .rodata.main.str1.1
                0x000000000000021a        0x7 ./Output/main.o
 .rodata.prvGetRegistersFromStack.str1.1
                0x0000000000000221       0x36 ./Output/startup.o
 *(.constdata*)
                0x0000000000000257                _etext = .
                0x0000000000000257                _sidata = .

.glue_7         0x0000000000000258        0x0
 .glue_7        0x0000000000000258        0x0 linker stubs

.glue_7t        0x0000000000000258        0x0
 .glue_7t       0x0000000000000258        0x0 linker stubs

.vfp11_veneer   0x0000000000000258        0x0
 .vfp11_veneer  0x0000000000000258        0x0 linker stubs

.v4_bx          0x0000000000000258        0x0
 .v4_bx         0x0000000000000258        0x0 linker stubs

.text.vListInitialise
                0x0000000000000258       0x16
 .text.vListInitialise
                0x0000000000000258       0x16 ./Output/list.o
                0x0000000000000258                vListInitialise

.text.vListInitialiseItem
                0x000000000000026e        0x6
 .text.vListInitialiseItem
                0x000000000000026e        0x6 ./Output/list.o
                0x000000000000026e                vListInitialiseItem

.text.vListInsert
                0x0000000000000274       0x2e
 .text.vListInsert
                0x0000000000000274       0x2e ./Output/list.o
                0x0000000000000274                vListInsert

.text.uxListRemove
                0x00000000000002a2       0x1e
 .text.uxListRemove
                0x00000000000002a2       0x1e ./Output/list.o
                0x00000000000002a2                uxListRemove

.text.prvAddCurrentTaskToDelayedList
                0x00000000000002c0       0xb4
 .text.prvAddCurrentTaskToDelayedList
                0x00000000000002c0       0xb4 ./Output/tasks.o

.text.prvResetNextTaskUnblockTime
                0x0000000000000374       0x24
 .text.prvResetNextTaskUnblockTime
                0x0000000000000374       0x24 ./Output/tasks.o

.text.prvCheckTasksWaitingTermination
                0x0000000000000398       0x48
 .text.prvCheckTasksWaitingTermination
                0x0000000000000398       0x48 ./Output/tasks.o

.text.prvIdleTask
                0x00000000000003e0        0x8
 .text.prvIdleTask
                0x00000000000003e0        0x8 ./Output/tasks.o

.text.xTaskCreate
                0x00000000000003e8      0x1bc
 .text.xTaskCreate
                0x00000000000003e8      0x1bc ./Output/tasks.o
                0x00000000000003e8                xTaskCreate

.text.vTaskStartScheduler
                0x00000000000005a4       0x88
 .text.vTaskStartScheduler
                0x00000000000005a4       0x88 ./Output/tasks.o
                0x00000000000005a4                vTaskStartScheduler

.text.vTaskSuspendAll
                0x000000000000062c       0x10
 .text.vTaskSuspendAll
                0x000000000000062c       0x10 ./Output/tasks.o
                0x000000000000062c                vTaskSuspendAll

.text.xTaskGetTickCount
                0x000000000000063c        0xc
 .text.xTaskGetTickCount
                0x000000000000063c        0xc ./Output/tasks.o
                0x000000000000063c                xTaskGetTickCount

.text.uxTaskGetNumberOfTasks
                0x0000000000000648        0xc
 .text.uxTaskGetNumberOfTasks
                0x0000000000000648        0xc ./Output/tasks.o
                0x0000000000000648                uxTaskGetNumberOfTasks

.text.xTaskIncrementTick
                0x0000000000000654      0x17c
 .text.xTaskIncrementTick
                0x0000000000000654      0x17c ./Output/tasks.o
                0x0000000000000654                xTaskIncrementTick

.text.xTaskResumeAll
                0x00000000000007d0      0x154
 .text.xTaskResumeAll
                0x00000000000007d0      0x154 ./Output/tasks.o
                0x00000000000007d0                xTaskResumeAll

.text.vTaskSwitchContext
                0x0000000000000924       0x68
 .text.vTaskSwitchContext
                0x0000000000000924       0x68 ./Output/tasks.o
                0x0000000000000924                vTaskSwitchContext

.text.vTaskPlaceOnEventList
                0x000000000000098c       0x24
 .text.vTaskPlaceOnEventList
                0x000000000000098c       0x24 ./Output/tasks.o
                0x000000000000098c                vTaskPlaceOnEventList

.text.vTaskPlaceOnEventListRestricted
                0x00000000000009b0       0x4c
 .text.vTaskPlaceOnEventListRestricted
                0x00000000000009b0       0x4c ./Output/tasks.o
                0x00000000000009b0                vTaskPlaceOnEventListRestricted

.text.xTaskRemoveFromEventList
                0x00000000000009fc       0xc0
 .text.xTaskRemoveFromEventList
                0x00000000000009fc       0xc0 ./Output/tasks.o
                0x00000000000009fc                xTaskRemoveFromEventList

.text.vTaskInternalSetTimeOutState
                0x0000000000000abc       0x18
 .text.vTaskInternalSetTimeOutState
                0x0000000000000abc       0x18 ./Output/tasks.o
                0x0000000000000abc                vTaskInternalSetTimeOutState

.text.xTaskCheckForTimeOut
                0x0000000000000ad4       0x70
 .text.xTaskCheckForTimeOut
                0x0000000000000ad4       0x70 ./Output/tasks.o
                0x0000000000000ad4                xTaskCheckForTimeOut

.text.vTaskMissedYield
                0x0000000000000b44        0xc
 .text.vTaskMissedYield
                0x0000000000000b44        0xc ./Output/tasks.o
                0x0000000000000b44                vTaskMissedYield

.text.xTaskGetSchedulerState
                0x0000000000000b50       0x20
 .text.xTaskGetSchedulerState
                0x0000000000000b50       0x20 ./Output/tasks.o
                0x0000000000000b50                xTaskGetSchedulerState

.text.xTaskPriorityDisinherit
                0x0000000000000b70       0x88
 .text.xTaskPriorityDisinherit
                0x0000000000000b70       0x88 ./Output/tasks.o
                0x0000000000000b70                xTaskPriorityDisinherit

.iplt           0x0000000000000bf8        0x0
 .iplt          0x0000000000000bf8        0x0 ./Output/tasks.o

.text.prvIsQueueEmpty
                0x0000000000000bf8       0x16
 .text.prvIsQueueEmpty
                0x0000000000000bf8       0x16 ./Output/queue.o

.text.prvCopyDataToQueue
                0x0000000000000c0e       0x6a
 .text.prvCopyDataToQueue
                0x0000000000000c0e       0x6a ./Output/queue.o

.text.prvCopyDataFromQueue
                0x0000000000000c78       0x28
 .text.prvCopyDataFromQueue
                0x0000000000000c78       0x28 ./Output/queue.o

.text.prvNotifyQueueSetContainer
                0x0000000000000ca0       0x64
 .text.prvNotifyQueueSetContainer
                0x0000000000000ca0       0x64 ./Output/queue.o

.text.prvUnlockQueue
                0x0000000000000d04       0x7c
 .text.prvUnlockQueue
                0x0000000000000d04       0x7c ./Output/queue.o

.text.xQueueGenericReset
                0x0000000000000d80       0x7a
 .text.xQueueGenericReset
                0x0000000000000d80       0x7a ./Output/queue.o
                0x0000000000000d80                xQueueGenericReset

.text.xQueueGenericCreate
                0x0000000000000dfa       0x42
 .text.xQueueGenericCreate
                0x0000000000000dfa       0x42 ./Output/queue.o
                0x0000000000000dfa                xQueueGenericCreate

.text.xQueueReceive
                0x0000000000000e3c      0x10e
 .text.xQueueReceive
                0x0000000000000e3c      0x10e ./Output/queue.o
                0x0000000000000e3c                xQueueReceive

.text.vQueueAddToRegistry
                0x0000000000000f4c       0x40
 .text.vQueueAddToRegistry
                0x0000000000000f4c       0x40 ./Output/queue.o
                0x0000000000000f4c                vQueueAddToRegistry

.text.vQueueWaitForMessageRestricted
                0x0000000000000f8c       0x46
 .text.vQueueWaitForMessageRestricted
                0x0000000000000f8c       0x46 ./Output/queue.o
                0x0000000000000f8c                vQueueWaitForMessageRestricted

.text.prvCheckForValidListAndQueue
                0x0000000000000fd4       0x58
 .text.prvCheckForValidListAndQueue
                0x0000000000000fd4       0x58 ./Output/timers.o

.text.prvInsertTimerInActiveList
                0x000000000000102c       0x3c
 .text.prvInsertTimerInActiveList
                0x000000000000102c       0x3c ./Output/timers.o

.text.prvReloadTimer
                0x0000000000001068       0x26
 .text.prvReloadTimer
                0x0000000000001068       0x26 ./Output/timers.o

.text.prvProcessExpiredTimer
                0x0000000000001090       0x40
 .text.prvProcessExpiredTimer
                0x0000000000001090       0x40 ./Output/timers.o

.text.prvSampleTimeNow
                0x00000000000010d0       0x4c
 .text.prvSampleTimeNow
                0x00000000000010d0       0x4c ./Output/timers.o

.text.prvTimerTask
                0x000000000000111c      0x168
 .text.prvTimerTask
                0x000000000000111c      0x168 ./Output/timers.o

.text.xTimerCreateTimerTask
                0x0000000000001284       0x3c
 .text.xTimerCreateTimerTask
                0x0000000000001284       0x3c ./Output/timers.o
                0x0000000000001284                xTimerCreateTimerTask

.text.pvPortMalloc
                0x00000000000012c0      0x130
 .text.pvPortMalloc
                0x00000000000012c0      0x130 ./Output/heap_4.o
                0x00000000000012c0                pvPortMalloc

.text.vPortFree
                0x00000000000013f0       0xb8
 .text.vPortFree
                0x00000000000013f0       0xb8 ./Output/heap_4.o
                0x00000000000013f0                vPortFree

.text.prvTaskExitError
                0x00000000000014a8       0x30
 .text.prvTaskExitError
                0x00000000000014a8       0x30 ./Output/port.o

.text.vPortSVCHandler
                0x00000000000014e0       0x24
 .text.vPortSVCHandler
                0x00000000000014e0       0x24 ./Output/port.o
                0x00000000000014e0                vPortSVCHandler

.text.prvPortStartFirstTask
                0x0000000000001504       0x20
 .text.prvPortStartFirstTask
                0x0000000000001504       0x20 ./Output/port.o

.text.xPortPendSVHandler
                0x0000000000001530       0x44
 .text.xPortPendSVHandler
                0x0000000000001530       0x44 ./Output/port.o
                0x0000000000001530                xPortPendSVHandler

.text.pxPortInitialiseStack
                0x0000000000001574       0x24
 .text.pxPortInitialiseStack
                0x0000000000001574       0x24 ./Output/port.o
                0x0000000000001574                pxPortInitialiseStack

.text.vPortEnterCritical
                0x0000000000001598       0x30
 .text.vPortEnterCritical
                0x0000000000001598       0x30 ./Output/port.o
                0x0000000000001598                vPortEnterCritical

.text.vPortExitCritical
                0x00000000000015c8       0x18
 .text.vPortExitCritical
                0x00000000000015c8       0x18 ./Output/port.o
                0x00000000000015c8                vPortExitCritical

.text.xPortSysTickHandler
                0x00000000000015e0       0x2c
 .text.xPortSysTickHandler
                0x00000000000015e0       0x2c ./Output/port.o
                0x00000000000015e0                xPortSysTickHandler

.text.vPortSetupTimerInterrupt
                0x000000000000160c       0x16
 .text.vPortSetupTimerInterrupt
                0x000000000000160c       0x16 ./Output/port.o
                0x000000000000160c                vPortSetupTimerInterrupt

.text.xPortStartScheduler
                0x0000000000001624       0xe8
 .text.xPortStartScheduler
                0x0000000000001624       0xe8 ./Output/port.o
                0x0000000000001624                xPortStartScheduler

.text.TaskA     0x000000000000170c        0x2
 .text.TaskA    0x000000000000170c        0x2 ./Output/main.o
                0x000000000000170c                TaskA

.text.startup.main
                0x0000000000001710       0x28
 .text.startup.main
                0x0000000000001710       0x28 ./Output/main.o
                0x0000000000001710                main

.text.UART_init
                0x0000000000001738        0xe
 .text.UART_init
                0x0000000000001738        0xe ./Output/uart.o
                0x0000000000001738                UART_init

.text.UART_printf
                0x0000000000001746       0x12
 .text.UART_printf
                0x0000000000001746       0x12 ./Output/uart.o
                0x0000000000001746                UART_printf

.text.Default_Handler
                0x0000000000001800        0xc
 .text.Default_Handler
                0x0000000000001800        0xc ./Output/startup.o

.text.HardFault_Handler
                0x0000000000001900       0x18
 .text.HardFault_Handler
                0x0000000000001900       0x18 ./Output/startup.o

.text.Reset_Handler
                0x0000000000001918        0x4
 .text.Reset_Handler
                0x0000000000001918        0x4 ./Output/startup.o
                0x0000000000001918                Reset_Handler

.text.prvGetRegistersFromStack
                0x000000000000191c       0x60
 .text.prvGetRegistersFromStack
                0x000000000000191c       0x60 ./Output/startup.o
                0x000000000000191c                prvGetRegistersFromStack

.rel.dyn        0x000000000000197c        0x0
 .rel.iplt      0x000000000000197c        0x0 ./Output/tasks.o

.data           0x0000000020000000        0x0
                0x0000000020000000                . = ALIGN (0x8)
                0x0000000020000000                _data = .
                0x0000000020000000                _sdata = .
 *(vtable)
 *(.data)
                0x0000000020000000                _edata = .

.data.uxTopUsedPriority
                0x0000000020000000        0x4
 .data.uxTopUsedPriority
                0x0000000020000000        0x4 ./Output/tasks.o

.igot.plt       0x0000000020000004        0x0
 .igot.plt      0x0000000020000004        0x0 ./Output/tasks.o

.data.uxCriticalNesting
                0x0000000020000004        0x4
 .data.uxCriticalNesting
                0x0000000020000004        0x4 ./Output/port.o

.bss            0x0000000020000008        0x0
                0x0000000020000008                . = ALIGN (0x8)
                0x0000000020000008                _bss = .
                0x0000000020000008                _sbss = .
 *(.bss)
                0x0000000020000008                _ebss = .

.bss.pxCurrentTCB
                0x0000000020000008        0x4
 .bss.pxCurrentTCB
                0x0000000020000008        0x4 ./Output/tasks.o
                0x0000000020000008                pxCurrentTCB

.bss.pxDelayedTaskList
                0x000000002000000c        0x4
 .bss.pxDelayedTaskList
                0x000000002000000c        0x4 ./Output/tasks.o

.bss.pxOverflowDelayedTaskList
                0x0000000020000010        0x4
 .bss.pxOverflowDelayedTaskList
                0x0000000020000010        0x4 ./Output/tasks.o

.bss.pxReadyTasksLists
                0x0000000020000014       0xb4
 .bss.pxReadyTasksLists
                0x0000000020000014       0xb4 ./Output/tasks.o

.bss.uxCurrentNumberOfTasks
                0x00000000200000c8        0x4
 .bss.uxCurrentNumberOfTasks
                0x00000000200000c8        0x4 ./Output/tasks.o

.bss.uxDeletedTasksWaitingCleanUp
                0x00000000200000cc        0x4
 .bss.uxDeletedTasksWaitingCleanUp
                0x00000000200000cc        0x4 ./Output/tasks.o

.bss.uxSchedulerSuspended
                0x00000000200000d0        0x4
 .bss.uxSchedulerSuspended
                0x00000000200000d0        0x4 ./Output/tasks.o

.bss.uxTaskNumber
                0x00000000200000d4        0x4
 .bss.uxTaskNumber
                0x00000000200000d4        0x4 ./Output/tasks.o

.bss.uxTopReadyPriority
                0x00000000200000d8        0x4
 .bss.uxTopReadyPriority
                0x00000000200000d8        0x4 ./Output/tasks.o

.bss.xDelayedTaskList1
                0x00000000200000dc       0x14
 .bss.xDelayedTaskList1
                0x00000000200000dc       0x14 ./Output/tasks.o

.bss.xDelayedTaskList2
                0x00000000200000f0       0x14
 .bss.xDelayedTaskList2
                0x00000000200000f0       0x14 ./Output/tasks.o

.bss.xIdleTaskHandles
                0x0000000020000104        0x4
 .bss.xIdleTaskHandles
                0x0000000020000104        0x4 ./Output/tasks.o

.bss.xNextTaskUnblockTime
                0x0000000020000108        0x4
 .bss.xNextTaskUnblockTime
                0x0000000020000108        0x4 ./Output/tasks.o

.bss.xNumOfOverflows
                0x000000002000010c        0x4
 .bss.xNumOfOverflows
                0x000000002000010c        0x4 ./Output/tasks.o

.bss.xPendedTicks
                0x0000000020000110        0x4
 .bss.xPendedTicks
                0x0000000020000110        0x4 ./Output/tasks.o

.bss.xPendingReadyList
                0x0000000020000114       0x14
 .bss.xPendingReadyList
                0x0000000020000114       0x14 ./Output/tasks.o

.bss.xSchedulerRunning
                0x0000000020000128        0x4
 .bss.xSchedulerRunning
                0x0000000020000128        0x4 ./Output/tasks.o

.bss.xSuspendedTaskList
                0x000000002000012c       0x14
 .bss.xSuspendedTaskList
                0x000000002000012c       0x14 ./Output/tasks.o

.bss.xTasksWaitingTermination
                0x0000000020000140       0x14
 .bss.xTasksWaitingTermination
                0x0000000020000140       0x14 ./Output/tasks.o

.bss.xTickCount
                0x0000000020000154        0x4
 .bss.xTickCount
                0x0000000020000154        0x4 ./Output/tasks.o

.bss.xYieldPendings
                0x0000000020000158        0x4
 .bss.xYieldPendings
                0x0000000020000158        0x4 ./Output/tasks.o

.bss.xQueueRegistry
                0x000000002000015c       0x50
 .bss.xQueueRegistry
                0x000000002000015c       0x50 ./Output/queue.o
                0x000000002000015c                xQueueRegistry

.bss.pxCurrentTimerList
                0x00000000200001ac        0x4
 .bss.pxCurrentTimerList
                0x00000000200001ac        0x4 ./Output/timers.o

.bss.pxOverflowTimerList
                0x00000000200001b0        0x4
 .bss.pxOverflowTimerList
                0x00000000200001b0        0x4 ./Output/timers.o

.bss.xActiveTimerList1
                0x00000000200001b4       0x14
 .bss.xActiveTimerList1
                0x00000000200001b4       0x14 ./Output/timers.o

.bss.xActiveTimerList2
                0x00000000200001c8       0x14
 .bss.xActiveTimerList2
                0x00000000200001c8       0x14 ./Output/timers.o

.bss.xLastTime.0
                0x00000000200001dc        0x4
 .bss.xLastTime.0
                0x00000000200001dc        0x4 ./Output/timers.o

.bss.xTimerQueue
                0x00000000200001e0        0x4
 .bss.xTimerQueue
                0x00000000200001e0        0x4 ./Output/timers.o

.bss.xTimerTaskHandle
                0x00000000200001e4        0x4
 .bss.xTimerTaskHandle
                0x00000000200001e4        0x4 ./Output/timers.o

.bss.pxEnd      0x00000000200001e8        0x4
 .bss.pxEnd     0x00000000200001e8        0x4 ./Output/heap_4.o

.bss.ucHeap     0x00000000200001ec    0x32000
 .bss.ucHeap    0x00000000200001ec    0x32000 ./Output/heap_4.o

.bss.xFreeBytesRemaining
                0x00000000200321ec        0x4
 .bss.xFreeBytesRemaining
                0x00000000200321ec        0x4 ./Output/heap_4.o

.bss.xMinimumEverFreeBytesRemaining
                0x00000000200321f0        0x4
 .bss.xMinimumEverFreeBytesRemaining
                0x00000000200321f0        0x4 ./Output/heap_4.o

.bss.xNumberOfSuccessfulAllocations
                0x00000000200321f4        0x4
 .bss.xNumberOfSuccessfulAllocations
                0x00000000200321f4        0x4 ./Output/heap_4.o

.bss.xNumberOfSuccessfulFrees
                0x00000000200321f8        0x4
 .bss.xNumberOfSuccessfulFrees
                0x00000000200321f8        0x4 ./Output/heap_4.o

.bss.xStart     0x00000000200321fc        0x8
 .bss.xStart    0x00000000200321fc        0x8 ./Output/heap_4.o

.bss.ucMaxSysCallPriority
                0x0000000020032204        0x1
 .bss.ucMaxSysCallPriority
                0x0000000020032204        0x1 ./Output/port.o

.bss.ulMaxPRIGROUPValue
                0x0000000020032208        0x4
 .bss.ulMaxPRIGROUPValue
                0x0000000020032208        0x4 ./Output/port.o

.bss.lr         0x000000002003220c        0x4
 .bss.lr        0x000000002003220c        0x4 ./Output/startup.o
                0x000000002003220c                lr

.bss.pc         0x0000000020032210        0x4
 .bss.pc        0x0000000020032210        0x4 ./Output/startup.o
                0x0000000020032210                pc

.bss.psr        0x0000000020032214        0x4
 .bss.psr       0x0000000020032214        0x4 ./Output/startup.o
                0x0000000020032214                psr

.bss.r0         0x0000000020032218        0x4
 .bss.r0        0x0000000020032218        0x4 ./Output/startup.o
                0x0000000020032218                r0

.bss.r1         0x000000002003221c        0x4
 .bss.r1        0x000000002003221c        0x4 ./Output/startup.o
                0x000000002003221c                r1

.bss.r12        0x0000000020032220        0x4
 .bss.r12       0x0000000020032220        0x4 ./Output/startup.o
                0x0000000020032220                r12

.bss.r2         0x0000000020032224        0x4
 .bss.r2        0x0000000020032224        0x4 ./Output/startup.o
                0x0000000020032224                r2

.bss.r3         0x0000000020032228        0x4
 .bss.r3        0x0000000020032228        0x4 ./Output/startup.o
                0x0000000020032228                r3

.heap           0x000000002003222c      0x40c
                0x0000000020032230                . = ALIGN (0x8)
 *fill*         0x000000002003222c        0x4 
                [!provide]                        PROVIDE (end = .)
                [!provide]                        PROVIDE (_end = .)
                0x0000000020032230                _heap_bottom = .
                0x0000000020032238                . = (. + _Min_Heap_Size)
 *fill*         0x0000000020032230        0x8 
                0x0000000020032238                _heap_top = .
                0x0000000020032638                . = (. + _Min_Stack_Size)
 *fill*         0x0000000020032238      0x400 
                0x0000000020032638                . = ALIGN (0x8)
                0x0000000020400000                __StackTop = (ORIGIN (RAM) + LENGTH (RAM))
                0x00000000203ffc00                __StackLimit = (__StackTop - _Min_Stack_Size)
                [!provide]                        PROVIDE (__stack = __StackTop)
                0x0000000000000001                ASSERT ((__StackLimit >= _heap_top), region RAM overflowed with stack)
OUTPUT(./Output/demo.elf elf32-littlearm)
LOAD linker stubs

.debug_info     0x0000000000000000     0x7df7
 .debug_info    0x0000000000000000      0x2d3 ./Output/list.o
 .debug_info    0x00000000000002d3     0x32c1 ./Output/tasks.o
 .debug_info    0x0000000000003594     0x23fe ./Output/queue.o
 .debug_info    0x0000000000005992     0x1458 ./Output/timers.o
 .debug_info    0x0000000000006dea      0x5fe ./Output/heap_4.o
 .debug_info    0x00000000000073e8      0x487 ./Output/port.o
 .debug_info    0x000000000000786f      0x170 ./Output/main.o
 .debug_info    0x00000000000079df       0xd0 ./Output/uart.o
 .debug_info    0x0000000000007aaf      0x1eb ./Output/startup.o
 .debug_info    0x0000000000007c9a       0x26 /usr/lib/gcc/arm-none-eabi/10.3.1/../../../arm-none-eabi/lib/thumb/v7-m/nofp/libc_nano.a(lib_a-memcpy.o)
 .debug_info    0x0000000000007cc0      0x137 /usr/lib/gcc/arm-none-eabi/10.3.1/../../../arm-none-eabi/lib/thumb/v7-m/nofp/libc_nano.a(lib_a-memset.o)

.debug_abbrev   0x0000000000000000     0x1597
 .debug_abbrev  0x0000000000000000      0x102 ./Output/list.o
 .debug_abbrev  0x0000000000000102      0x47a ./Output/tasks.o
 .debug_abbrev  0x000000000000057c      0x3bf ./Output/queue.o
 .debug_abbrev  0x000000000000093b      0x3ce ./Output/timers.o
 .debug_abbrev  0x0000000000000d09      0x29a ./Output/heap_4.o
 .debug_abbrev  0x0000000000000fa3      0x283 ./Output/port.o
 .debug_abbrev  0x0000000000001226       0xf5 ./Output/main.o
 .debug_abbrev  0x000000000000131b       0x96 ./Output/uart.o
 .debug_abbrev  0x00000000000013b1      0x11e ./Output/startup.o
 .debug_abbrev  0x00000000000014cf       0x14 /usr/lib/gcc/arm-none-eabi/10.3.1/../../../arm-none-eabi/lib/thumb/v7-m/nofp/libc_nano.a(lib_a-memcpy.o)
 .debug_abbrev  0x00000000000014e3       0xb4 /usr/lib/gcc/arm-none-eabi/10.3.1/../../../arm-none-eabi/lib/thumb/v7-m/nofp/libc_nano.a(lib_a-memset.o)

.debug_loc      0x0000000000000000     0x5e0c
 .debug_loc     0x0000000000000000       0xaf ./Output/list.o
 .debug_loc     0x00000000000000af     0x2a1b ./Output/tasks.o
 .debug_loc     0x0000000000002aca     0x1bd9 ./Output/queue.o
 .debug_loc     0x00000000000046a3      0xe87 ./Output/timers.o
 .debug_loc     0x000000000000552a      0x4f8 ./Output/heap_4.o
 .debug_loc     0x0000000000005a22      0x10f ./Output/port.o
 .debug_loc     0x0000000000005b31       0x4a ./Output/main.o
 .debug_loc     0x0000000000005b7b       0x40 ./Output/uart.o
 .debug_loc     0x0000000000005bbb       0x25 ./Output/startup.o
 .debug_loc     0x0000000000005be0      0x22c /usr/lib/gcc/arm-none-eabi/10.3.1/../../../arm-none-eabi/lib/thumb/v7-m/nofp/libc_nano.a(lib_a-memset.o)

.debug_aranges  0x0000000000000000      0x5e8
 .debug_aranges
                0x0000000000000000       0x40 ./Output/list.o
 .debug_aranges
                0x0000000000000040      0x1f8 ./Output/tasks.o
 .debug_aranges
                0x0000000000000238      0x148 ./Output/queue.o
 .debug_aranges
                0x0000000000000380       0xd0 ./Output/timers.o
 .debug_aranges
                0x0000000000000450       0x58 ./Output/heap_4.o
 .debug_aranges
                0x00000000000004a8       0x78 ./Output/port.o
 .debug_aranges
                0x0000000000000520       0x28 ./Output/main.o
 .debug_aranges
                0x0000000000000548       0x28 ./Output/uart.o
 .debug_aranges
                0x0000000000000570       0x38 ./Output/startup.o
 .debug_aranges
                0x00000000000005a8       0x20 /usr/lib/gcc/arm-none-eabi/10.3.1/../../../arm-none-eabi/lib/thumb/v7-m/nofp/libc_nano.a(lib_a-memcpy.o)
 .debug_aranges
                0x00000000000005c8       0x20 /usr/lib/gcc/arm-none-eabi/10.3.1/../../../arm-none-eabi/lib/thumb/v7-m/nofp/libc_nano.a(lib_a-memset.o)

.debug_ranges   0x0000000000000000      0xad8
 .debug_ranges  0x0000000000000000       0x30 ./Output/list.o
 .debug_ranges  0x0000000000000030      0x540 ./Output/tasks.o
 .debug_ranges  0x0000000000000570      0x2f0 ./Output/queue.o
 .debug_ranges  0x0000000000000860      0x140 ./Output/timers.o
 .debug_ranges  0x00000000000009a0       0x48 ./Output/heap_4.o
 .debug_ranges  0x00000000000009e8       0x98 ./Output/port.o
 .debug_ranges  0x0000000000000a80       0x18 ./Output/main.o
 .debug_ranges  0x0000000000000a98       0x18 ./Output/uart.o
 .debug_ranges  0x0000000000000ab0       0x28 ./Output/startup.o

.debug_macro    0x0000000000000000     0x3fd9
 .debug_macro   0x0000000000000000      0x171 ./Output/list.o
 .debug_macro   0x0000000000000171      0xa60 ./Output/list.o
 .debug_macro   0x0000000000000bd1       0x18 ./Output/list.o
 .debug_macro   0x0000000000000be9       0x22 ./Output/list.o
 .debug_macro   0x0000000000000c0b       0x52 ./Output/list.o
 .debug_macro   0x0000000000000c5d       0x94 ./Output/list.o
 .debug_macro   0x0000000000000cf1       0x35 ./Output/list.o
 .debug_macro   0x0000000000000d26       0x34 ./Output/list.o
 .debug_macro   0x0000000000000d5a       0x16 ./Output/list.o
 .debug_macro   0x0000000000000d70      0x10e ./Output/list.o
 .debug_macro   0x0000000000000e7e       0x8d ./Output/list.o
 .debug_macro   0x0000000000000f0b       0x16 ./Output/list.o
 .debug_macro   0x0000000000000f21       0x43 ./Output/list.o
 .debug_macro   0x0000000000000f64       0x57 ./Output/list.o
 .debug_macro   0x0000000000000fbb       0x34 ./Output/list.o
 .debug_macro   0x0000000000000fef       0x10 ./Output/list.o
 .debug_macro   0x0000000000000fff       0x52 ./Output/list.o
 .debug_macro   0x0000000000001051      0x182 ./Output/list.o
 .debug_macro   0x00000000000011d3      0x333 ./Output/list.o
 .debug_macro   0x0000000000001506       0x16 ./Output/list.o
 .debug_macro   0x000000000000151c       0x29 ./Output/list.o
 .debug_macro   0x0000000000001545      0x34e ./Output/list.o
 .debug_macro   0x0000000000001893       0x16 ./Output/list.o
 .debug_macro   0x00000000000018a9      0x165 ./Output/list.o
 .debug_macro   0x0000000000001a0e       0x1c ./Output/list.o
 .debug_macro   0x0000000000001a2a      0x182 ./Output/list.o
 .debug_macro   0x0000000000001bac       0xe7 ./Output/list.o
 .debug_macro   0x0000000000001c93       0x2e ./Output/list.o
 .debug_macro   0x0000000000001cc1       0x1f ./Output/list.o
 .debug_macro   0x0000000000001ce0       0x12 ./Output/list.o
 .debug_macro   0x0000000000001cf2      0xfde ./Output/list.o
 .debug_macro   0x0000000000002cd0       0xc3 ./Output/list.o
 .debug_macro   0x0000000000002d93      0x289 ./Output/tasks.o
 .debug_macro   0x000000000000301c       0x16 ./Output/tasks.o
 .debug_macro   0x0000000000003032       0x35 ./Output/tasks.o
 .debug_macro   0x0000000000003067      0x14f ./Output/tasks.o
 .debug_macro   0x00000000000031b6       0x98 ./Output/tasks.o
 .debug_macro   0x000000000000324e       0x17 ./Output/tasks.o
 .debug_macro   0x0000000000003265      0x203 ./Output/queue.o
 .debug_macro   0x0000000000003468       0x80 ./Output/queue.o
 .debug_macro   0x00000000000034e8      0x1c0 ./Output/timers.o
 .debug_macro   0x00000000000036a8       0x9e ./Output/timers.o
 .debug_macro   0x0000000000003746      0x201 ./Output/heap_4.o
 .debug_macro   0x0000000000003947      0x162 ./Output/port.o
 .debug_macro   0x0000000000003aa9      0x1b5 ./Output/main.o
 .debug_macro   0x0000000000003c5e       0x86 ./Output/main.o
 .debug_macro   0x0000000000003ce4       0x85 ./Output/main.o
 .debug_macro   0x0000000000003d69       0x28 ./Output/main.o
 .debug_macro   0x0000000000003d91      0x10c ./Output/main.o
 .debug_macro   0x0000000000003e9d       0x8d ./Output/uart.o
 .debug_macro   0x0000000000003f2a       0x22 ./Output/uart.o
 .debug_macro   0x0000000000003f4c       0x8d ./Output/startup.o

.debug_line     0x0000000000000000     0x7571
 .debug_line    0x0000000000000000      0x445 ./Output/list.o
 .debug_line    0x0000000000000445     0x2f9f ./Output/tasks.o
 .debug_line    0x00000000000033e4     0x1d0e ./Output/queue.o
 .debug_line    0x00000000000050f2      0xd3f ./Output/timers.o
 .debug_line    0x0000000000005e31      0x850 ./Output/heap_4.o
 .debug_line    0x0000000000006681      0x5c2 ./Output/port.o
 .debug_line    0x0000000000006c43      0x313 ./Output/main.o
 .debug_line    0x0000000000006f56      0x198 ./Output/uart.o
 .debug_line    0x00000000000070ee      0x203 ./Output/startup.o
 .debug_line    0x00000000000072f1       0xc1 /usr/lib/gcc/arm-none-eabi/10.3.1/../../../arm-none-eabi/lib/thumb/v7-m/nofp/libc_nano.a(lib_a-memcpy.o)
 .debug_line    0x00000000000073b2      0x1bf /usr/lib/gcc/arm-none-eabi/10.3.1/../../../arm-none-eabi/lib/thumb/v7-m/nofp/libc_nano.a(lib_a-memset.o)

.debug_str      0x0000000000000000    0x164d3
 .debug_str     0x0000000000000000     0xf780 ./Output/list.o
                                       0xf982 (size before relaxing)
 .debug_str     0x000000000000f780     0x378a ./Output/tasks.o
                                      0x1311e (size before relaxing)
 .debug_str     0x0000000000012f0a     0x1294 ./Output/queue.o
                                      0x12350 (size before relaxing)
 .debug_str     0x000000000001419e      0x605 ./Output/timers.o
                                      0x125ce (size before relaxing)
 .debug_str     0x00000000000147a3      0x71c ./Output/heap_4.o
                                      0x1146a (size before relaxing)
 .debug_str     0x0000000000014ebf      0x7f7 ./Output/port.o
                                       0xeaec (size before relaxing)
 .debug_str     0x00000000000156b6      0xbc8 ./Output/main.o
                                      0x128d1 (size before relaxing)
 .debug_str     0x000000000001627e       0x13 ./Output/uart.o
                                       0xc326 (size before relaxing)
 .debug_str     0x0000000000016291       0x7b ./Output/startup.o
                                       0xc390 (size before relaxing)
 .debug_str     0x000000000001630c       0xb2 /usr/lib/gcc/arm-none-eabi/10.3.1/../../../arm-none-eabi/lib/thumb/v7-m/nofp/libc_nano.a(lib_a-memcpy.o)
 .debug_str     0x00000000000163be      0x115 /usr/lib/gcc/arm-none-eabi/10.3.1/../../../arm-none-eabi/lib/thumb/v7-m/nofp/libc_nano.a(lib_a-memset.o)
                                        0x1b8 (size before relaxing)

.comment        0x0000000000000000       0x33
 .comment       0x0000000000000000       0x33 ./Output/list.o
                                         0x34 (size before relaxing)
 .comment       0x0000000000000033       0x34 ./Output/tasks.o
 .comment       0x0000000000000033       0x34 ./Output/queue.o
 .comment       0x0000000000000033       0x34 ./Output/timers.o
 .comment       0x0000000000000033       0x34 ./Output/heap_4.o
 .comment       0x0000000000000033       0x34 ./Output/port.o
 .comment       0x0000000000000033       0x34 ./Output/main.o
 .comment       0x0000000000000033       0x34 ./Output/uart.o
 .comment       0x0000000000000033       0x34 ./Output/startup.o
 .comment       0x0000000000000033       0x34 /usr/lib/gcc/arm-none-eabi/10.3.1/../../../arm-none-eabi/lib/thumb/v7-m/nofp/libc_nano.a(lib_a-memset.o)

.ARM.attributes
                0x0000000000000000       0x2b
 .ARM.attributes
                0x0000000000000000       0x2d ./Output/list.o
 .ARM.attributes
                0x000000000000002d       0x2d ./Output/tasks.o
 .ARM.attributes
                0x000000000000005a       0x2d ./Output/queue.o
 .ARM.attributes
                0x0000000000000087       0x2d ./Output/timers.o
 .ARM.attributes
                0x00000000000000b4       0x2d ./Output/heap_4.o
 .ARM.attributes
                0x00000000000000e1       0x2d ./Output/port.o
 .ARM.attributes
                0x000000000000010e       0x2d ./Output/main.o
 .ARM.attributes
                0x000000000000013b       0x2d ./Output/uart.o
 .ARM.attributes
                0x0000000000000168       0x2d ./Output/startup.o
 .ARM.attributes
                0x0000000000000195       0x1b /usr/lib/gcc/arm-none-eabi/10.3.1/../../../arm-none-eabi/lib/thumb/v7-m/nofp/libc_nano.a(lib_a-memcpy.o)
 .ARM.attributes
                0x00000000000001b0       0x2d /usr/lib/gcc/arm-none-eabi/10.3.1/../../../arm-none-eabi/lib/thumb/v7-m/nofp/libc_nano.a(lib_a-memset.o)

.debug_frame    0x0000000000000000     0x1038
 .debug_frame   0x0000000000000000       0x6c ./Output/list.o
 .debug_frame   0x000000000000006c      0x674 ./Output/tasks.o
 .debug_frame   0x00000000000006e0      0x424 ./Output/queue.o
 .debug_frame   0x0000000000000b04      0x278 ./Output/timers.o
 .debug_frame   0x0000000000000d7c       0xe4 ./Output/heap_4.o
 .debug_frame   0x0000000000000e60       0xec ./Output/port.o
 .debug_frame   0x0000000000000f4c       0x38 ./Output/main.o
 .debug_frame   0x0000000000000f84       0x30 ./Output/uart.o
 .debug_frame   0x0000000000000fb4       0x58 ./Output/startup.o
 .debug_frame   0x000000000000100c       0x2c /usr/lib/gcc/arm-none-eabi/10.3.1/../../../arm-none-eabi/lib/thumb/v7-m/nofp/libc_nano.a(lib_a-memset.o)
