Archive member included to satisfy reference by file (symbol)

/usr/lib/gcc/arm-none-eabi/10.3.1/../../../arm-none-eabi/lib/thumb/v7-m/nofp/libc_nano.a(lib_a-memcpy.o)
                              ./Output/queue.o (memcpy)
/usr/lib/gcc/arm-none-eabi/10.3.1/../../../arm-none-eabi/lib/thumb/v7-m/nofp/libc_nano.a(lib_a-memset.o)
                              ./Output/tasks.o (memset)
/usr/lib/gcc/arm-none-eabi/10.3.1/../../../arm-none-eabi/lib/thumb/v7-m/nofp/libc_nano.a(lib_a-sprintf.o)
                              ./Output/main.o (sprintf)
/usr/lib/gcc/arm-none-eabi/10.3.1/../../../arm-none-eabi/lib/thumb/v7-m/nofp/libc_nano.a(lib_a-strlen-stub.o)
                              ./Output/tasks.o (strlen)
/usr/lib/gcc/arm-none-eabi/10.3.1/../../../arm-none-eabi/lib/thumb/v7-m/nofp/libc_nano.a(lib_a-impure.o)
                              /usr/lib/gcc/arm-none-eabi/10.3.1/../../../arm-none-eabi/lib/thumb/v7-m/nofp/libc_nano.a(lib_a-sprintf.o) (_impure_ptr)
/usr/lib/gcc/arm-none-eabi/10.3.1/../../../arm-none-eabi/lib/thumb/v7-m/nofp/libc_nano.a(lib_a-nano-svfprintf.o)
                              /usr/lib/gcc/arm-none-eabi/10.3.1/../../../arm-none-eabi/lib/thumb/v7-m/nofp/libc_nano.a(lib_a-sprintf.o) (_svfprintf_r)
/usr/lib/gcc/arm-none-eabi/10.3.1/../../../arm-none-eabi/lib/thumb/v7-m/nofp/libc_nano.a(lib_a-nano-vfprintf_i.o)
                              /usr/lib/gcc/arm-none-eabi/10.3.1/../../../arm-none-eabi/lib/thumb/v7-m/nofp/libc_nano.a(lib_a-nano-svfprintf.o) (_printf_i)
/usr/lib/gcc/arm-none-eabi/10.3.1/../../../arm-none-eabi/lib/thumb/v7-m/nofp/libc_nano.a(lib_a-memchr-stub.o)
                              /usr/lib/gcc/arm-none-eabi/10.3.1/../../../arm-none-eabi/lib/thumb/v7-m/nofp/libc_nano.a(lib_a-nano-svfprintf.o) (memchr)
/usr/lib/gcc/arm-none-eabi/10.3.1/../../../arm-none-eabi/lib/thumb/v7-m/nofp/libc_nano.a(lib_a-memmove.o)
                              /usr/lib/gcc/arm-none-eabi/10.3.1/../../../arm-none-eabi/lib/thumb/v7-m/nofp/libc_nano.a(lib_a-nano-svfprintf.o) (memmove)
/usr/lib/gcc/arm-none-eabi/10.3.1/../../../arm-none-eabi/lib/thumb/v7-m/nofp/libc_nano.a(lib_a-nano-freer.o)
                              /usr/lib/gcc/arm-none-eabi/10.3.1/../../../arm-none-eabi/lib/thumb/v7-m/nofp/libc_nano.a(lib_a-nano-svfprintf.o) (_free_r)
/usr/lib/gcc/arm-none-eabi/10.3.1/../../../arm-none-eabi/lib/thumb/v7-m/nofp/libc_nano.a(lib_a-nano-mallocr.o)
                              /usr/lib/gcc/arm-none-eabi/10.3.1/../../../arm-none-eabi/lib/thumb/v7-m/nofp/libc_nano.a(lib_a-nano-svfprintf.o) (_malloc_r)
/usr/lib/gcc/arm-none-eabi/10.3.1/../../../arm-none-eabi/lib/thumb/v7-m/nofp/libc_nano.a(lib_a-nano-reallocr.o)
                              /usr/lib/gcc/arm-none-eabi/10.3.1/../../../arm-none-eabi/lib/thumb/v7-m/nofp/libc_nano.a(lib_a-nano-svfprintf.o) (_realloc_r)
/usr/lib/gcc/arm-none-eabi/10.3.1/../../../arm-none-eabi/lib/thumb/v7-m/nofp/libc_nano.a(lib_a-sbrkr.o)
                              /usr/lib/gcc/arm-none-eabi/10.3.1/../../../arm-none-eabi/lib/thumb/v7-m/nofp/libc_nano.a(lib_a-nano-mallocr.o) (_sbrk_r)
/usr/lib/gcc/arm-none-eabi/10.3.1/../../../arm-none-eabi/lib/thumb/v7-m/nofp/libc_nano.a(lib_a-mlock.o)
                              /usr/lib/gcc/arm-none-eabi/10.3.1/../../../arm-none-eabi/lib/thumb/v7-m/nofp/libc_nano.a(lib_a-nano-freer.o) (__malloc_lock)
/usr/lib/gcc/arm-none-eabi/10.3.1/../../../arm-none-eabi/lib/thumb/v7-m/nofp/libc_nano.a(lib_a-nano-msizer.o)
                              /usr/lib/gcc/arm-none-eabi/10.3.1/../../../arm-none-eabi/lib/thumb/v7-m/nofp/libc_nano.a(lib_a-nano-reallocr.o) (_malloc_usable_size_r)
/usr/lib/gcc/arm-none-eabi/10.3.1/../../../arm-none-eabi/lib/thumb/v7-m/nofp/libc_nano.a(lib_a-reent.o)
                              /usr/lib/gcc/arm-none-eabi/10.3.1/../../../arm-none-eabi/lib/thumb/v7-m/nofp/libc_nano.a(lib_a-sbrkr.o) (errno)
/usr/lib/gcc/arm-none-eabi/10.3.1/../../../arm-none-eabi/lib/thumb/v7-m/nofp/libnosys.a(sbrk.o)
                              /usr/lib/gcc/arm-none-eabi/10.3.1/../../../arm-none-eabi/lib/thumb/v7-m/nofp/libc_nano.a(lib_a-sbrkr.o) (_sbrk)

Discarded input sections

 .group         0x0000000000000000        0xc ./Output/list.o
 .group         0x0000000000000000        0xc ./Output/list.o
 .group         0x0000000000000000        0xc ./Output/list.o
 .group         0x0000000000000000        0xc ./Output/list.o
 .group         0x0000000000000000        0xc ./Output/list.o
 .group         0x0000000000000000        0xc ./Output/list.o
 .group         0x0000000000000000        0xc ./Output/list.o
 .group         0x0000000000000000        0xc ./Output/list.o
 .group         0x0000000000000000        0xc ./Output/list.o
 .group         0x0000000000000000        0xc ./Output/list.o
 .group         0x0000000000000000        0xc ./Output/list.o
 .group         0x0000000000000000        0xc ./Output/list.o
 .group         0x0000000000000000        0xc ./Output/list.o
 .group         0x0000000000000000        0xc ./Output/list.o
[...]
Memory Configuration

Name             Origin             Length             Attributes
FLASH            0x0000000000000000 0x0000000000400000 xr
RAM              0x0000000020000000 0x0000000000400000 rw
*default*        0x0000000000000000 0xffffffffffffffff

Linker script and memory map

LOAD ./Output/list.o
LOAD ./Output/tasks.o
LOAD ./Output/queue.o
LOAD ./Output/timers.o
LOAD ./Output/event_groups.o
LOAD ./Output/stream_buffer.o
LOAD ./Output/heap_4.o
LOAD ./Output/port.o
LOAD ./Output/main.o
LOAD ./Output/uart.o
LOAD ./Output/startup.o
START GROUP
LOAD /usr/lib/gcc/arm-none-eabi/10.3.1/thumb/v7-m/nofp/libgcc.a
LOAD /usr/lib/gcc/arm-none-eabi/10.3.1/../../../arm-none-eabi/lib/thumb/v7-m/nofp/libc_nano.a
END GROUP
START GROUP
LOAD /usr/lib/gcc/arm-none-eabi/10.3.1/thumb/v7-m/nofp/libgcc.a
LOAD /usr/lib/gcc/arm-none-eabi/10.3.1/../../../arm-none-eabi/lib/thumb/v7-m/nofp/libc_nano.a
LOAD /usr/lib/gcc/arm-none-eabi/10.3.1/../../../arm-none-eabi/lib/thumb/v7-m/nofp/libnosys.a
END GROUP
START GROUP
LOAD /usr/lib/gcc/arm-none-eabi/10.3.1/thumb/v7-m/nofp/libgcc.a
LOAD /usr/lib/gcc/arm-none-eabi/10.3.1/../../../arm-none-eabi/lib/thumb/v7-m/nofp/libc_nano.a
LOAD /usr/lib/gcc/arm-none-eabi/10.3.1/../../../arm-none-eabi/lib/thumb/v7-m/nofp/libnosys.a
END GROUP
                0x0000000000000008                _Min_Heap_Size = 0x8
                0x0000000000000400                _Min_Stack_Size = 0x400
                0x0000000020400000                _estack = (ORIGIN (RAM) + LENGTH (RAM))

.isr_vector     0x0000000000000000       0x78
                0x0000000000000000                __vector_table = .
 *(.isr_vector)
 .isr_vector    0x0000000000000000       0x78 ./Output/startup.o
                0x0000000000000000                isr_vector
                0x0000000000000078                . = ALIGN (0x4)

.text           0x0000000000000078      0xe79
 *(.text)
 .text          0x0000000000000078       0xec /usr/lib/gcc/arm-none-eabi/10.3.1/../../../arm-none-eabi/lib/thumb/v7-m/nofp/libc_nano.a(lib_a-memcpy.o)
                0x0000000000000078                memcpy
 .text          0x0000000000000164       0xa4 /usr/lib/gcc/arm-none-eabi/10.3.1/../../../arm-none-eabi/lib/thumb/v7-m/nofp/libc_nano.a(lib_a-memset.o)
                0x0000000000000164                memset
 .text          0x0000000000000208       0x80 /usr/lib/gcc/arm-none-eabi/10.3.1/../../../arm-none-eabi/lib/thumb/v7-m/nofp/libc_nano.a(lib_a-sprintf.o)
                0x0000000000000208                _siprintf_r
                0x0000000000000208                _sprintf_r
                0x0000000000000244                sprintf
                0x0000000000000244                siprintf
 .text          0x0000000000000288      0x3f4 /usr/lib/gcc/arm-none-eabi/10.3.1/../../../arm-none-eabi/lib/thumb/v7-m/nofp/libc_nano.a(lib_a-nano-svfprintf.o)
                0x0000000000000288                __ssputs_r
                0x000000000000034c                __ssprint_r
                0x0000000000000448                _svfprintf_r
                0x0000000000000448                _svfiprintf_r
 .text          0x000000000000067c      0x3d8 /usr/lib/gcc/arm-none-eabi/10.3.1/../../../arm-none-eabi/lib/thumb/v7-m/nofp/libc_nano.a(lib_a-nano-vfprintf_i.o)
                0x000000000000067c                _printf_common
                0x00000000000007a8                _printf_i
 .text          0x0000000000000a54       0x90 /usr/lib/gcc/arm-none-eabi/10.3.1/../../../arm-none-eabi/lib/thumb/v7-m/nofp/libc_nano.a(lib_a-memchr-stub.o)
                0x0000000000000a54                memchr
 .text          0x0000000000000ae4       0xf8 /usr/lib/gcc/arm-none-eabi/10.3.1/../../../arm-none-eabi/lib/thumb/v7-m/nofp/libc_nano.a(lib_a-memmove.o)
                0x0000000000000ae4                memmove
 .text          0x0000000000000bdc       0xcc /usr/lib/gcc/arm-none-eabi/10.3.1/../../../arm-none-eabi/lib/thumb/v7-m/nofp/libc_nano.a(lib_a-nano-freer.o)
                0x0000000000000bdc                _free_r
 .text          0x0000000000000ca8       0xb8 /usr/lib/gcc/arm-none-eabi/10.3.1/../../../arm-none-eabi/lib/thumb/v7-m/nofp/libc_nano.a(lib_a-nano-mallocr.o)
                0x0000000000000ca8                _malloc_r
 .text          0x0000000000000d60       0x50 /usr/lib/gcc/arm-none-eabi/10.3.1/../../../arm-none-eabi/lib/thumb/v7-m/nofp/libc_nano.a(lib_a-nano-reallocr.o)
                0x0000000000000d60                _realloc_r
 .text          0x0000000000000db0       0x24 /usr/lib/gcc/arm-none-eabi/10.3.1/../../../arm-none-eabi/lib/thumb/v7-m/nofp/libc_nano.a(lib_a-sbrkr.o)
                0x0000000000000db0                _sbrk_r
 .text          0x0000000000000dd4        0x8 /usr/lib/gcc/arm-none-eabi/10.3.1/../../../arm-none-eabi/lib/thumb/v7-m/nofp/libc_nano.a(lib_a-mlock.o)
                0x0000000000000dd4                __malloc_lock
                0x0000000000000dd8                __malloc_unlock
 .text          0x0000000000000ddc       0x14 /usr/lib/gcc/arm-none-eabi/10.3.1/../../../arm-none-eabi/lib/thumb/v7-m/nofp/libc_nano.a(lib_a-nano-msizer.o)
                0x0000000000000ddc                _malloc_usable_size_r
 .text          0x0000000000000df0       0x1c /usr/lib/gcc/arm-none-eabi/10.3.1/../../../arm-none-eabi/lib/thumb/v7-m/nofp/libnosys.a(sbrk.o)
                0x0000000000000df0                _sbrk
 *(.rodata*)
 .rodata.vTaskStartScheduler.str1.1
                0x0000000000000e0c        0x5 ./Output/tasks.o
 .rodata.prvCheckForValidListAndQueue.str1.1
                0x0000000000000e11        0x5 ./Output/timers.o
 .rodata.xTimerCreateTimerTask.str1.1
                0x0000000000000e16        0x8 ./Output/timers.o
 .rodata.TaskA.str1.1
                0x0000000000000e1e        0xb ./Output/main.o
 .rodata.TaskB.str1.1
                0x0000000000000e29        0xb ./Output/main.o
 .rodata.Timer.str1.1
                0x0000000000000e34       0x17 ./Output/main.o
 .rodata.TaskC.str1.1
                0x0000000000000e4b       0x28 ./Output/main.o
 .rodata.main.str1.1
                0x0000000000000e73        0xe ./Output/main.o
                                         0x14 (size before relaxing)
 .rodata.prvGetRegistersFromStack.str1.1
                0x0000000000000e81       0x36 ./Output/startup.o
 *fill*         0x0000000000000eb7        0x1 
 .rodata.str1.4
                0x0000000000000eb8       0x13 /usr/lib/gcc/arm-none-eabi/10.3.1/../../../arm-none-eabi/lib/thumb/v7-m/nofp/libc_nano.a(lib_a-nano-svfprintf.o)
 *fill*         0x0000000000000ecb        0x1 
 .rodata.str1.4
                0x0000000000000ecc       0x25 /usr/lib/gcc/arm-none-eabi/10.3.1/../../../arm-none-eabi/lib/thumb/v7-m/nofp/libc_nano.a(lib_a-nano-vfprintf_i.o)
 *(.constdata*)
                0x0000000000000ef1                _etext = .
                0x0000000000000ef1                _sidata = .

.glue_7         0x0000000000000ef4        0x0
 .glue_7        0x0000000000000ef4        0x0 linker stubs

.glue_7t        0x0000000000000ef4        0x0
 .glue_7t       0x0000000000000ef4        0x0 linker stubs

.vfp11_veneer   0x0000000000000ef4        0x0
 .vfp11_veneer  0x0000000000000ef4        0x0 linker stubs

.v4_bx          0x0000000000000ef4        0x0
 .v4_bx         0x0000000000000ef4        0x0 linker stubs

.text.vListInitialise
                0x0000000000000ef2       0x16
 .text.vListInitialise
                0x0000000000000ef2       0x16 ./Output/list.o
                0x0000000000000ef2                vListInitialise

.text.vListInitialiseItem
                0x0000000000000f08        0x6
 .text.vListInitialiseItem
                0x0000000000000f08        0x6 ./Output/list.o
                0x0000000000000f08                vListInitialiseItem

.text.vListInsertEnd
                0x0000000000000f0e       0x18
 .text.vListInsertEnd
                0x0000000000000f0e       0x18 ./Output/list.o
                0x0000000000000f0e                vListInsertEnd

.text.vListInsert
                0x0000000000000f26       0x2e
 .text.vListInsert
                0x0000000000000f26       0x2e ./Output/list.o
                0x0000000000000f26                vListInsert

.text.uxListRemove
                0x0000000000000f54       0x1e
 .text.uxListRemove
                0x0000000000000f54       0x1e ./Output/list.o
                0x0000000000000f54                uxListRemove

.text.prvAddCurrentTaskToDelayedList
                0x0000000000000f74       0xb4
 .text.prvAddCurrentTaskToDelayedList
                0x0000000000000f74       0xb4 ./Output/tasks.o

.text.prvResetNextTaskUnblockTime
                0x0000000000001028       0x24
 .text.prvResetNextTaskUnblockTime
                0x0000000000001028       0x24 ./Output/tasks.o

.text.prvCheckTasksWaitingTermination
                0x000000000000104c       0x48
 .text.prvCheckTasksWaitingTermination
                0x000000000000104c       0x48 ./Output/tasks.o

.text.prvIdleTask
                0x0000000000001094        0x8
 .text.prvIdleTask
                0x0000000000001094        0x8 ./Output/tasks.o

.text.xTaskCreate
                0x000000000000109c      0x1bc
 .text.xTaskCreate
                0x000000000000109c      0x1bc ./Output/tasks.o
                0x000000000000109c                xTaskCreate

.text.vTaskDelete
                0x0000000000001258       0xd0
 .text.vTaskDelete
                0x0000000000001258       0xd0 ./Output/tasks.o
                0x0000000000001258                vTaskDelete

.text.vTaskStartScheduler
                0x0000000000001328       0x88
 .text.vTaskStartScheduler
                0x0000000000001328       0x88 ./Output/tasks.o
                0x0000000000001328                vTaskStartScheduler

.text.vTaskSuspendAll
                0x00000000000013b0       0x10
 .text.vTaskSuspendAll
                0x00000000000013b0       0x10 ./Output/tasks.o
                0x00000000000013b0                vTaskSuspendAll

.text.xTaskGetTickCount
                0x00000000000013c0        0xc
 .text.xTaskGetTickCount
                0x00000000000013c0        0xc ./Output/tasks.o
                0x00000000000013c0                xTaskGetTickCount

.text.uxTaskGetNumberOfTasks
                0x00000000000013cc        0xc
 .text.uxTaskGetNumberOfTasks
                0x00000000000013cc        0xc ./Output/tasks.o
                0x00000000000013cc                uxTaskGetNumberOfTasks

.text.xTaskIncrementTick
                0x00000000000013d8      0x17c
 .text.xTaskIncrementTick
                0x00000000000013d8      0x17c ./Output/tasks.o
                0x00000000000013d8                xTaskIncrementTick

.text.xTaskResumeAll
                0x0000000000001554      0x154
 .text.xTaskResumeAll
                0x0000000000001554      0x154 ./Output/tasks.o
                0x0000000000001554                xTaskResumeAll

.text.xTaskDelayUntil
                0x00000000000016a8       0x70
 .text.xTaskDelayUntil
                0x00000000000016a8       0x70 ./Output/tasks.o
                0x00000000000016a8                xTaskDelayUntil

.text.vTaskSwitchContext
                0x0000000000001718       0x68
 .text.vTaskSwitchContext
                0x0000000000001718       0x68 ./Output/tasks.o
                0x0000000000001718                vTaskSwitchContext

.text.vTaskPlaceOnEventList
                0x0000000000001780       0x24
 .text.vTaskPlaceOnEventList
                0x0000000000001780       0x24 ./Output/tasks.o
                0x0000000000001780                vTaskPlaceOnEventList

.text.vTaskPlaceOnEventListRestricted
                0x00000000000017a4       0x4c
 .text.vTaskPlaceOnEventListRestricted
                0x00000000000017a4       0x4c ./Output/tasks.o
                0x00000000000017a4                vTaskPlaceOnEventListRestricted

.text.xTaskRemoveFromEventList
                0x00000000000017f0       0xc0
 .text.xTaskRemoveFromEventList
                0x00000000000017f0       0xc0 ./Output/tasks.o
                0x00000000000017f0                xTaskRemoveFromEventList

.text.vTaskInternalSetTimeOutState
                0x00000000000018b0       0x18
 .text.vTaskInternalSetTimeOutState
                0x00000000000018b0       0x18 ./Output/tasks.o
                0x00000000000018b0                vTaskInternalSetTimeOutState

.text.xTaskCheckForTimeOut
                0x00000000000018c8       0x70
 .text.xTaskCheckForTimeOut
                0x00000000000018c8       0x70 ./Output/tasks.o
                0x00000000000018c8                xTaskCheckForTimeOut

.text.vTaskMissedYield
                0x0000000000001938        0xc
 .text.vTaskMissedYield
                0x0000000000001938        0xc ./Output/tasks.o
                0x0000000000001938                vTaskMissedYield

.text.xTaskGetSchedulerState
                0x0000000000001944       0x20
 .text.xTaskGetSchedulerState
                0x0000000000001944       0x20 ./Output/tasks.o
                0x0000000000001944                xTaskGetSchedulerState

.text.xTaskPriorityInherit
                0x0000000000001964       0xa4
 .text.xTaskPriorityInherit
                0x0000000000001964       0xa4 ./Output/tasks.o
                0x0000000000001964                xTaskPriorityInherit

.text.xTaskPriorityDisinherit
                0x0000000000001a08       0x88
 .text.xTaskPriorityDisinherit
                0x0000000000001a08       0x88 ./Output/tasks.o
                0x0000000000001a08                xTaskPriorityDisinherit

.text.vTaskPriorityDisinheritAfterTimeout
                0x0000000000001a90       0x98
 .text.vTaskPriorityDisinheritAfterTimeout
                0x0000000000001a90       0x98 ./Output/tasks.o
                0x0000000000001a90                vTaskPriorityDisinheritAfterTimeout

.text.pvTaskIncrementMutexHeldCount
                0x0000000000001b28       0x14
 .text.pvTaskIncrementMutexHeldCount
                0x0000000000001b28       0x14 ./Output/tasks.o
                0x0000000000001b28                pvTaskIncrementMutexHeldCount

.iplt           0x0000000000001b3c        0x0
 .iplt          0x0000000000001b3c        0x0 ./Output/tasks.o

.text.prvIsQueueEmpty
                0x0000000000001b3c       0x16
 .text.prvIsQueueEmpty
                0x0000000000001b3c       0x16 ./Output/queue.o

.text.prvCopyDataToQueue
                0x0000000000001b52       0x6a
 .text.prvCopyDataToQueue
                0x0000000000001b52       0x6a ./Output/queue.o

.text.prvCopyDataFromQueue
                0x0000000000001bbc       0x28
 .text.prvCopyDataFromQueue
                0x0000000000001bbc       0x28 ./Output/queue.o

.text.prvNotifyQueueSetContainer
                0x0000000000001be4       0x64
 .text.prvNotifyQueueSetContainer
                0x0000000000001be4       0x64 ./Output/queue.o

.text.prvUnlockQueue
                0x0000000000001c48       0x7c
 .text.prvUnlockQueue
                0x0000000000001c48       0x7c ./Output/queue.o

.text.xQueueGenericReset
                0x0000000000001cc4       0x7a
 .text.xQueueGenericReset
                0x0000000000001cc4       0x7a ./Output/queue.o
                0x0000000000001cc4                xQueueGenericReset

.text.xQueueGenericCreate
                0x0000000000001d3e       0x42
 .text.xQueueGenericCreate
                0x0000000000001d3e       0x42 ./Output/queue.o
                0x0000000000001d3e                xQueueGenericCreate

.text.xQueueGenericSend
                0x0000000000001d80      0x13e
 .text.xQueueGenericSend
                0x0000000000001d80      0x13e ./Output/queue.o
                0x0000000000001d80                xQueueGenericSend

.text.xQueueReceive
                0x0000000000001ebe      0x10e
 .text.xQueueReceive
                0x0000000000001ebe      0x10e ./Output/queue.o
                0x0000000000001ebe                xQueueReceive

.text.xQueueSemaphoreTake
                0x0000000000001fcc      0x142
 .text.xQueueSemaphoreTake
                0x0000000000001fcc      0x142 ./Output/queue.o
                0x0000000000001fcc                xQueueSemaphoreTake

.text.vQueueAddToRegistry
                0x0000000000002110       0x40
 .text.vQueueAddToRegistry
                0x0000000000002110       0x40 ./Output/queue.o
                0x0000000000002110                vQueueAddToRegistry

.text.vQueueWaitForMessageRestricted
                0x0000000000002150       0x46
 .text.vQueueWaitForMessageRestricted
                0x0000000000002150       0x46 ./Output/queue.o
                0x0000000000002150                vQueueWaitForMessageRestricted

.text.prvCheckForValidListAndQueue
                0x0000000000002198       0x58
 .text.prvCheckForValidListAndQueue
                0x0000000000002198       0x58 ./Output/timers.o

.text.prvInsertTimerInActiveList
                0x00000000000021f0       0x3c
 .text.prvInsertTimerInActiveList
                0x00000000000021f0       0x3c ./Output/timers.o

.text.prvReloadTimer
                0x000000000000222c       0x26
 .text.prvReloadTimer
                0x000000000000222c       0x26 ./Output/timers.o

.text.prvProcessExpiredTimer
                0x0000000000002254       0x40
 .text.prvProcessExpiredTimer
                0x0000000000002254       0x40 ./Output/timers.o

.text.prvSampleTimeNow
                0x0000000000002294       0x4c
 .text.prvSampleTimeNow
                0x0000000000002294       0x4c ./Output/timers.o

.text.prvTimerTask
                0x00000000000022e0      0x168
 .text.prvTimerTask
                0x00000000000022e0      0x168 ./Output/timers.o

.text.xTimerCreateTimerTask
                0x0000000000002448       0x3c
 .text.xTimerCreateTimerTask
                0x0000000000002448       0x3c ./Output/timers.o
                0x0000000000002448                xTimerCreateTimerTask

.text.xTimerCreate
                0x0000000000002484       0x4a
 .text.xTimerCreate
                0x0000000000002484       0x4a ./Output/timers.o
                0x0000000000002484                xTimerCreate

.text.xTimerGenericCommandFromTask
                0x00000000000024d0       0x3c
 .text.xTimerGenericCommandFromTask
                0x00000000000024d0       0x3c ./Output/timers.o
                0x00000000000024d0                xTimerGenericCommandFromTask

.text.pvTimerGetTimerID
                0x000000000000250c       0x16
 .text.pvTimerGetTimerID
                0x000000000000250c       0x16 ./Output/timers.o
                0x000000000000250c                pvTimerGetTimerID

.text.pvPortMalloc
                0x0000000000002524      0x130
 .text.pvPortMalloc
                0x0000000000002524      0x130 ./Output/heap_4.o
                0x0000000000002524                pvPortMalloc

.text.vPortFree
                0x0000000000002654       0xb8
 .text.vPortFree
                0x0000000000002654       0xb8 ./Output/heap_4.o
                0x0000000000002654                vPortFree

.text.prvTaskExitError
                0x000000000000270c       0x30
 .text.prvTaskExitError
                0x000000000000270c       0x30 ./Output/port.o

.text.vPortSVCHandler
                0x0000000000002740       0x24
 .text.vPortSVCHandler
                0x0000000000002740       0x24 ./Output/port.o
                0x0000000000002740                vPortSVCHandler

.text.prvPortStartFirstTask
                0x0000000000002764       0x20
 .text.prvPortStartFirstTask
                0x0000000000002764       0x20 ./Output/port.o

.text.xPortPendSVHandler
                0x0000000000002790       0x44
 .text.xPortPendSVHandler
                0x0000000000002790       0x44 ./Output/port.o
                0x0000000000002790                xPortPendSVHandler

.text.pxPortInitialiseStack
                0x00000000000027d4       0x24
 .text.pxPortInitialiseStack
                0x00000000000027d4       0x24 ./Output/port.o
                0x00000000000027d4                pxPortInitialiseStack

.text.vPortEnterCritical
                0x00000000000027f8       0x30
 .text.vPortEnterCritical
                0x00000000000027f8       0x30 ./Output/port.o
                0x00000000000027f8                vPortEnterCritical

.text.vPortExitCritical
                0x0000000000002828       0x18
 .text.vPortExitCritical
                0x0000000000002828       0x18 ./Output/port.o
                0x0000000000002828                vPortExitCritical

.text.xPortSysTickHandler
                0x0000000000002840       0x2c
 .text.xPortSysTickHandler
                0x0000000000002840       0x2c ./Output/port.o
                0x0000000000002840                xPortSysTickHandler

.text.vPortSetupTimerInterrupt
                0x000000000000286c       0x16
 .text.vPortSetupTimerInterrupt
                0x000000000000286c       0x16 ./Output/port.o
                0x000000000000286c                vPortSetupTimerInterrupt

.text.xPortStartScheduler
                0x0000000000002884       0xe8
 .text.xPortStartScheduler
                0x0000000000002884       0xe8 ./Output/port.o
                0x0000000000002884                xPortStartScheduler

.text.TaskA     0x000000000000296c       0x4c
 .text.TaskA    0x000000000000296c       0x4c ./Output/main.o
                0x000000000000296c                TaskA

.text.TaskB     0x00000000000029b8       0x4c
 .text.TaskB    0x00000000000029b8       0x4c ./Output/main.o
                0x00000000000029b8                TaskB

.text.Timer     0x0000000000002a04       0x54
 .text.Timer    0x0000000000002a04       0x54 ./Output/main.o
                0x0000000000002a04                Timer

.text.TaskC     0x0000000000002a58       0x4c
 .text.TaskC    0x0000000000002a58       0x4c ./Output/main.o
                0x0000000000002a58                TaskC

.text.startup.main
                0x0000000000002aa4       0x74
 .text.startup.main
                0x0000000000002aa4       0x74 ./Output/main.o
                0x0000000000002aa4                main

.text.UART_init
                0x0000000000002b18        0xe
 .text.UART_init
                0x0000000000002b18        0xe ./Output/uart.o
                0x0000000000002b18                UART_init

.text.UART_printf
                0x0000000000002b26       0x12
 .text.UART_printf
                0x0000000000002b26       0x12 ./Output/uart.o
                0x0000000000002b26                UART_printf

.text.Default_Handler
                0x0000000000002c00        0xc
 .text.Default_Handler
                0x0000000000002c00        0xc ./Output/startup.o

.text.HardFault_Handler
                0x0000000000002d00       0x18
 .text.HardFault_Handler
                0x0000000000002d00       0x18 ./Output/startup.o

.text.Reset_Handler
                0x0000000000002d18        0x4
 .text.Reset_Handler
                0x0000000000002d18        0x4 ./Output/startup.o
                0x0000000000002d18                Reset_Handler

.text.prvGetRegistersFromStack
                0x0000000000002d1c       0x60
 .text.prvGetRegistersFromStack
                0x0000000000002d1c       0x60 ./Output/startup.o
                0x0000000000002d1c                prvGetRegistersFromStack

.rel.dyn        0x0000000000002d7c        0x0
 .rel.iplt      0x0000000000002d7c        0x0 ./Output/tasks.o

.data           0x0000000020000000       0x64
                0x0000000020000000                . = ALIGN (0x8)
                0x0000000020000000                _data = .
                0x0000000020000000                _sdata = .
 *(vtable)
 *(.data)
 .data          0x0000000020000000       0x64 /usr/lib/gcc/arm-none-eabi/10.3.1/../../../arm-none-eabi/lib/thumb/v7-m/nofp/libc_nano.a(lib_a-impure.o)
                0x0000000020000000                _impure_ptr
                0x0000000020000064                _edata = .

.data.uxTopUsedPriority
                0x0000000020000064        0x4
 .data.uxTopUsedPriority
                0x0000000020000064        0x4 ./Output/tasks.o

.igot.plt       0x0000000020000068        0x0
 .igot.plt      0x0000000020000068        0x0 ./Output/tasks.o

.data.uxCriticalNesting
                0x0000000020000068        0x4
 .data.uxCriticalNesting
                0x0000000020000068        0x4 ./Output/port.o

.data.counter   0x000000002000006c        0x4
 .data.counter  0x000000002000006c        0x4 ./Output/main.o
                0x000000002000006c                counter

.bss            0x0000000020000070       0x10
                0x0000000020000070                . = ALIGN (0x8)
                0x0000000020000070                _bss = .
                0x0000000020000070                _sbss = .
 *(.bss)
 .bss           0x0000000020000070        0x8 /usr/lib/gcc/arm-none-eabi/10.3.1/../../../arm-none-eabi/lib/thumb/v7-m/nofp/libc_nano.a(lib_a-nano-mallocr.o)
                0x0000000020000070                __malloc_free_list
                0x0000000020000074                __malloc_sbrk_start
 .bss           0x0000000020000078        0x4 /usr/lib/gcc/arm-none-eabi/10.3.1/../../../arm-none-eabi/lib/thumb/v7-m/nofp/libc_nano.a(lib_a-reent.o)
                0x0000000020000078                errno
 .bss           0x000000002000007c        0x4 /usr/lib/gcc/arm-none-eabi/10.3.1/../../../arm-none-eabi/lib/thumb/v7-m/nofp/libnosys.a(sbrk.o)
                0x0000000020000080                _ebss = .

.bss.pxCurrentTCB
                0x0000000020000080        0x4
 .bss.pxCurrentTCB
                0x0000000020000080        0x4 ./Output/tasks.o
                0x0000000020000080                pxCurrentTCB

.bss.pxDelayedTaskList
                0x0000000020000084        0x4
 .bss.pxDelayedTaskList
                0x0000000020000084        0x4 ./Output/tasks.o

.bss.pxOverflowDelayedTaskList
                0x0000000020000088        0x4
 .bss.pxOverflowDelayedTaskList
                0x0000000020000088        0x4 ./Output/tasks.o

.bss.pxReadyTasksLists
                0x000000002000008c       0xb4
 .bss.pxReadyTasksLists
                0x000000002000008c       0xb4 ./Output/tasks.o

.bss.uxCurrentNumberOfTasks
                0x0000000020000140        0x4
 .bss.uxCurrentNumberOfTasks
                0x0000000020000140        0x4 ./Output/tasks.o

.bss.uxDeletedTasksWaitingCleanUp
                0x0000000020000144        0x4
 .bss.uxDeletedTasksWaitingCleanUp
                0x0000000020000144        0x4 ./Output/tasks.o

.bss.uxSchedulerSuspended
                0x0000000020000148        0x4
 .bss.uxSchedulerSuspended
                0x0000000020000148        0x4 ./Output/tasks.o

.bss.uxTaskNumber
                0x000000002000014c        0x4
 .bss.uxTaskNumber
                0x000000002000014c        0x4 ./Output/tasks.o

.bss.uxTopReadyPriority
                0x0000000020000150        0x4
 .bss.uxTopReadyPriority
                0x0000000020000150        0x4 ./Output/tasks.o

.bss.xDelayedTaskList1
                0x0000000020000154       0x14
 .bss.xDelayedTaskList1
                0x0000000020000154       0x14 ./Output/tasks.o

.bss.xDelayedTaskList2
                0x0000000020000168       0x14
 .bss.xDelayedTaskList2
                0x0000000020000168       0x14 ./Output/tasks.o

.bss.xIdleTaskHandles
                0x000000002000017c        0x4
 .bss.xIdleTaskHandles
                0x000000002000017c        0x4 ./Output/tasks.o

.bss.xNextTaskUnblockTime
                0x0000000020000180        0x4
 .bss.xNextTaskUnblockTime
                0x0000000020000180        0x4 ./Output/tasks.o

.bss.xNumOfOverflows
                0x0000000020000184        0x4
 .bss.xNumOfOverflows
                0x0000000020000184        0x4 ./Output/tasks.o

.bss.xPendedTicks
                0x0000000020000188        0x4
 .bss.xPendedTicks
                0x0000000020000188        0x4 ./Output/tasks.o

.bss.xPendingReadyList
                0x000000002000018c       0x14
 .bss.xPendingReadyList
                0x000000002000018c       0x14 ./Output/tasks.o

.bss.xSchedulerRunning
                0x00000000200001a0        0x4
 .bss.xSchedulerRunning
                0x00000000200001a0        0x4 ./Output/tasks.o

.bss.xSuspendedTaskList
                0x00000000200001a4       0x14
 .bss.xSuspendedTaskList
                0x00000000200001a4       0x14 ./Output/tasks.o

.bss.xTasksWaitingTermination
                0x00000000200001b8       0x14
 .bss.xTasksWaitingTermination
                0x00000000200001b8       0x14 ./Output/tasks.o

.bss.xTickCount
                0x00000000200001cc        0x4
 .bss.xTickCount
                0x00000000200001cc        0x4 ./Output/tasks.o

.bss.xYieldPendings
                0x00000000200001d0        0x4
 .bss.xYieldPendings
                0x00000000200001d0        0x4 ./Output/tasks.o

.bss.xQueueRegistry
                0x00000000200001d4       0x50
 .bss.xQueueRegistry
                0x00000000200001d4       0x50 ./Output/queue.o
                0x00000000200001d4                xQueueRegistry

.bss.pxCurrentTimerList
                0x0000000020000224        0x4
 .bss.pxCurrentTimerList
                0x0000000020000224        0x4 ./Output/timers.o

.bss.pxOverflowTimerList
                0x0000000020000228        0x4
 .bss.pxOverflowTimerList
                0x0000000020000228        0x4 ./Output/timers.o

.bss.xActiveTimerList1
                0x000000002000022c       0x14
 .bss.xActiveTimerList1
                0x000000002000022c       0x14 ./Output/timers.o

.bss.xActiveTimerList2
                0x0000000020000240       0x14
 .bss.xActiveTimerList2
                0x0000000020000240       0x14 ./Output/timers.o

.bss.xLastTime.0
                0x0000000020000254        0x4
 .bss.xLastTime.0
                0x0000000020000254        0x4 ./Output/timers.o

.bss.xTimerQueue
                0x0000000020000258        0x4
 .bss.xTimerQueue
                0x0000000020000258        0x4 ./Output/timers.o

.bss.xTimerTaskHandle
                0x000000002000025c        0x4
 .bss.xTimerTaskHandle
                0x000000002000025c        0x4 ./Output/timers.o

.bss.pxEnd      0x0000000020000260        0x4
 .bss.pxEnd     0x0000000020000260        0x4 ./Output/heap_4.o

.bss.ucHeap     0x0000000020000264    0x32000
 .bss.ucHeap    0x0000000020000264    0x32000 ./Output/heap_4.o

.bss.xFreeBytesRemaining
                0x0000000020032264        0x4
 .bss.xFreeBytesRemaining
                0x0000000020032264        0x4 ./Output/heap_4.o

.bss.xMinimumEverFreeBytesRemaining
                0x0000000020032268        0x4
 .bss.xMinimumEverFreeBytesRemaining
                0x0000000020032268        0x4 ./Output/heap_4.o

.bss.xNumberOfSuccessfulAllocations
                0x000000002003226c        0x4
 .bss.xNumberOfSuccessfulAllocations
                0x000000002003226c        0x4 ./Output/heap_4.o

.bss.xNumberOfSuccessfulFrees
                0x0000000020032270        0x4
 .bss.xNumberOfSuccessfulFrees
                0x0000000020032270        0x4 ./Output/heap_4.o

.bss.xStart     0x0000000020032274        0x8
 .bss.xStart    0x0000000020032274        0x8 ./Output/heap_4.o

.bss.ucMaxSysCallPriority
                0x000000002003227c        0x1
 .bss.ucMaxSysCallPriority
                0x000000002003227c        0x1 ./Output/port.o

.bss.ulMaxPRIGROUPValue
                0x0000000020032280        0x4
 .bss.ulMaxPRIGROUPValue
                0x0000000020032280        0x4 ./Output/port.o

.bss.auto_reload_timer
                0x0000000020032284        0x4
 .bss.auto_reload_timer
                0x0000000020032284        0x4 ./Output/main.o

.bss.semaphore  0x0000000020032288        0x4
 .bss.semaphore
                0x0000000020032288        0x4 ./Output/main.o
                0x0000000020032288                semaphore

.bss.lr         0x000000002003228c        0x4
 .bss.lr        0x000000002003228c        0x4 ./Output/startup.o
                0x000000002003228c                lr

.bss.pc         0x0000000020032290        0x4
 .bss.pc        0x0000000020032290        0x4 ./Output/startup.o
                0x0000000020032290                pc

.bss.psr        0x0000000020032294        0x4
 .bss.psr       0x0000000020032294        0x4 ./Output/startup.o
                0x0000000020032294                psr

.bss.r0         0x0000000020032298        0x4
 .bss.r0        0x0000000020032298        0x4 ./Output/startup.o
                0x0000000020032298                r0

.bss.r1         0x000000002003229c        0x4
 .bss.r1        0x000000002003229c        0x4 ./Output/startup.o
                0x000000002003229c                r1

.bss.r12        0x00000000200322a0        0x4
 .bss.r12       0x00000000200322a0        0x4 ./Output/startup.o
                0x00000000200322a0                r12

.bss.r2         0x00000000200322a4        0x4
 .bss.r2        0x00000000200322a4        0x4 ./Output/startup.o
                0x00000000200322a4                r2

.bss.r3         0x00000000200322a8        0x4
 .bss.r3        0x00000000200322a8        0x4 ./Output/startup.o
                0x00000000200322a8                r3

.heap           0x00000000200322ac      0x40c
                0x00000000200322b0                . = ALIGN (0x8)
 *fill*         0x00000000200322ac        0x4 
                0x00000000200322b0                PROVIDE (end = .)
                [!provide]                        PROVIDE (_end = .)
                0x00000000200322b0                _heap_bottom = .
                0x00000000200322b8                . = (. + _Min_Heap_Size)
 *fill*         0x00000000200322b0        0x8 
                0x00000000200322b8                _heap_top = .
                0x00000000200326b8                . = (. + _Min_Stack_Size)
 *fill*         0x00000000200322b8      0x400 
                0x00000000200326b8                . = ALIGN (0x8)
                0x0000000020400000                __StackTop = (ORIGIN (RAM) + LENGTH (RAM))
                0x00000000203ffc00                __StackLimit = (__StackTop - _Min_Stack_Size)
                [!provide]                        PROVIDE (__stack = __StackTop)
                0x0000000000000001                ASSERT ((__StackLimit >= _heap_top), region RAM overflowed with stack)
OUTPUT(./Output/demo.elf elf32-littlearm)
LOAD linker stubs

.debug_info     0x0000000000000000     0xf6a6
 .debug_info    0x0000000000000000      0x2d3 ./Output/list.o
 .debug_info    0x00000000000002d3     0x32c1 ./Output/tasks.o
 .debug_info    0x0000000000003594     0x23fe ./Output/queue.o
 .debug_info    0x0000000000005992     0x1458 ./Output/timers.o
 .debug_info    0x0000000000006dea      0x5fe ./Output/heap_4.o
 .debug_info    0x00000000000073e8      0x487 ./Output/port.o
 .debug_info    0x000000000000786f      0x6c7 ./Output/main.o
 .debug_info    0x0000000000007f36       0xd0 ./Output/uart.o
 .debug_info    0x0000000000008006      0x1eb ./Output/startup.o
 .debug_info    0x00000000000081f1       0x26 /usr/lib/gcc/arm-none-eabi/10.3.1/../../../arm-none-eabi/lib/thumb/v7-m/nofp/libc_nano.a(lib_a-memcpy.o)
 .debug_info    0x0000000000008217      0x137 /usr/lib/gcc/arm-none-eabi/10.3.1/../../../arm-none-eabi/lib/thumb/v7-m/nofp/libc_nano.a(lib_a-memset.o)
 .debug_info    0x000000000000834e      0x926 /usr/lib/gcc/arm-none-eabi/10.3.1/../../../arm-none-eabi/lib/thumb/v7-m/nofp/libc_nano.a(lib_a-sprintf.o)
 .debug_info    0x0000000000008c74      0x863 /usr/lib/gcc/arm-none-eabi/10.3.1/../../../arm-none-eabi/lib/thumb/v7-m/nofp/libc_nano.a(lib_a-impure.o)
 .debug_info    0x00000000000094d7     0x10d5 /usr/lib/gcc/arm-none-eabi/10.3.1/../../../arm-none-eabi/lib/thumb/v7-m/nofp/libc_nano.a(lib_a-nano-svfprintf.o)
 .debug_info    0x000000000000a5ac      0xe9e /usr/lib/gcc/arm-none-eabi/10.3.1/../../../arm-none-eabi/lib/thumb/v7-m/nofp/libc_nano.a(lib_a-nano-vfprintf_i.o)
 .debug_info    0x000000000000b44a      0x14e /usr/lib/gcc/arm-none-eabi/10.3.1/../../../arm-none-eabi/lib/thumb/v7-m/nofp/libc_nano.a(lib_a-memchr-stub.o)
 .debug_info    0x000000000000b598      0x152 /usr/lib/gcc/arm-none-eabi/10.3.1/../../../arm-none-eabi/lib/thumb/v7-m/nofp/libc_nano.a(lib_a-memmove.o)
 .debug_info    0x000000000000b6ea      0x940 /usr/lib/gcc/arm-none-eabi/10.3.1/../../../arm-none-eabi/lib/thumb/v7-m/nofp/libc_nano.a(lib_a-nano-freer.o)
 .debug_info    0x000000000000c02a      0xa0c /usr/lib/gcc/arm-none-eabi/10.3.1/../../../arm-none-eabi/lib/thumb/v7-m/nofp/libc_nano.a(lib_a-nano-mallocr.o)
 .debug_info    0x000000000000ca36      0x911 /usr/lib/gcc/arm-none-eabi/10.3.1/../../../arm-none-eabi/lib/thumb/v7-m/nofp/libc_nano.a(lib_a-nano-reallocr.o)
 .debug_info    0x000000000000d347      0x828 /usr/lib/gcc/arm-none-eabi/10.3.1/../../../arm-none-eabi/lib/thumb/v7-m/nofp/libc_nano.a(lib_a-sbrkr.o)
 .debug_info    0x000000000000db6f      0x7dc /usr/lib/gcc/arm-none-eabi/10.3.1/../../../arm-none-eabi/lib/thumb/v7-m/nofp/libc_nano.a(lib_a-mlock.o)
 .debug_info    0x000000000000e34b      0x840 /usr/lib/gcc/arm-none-eabi/10.3.1/../../../arm-none-eabi/lib/thumb/v7-m/nofp/libc_nano.a(lib_a-nano-msizer.o)
 .debug_info    0x000000000000eb8b      0xa7e /usr/lib/gcc/arm-none-eabi/10.3.1/../../../arm-none-eabi/lib/thumb/v7-m/nofp/libc_nano.a(lib_a-reent.o)
 .debug_info    0x000000000000f609       0x9d /usr/lib/gcc/arm-none-eabi/10.3.1/../../../arm-none-eabi/lib/thumb/v7-m/nofp/libnosys.a(sbrk.o)

.debug_abbrev   0x0000000000000000     0x2f61
 .debug_abbrev  0x0000000000000000      0x102 ./Output/list.o
 .debug_abbrev  0x0000000000000102      0x47a ./Output/tasks.o
 .debug_abbrev  0x000000000000057c      0x3bf ./Output/queue.o
 .debug_abbrev  0x000000000000093b      0x3ce ./Output/timers.o
 .debug_abbrev  0x0000000000000d09      0x29a ./Output/heap_4.o
 .debug_abbrev  0x0000000000000fa3      0x283 ./Output/port.o
 .debug_abbrev  0x0000000000001226      0x1ff ./Output/main.o
 .debug_abbrev  0x0000000000001425       0x96 ./Output/uart.o
 .debug_abbrev  0x00000000000014bb      0x11e ./Output/startup.o
 .debug_abbrev  0x00000000000015d9       0x14 /usr/lib/gcc/arm-none-eabi/10.3.1/../../../arm-none-eabi/lib/thumb/v7-m/nofp/libc_nano.a(lib_a-memcpy.o)
 .debug_abbrev  0x00000000000015ed       0xb4 /usr/lib/gcc/arm-none-eabi/10.3.1/../../../arm-none-eabi/lib/thumb/v7-m/nofp/libc_nano.a(lib_a-memset.o)
 .debug_abbrev  0x00000000000016a1      0x213 /usr/lib/gcc/arm-none-eabi/10.3.1/../../../arm-none-eabi/lib/thumb/v7-m/nofp/libc_nano.a(lib_a-sprintf.o)
 .debug_abbrev  0x00000000000018b4      0x151 /usr/lib/gcc/arm-none-eabi/10.3.1/../../../arm-none-eabi/lib/thumb/v7-m/nofp/libc_nano.a(lib_a-impure.o)
 .debug_abbrev  0x0000000000001a05      0x2ca /usr/lib/gcc/arm-none-eabi/10.3.1/../../../arm-none-eabi/lib/thumb/v7-m/nofp/libc_nano.a(lib_a-nano-svfprintf.o)
 .debug_abbrev  0x0000000000001ccf      0x25c /usr/lib/gcc/arm-none-eabi/10.3.1/../../../arm-none-eabi/lib/thumb/v7-m/nofp/libc_nano.a(lib_a-nano-vfprintf_i.o)
 .debug_abbrev  0x0000000000001f2b       0xd4 /usr/lib/gcc/arm-none-eabi/10.3.1/../../../arm-none-eabi/lib/thumb/v7-m/nofp/libc_nano.a(lib_a-memchr-stub.o)
 .debug_abbrev  0x0000000000001fff       0xc0 /usr/lib/gcc/arm-none-eabi/10.3.1/../../../arm-none-eabi/lib/thumb/v7-m/nofp/libc_nano.a(lib_a-memmove.o)
 .debug_abbrev  0x00000000000020bf      0x245 /usr/lib/gcc/arm-none-eabi/10.3.1/../../../arm-none-eabi/lib/thumb/v7-m/nofp/libc_nano.a(lib_a-nano-freer.o)
 .debug_abbrev  0x0000000000002304      0x290 /usr/lib/gcc/arm-none-eabi/10.3.1/../../../arm-none-eabi/lib/thumb/v7-m/nofp/libc_nano.a(lib_a-nano-mallocr.o)
 .debug_abbrev  0x0000000000002594      0x1d6 /usr/lib/gcc/arm-none-eabi/10.3.1/../../../arm-none-eabi/lib/thumb/v7-m/nofp/libc_nano.a(lib_a-nano-reallocr.o)
 .debug_abbrev  0x000000000000276a      0x1d6 /usr/lib/gcc/arm-none-eabi/10.3.1/../../../arm-none-eabi/lib/thumb/v7-m/nofp/libc_nano.a(lib_a-sbrkr.o)
 .debug_abbrev  0x0000000000002940      0x189 /usr/lib/gcc/arm-none-eabi/10.3.1/../../../arm-none-eabi/lib/thumb/v7-m/nofp/libc_nano.a(lib_a-mlock.o)
 .debug_abbrev  0x0000000000002ac9      0x191 /usr/lib/gcc/arm-none-eabi/10.3.1/../../../arm-none-eabi/lib/thumb/v7-m/nofp/libc_nano.a(lib_a-nano-msizer.o)
 .debug_abbrev  0x0000000000002c5a      0x265 /usr/lib/gcc/arm-none-eabi/10.3.1/../../../arm-none-eabi/lib/thumb/v7-m/nofp/libc_nano.a(lib_a-reent.o)
 .debug_abbrev  0x0000000000002ebf       0xa2 /usr/lib/gcc/arm-none-eabi/10.3.1/../../../arm-none-eabi/lib/thumb/v7-m/nofp/libnosys.a(sbrk.o)

.debug_loc      0x0000000000000000     0x7f0f
 .debug_loc     0x0000000000000000       0xaf ./Output/list.o
 .debug_loc     0x00000000000000af     0x2a1b ./Output/tasks.o
 .debug_loc     0x0000000000002aca     0x1bd9 ./Output/queue.o
 .debug_loc     0x00000000000046a3      0xe87 ./Output/timers.o
 .debug_loc     0x000000000000552a      0x4f8 ./Output/heap_4.o
 .debug_loc     0x0000000000005a22      0x10f ./Output/port.o
 .debug_loc     0x0000000000005b31      0x1d8 ./Output/main.o
 .debug_loc     0x0000000000005d09       0x40 ./Output/uart.o
 .debug_loc     0x0000000000005d49       0x25 ./Output/startup.o
 .debug_loc     0x0000000000005d6e      0x22c /usr/lib/gcc/arm-none-eabi/10.3.1/../../../arm-none-eabi/lib/thumb/v7-m/nofp/libc_nano.a(lib_a-memset.o)
 .debug_loc     0x0000000000005f9a       0xb3 /usr/lib/gcc/arm-none-eabi/10.3.1/../../../arm-none-eabi/lib/thumb/v7-m/nofp/libc_nano.a(lib_a-sprintf.o)
 .debug_loc     0x000000000000604d      0x84a /usr/lib/gcc/arm-none-eabi/10.3.1/../../../arm-none-eabi/lib/thumb/v7-m/nofp/libc_nano.a(lib_a-nano-svfprintf.o)
 .debug_loc     0x0000000000006897      0x6c8 /usr/lib/gcc/arm-none-eabi/10.3.1/../../../arm-none-eabi/lib/thumb/v7-m/nofp/libc_nano.a(lib_a-nano-vfprintf_i.o)
 .debug_loc     0x0000000000006f5f      0x1f6 /usr/lib/gcc/arm-none-eabi/10.3.1/../../../arm-none-eabi/lib/thumb/v7-m/nofp/libc_nano.a(lib_a-memchr-stub.o)
 .debug_loc     0x0000000000007155      0x331 /usr/lib/gcc/arm-none-eabi/10.3.1/../../../arm-none-eabi/lib/thumb/v7-m/nofp/libc_nano.a(lib_a-memmove.o)
 .debug_loc     0x0000000000007486      0x27f /usr/lib/gcc/arm-none-eabi/10.3.1/../../../arm-none-eabi/lib/thumb/v7-m/nofp/libc_nano.a(lib_a-nano-freer.o)
 .debug_loc     0x0000000000007705      0x3da /usr/lib/gcc/arm-none-eabi/10.3.1/../../../arm-none-eabi/lib/thumb/v7-m/nofp/libc_nano.a(lib_a-nano-mallocr.o)
 .debug_loc     0x0000000000007adf      0x133 /usr/lib/gcc/arm-none-eabi/10.3.1/../../../arm-none-eabi/lib/thumb/v7-m/nofp/libc_nano.a(lib_a-nano-reallocr.o)
 .debug_loc     0x0000000000007c12       0x6c /usr/lib/gcc/arm-none-eabi/10.3.1/../../../arm-none-eabi/lib/thumb/v7-m/nofp/libc_nano.a(lib_a-sbrkr.o)
 .debug_loc     0x0000000000007c7e       0x86 /usr/lib/gcc/arm-none-eabi/10.3.1/../../../arm-none-eabi/lib/thumb/v7-m/nofp/libc_nano.a(lib_a-nano-msizer.o)
 .debug_loc     0x0000000000007d04      0x1cd /usr/lib/gcc/arm-none-eabi/10.3.1/../../../arm-none-eabi/lib/thumb/v7-m/nofp/libc_nano.a(lib_a-reent.o)
 .debug_loc     0x0000000000007ed1       0x3e /usr/lib/gcc/arm-none-eabi/10.3.1/../../../arm-none-eabi/lib/thumb/v7-m/nofp/libnosys.a(sbrk.o)

.debug_aranges  0x0000000000000000      0x7b8
 .debug_aranges
                0x0000000000000000       0x40 ./Output/list.o
 .debug_aranges
                0x0000000000000040      0x1f8 ./Output/tasks.o
 .debug_aranges
                0x0000000000000238      0x148 ./Output/queue.o
 .debug_aranges
                0x0000000000000380       0xd0 ./Output/timers.o
 .debug_aranges
                0x0000000000000450       0x58 ./Output/heap_4.o
 .debug_aranges
                0x00000000000004a8       0x78 ./Output/port.o
 .debug_aranges
                0x0000000000000520       0x40 ./Output/main.o
 .debug_aranges
                0x0000000000000560       0x28 ./Output/uart.o
 .debug_aranges
                0x0000000000000588       0x38 ./Output/startup.o
 .debug_aranges
                0x00000000000005c0       0x20 /usr/lib/gcc/arm-none-eabi/10.3.1/../../../arm-none-eabi/lib/thumb/v7-m/nofp/libc_nano.a(lib_a-memcpy.o)
 .debug_aranges
                0x00000000000005e0       0x20 /usr/lib/gcc/arm-none-eabi/10.3.1/../../../arm-none-eabi/lib/thumb/v7-m/nofp/libc_nano.a(lib_a-memset.o)
 .debug_aranges
                0x0000000000000600       0x20 /usr/lib/gcc/arm-none-eabi/10.3.1/../../../arm-none-eabi/lib/thumb/v7-m/nofp/libc_nano.a(lib_a-sprintf.o)
 .debug_aranges
                0x0000000000000620       0x18 /usr/lib/gcc/arm-none-eabi/10.3.1/../../../arm-none-eabi/lib/thumb/v7-m/nofp/libc_nano.a(lib_a-impure.o)
 .debug_aranges
                0x0000000000000638       0x20 /usr/lib/gcc/arm-none-eabi/10.3.1/../../../arm-none-eabi/lib/thumb/v7-m/nofp/libc_nano.a(lib_a-nano-svfprintf.o)
 .debug_aranges
                0x0000000000000658       0x20 /usr/lib/gcc/arm-none-eabi/10.3.1/../../../arm-none-eabi/lib/thumb/v7-m/nofp/libc_nano.a(lib_a-nano-vfprintf_i.o)
 .debug_aranges
                0x0000000000000678       0x20 /usr/lib/gcc/arm-none-eabi/10.3.1/../../../arm-none-eabi/lib/thumb/v7-m/nofp/libc_nano.a(lib_a-memchr-stub.o)
 .debug_aranges
                0x0000000000000698       0x20 /usr/lib/gcc/arm-none-eabi/10.3.1/../../../arm-none-eabi/lib/thumb/v7-m/nofp/libc_nano.a(lib_a-memmove.o)
 .debug_aranges
                0x00000000000006b8       0x20 /usr/lib/gcc/arm-none-eabi/10.3.1/../../../arm-none-eabi/lib/thumb/v7-m/nofp/libc_nano.a(lib_a-nano-freer.o)
 .debug_aranges
                0x00000000000006d8       0x20 /usr/lib/gcc/arm-none-eabi/10.3.1/../../../arm-none-eabi/lib/thumb/v7-m/nofp/libc_nano.a(lib_a-nano-mallocr.o)
 .debug_aranges
                0x00000000000006f8       0x20 /usr/lib/gcc/arm-none-eabi/10.3.1/../../../arm-none-eabi/lib/thumb/v7-m/nofp/libc_nano.a(lib_a-nano-reallocr.o)
 .debug_aranges
                0x0000000000000718       0x20 /usr/lib/gcc/arm-none-eabi/10.3.1/../../../arm-none-eabi/lib/thumb/v7-m/nofp/libc_nano.a(lib_a-sbrkr.o)
 .debug_aranges
                0x0000000000000738       0x20 /usr/lib/gcc/arm-none-eabi/10.3.1/../../../arm-none-eabi/lib/thumb/v7-m/nofp/libc_nano.a(lib_a-mlock.o)
 .debug_aranges
                0x0000000000000758       0x20 /usr/lib/gcc/arm-none-eabi/10.3.1/../../../arm-none-eabi/lib/thumb/v7-m/nofp/libc_nano.a(lib_a-nano-msizer.o)
 .debug_aranges
                0x0000000000000778       0x20 /usr/lib/gcc/arm-none-eabi/10.3.1/../../../arm-none-eabi/lib/thumb/v7-m/nofp/libc_nano.a(lib_a-reent.o)
 .debug_aranges
                0x0000000000000798       0x20 /usr/lib/gcc/arm-none-eabi/10.3.1/../../../arm-none-eabi/lib/thumb/v7-m/nofp/libnosys.a(sbrk.o)

.debug_ranges   0x0000000000000000      0xc68
 .debug_ranges  0x0000000000000000       0x30 ./Output/list.o
 .debug_ranges  0x0000000000000030      0x540 ./Output/tasks.o
 .debug_ranges  0x0000000000000570      0x2f0 ./Output/queue.o
 .debug_ranges  0x0000000000000860      0x140 ./Output/timers.o
 .debug_ranges  0x00000000000009a0       0x48 ./Output/heap_4.o
 .debug_ranges  0x00000000000009e8       0x98 ./Output/port.o
 .debug_ranges  0x0000000000000a80       0x60 ./Output/main.o
 .debug_ranges  0x0000000000000ae0       0x18 ./Output/uart.o
 .debug_ranges  0x0000000000000af8       0x28 ./Output/startup.o
 .debug_ranges  0x0000000000000b20       0x50 /usr/lib/gcc/arm-none-eabi/10.3.1/../../../arm-none-eabi/lib/thumb/v7-m/nofp/libc_nano.a(lib_a-nano-svfprintf.o)
 .debug_ranges  0x0000000000000b70       0xa8 /usr/lib/gcc/arm-none-eabi/10.3.1/../../../arm-none-eabi/lib/thumb/v7-m/nofp/libc_nano.a(lib_a-nano-vfprintf_i.o)
 .debug_ranges  0x0000000000000c18       0x18 /usr/lib/gcc/arm-none-eabi/10.3.1/../../../arm-none-eabi/lib/thumb/v7-m/nofp/libc_nano.a(lib_a-nano-freer.o)
 .debug_ranges  0x0000000000000c30       0x38 /usr/lib/gcc/arm-none-eabi/10.3.1/../../../arm-none-eabi/lib/thumb/v7-m/nofp/libc_nano.a(lib_a-nano-mallocr.o)

.debug_macro    0x0000000000000000     0x44dc
 .debug_macro   0x0000000000000000      0x171 ./Output/list.o
 .debug_macro   0x0000000000000171      0xa60 ./Output/list.o
 .debug_macro   0x0000000000000bd1       0x18 ./Output/list.o
 .debug_macro   0x0000000000000be9       0x22 ./Output/list.o
 .debug_macro   0x0000000000000c0b       0x52 ./Output/list.o
 .debug_macro   0x0000000000000c5d       0x94 ./Output/list.o
 .debug_macro   0x0000000000000cf1       0x35 ./Output/list.o
 .debug_macro   0x0000000000000d26       0x34 ./Output/list.o
 .debug_macro   0x0000000000000d5a       0x16 ./Output/list.o
 .debug_macro   0x0000000000000d70      0x10e ./Output/list.o
 .debug_macro   0x0000000000000e7e       0x8d ./Output/list.o
 .debug_macro   0x0000000000000f0b       0x16 ./Output/list.o
 .debug_macro   0x0000000000000f21       0x43 ./Output/list.o
 .debug_macro   0x0000000000000f64       0x57 ./Output/list.o
 .debug_macro   0x0000000000000fbb       0x34 ./Output/list.o
 .debug_macro   0x0000000000000fef       0x10 ./Output/list.o
 .debug_macro   0x0000000000000fff       0x52 ./Output/list.o
 .debug_macro   0x0000000000001051      0x182 ./Output/list.o
 .debug_macro   0x00000000000011d3      0x333 ./Output/list.o
 .debug_macro   0x0000000000001506       0x16 ./Output/list.o
 .debug_macro   0x000000000000151c       0x29 ./Output/list.o
 .debug_macro   0x0000000000001545      0x34e ./Output/list.o
 .debug_macro   0x0000000000001893       0x16 ./Output/list.o
 .debug_macro   0x00000000000018a9      0x165 ./Output/list.o
 .debug_macro   0x0000000000001a0e       0x1c ./Output/list.o
 .debug_macro   0x0000000000001a2a      0x182 ./Output/list.o
 .debug_macro   0x0000000000001bac       0xe7 ./Output/list.o
 .debug_macro   0x0000000000001c93       0x2e ./Output/list.o
 .debug_macro   0x0000000000001cc1       0x1f ./Output/list.o
 .debug_macro   0x0000000000001ce0       0x12 ./Output/list.o
 .debug_macro   0x0000000000001cf2      0xfde ./Output/list.o
 .debug_macro   0x0000000000002cd0       0xc3 ./Output/list.o
 .debug_macro   0x0000000000002d93      0x289 ./Output/tasks.o
 .debug_macro   0x000000000000301c       0x16 ./Output/tasks.o
 .debug_macro   0x0000000000003032       0x35 ./Output/tasks.o
 .debug_macro   0x0000000000003067      0x14f ./Output/tasks.o
 .debug_macro   0x00000000000031b6       0x98 ./Output/tasks.o
 .debug_macro   0x000000000000324e       0x17 ./Output/tasks.o
 .debug_macro   0x0000000000003265      0x203 ./Output/queue.o
 .debug_macro   0x0000000000003468       0x80 ./Output/queue.o
 .debug_macro   0x00000000000034e8      0x1c0 ./Output/timers.o
 .debug_macro   0x00000000000036a8       0x9e ./Output/timers.o
 .debug_macro   0x0000000000003746      0x201 ./Output/heap_4.o
 .debug_macro   0x0000000000003947      0x162 ./Output/port.o
 .debug_macro   0x0000000000003aa9      0x27f ./Output/main.o
 .debug_macro   0x0000000000003d28       0x86 ./Output/main.o
 .debug_macro   0x0000000000003dae       0x85 ./Output/main.o
 .debug_macro   0x0000000000003e33       0x28 ./Output/main.o
 .debug_macro   0x0000000000003e5b       0x1c ./Output/main.o
 .debug_macro   0x0000000000003e77       0x10 ./Output/main.o
 .debug_macro   0x0000000000003e87       0x10 ./Output/main.o
 .debug_macro   0x0000000000003e97       0x6a ./Output/main.o
 .debug_macro   0x0000000000003f01       0x1c ./Output/main.o
 .debug_macro   0x0000000000003f1d       0x52 ./Output/main.o
 .debug_macro   0x0000000000003f6f       0x22 ./Output/main.o
 .debug_macro   0x0000000000003f91       0x10 ./Output/main.o
 .debug_macro   0x0000000000003fa1       0x40 ./Output/main.o
 .debug_macro   0x0000000000003fe1       0xd5 ./Output/main.o
 .debug_macro   0x00000000000040b6       0x1c ./Output/main.o
 .debug_macro   0x00000000000040d2       0x3d ./Output/main.o
 .debug_macro   0x000000000000410f       0x16 ./Output/main.o
 .debug_macro   0x0000000000004125      0x16f ./Output/main.o
 .debug_macro   0x0000000000004294      0x10c ./Output/main.o
 .debug_macro   0x00000000000043a0       0x8d ./Output/uart.o
 .debug_macro   0x000000000000442d       0x22 ./Output/uart.o
 .debug_macro   0x000000000000444f       0x8d ./Output/startup.o

.debug_line     0x0000000000000000     0x9d0e
 .debug_line    0x0000000000000000      0x445 ./Output/list.o
 .debug_line    0x0000000000000445     0x2f9f ./Output/tasks.o
 .debug_line    0x00000000000033e4     0x1d0e ./Output/queue.o
 .debug_line    0x00000000000050f2      0xd3f ./Output/timers.o
 .debug_line    0x0000000000005e31      0x850 ./Output/heap_4.o
 .debug_line    0x0000000000006681      0x5c2 ./Output/port.o
 .debug_line    0x0000000000006c43      0x54a ./Output/main.o
 .debug_line    0x000000000000718d      0x198 ./Output/uart.o
 .debug_line    0x0000000000007325      0x203 ./Output/startup.o
 .debug_line    0x0000000000007528       0xc1 /usr/lib/gcc/arm-none-eabi/10.3.1/../../../arm-none-eabi/lib/thumb/v7-m/nofp/libc_nano.a(lib_a-memcpy.o)
 .debug_line    0x00000000000075e9      0x1bf /usr/lib/gcc/arm-none-eabi/10.3.1/../../../arm-none-eabi/lib/thumb/v7-m/nofp/libc_nano.a(lib_a-memset.o)
 .debug_line    0x00000000000077a8      0x218 /usr/lib/gcc/arm-none-eabi/10.3.1/../../../arm-none-eabi/lib/thumb/v7-m/nofp/libc_nano.a(lib_a-sprintf.o)
 .debug_line    0x00000000000079c0       0xe4 /usr/lib/gcc/arm-none-eabi/10.3.1/../../../arm-none-eabi/lib/thumb/v7-m/nofp/libc_nano.a(lib_a-impure.o)
 .debug_line    0x0000000000007aa4      0x850 /usr/lib/gcc/arm-none-eabi/10.3.1/../../../arm-none-eabi/lib/thumb/v7-m/nofp/libc_nano.a(lib_a-nano-svfprintf.o)
 .debug_line    0x00000000000082f4      0x75e /usr/lib/gcc/arm-none-eabi/10.3.1/../../../arm-none-eabi/lib/thumb/v7-m/nofp/libc_nano.a(lib_a-nano-vfprintf_i.o)
 .debug_line    0x0000000000008a52      0x1d0 /usr/lib/gcc/arm-none-eabi/10.3.1/../../../arm-none-eabi/lib/thumb/v7-m/nofp/libc_nano.a(lib_a-memchr-stub.o)
 .debug_line    0x0000000000008c22      0x206 /usr/lib/gcc/arm-none-eabi/10.3.1/../../../arm-none-eabi/lib/thumb/v7-m/nofp/libc_nano.a(lib_a-memmove.o)
 .debug_line    0x0000000000008e28      0x2e5 /usr/lib/gcc/arm-none-eabi/10.3.1/../../../arm-none-eabi/lib/thumb/v7-m/nofp/libc_nano.a(lib_a-nano-freer.o)
 .debug_line    0x000000000000910d      0x2d6 /usr/lib/gcc/arm-none-eabi/10.3.1/../../../arm-none-eabi/lib/thumb/v7-m/nofp/libc_nano.a(lib_a-nano-mallocr.o)
 .debug_line    0x00000000000093e3      0x1c7 /usr/lib/gcc/arm-none-eabi/10.3.1/../../../arm-none-eabi/lib/thumb/v7-m/nofp/libc_nano.a(lib_a-nano-reallocr.o)
 .debug_line    0x00000000000095aa      0x186 /usr/lib/gcc/arm-none-eabi/10.3.1/../../../arm-none-eabi/lib/thumb/v7-m/nofp/libc_nano.a(lib_a-sbrkr.o)
 .debug_line    0x0000000000009730      0x13e /usr/lib/gcc/arm-none-eabi/10.3.1/../../../arm-none-eabi/lib/thumb/v7-m/nofp/libc_nano.a(lib_a-mlock.o)
 .debug_line    0x000000000000986e      0x160 /usr/lib/gcc/arm-none-eabi/10.3.1/../../../arm-none-eabi/lib/thumb/v7-m/nofp/libc_nano.a(lib_a-nano-msizer.o)
 .debug_line    0x00000000000099ce      0x2c7 /usr/lib/gcc/arm-none-eabi/10.3.1/../../../arm-none-eabi/lib/thumb/v7-m/nofp/libc_nano.a(lib_a-reent.o)
 .debug_line    0x0000000000009c95       0x79 /usr/lib/gcc/arm-none-eabi/10.3.1/../../../arm-none-eabi/lib/thumb/v7-m/nofp/libnosys.a(sbrk.o)

.debug_str      0x0000000000000000    0x181d9
 .debug_str     0x0000000000000000     0xf782 ./Output/list.o
                                       0xf984 (size before relaxing)
 .debug_str     0x000000000000f782     0x378a ./Output/tasks.o
                                      0x13120 (size before relaxing)
 .debug_str     0x0000000000012f0c     0x1294 ./Output/queue.o
                                      0x12352 (size before relaxing)
 .debug_str     0x00000000000141a0      0x605 ./Output/timers.o
                                      0x125d0 (size before relaxing)
 .debug_str     0x00000000000147a5      0x71c ./Output/heap_4.o
                                      0x1146c (size before relaxing)
 .debug_str     0x0000000000014ec1      0x7f7 ./Output/port.o
                                       0xeaee (size before relaxing)
 .debug_str     0x00000000000156b8     0x1d17 ./Output/main.o
                                      0x13ba5 (size before relaxing)
 .debug_str     0x00000000000173cf        0x7 ./Output/uart.o
                                       0xc328 (size before relaxing)
 .debug_str     0x00000000000173d6       0x7b ./Output/startup.o
                                       0xc392 (size before relaxing)
 .debug_str     0x0000000000017451       0xb2 /usr/lib/gcc/arm-none-eabi/10.3.1/../../../arm-none-eabi/lib/thumb/v7-m/nofp/libc_nano.a(lib_a-memcpy.o)
 .debug_str     0x0000000000017503      0x115 /usr/lib/gcc/arm-none-eabi/10.3.1/../../../arm-none-eabi/lib/thumb/v7-m/nofp/libc_nano.a(lib_a-memset.o)
                                        0x1b8 (size before relaxing)
 .debug_str     0x0000000000017618      0x3af /usr/lib/gcc/arm-none-eabi/10.3.1/../../../arm-none-eabi/lib/thumb/v7-m/nofp/libc_nano.a(lib_a-sprintf.o)
                                        0x544 (size before relaxing)
 .debug_str     0x00000000000179c7       0xdb /usr/lib/gcc/arm-none-eabi/10.3.1/../../../arm-none-eabi/lib/thumb/v7-m/nofp/libc_nano.a(lib_a-impure.o)
                                        0x556 (size before relaxing)
 .debug_str     0x0000000000017aa2      0x291 /usr/lib/gcc/arm-none-eabi/10.3.1/../../../arm-none-eabi/lib/thumb/v7-m/nofp/libc_nano.a(lib_a-nano-svfprintf.o)
                                        0x84d (size before relaxing)
 .debug_str     0x0000000000017d33       0x94 /usr/lib/gcc/arm-none-eabi/10.3.1/../../../arm-none-eabi/lib/thumb/v7-m/nofp/libc_nano.a(lib_a-nano-vfprintf_i.o)
                                        0x7e4 (size before relaxing)
 .debug_str     0x0000000000017dc7       0x5b /usr/lib/gcc/arm-none-eabi/10.3.1/../../../arm-none-eabi/lib/thumb/v7-m/nofp/libc_nano.a(lib_a-memchr-stub.o)
                                        0x1d0 (size before relaxing)
 .debug_str     0x0000000000017e22       0x56 /usr/lib/gcc/arm-none-eabi/10.3.1/../../../arm-none-eabi/lib/thumb/v7-m/nofp/libc_nano.a(lib_a-memmove.o)
                                        0x1d7 (size before relaxing)
 .debug_str     0x0000000000017e78      0x112 /usr/lib/gcc/arm-none-eabi/10.3.1/../../../arm-none-eabi/lib/thumb/v7-m/nofp/libc_nano.a(lib_a-nano-freer.o)
                                        0x58d (size before relaxing)
 .debug_str     0x0000000000017f8a       0x46 /usr/lib/gcc/arm-none-eabi/10.3.1/../../../arm-none-eabi/lib/thumb/v7-m/nofp/libc_nano.a(lib_a-nano-mallocr.o)
                                        0x5b8 (size before relaxing)
 .debug_str     0x0000000000017fd0       0x23 /usr/lib/gcc/arm-none-eabi/10.3.1/../../../arm-none-eabi/lib/thumb/v7-m/nofp/libc_nano.a(lib_a-nano-reallocr.o)
                                        0x577 (size before relaxing)
 .debug_str     0x0000000000017ff3       0x3d /usr/lib/gcc/arm-none-eabi/10.3.1/../../../arm-none-eabi/lib/thumb/v7-m/nofp/libc_nano.a(lib_a-sbrkr.o)
                                        0x50e (size before relaxing)
 .debug_str     0x0000000000018030       0x4c /usr/lib/gcc/arm-none-eabi/10.3.1/../../../arm-none-eabi/lib/thumb/v7-m/nofp/libc_nano.a(lib_a-mlock.o)
                                        0x524 (size before relaxing)
 .debug_str     0x000000000001807c        0xf /usr/lib/gcc/arm-none-eabi/10.3.1/../../../arm-none-eabi/lib/thumb/v7-m/nofp/libc_nano.a(lib_a-nano-msizer.o)
                                        0x555 (size before relaxing)
 .debug_str     0x000000000001808b       0x5e /usr/lib/gcc/arm-none-eabi/10.3.1/../../../arm-none-eabi/lib/thumb/v7-m/nofp/libc_nano.a(lib_a-reent.o)
                                        0x536 (size before relaxing)
 .debug_str     0x00000000000180e9       0xf0 /usr/lib/gcc/arm-none-eabi/10.3.1/../../../arm-none-eabi/lib/thumb/v7-m/nofp/libnosys.a(sbrk.o)
                                        0x109 (size before relaxing)

.comment        0x0000000000000000       0x33
 .comment       0x0000000000000000       0x33 ./Output/list.o
                                         0x34 (size before relaxing)
 .comment       0x0000000000000033       0x34 ./Output/tasks.o
 .comment       0x0000000000000033       0x34 ./Output/queue.o
 .comment       0x0000000000000033       0x34 ./Output/timers.o
 .comment       0x0000000000000033       0x34 ./Output/heap_4.o
 .comment       0x0000000000000033       0x34 ./Output/port.o
 .comment       0x0000000000000033       0x34 ./Output/main.o
 .comment       0x0000000000000033       0x34 ./Output/uart.o
 .comment       0x0000000000000033       0x34 ./Output/startup.o
 .comment       0x0000000000000033       0x34 /usr/lib/gcc/arm-none-eabi/10.3.1/../../../arm-none-eabi/lib/thumb/v7-m/nofp/libc_nano.a(lib_a-memset.o)
 .comment       0x0000000000000033       0x34 /usr/lib/gcc/arm-none-eabi/10.3.1/../../../arm-none-eabi/lib/thumb/v7-m/nofp/libc_nano.a(lib_a-sprintf.o)
 .comment       0x0000000000000033       0x34 /usr/lib/gcc/arm-none-eabi/10.3.1/../../../arm-none-eabi/lib/thumb/v7-m/nofp/libc_nano.a(lib_a-impure.o)
 .comment       0x0000000000000033       0x34 /usr/lib/gcc/arm-none-eabi/10.3.1/../../../arm-none-eabi/lib/thumb/v7-m/nofp/libc_nano.a(lib_a-nano-svfprintf.o)
 .comment       0x0000000000000033       0x34 /usr/lib/gcc/arm-none-eabi/10.3.1/../../../arm-none-eabi/lib/thumb/v7-m/nofp/libc_nano.a(lib_a-nano-vfprintf_i.o)
 .comment       0x0000000000000033       0x34 /usr/lib/gcc/arm-none-eabi/10.3.1/../../../arm-none-eabi/lib/thumb/v7-m/nofp/libc_nano.a(lib_a-memchr-stub.o)
 .comment       0x0000000000000033       0x34 /usr/lib/gcc/arm-none-eabi/10.3.1/../../../arm-none-eabi/lib/thumb/v7-m/nofp/libc_nano.a(lib_a-memmove.o)
 .comment       0x0000000000000033       0x34 /usr/lib/gcc/arm-none-eabi/10.3.1/../../../arm-none-eabi/lib/thumb/v7-m/nofp/libc_nano.a(lib_a-nano-freer.o)
 .comment       0x0000000000000033       0x34 /usr/lib/gcc/arm-none-eabi/10.3.1/../../../arm-none-eabi/lib/thumb/v7-m/nofp/libc_nano.a(lib_a-nano-mallocr.o)
 .comment       0x0000000000000033       0x34 /usr/lib/gcc/arm-none-eabi/10.3.1/../../../arm-none-eabi/lib/thumb/v7-m/nofp/libc_nano.a(lib_a-nano-reallocr.o)
 .comment       0x0000000000000033       0x34 /usr/lib/gcc/arm-none-eabi/10.3.1/../../../arm-none-eabi/lib/thumb/v7-m/nofp/libc_nano.a(lib_a-sbrkr.o)
 .comment       0x0000000000000033       0x34 /usr/lib/gcc/arm-none-eabi/10.3.1/../../../arm-none-eabi/lib/thumb/v7-m/nofp/libc_nano.a(lib_a-mlock.o)
 .comment       0x0000000000000033       0x34 /usr/lib/gcc/arm-none-eabi/10.3.1/../../../arm-none-eabi/lib/thumb/v7-m/nofp/libc_nano.a(lib_a-nano-msizer.o)
 .comment       0x0000000000000033       0x34 /usr/lib/gcc/arm-none-eabi/10.3.1/../../../arm-none-eabi/lib/thumb/v7-m/nofp/libc_nano.a(lib_a-reent.o)
 .comment       0x0000000000000033       0x34 /usr/lib/gcc/arm-none-eabi/10.3.1/../../../arm-none-eabi/lib/thumb/v7-m/nofp/libnosys.a(sbrk.o)

.ARM.attributes
                0x0000000000000000       0x2b
 .ARM.attributes
                0x0000000000000000       0x2d ./Output/list.o
 .ARM.attributes
                0x000000000000002d       0x2d ./Output/tasks.o
 .ARM.attributes
                0x000000000000005a       0x2d ./Output/queue.o
 .ARM.attributes
                0x0000000000000087       0x2d ./Output/timers.o
 .ARM.attributes
                0x00000000000000b4       0x2d ./Output/heap_4.o
 .ARM.attributes
                0x00000000000000e1       0x2d ./Output/port.o
 .ARM.attributes
                0x000000000000010e       0x2d ./Output/main.o
 .ARM.attributes
                0x000000000000013b       0x2d ./Output/uart.o
 .ARM.attributes
                0x0000000000000168       0x2d ./Output/startup.o
 .ARM.attributes
                0x0000000000000195       0x1b /usr/lib/gcc/arm-none-eabi/10.3.1/../../../arm-none-eabi/lib/thumb/v7-m/nofp/libc_nano.a(lib_a-memcpy.o)
 .ARM.attributes
                0x00000000000001b0       0x2d /usr/lib/gcc/arm-none-eabi/10.3.1/../../../arm-none-eabi/lib/thumb/v7-m/nofp/libc_nano.a(lib_a-memset.o)
 .ARM.attributes
                0x00000000000001dd       0x2d /usr/lib/gcc/arm-none-eabi/10.3.1/../../../arm-none-eabi/lib/thumb/v7-m/nofp/libc_nano.a(lib_a-sprintf.o)
 .ARM.attributes
                0x000000000000020a       0x2d /usr/lib/gcc/arm-none-eabi/10.3.1/../../../arm-none-eabi/lib/thumb/v7-m/nofp/libc_nano.a(lib_a-impure.o)
 .ARM.attributes
                0x0000000000000237       0x2d /usr/lib/gcc/arm-none-eabi/10.3.1/../../../arm-none-eabi/lib/thumb/v7-m/nofp/libc_nano.a(lib_a-nano-svfprintf.o)
 .ARM.attributes
                0x0000000000000264       0x2d /usr/lib/gcc/arm-none-eabi/10.3.1/../../../arm-none-eabi/lib/thumb/v7-m/nofp/libc_nano.a(lib_a-nano-vfprintf_i.o)
 .ARM.attributes
                0x0000000000000291       0x2d /usr/lib/gcc/arm-none-eabi/10.3.1/../../../arm-none-eabi/lib/thumb/v7-m/nofp/libc_nano.a(lib_a-memchr-stub.o)
 .ARM.attributes
                0x00000000000002be       0x2d /usr/lib/gcc/arm-none-eabi/10.3.1/../../../arm-none-eabi/lib/thumb/v7-m/nofp/libc_nano.a(lib_a-memmove.o)
 .ARM.attributes
                0x00000000000002eb       0x2d /usr/lib/gcc/arm-none-eabi/10.3.1/../../../arm-none-eabi/lib/thumb/v7-m/nofp/libc_nano.a(lib_a-nano-freer.o)
 .ARM.attributes
                0x0000000000000318       0x2d /usr/lib/gcc/arm-none-eabi/10.3.1/../../../arm-none-eabi/lib/thumb/v7-m/nofp/libc_nano.a(lib_a-nano-mallocr.o)
 .ARM.attributes
                0x0000000000000345       0x2d /usr/lib/gcc/arm-none-eabi/10.3.1/../../../arm-none-eabi/lib/thumb/v7-m/nofp/libc_nano.a(lib_a-nano-reallocr.o)
 .ARM.attributes
                0x0000000000000372       0x2d /usr/lib/gcc/arm-none-eabi/10.3.1/../../../arm-none-eabi/lib/thumb/v7-m/nofp/libc_nano.a(lib_a-sbrkr.o)
 .ARM.attributes
                0x000000000000039f       0x2d /usr/lib/gcc/arm-none-eabi/10.3.1/../../../arm-none-eabi/lib/thumb/v7-m/nofp/libc_nano.a(lib_a-mlock.o)
 .ARM.attributes
                0x00000000000003cc       0x2d /usr/lib/gcc/arm-none-eabi/10.3.1/../../../arm-none-eabi/lib/thumb/v7-m/nofp/libc_nano.a(lib_a-nano-msizer.o)
 .ARM.attributes
                0x00000000000003f9       0x2d /usr/lib/gcc/arm-none-eabi/10.3.1/../../../arm-none-eabi/lib/thumb/v7-m/nofp/libc_nano.a(lib_a-reent.o)
 .ARM.attributes
                0x0000000000000426       0x2d /usr/lib/gcc/arm-none-eabi/10.3.1/../../../arm-none-eabi/lib/thumb/v7-m/nofp/libnosys.a(sbrk.o)

.debug_frame    0x0000000000000000     0x1464
 .debug_frame   0x0000000000000000       0x6c ./Output/list.o
 .debug_frame   0x000000000000006c      0x674 ./Output/tasks.o
 .debug_frame   0x00000000000006e0      0x424 ./Output/queue.o
 .debug_frame   0x0000000000000b04      0x278 ./Output/timers.o
 .debug_frame   0x0000000000000d7c       0xe4 ./Output/heap_4.o
 .debug_frame   0x0000000000000e60       0xec ./Output/port.o
 .debug_frame   0x0000000000000f4c       0xa8 ./Output/main.o
 .debug_frame   0x0000000000000ff4       0x30 ./Output/uart.o
 .debug_frame   0x0000000000001024       0x58 ./Output/startup.o
 .debug_frame   0x000000000000107c       0x2c /usr/lib/gcc/arm-none-eabi/10.3.1/../../../arm-none-eabi/lib/thumb/v7-m/nofp/libc_nano.a(lib_a-memset.o)
 .debug_frame   0x00000000000010a8       0x7c /usr/lib/gcc/arm-none-eabi/10.3.1/../../../arm-none-eabi/lib/thumb/v7-m/nofp/libc_nano.a(lib_a-sprintf.o)
 .debug_frame   0x0000000000001124       0x98 /usr/lib/gcc/arm-none-eabi/10.3.1/../../../arm-none-eabi/lib/thumb/v7-m/nofp/libc_nano.a(lib_a-nano-svfprintf.o)
 .debug_frame   0x00000000000011bc       0x68 /usr/lib/gcc/arm-none-eabi/10.3.1/../../../arm-none-eabi/lib/thumb/v7-m/nofp/libc_nano.a(lib_a-nano-vfprintf_i.o)
 .debug_frame   0x0000000000001224       0x28 /usr/lib/gcc/arm-none-eabi/10.3.1/../../../arm-none-eabi/lib/thumb/v7-m/nofp/libc_nano.a(lib_a-memchr-stub.o)
 .debug_frame   0x000000000000124c       0x40 /usr/lib/gcc/arm-none-eabi/10.3.1/../../../arm-none-eabi/lib/thumb/v7-m/nofp/libc_nano.a(lib_a-memmove.o)
 .debug_frame   0x000000000000128c       0x64 /usr/lib/gcc/arm-none-eabi/10.3.1/../../../arm-none-eabi/lib/thumb/v7-m/nofp/libc_nano.a(lib_a-nano-freer.o)
 .debug_frame   0x00000000000012f0       0x30 /usr/lib/gcc/arm-none-eabi/10.3.1/../../../arm-none-eabi/lib/thumb/v7-m/nofp/libc_nano.a(lib_a-nano-mallocr.o)
 .debug_frame   0x0000000000001320       0x38 /usr/lib/gcc/arm-none-eabi/10.3.1/../../../arm-none-eabi/lib/thumb/v7-m/nofp/libc_nano.a(lib_a-nano-reallocr.o)
 .debug_frame   0x0000000000001358       0x2c /usr/lib/gcc/arm-none-eabi/10.3.1/../../../arm-none-eabi/lib/thumb/v7-m/nofp/libc_nano.a(lib_a-sbrkr.o)
 .debug_frame   0x0000000000001384       0x30 /usr/lib/gcc/arm-none-eabi/10.3.1/../../../arm-none-eabi/lib/thumb/v7-m/nofp/libc_nano.a(lib_a-mlock.o)
 .debug_frame   0x00000000000013b4       0x20 /usr/lib/gcc/arm-none-eabi/10.3.1/../../../arm-none-eabi/lib/thumb/v7-m/nofp/libc_nano.a(lib_a-nano-msizer.o)
 .debug_frame   0x00000000000013d4       0x70 /usr/lib/gcc/arm-none-eabi/10.3.1/../../../arm-none-eabi/lib/thumb/v7-m/nofp/libc_nano.a(lib_a-reent.o)
 .debug_frame   0x0000000000001444       0x20 /usr/lib/gcc/arm-none-eabi/10.3.1/../../../arm-none-eabi/lib/thumb/v7-m/nofp/libnosys.a(sbrk.o)
